 CoreClient

 Timestamp is 44703fa1 (Sun May 21 18:23:29 2006)

 Preferred load address is 10000000

 Start         Length     Name                   Class
 0001:00000000 00081276H .text                   CODE
 0001:00081280 00001491H .text$x                 CODE
 0002:00000000 00000304H .idata$5                DATA
 0002:00000308 0000468dH .rdata                  DATA
 0002:00004998 00001748H .xdata$x                DATA
 0002:000060e0 00000078H .idata$2                DATA
 0002:00006158 00000014H .idata$3                DATA
 0002:0000616c 00000304H .idata$4                DATA
 0002:00006470 00001474H .idata$6                DATA
 0002:000078f0 000014c6H .edata                  DATA
 0003:00000000 00000004H .CRT$XCA                DATA
 0003:00000004 000000a8H .CRT$XCU                DATA
 0003:000000ac 00000004H .CRT$XCZ                DATA
 0003:000000b0 00000004H .CRT$XIA                DATA
 0003:000000b4 00000004H .CRT$XIZ                DATA
 0003:000000c0 00009660H .data                   DATA
 0003:00009720 00b94b34H .bss                    DATA

  Address         Publics by Value              Rva+Base     Lib:Object

 0001:00000000       ?GetMoney@KInventory@@QAEHXZ 10001000 f i KThiefSkill.obj
 0001:00000020       ?SetMoney@KInventory@@QAEHH@Z 10001020 f i KThiefSkill.obj
 0001:00000050       ??4KInventory@@QAEAAV0@ABV0@@Z 10001050 f i KThiefSkill.obj
 0001:00000090       ?GetEquipment@KItemList@@QAEHH@Z 10001090 f i KThiefSkill.obj
 0001:000000b0       ?GetMoney@KItemList@@QAEHH@Z 100010b0 f i KThiefSkill.obj
 0001:000000f0       ?Hand@KItemList@@QAEHXZ    100010f0 f i KThiefSkill.obj
 0001:00000110       ?IsLockOperation@KItemList@@QAEHXZ 10001110 f i KThiefSkill.obj
 0001:00000130       ??4KItemList@@QAEAAV0@ABV0@@Z 10001130 f i KThiefSkill.obj
 0001:00000160       ??0KThiefSkill@@QAE@XZ     10001160 f   KThiefSkill.obj
 0001:000001d8       ??1KThiefSkill@@UAE@XZ     100011d8 f   KThiefSkill.obj
 0001:00000205       ?GetSkillId@KThiefSkill@@UAEHXZ 10001205 f   KThiefSkill.obj
 0001:0000021c       ?GetSkillName@KThiefSkill@@UAEPBDXZ 1000121c f   KThiefSkill.obj
 0001:00000234       ?GetSkillStyle@KThiefSkill@@UAEHXZ 10001234 f   KThiefSkill.obj
 0001:0000024b       ?LoadSkillLevelData@KThiefSkill@@UAEXKH@Z 1000124b f   KThiefSkill.obj
 0001:0000025f       ?DoSkill@KThiefSkill@@QAEHPAVKNpc@@HH@Z 1000125f f   KThiefSkill.obj
 0001:00000381       ?Cast@KThiefSkill@@QAEHPAVKPlayer@@0@Z 10001381 f   KThiefSkill.obj
 0001:0000039a       ?OnSkill@KThiefSkill@@QAEHPAVKNpc@@@Z 1000139a f   KThiefSkill.obj
 0001:0000053b       ?CanCastSkill@KThiefSkill@@UBEHHAAH0@Z 1000153b f   KThiefSkill.obj
 0001:0000062b       ?GetDesc@KThiefSkill@@QAEXKKPADH_N@Z 1000162b f   KThiefSkill.obj
 0001:0000065e       ?LoadSetting@KThiefSkill@@QAEHPAD@Z 1000165e f   KThiefSkill.obj
 0001:00000b1a       ?GetSkillCost@KThiefSkill@@UBEHPAX@Z 10001b1a f   KThiefSkill.obj
 0001:00000c47       ?DrawSkillIcon@KThiefSkill@@UAEXHHHH@Z 10001c47 f   KThiefSkill.obj
 0001:00000d30       ?GetSkillCostType@KThiefSkill@@UBE?AW4NPCATTRIB@@XZ 10001d30 f i KThiefSkill.obj
 0001:00000d50       ?GetAttackRadius@KThiefSkill@@UBEHXZ 10001d50 f i KThiefSkill.obj
 0001:00000d70       ?IsTargetOnly@KThiefSkill@@UBEHXZ 10001d70 f i KThiefSkill.obj
 0001:00000d90       ?IsTargetEnemy@KThiefSkill@@UBEHXZ 10001d90 f i KThiefSkill.obj
 0001:00000db0       ?IsTargetAlly@KThiefSkill@@UBEHXZ 10001db0 f i KThiefSkill.obj
 0001:00000dd0       ?IsTargetObj@KThiefSkill@@UBEHXZ 10001dd0 f i KThiefSkill.obj
 0001:00000df0       ??_EKThiefSkill@@UAEPAXI@Z 10001df0 f i KThiefSkill.obj
 0001:00000df0       ??_GKThiefSkill@@UAEPAXI@Z 10001df0 f i KThiefSkill.obj
 0001:00000e30       ??0ISkill@@QAE@XZ          10001e30 f i KThiefSkill.obj
 0001:00000e50       ?GetDelayPerCast@KThiefSkill@@QAEKXZ 10001e50 f i KThiefSkill.obj
 0001:00000e70       ??1ISkill@@UAE@XZ          10001e70 f i KThiefSkill.obj
 0001:00000e90       ?IsAura@ISkill@@UBEHXZ     10001e90 f i KThiefSkill.obj
 0001:00000eb0       ?IsPhysical@ISkill@@UBEHXZ 10001eb0 f i KThiefSkill.obj
 0001:00000ed0       ?GetSkillLevelUpScriptId@ISkill@@UBEKXZ 10001ed0 f i KThiefSkill.obj
 0001:00000ef0       ??_GISkill@@UAEPAXI@Z      10001ef0 f i KThiefSkill.obj
 0001:00000ef0       ??_EISkill@@UAEPAXI@Z      10001ef0 f i KThiefSkill.obj
 0001:00000f30       ??4KMapMusic@@QAEAAV0@ABV0@@Z 10001f30 f i KMissle.obj
 0001:00000f60       ?GetGameTime@KSubWorldSet@@QAEHXZ 10001f60 f i KMissle.obj
 0001:00000f80       ?GetGameVersion@KSubWorldSet@@QAEHXZ 10001f80 f i KMissle.obj
 0001:00000fa0       ?SetPing@KSubWorldSet@@QAEXK@Z 10001fa0 f i KMissle.obj
 0001:00000fc0       ?GetPing@KSubWorldSet@@QAEKXZ 10001fc0 f i KMissle.obj
 0001:00000fe0       ??4KSubWorldSet@@QAEAAV0@ABV0@@Z 10001fe0 f i KMissle.obj
 0001:00001010       ??1KSubWorldSet@@QAE@XZ    10002010 f i KMissle.obj
 0001:00001040       ??0KMissleSet@@QAE@XZ      10002040 f i KMissle.obj
 0001:000010c0       ??4KMissleSet@@QAEAAV0@ABV0@@Z 100020c0 f i KMissle.obj
 0001:00001100       ??1KMissleSet@@QAE@XZ      10002100 f i KMissle.obj
 0001:0000127c       ??0KMissle@@QAE@XZ         1000227c f   KMissle.obj
 0001:0000138f       ?Release@KMissle@@AAEXXZ   1000238f f   KMissle.obj
 0001:000013f2       ??1KMissle@@UAE@XZ         100023f2 f   KMissle.obj
 0001:0000145d       ?GetInfoFromTabFile@KMissle@@QAEHH@Z 1000245d f   KMissle.obj
 0001:000014a5       ?GetInfoFromTabFile@KMissle@@QAEHPAVKITabFile@@H@Z 100024a5 f   KMissle.obj
 0001:00001e95       ?Init@KMissle@@AAEHHHHHH@Z 10002e95 f   KMissle.obj
 0001:00001ec6       ?Activate@KMissle@@QAEHXZ  10002ec6 f   KMissle.obj
 0001:00002347       ?OnWait@KMissle@@AAEXXZ    10003347 f   KMissle.obj
 0001:00002359       ?OnCollision@KMissle@@AAEXXZ 10003359 f   KMissle.obj
 0001:0000236b       ?CheckCollision@KMissle@@AAEHXZ 1000336b f   KMissle.obj
 0001:0000272c       ?OnFly@KMissle@@AAEXXZ     1000372c f   KMissle.obj
 0001:000032dc       ?OnVanish@KMissle@@AAEXXZ  100042dc f   KMissle.obj
 0001:000032ee       ?Paint@KMissle@@QAEXXZ     100042ee f   KMissle.obj
 0001:000034a6       ?CheckBeyondRegion@KMissle@@AAEHHH@Z 100044a6 f   KMissle.obj
 0001:000039e9       ??4KMissle@@AAEAAV0@AAV0@@Z 100049e9 f   KMissle.obj
 0001:00003e25       ?ProcessDamage@KMissle@@AAEHH@Z 10004e25 f   KMissle.obj
 0001:00003e3b       ?DoVanish@KMissle@@AAEXXZ  10004e3b f   KMissle.obj
 0001:00003f72       ?DoCollision@KMissle@@AAEXXZ 10004f72 f   KMissle.obj
 0001:0000415f       ?DoFly@KMissle@@AAEXXZ     1000515f f   KMissle.obj
 0001:0000418c       ?GetOffsetAxis@KMissle@@SAHHHHHHHAAH00@Z 1000518c f   KMissle.obj
 0001:00004314       ?ProcessCollision@KMissle@@AAEHHHHHHH@Z 10005314 f   KMissle.obj
 0001:000045a8       ?ProcessCollision@KMissle@@AAEHXZ 100055a8 f   KMissle.obj
 0001:00004612       ?CreateSpecialEffect@KMissle@@QAEHW4eMissleStatus@@HHHH@Z 10005612 f   KMissle.obj
 0001:00004867       ?CreateMissleForShow@KMissle@@SAHPAD00PAUTMissleForShow@@@Z 10005867 f   KMissle.obj
 0001:00004b47       ?GetLightInfo@KMissle@@QAEXPAUKLightInfo@@@Z 10005b47 f   KMissle.obj
 0001:00004bf0       ?DoWait@KMissle@@AAEXXZ    10005bf0 f   KMissle.obj
 0001:00004c99       ?PrePareFly@KMissle@@AAEHXZ 10005c99 f   KMissle.obj
 0001:00004fbc       ?CheckNearestCollision@KMissle@@AAEHXZ 10005fbc f   KMissle.obj
 0001:000052e7       ?GetMpsPos@KMissle@@QAEXPAH0@Z 100062e7 f   KMissle.obj
 0001:00005360       ??0KIndexNode@@QAE@XZ      10006360 f i KMissle.obj
 0001:000053b0       ??0KNode@@QAE@XZ           100063b0 f i KMissle.obj
 0001:000053f0       ??_GKNode@@UAEPAXI@Z       100063f0 f i KMissle.obj
 0001:000053f0       ??_EKNode@@UAEPAXI@Z       100063f0 f i KMissle.obj
 0001:00005430       ??1KNode@@UAE@XZ           10006430 f i KMissle.obj
 0001:00005450       ??_GKIndexNode@@UAEPAXI@Z  10006450 f i KMissle.obj
 0001:00005450       ??_EKIndexNode@@UAEPAXI@Z  10006450 f i KMissle.obj
 0001:00005490       ??1KIndexNode@@UAE@XZ      10006490 f i KMissle.obj
 0001:000054c0       ??_GKMissle@@UAEPAXI@Z     100064c0 f i KMissle.obj
 0001:000054c0       ??_EKMissle@@UAEPAXI@Z     100064c0 f i KMissle.obj
 0001:00005500       ?IsMatch@KNpc@@QAEHK@Z     10006500 f i KMissle.obj
 0001:00005530       ?GetSkill@KSkillManager@@QAEPAVISkill@@HH@Z 10006530 f i KMissle.obj
 0001:000055e0       ?FindNpc@KRegion@@QAEHHHHH@Z 100065e0 f i KMissle.obj
 0001:000056b0       ?GetNext@KNode@@QAEPAV1@XZ 100066b0 f i KMissle.obj
 0001:000056e0       ?GetHead@KList@@QAEPAVKNode@@XZ 100066e0 f i KMissle.obj
 0001:00005710       ?g_DirSin@@YAHHH@Z         10006710 f i KMissle.obj
 0001:00005740       ?g_DirCos@@YAHHH@Z         10006740 f i KMissle.obj
 0001:00005770       ?Send@KWorldMsg@@QAEHKHHH@Z 10006770 f i KMissle.obj
 0001:00005850       ?AddTail@KList@@QAEXPAVKNode@@@Z 10006850 f i KMissle.obj
 0001:00005880       ?InsertBefore@KNode@@QAEXPAV1@@Z 10006880 f i KMissle.obj
 0001:00005900       ??0KWorldMsgNode@@QAE@XZ   10006900 f i KMissle.obj
 0001:00005930       ??_GKWorldMsgNode@@UAEPAXI@Z 10006930 f i KMissle.obj
 0001:00005930       ??_EKWorldMsgNode@@UAEPAXI@Z 10006930 f i KMissle.obj
 0001:00005970       ??1KWorldMsgNode@@UAE@XZ   10006970 f i KMissle.obj
 0001:000059a0       ?ZAxisMove@KMissle@@AAEXXZ 100069a0 f i KMissle.obj
 0001:00005a10       ?TestBarrier@KMissle@@AAEHXZ 10006a10 f i KMissle.obj
 0001:00005ab0       ?g_GetDirIndex@@YAHHHHH@Z  10006ab0 f i KMissle.obj
 0001:00005b80       ?g_GetDistance@@YAHHHHH@Z  10006b80 f i KMissle.obj
 0001:00005be0       ?g_DirIndex2Dir@@YAHHH@Z   10006be0 f i KMissle.obj
 0001:00005c20       ?SpecialMovieIsAllEnd@KMissleRes@@QAEHXZ 10006c20 f i KMissle.obj
 0001:00005c60       ??0KSkillSpecialNode@@QAE@XZ 10006c60 f i KMissle.obj
 0001:00005ca0       ??_EKSkillSpecialNode@@UAEPAXI@Z 10006ca0 f i KMissle.obj
 0001:00005ca0       ??_GKSkillSpecialNode@@UAEPAXI@Z 10006ca0 f i KMissle.obj
 0001:00005ce0       ??1KSkillSpecialNode@@UAE@XZ 10006ce0 f i KMissle.obj
 0001:00005d30       ?g_Dir2DirIndex@@YAHHH@Z   10006d30 f i KMissle.obj
 0001:00005d70       ?KSG_StringGetInt@@YAHPAPADH@Z 10006d70 f i KMissle.obj
 0001:00005da0       ?KSG_StringSkipSymbol@@YA_NPAPADH@Z 10006da0 f i KMissle.obj
 0001:00005dd0       ??0KMissleRes@@QAE@XZ      10006dd0 f   KMissleRes.obj
 0001:00005f09       ??1KMissleRes@@QAE@XZ      10006f09 f   KMissleRes.obj
 0001:00005fe3       ?LoadResource@KMissleRes@@QAEXHPAD0@Z 10006fe3 f   KMissleRes.obj
 0001:0000603e       ?Init@KMissleRes@@QAEHXZ   1000703e f   KMissleRes.obj
 0001:00006067       ?Remove@KMissleRes@@QAEXXZ 10007067 f   KMissleRes.obj
 0001:00006079       ?Clear@KMissleRes@@QAEXXZ  10007079 f   KMissleRes.obj
 0001:0000617e       ?Draw@KMissleRes@@QAEHHHHHHHH@Z 1000717e f   KMissleRes.obj
 0001:00006627       ?PlaySoundA@KMissleRes@@QAEXHHHH@Z 10007627 f   KMissleRes.obj
 0001:00006758       ?GetSndVolume@KMissleRes@@QAEHH@Z 10007758 f   KMissleRes.obj
 0001:0000679b       ?StopSound@KMissleRes@@QAEXXZ 1000779b f   KMissleRes.obj
 0001:00006860       ??0KList@@QAE@XZ           10007860 f i KMissleRes.obj
 0001:000068e0       ??1KList@@QAE@XZ           100078e0 f i KMissleRes.obj
 0001:00006940       ?GetTail@KList@@QAEPAVKNode@@XZ 10007940 f i KMissleRes.obj
 0001:00006970       ?GetPrev@KNode@@QAEPAV1@XZ 10007970 f i KMissleRes.obj
 0001:000069a0       ?RemoveTail@KList@@QAEPAVKNode@@XZ 100079a0 f i KMissleRes.obj
 0001:000069f0       ?Remove@KNode@@QAEXXZ      100079f0 f i KMissleRes.obj
 0001:00006aa0       ?RemoveHead@KList@@QAEPAVKNode@@XZ 10007aa0 f i KMissleRes.obj
 0001:00006af0       ?GetSndVolume@KOption@@QAEHXZ 10007af0 f i KMissleRes.obj
 0001:00006b6b       ?Init@KMissleSet@@QAEXXZ   10007b6b f   KMissleSet.obj
 0001:00006c05       ?FindFree@KMissleSet@@QAEHXZ 10007c05 f   KMissleSet.obj
 0001:00006c37       ?Add@KMissleSet@@QAEHHHHHHH@Z 10007c37 f   KMissleSet.obj
 0001:00006d37       ?Add@KMissleSet@@QAEHHHH@Z 10007d37 f   KMissleSet.obj
 0001:00006f40       ?CreateMissile@KMissleSet@@QAEHHHHHHHHH@Z 10007f40 f   KMissleSet.obj
 0001:00006f9a       ?Activate@KMissleSet@@QAEHXZ 10007f9a f   KMissleSet.obj
 0001:00006ff5       ?Remove@KMissleSet@@QAEXH@Z 10007ff5 f   KMissleSet.obj
 0001:000070b2       ?Draw@KMissleSet@@QAEXXZ   100080b2 f   KMissleSet.obj
 0001:00007108       ?GetCount@KMissleSet@@QAEHXZ 10008108 f   KMissleSet.obj
 0001:0000716c       ?ClearMissles@KMissleSet@@QAEXXZ 1000816c f   KMissleSet.obj
 0001:000071e0       ??0KSkillList@@QAE@XZ      100081e0 f   KSkillList.obj
 0001:00007222       ??1KSkillList@@QAE@XZ      10008222 f   KSkillList.obj
 0001:00007234       ?FindSame@KSkillList@@QAEHH@Z 10008234 f   KSkillList.obj
 0001:0000729b       ?FindFree@KSkillList@@QAEHXZ 1000829b f   KSkillList.obj
 0001:000072e7       ?GetCount@KSkillList@@QAEHXZ 100082e7 f   KSkillList.obj
 0001:00007346       ?SetSkillLevel@KSkillList@@QAEXHH@Z 10008346 f   KSkillList.obj
 0001:000073a8       ?SetLevel@KSkillList@@QAEHHH@Z 100083a8 f   KSkillList.obj
 0001:00007417       ?IncreaseLevel@KSkillList@@QAEHHH@Z 10008417 f   KSkillList.obj
 0001:0000750d       ?Add@KSkillList@@QAEHHHHH@Z 1000850d f   KSkillList.obj
 0001:00007702       ?GetLevel@KSkillList@@QAEHH@Z 10008702 f   KSkillList.obj
 0001:0000779d       ?GetCurrentLevel@KSkillList@@QAEHH@Z 1000879d f   KSkillList.obj
 0001:000077f4       ?CanCast@KSkillList@@QAEHHK@Z 100087f4 f   KSkillList.obj
 0001:00007869       ?SetNextCastTime@KSkillList@@QAEXHK@Z 10008869 f   KSkillList.obj
 0001:000078bf       ?GetSkillSortList@KSkillList@@QAEHPAUKUiSkillData@@@Z 100088bf f   KSkillList.obj
 0001:00007acb       ?GetLeftSkillSortList@KSkillList@@QAEHPAUKUiSkillData@@@Z 10008acb f   KSkillList.obj
 0001:00007ced       ?GetRightSkillSortList@KSkillList@@QAEHPAUKUiSkillData@@@Z 10008ced f   KSkillList.obj
 0001:00007f02       ?GetSkillPosition@KSkillList@@QAEHH@Z 10008f02 f   KSkillList.obj
 0001:000080c0       ?GetSkillLRInfo@KSkill@@QBE?AW4eSkillLRInfo@@XZ 100090c0 f i KSkillList.obj
 0001:0000813b       ??0KSkillManager@@QAE@XZ   1000913b f   KSkillManager.obj
 0001:00008150       ??1KSkillManager@@QAE@XZ   10009150 f   KSkillManager.obj
 0001:00008248       ?Init@KSkillManager@@QAEHXZ 10009248 f   KSkillManager.obj
 0001:00008585       ?InstanceSkill@KSkillManager@@AAEPAVISkill@@KK@Z 10009585 f   KSkillManager.obj
 0001:00008880       ??4KSkill@@QAEAAV0@ABV0@@Z 10009880 f i KSkillManager.obj
 0001:00008fb0       ??4ISkill@@QAEAAV0@ABV0@@Z 10009fb0 f i KSkillManager.obj
 0001:00008fd0       ?SetSkillId@KSkill@@QAEXH@Z 10009fd0 f i KSkillManager.obj
 0001:00008ff0       ?SetSkillLevel@KSkill@@QAEXK@Z 10009ff0 f i KSkillManager.obj
 0001:00009010       ?GetSkillStyle@KSkillManager@@AAEHK@Z 1000a010 f i KSkillManager.obj
 0001:00009050       ??0KSkill@@QAE@XZ          1000a050 f   KSkills.obj
 0001:000091b8       ??1KSkill@@UAE@XZ          1000a1b8 f   KSkills.obj
 0001:000091e5       ?CanCastSkill@KSkill@@UBEHHAAH0@Z 1000a1e5 f   KSkills.obj
 0001:0000948e       ?Cast@KSkill@@QBEHHHHHW4eSkillLauncherType@@@Z 1000a48e f   KSkills.obj
 0001:0000971f       ?Vanish@KSkill@@ABEXPAVKMissle@@@Z 1000a71f f   KSkills.obj
 0001:0000974b       ?OnMissleEvent@KSkill@@QBEHGPAVKMissle@@@Z 1000a74b f   KSkills.obj
 0001:00009a8d       ?FlyEvent@KSkill@@ABEXPAVKMissle@@@Z 1000aa8d f   KSkills.obj
 0001:00009ab9       ?Collidsion@KSkill@@ABEXPAVKMissle@@@Z 1000aab9 f   KSkills.obj
 0001:00009ae5       ?CastMissles@KSkill@@ABEHHHHHW4eSkillLauncherType@@@Z 1000aae5 f   KSkills.obj
 0001:0000b121       ?CastZone@KSkill@@ABEHPAUTOrdinSkillParam@@HHH@Z 1000c121 f   KSkills.obj
 0001:0000b6e1       ?CastLine@KSkill@@ABEHPAUTOrdinSkillParam@@HHH@Z 1000c6e1 f   KSkills.obj
 0001:0000bb06       ?CastExtractiveLineMissle@KSkill@@ABEHPAUTOrdinSkillParam@@HHHHHHH@Z 1000cb06 f   KSkills.obj
 0001:0000bf9b       ?CastWall@KSkill@@ABEHPAUTOrdinSkillParam@@HHH@Z 1000cf9b f   KSkills.obj
 0001:0000c466       ?CastCircle@KSkill@@ABEHPAUTOrdinSkillParam@@HHH@Z 1000d466 f   KSkills.obj
 0001:0000c8c4       ?CastSpread@KSkill@@ABEHPAUTOrdinSkillParam@@HHH@Z 1000d8c4 f   KSkills.obj
 0001:0000cef8       ?GetChildSkillNum@KSkill@@QBEHH@Z 1000def8 f   KSkills.obj
 0001:0000cf15       ?CreateMissle@KSkill@@ABEXHHH@Z 1000df15 f   KSkills.obj
 0001:0000d2d3       ?GetInfoFromTabFile@KSkill@@QAEHH@Z 1000e2d3 f   KSkills.obj
 0001:0000d312       ?GetInfoFromTabFile@KSkill@@QAEHPAVKITabFile@@H@Z 1000e312 f   KSkills.obj
 0001:0000dd2a       ?LoadSkillLevelData@KSkill@@UAEXKH@Z 1000ed2a f   KSkills.obj
 0001:0000e23b       ?GetMissleGenerateTime@KSkill@@QBEIH@Z 1000f23b f   KSkills.obj
 0001:0000e3fd       ?GetSkillIdFromName@KSkill@@SAHPAD@Z 1000f3fd f   KSkills.obj
 0001:0000e48c       ?CastInitiativeSkill@KSkill@@ABEHHHHH@Z 1000f48c f   KSkills.obj
 0001:0000e4a5       ?CastPassivitySkill@KSkill@@ABEHHHHH@Z 1000f4a5 f   KSkills.obj
 0001:0000e4be       ?ParseString2MagicAttrib@KSkill@@AAEHKPAD0@Z 1000f4be f   KSkills.obj
 0001:0000eb99       ?DrawSkillIcon@KSkill@@UAEXHHHH@Z 1000fb99 f   KSkills.obj
 0001:0000ec7f       ?GetDesc@KSkill@@SAXKKPADH_N@Z 1000fc7f f   KSkills.obj
 0001:0000ef17       ?GetDescAboutLevel@KSkill@@QAEXPAD@Z 1000ff17 f   KSkills.obj
 0001:0000f219       ?PlayPreCastSound@KSkill@@QBEXHHH@Z 10010219 f   KSkills.obj
 0001:0000f340       ??0KMagicAttrib@@QAE@XZ    10010340 f i KSkills.obj
 0001:0000f380       ?IsTargetOnly@KSkill@@UBEHXZ 10010380 f i KSkills.obj
 0001:0000f3a0       ?IsTargetEnemy@KSkill@@UBEHXZ 100103a0 f i KSkills.obj
 0001:0000f3c0       ?IsTargetAlly@KSkill@@UBEHXZ 100103c0 f i KSkills.obj
 0001:0000f3e0       ?IsTargetObj@KSkill@@UBEHXZ 100103e0 f i KSkills.obj
 0001:0000f400       ?GetSkillName@KSkill@@UAEPBDXZ 10010400 f i KSkills.obj
 0001:0000f420       ?GetSkillStyle@KSkill@@UAEHXZ 10010420 f i KSkills.obj
 0001:0000f440       ?GetAttackRadius@KSkill@@UBEHXZ 10010440 f i KSkills.obj
 0001:0000f460       ?GetSkillCost@KSkill@@UBEHPAX@Z 10010460 f i KSkills.obj
 0001:0000f480       ?GetSkillCostType@KSkill@@UBE?AW4NPCATTRIB@@XZ 10010480 f i KSkills.obj
 0001:0000f4a0       ?GetSkillId@KSkill@@UAEHXZ 100104a0 f i KSkills.obj
 0001:0000f4c0       ?IsAura@KSkill@@UBEHXZ     100104c0 f i KSkills.obj
 0001:0000f4e0       ?IsPhysical@KSkill@@UBEHXZ 100104e0 f i KSkills.obj
 0001:0000f500       ??_EKSkill@@UAEPAXI@Z      10010500 f i KSkills.obj
 0001:0000f500       ??_GKSkill@@UAEPAXI@Z      10010500 f i KSkills.obj
 0001:0000f540       ??_H@YGXPAXIHP6EX0@Z@Z     10010540 f i KSkills.obj
 0001:0000f580       ?Param2PCoordinate@KSkill@@ABEHHHHPAH0W4eSkillLauncherType@@@Z 10010580 f i KSkills.obj
 0001:0000f730       ?MagicAttrib2String@KSkill@@ABEPBDH@Z 10010730 f i KSkills.obj
 0001:0000f7bb       ??0KSkillSpecial@@QAE@XZ   100107bb f   KSkillSpecial.obj
 0001:0000f854       ?Init@KSkillSpecial@@QAEHXZ 10010854 f   KSkillSpecial.obj
 0001:0000f87f       ?Draw@KSkillSpecial@@QAEXH@Z 1001087f f   KSkillSpecial.obj
 0001:0000fad9       ?SetAnimation@KSkillSpecial@@QAEXPADI@Z 10010ad9 f   KSkillSpecial.obj
 0001:0000fb1c       ?Remove@KSkillSpecial@@QAEXXZ 10010b1c f   KSkillSpecial.obj
 0001:0000fb30       ?Init@KFaction@@QAEHXZ     10010b30 f   KFaction.obj
 0001:0001010f       ?GetID@KFaction@@QAEHHH@Z  1001110f f   KFaction.obj
 0001:00010149       ?GetID@KFaction@@QAEHHPAD@Z 10011149 f   KFaction.obj
 0001:000101dd       ?GetCamp@KFaction@@QAEHH@Z 100111dd f   KFaction.obj
 0001:0001028e       ??0KNpc@@QAE@XZ            1001128e f   KNpc.obj
 0001:00010377       ?Init@KNpc@@QAEXXZ         10011377 f   KNpc.obj
 0001:0001094a       ?GetActiveSkill@KNpc@@QAEPAVISkill@@XZ 1001194a f   KNpc.obj
 0001:000109ef       ?SetCurrentCamp@KNpc@@QAEXH@Z 100119ef f   KNpc.obj
 0001:00010a0f       ?SetCamp@KNpc@@QAEXH@Z     10011a0f f   KNpc.obj
 0001:00010a2f       ?RestoreCurrentCamp@KNpc@@QAEXXZ 10011a2f f   KNpc.obj
 0001:00010a53       ?Activate@KNpc@@QAEXXZ     10011a53 f   KNpc.obj
 0001:00010d41       ?ProcStatus@KNpc@@QAEXXZ   10011d41 f   KNpc.obj
 0001:00010eb5       ?ProcCommand@KNpc@@QAEXH@Z 10011eb5 f   KNpc.obj
 0001:00011149       ?ProcessState@KNpc@@QAEHXZ 10012149 f   KNpc.obj
 0001:000114d7       ?DoDeath@KNpc@@AAEXH@Z     100124d7 f   KNpc.obj
 0001:0001163a       ?OnDeath@KNpc@@AAEXXZ      1001263a f   KNpc.obj
 0001:000117c2       ?DoDefense@KNpc@@AAEXXZ    100127c2 f   KNpc.obj
 0001:000117e1       ?OnDefense@KNpc@@AAEXXZ    100127e1 f   KNpc.obj
 0001:000117f3       ?DoIdle@KNpc@@AAEXXZ       100127f3 f   KNpc.obj
 0001:00011820       ?OnIdle@KNpc@@AAEXXZ       10012820 f   KNpc.obj
 0001:00011832       ?DoHurt@KNpc@@AAEXHHH@Z    10012832 f   KNpc.obj
 0001:00011966       ?OnHurt@KNpc@@AAEXXZ       10012966 f   KNpc.obj
 0001:00011c63       ?DoSpecial1@KNpc@@AAEXXZ   10012c63 f   KNpc.obj
 0001:00011c87       ?OnSpecial1@KNpc@@AAEXXZ   10012c87 f   KNpc.obj
 0001:00011d8c       ?DoSpecial2@KNpc@@AAEXXZ   10012d8c f   KNpc.obj
 0001:00011d9e       ?OnSpecial2@KNpc@@AAEXXZ   10012d9e f   KNpc.obj
 0001:00011e6a       ?DoSpecial3@KNpc@@AAEXXZ   10012e6a f   KNpc.obj
 0001:00011e7c       ?OnSpecial3@KNpc@@AAEXXZ   10012e7c f   KNpc.obj
 0001:00011e8e       ?DoSpecial4@KNpc@@AAEXXZ   10012e8e f   KNpc.obj
 0001:00011ea0       ?OnSpecial4@KNpc@@AAEXXZ   10012ea0 f   KNpc.obj
 0001:00011eb2       ?DoStand@KNpc@@AAEXXZ      10012eb2 f   KNpc.obj
 0001:00011f86       ?OnStand@KNpc@@AAEXXZ      10012f86 f   KNpc.obj
 0001:00012000       ?DoRevive@KNpc@@AAEXXZ     10013000 f   KNpc.obj
 0001:00012115       ?OnRevive@KNpc@@AAEXXZ     10013115 f   KNpc.obj
 0001:0001213c       ?DoRun@KNpc@@AAEXXZ        1001313c f   KNpc.obj
 0001:00012236       ?OnRun@KNpc@@AAEXXZ        10013236 f   KNpc.obj
 0001:0001226c       ?DoSit@KNpc@@AAEXXZ        1001326c f   KNpc.obj
 0001:0001230f       ?OnSit@KNpc@@AAEXXZ        1001330f f   KNpc.obj
 0001:0001234c       ?DoSkill@KNpc@@AAEXHH@Z    1001334c f   KNpc.obj
 0001:00012564       ?DoOrdinSkill@KNpc@@AAEHPAVKSkill@@HH@Z 10013564 f   KNpc.obj
 0001:00012913       ?DoAttack@KNpc@@AAEXXZ     10013913 f   KNpc.obj
 0001:000129c2       ?CastMeleeSkill@KNpc@@AAEHPAVKSkill@@@Z 100139c2 f   KNpc.obj
 0001:00012bd6       ?DoBlurAttack@KNpc@@AAEHXZ 10013bd6 f   KNpc.obj
 0001:00012cd7       ?DoMagic@KNpc@@AAEXXZ      10013cd7 f   KNpc.obj
 0001:00012d4f       ?OnSkill@KNpc@@AAEXXZ      10013d4f f   KNpc.obj
 0001:00012e9a       ?JumpTo@KNpc@@AAEXHH@Z     10013e9a f   KNpc.obj
 0001:00012ee6       ?RunTo@KNpc@@AAEXHH@Z      10013ee6 f   KNpc.obj
 0001:00012f20       ?Goto@KNpc@@AAEXHH@Z       10013f20 f   KNpc.obj
 0001:00012f5a       ?DoWalk@KNpc@@AAEXXZ       10013f5a f   KNpc.obj
 0001:0001304f       ?DoPlayerTalk@KNpc@@QAEXPAD@Z 1001404f f   KNpc.obj
 0001:00013063       ?OnPlayerTalk@KNpc@@AAEXXZ 10014063 f   KNpc.obj
 0001:00013075       ?OnWalk@KNpc@@AAEXXZ       10014075 f   KNpc.obj
 0001:000130ab       ?GetSkillLevel@KNpc@@QAEHH@Z 100140ab f   KNpc.obj
 0001:00013101       ?ModifyAttrib@KNpc@@QAEXHPAX@Z 10014101 f   KNpc.obj
 0001:00013137       ?SetImmediatelySkillEffect@KNpc@@QAEXHPAXH@Z 10014137 f   KNpc.obj
 0001:000131e8       ?AppendSkillEffect@KNpc@@QAEXHHPAX0@Z 100141e8 f   KNpc.obj
 0001:0001374c       ?ServeMove@KNpc@@AAEXH@Z   1001474c f   KNpc.obj
 0001:00013f30       ?ServeJump@KNpc@@AAEXH@Z   10014f30 f   KNpc.obj
 0001:000145be       ?SendCommand@KNpc@@QAEXW4NPCCMD@@HHH@Z 100155be f   KNpc.obj
 0001:00014602       ?NewPath@KNpc@@AAEHHH@Z    10015602 f   KNpc.obj
 0001:00014633       ?NewJump@KNpc@@AAEHHH@Z    10015633 f   KNpc.obj
 0001:0001498b       ?SelfDamage@KNpc@@QAEXH@Z  1001598b f   KNpc.obj
 0001:000149cd       ?Cost@KNpc@@QAEHW4NPCATTRIB@@HH@Z 100159cd f   KNpc.obj
 0001:00014b26       ?DoJump@KNpc@@AAEXXZ       10015b26 f   KNpc.obj
 0001:00014c16       ?OnJump@KNpc@@AAEHXZ       10015c16 f   KNpc.obj
 0001:00014c6e       ?WaitForFrame@KNpc@@AAEHXZ 10015c6e f   KNpc.obj
 0001:00014cbf       ?IsReachFrame@KNpc@@AAEHH@Z 10015cbf f   KNpc.obj
 0001:00014cfc       ?Load@KNpc@@QAEXHH@Z       10015cfc f   KNpc.obj
 0001:0001519c       ?GetMpsPos@KNpc@@QAEXPAH0@Z 1001619c f   KNpc.obj
 0001:0001520e       ?SetActiveSkill@KNpc@@QAEHH@Z 1001620e f   KNpc.obj
 0001:0001533a       ?SetAuraSkill@KNpc@@QAEXH@Z 1001633a f   KNpc.obj
 0001:0001547b       ?SetPlayerIdx@KNpc@@QAEHH@Z 1001647b f   KNpc.obj
 0001:000154bd       ?PaintInfo@KNpc@@QAEHH_NHK@Z 100164bd f   KNpc.obj
 0001:00015f10       ?PaintChat@KNpc@@QAEHH@Z   10016f10 f   KNpc.obj
 0001:00016099       ?SetChatInfo@KNpc@@QAEHPBD0G@Z 10017099 f   KNpc.obj
 0001:0001634e       ?PaintLife@KNpc@@QAEHH_N@Z 1001734e f   KNpc.obj
 0001:0001650c       ?PaintMana@KNpc@@QAEHH@Z   1001750c f   KNpc.obj
 0001:00016565       ?Paint@KNpc@@QAEXXZ        10017565 f   KNpc.obj
 0001:00016696       ?AddBaseLifeMax@KNpc@@QAEXH@Z 10017696 f   KNpc.obj
 0001:000166d1       ?AddCurLifeMax@KNpc@@QAEXH@Z 100176d1 f   KNpc.obj
 0001:000166fa       ?AddBaseStaminaMax@KNpc@@QAEXH@Z 100176fa f   KNpc.obj
 0001:00016735       ?AddCurStaminaMax@KNpc@@QAEXH@Z 10017735 f   KNpc.obj
 0001:0001675e       ?AddBaseManaMax@KNpc@@QAEXH@Z 1001775e f   KNpc.obj
 0001:00016799       ?AddCurManaMax@KNpc@@QAEXH@Z 10017799 f   KNpc.obj
 0001:000167c2       ?CalcCurLifeReplenish@KNpc@@QAEXXZ 100177c2 f   KNpc.obj
 0001:000167e6       ?Remove@KNpc@@QAEXXZ       100177e6 f   KNpc.obj
 0001:0001681f       ?RemoveRes@KNpc@@QAEXXZ    1001781f f   KNpc.obj
 0001:00016850       ?SetSeries@KNpc@@QAEXH@Z   10017850 f   KNpc.obj
 0001:00016885       ?SetStateSkillEffect@KNpc@@QAEXHHHPAXHH@Z 10017885 f   KNpc.obj
 0001:00016bff       ?ModifyMissleCollsion@KNpc@@QAEHH@Z 10017bff f   KNpc.obj
 0001:00016c49       ?ModifyMissleLifeTime@KNpc@@QAEHH@Z 10017c49 f   KNpc.obj
 0001:00016c7b       ?ModifyMissleSpeed@KNpc@@QAEHH@Z 10017c7b f   KNpc.obj
 0001:00016ca8       ?DoManyAttack@KNpc@@AAEHXZ 10017ca8 f   KNpc.obj
 0001:00016e44       ?OnManyAttack@KNpc@@AAEXXZ 10017e44 f   KNpc.obj
 0001:00016f14       ?DoRunAttack@KNpc@@AAEHXZ  10017f14 f   KNpc.obj
 0001:0001723e       ?OnRunAttack@KNpc@@AAEXXZ  1001823e f   KNpc.obj
 0001:00017433       ?DoJumpAttack@KNpc@@AAEHXZ 10018433 f   KNpc.obj
 0001:00017650       ?OnJumpAttack@KNpc@@AAEHXZ 10018650 f   KNpc.obj
 0001:000177ff       ?CheckHitTarget@KNpc@@AAEHHHH@Z 100187ff f   KNpc.obj
 0001:000178c3       ?GetNpcCopyFromTemplate@KNpc@@QAEXHH@Z 100188c3 f   KNpc.obj
 0001:00017c4a       ?LoadDataFromTemplate@KNpc@@QAEXHH@Z 10018c4a f   KNpc.obj
 0001:00017e5a       ?SetPhysicsDamage@KNpc@@QAEXHH@Z 10018e5a f   KNpc.obj
 0001:00017e86       ?SetBaseAttackRating@KNpc@@QAEXH@Z 10018e86 f   KNpc.obj
 0001:00017eb8       ?SetBaseDefence@KNpc@@QAEXH@Z 10018eb8 f   KNpc.obj
 0001:00017eea       ?SetMenuState@KNpc@@QAEXHPADH@Z 10018eea f   KNpc.obj
 0001:00017f22       ?GetMenuState@KNpc@@QAEHXZ 10018f22 f   KNpc.obj
 0001:00017f4c       ?SearchAroundID@KNpc@@QAEKK@Z 10018f4c f   KNpc.obj
 0001:00018010       ?SetSpecialSpr@KNpc@@QAEXPAD@Z 10019010 f   KNpc.obj
 0001:00018040       ?SetInstantSpr@KNpc@@QAEXH@Z 10019040 f   KNpc.obj
 0001:00018098       ?GetNormalNpcStandDir@KNpc@@QAEHH@Z 10019098 f   KNpc.obj
 0001:000180c8       ?SetNpcState@KNpc@@QAEXPAE@Z 100190c8 f   KNpc.obj
 0001:000181be       ?ClearNpcState@KNpc@@QAEXXZ 100191be f   KNpc.obj
 0001:0001825a       ?RestoreNpcBaseInfo@KNpc@@QAEXXZ 1001925a f   KNpc.obj
 0001:00018658       ?DrawBorder@KNpc@@QAEXXZ   10019658 f   KNpc.obj
 0001:0001868d       ?DrawMenuState@KNpc@@QAEHH@Z 1001968d f   KNpc.obj
 0001:000186cb       ?DrawBlood@KNpc@@QAEXXZ    100196cb f   KNpc.obj
 0001:00018743       ?IsPlayer@KNpc@@QAEHXZ     10019743 f   KNpc.obj
 0001:00018766       ?ClearStateSkillEffect@KNpc@@QAEXXZ 10019766 f   KNpc.obj
 0001:000188a8       ?ClearNormalState@KNpc@@QAEXXZ 100198a8 f   KNpc.obj
 0001:000189f3       ?CheckTrap@KNpc@@QAEXXZ    100199f3 f   KNpc.obj
 0001:00018ae8       ?SetFightMode@KNpc@@QAEXH@Z 10019ae8 f   KNpc.obj
 0001:00018b08       ?TurnTo@KNpc@@QAEXH@Z      10019b08 f   KNpc.obj
 0001:00018b9f       ?ReCalcStateEffect@KNpc@@QAEXXZ 10019b9f f   KNpc.obj
 0001:00018c96       ?GetCurActiveWeaponSkill@KNpc@@QAEHXZ 10019c96 f   KNpc.obj
 0001:00018d87       ?HurtAutoMove@KNpc@@AAEXXZ 10019d87 f   KNpc.obj
 0001:000192ae       ?ProcNetCommand@KNpc@@QAEXW4NPCCMD@@HHH@Z 1001a2ae f   KNpc.obj
 0001:0001939b       ?ClearBlood@KNpc@@QAEXXZ   1001a39b f   KNpc.obj
 0001:000193de       ?SetBlood@KNpc@@QAEXH@Z    1001a3de f   KNpc.obj
 0001:00019451       ?PaintBlood@KNpc@@QAEHH@Z  1001a451 f   KNpc.obj
 0001:000195a8       ?GetNpcPate@KNpc@@QAEHXZ   1001a5a8 f   KNpc.obj
 0001:00019686       ?GetNpcPatePeopleInfo@KNpc@@QAEHXZ 1001a686 f   KNpc.obj
 0001:00019780       ??1KNpc@@QAE@XZ            1001a780 f i KNpc.obj
 0001:00019810       ?SetAdjustColorId@KNpcRes@@QAEXK@Z 1001a810 f i KNpc.obj
 0001:00019830       ?GetChildSkillId@KSkill@@QBEHXZ 1001a830 f i KNpc.obj
 0001:00019850       ?IsNeedShadow@KSkill@@QBEHXZ 1001a850 f i KNpc.obj
 0001:00019870       ?GetPreCastEffectFile@KSkill@@QBEPBDXZ 1001a870 f i KNpc.obj
 0001:00019890       ?GetActionType@KSkill@@QBE?AW4CLIENTACTION@@XZ 1001a890 f i KNpc.obj
 0001:000198b0       ?GetMeleeType@KSkill@@QBEHXZ 1001a8b0 f i KNpc.obj
 0001:000198d0       ?GetDelayPerCast@KSkill@@QBEHXZ 1001a8d0 f i KNpc.obj
 0001:000198f0       ?GetPlayerWalkSpeed@KNpcSet@@QAEHXZ 1001a8f0 f i KNpc.obj
 0001:00019910       ?GetPlayerRunSpeed@KNpcSet@@QAEHXZ 1001a910 f i KNpc.obj
 0001:00019930       ?GetPlayerAttackFrame@KNpcSet@@QAEHXZ 1001a930 f i KNpc.obj
 0001:00019950       ?GetPlayerHurtFrame@KNpcSet@@QAEHXZ 1001a950 f i KNpc.obj
 0001:00019970       ?GetPlayerStandFrame@KNpcSet@@QAEHH@Z 1001a970 f i KNpc.obj
 0001:000199a0       ?GetPlayerWalkFrame@KNpcSet@@QAEHH@Z 1001a9a0 f i KNpc.obj
 0001:000199d0       ?GetPlayerRunFrame@KNpcSet@@QAEHH@Z 1001a9d0 f i KNpc.obj
 0001:00019a00       ?GetNodeCount@KList@@QAEJXZ 1001aa00 f i KNpc.obj
 0001:00019a60       ??0KOutputTextParam@@QAE@XZ 1001aa60 f i KNpc.obj
 0001:00019ad0       ?GetStateSpecailId@KSkill@@QBEHXZ 1001aad0 f i KNpc.obj
 0001:00019af0       ??0KStateNode@@QAE@XZ      1001aaf0 f i KNpc.obj
 0001:00019b70       ??_GKStateNode@@UAEPAXI@Z  1001ab70 f i KNpc.obj
 0001:00019b70       ??_EKStateNode@@UAEPAXI@Z  1001ab70 f i KNpc.obj
 0001:00019bb0       ??1KStateNode@@UAE@XZ      1001abb0 f i KNpc.obj
 0001:00019be0       ?g_RandPercent@@YAHH@Z     1001abe0 f i KNpc.obj
 0001:00019c10       ?GetChildSkillNum@KSkill@@QBEHXZ 1001ac10 f i KNpc.obj
 0001:00019c30       ?GetSkill@KSkillManager@@QAEPAVISkill@@HHW4eSKillStyle@@@Z 1001ac30 f i KNpc.obj
 0001:00019ca0       ??0KNpcTemplate@@QAE@XZ    1001aca0 f i KNpc.obj
 0001:00019cf7       ??0KNpcAI@@QAE@XZ          1001acf7 f   KNpcAI.obj
 0001:00019d1f       ?Activate@KNpcAI@@QAEXH@Z  1001ad1f f   KNpcAI.obj
 0001:00019df0       ?ProcessShowNpc@KNpcAI@@AAEHXZ 1001adf0 f   KNpcAI.obj
 0001:00019f21       ?ShowNpcType11@KNpcAI@@AAEHXZ 1001af21 f   KNpcAI.obj
 0001:0001a135       ?ShowNpcType12@KNpcAI@@AAEHXZ 1001b135 f   KNpcAI.obj
 0001:0001a366       ?ShowNpcType13@KNpcAI@@AAEHXZ 1001b366 f   KNpcAI.obj
 0001:0001a539       ?ShowNpcType14@KNpcAI@@AAEHXZ 1001b539 f   KNpcAI.obj
 0001:0001a788       ?ShowNpcType15@KNpcAI@@AAEHXZ 1001b788 f   KNpcAI.obj
 0001:0001a95b       ?ShowNpcType16@KNpcAI@@AAEHXZ 1001b95b f   KNpcAI.obj
 0001:0001ab8a       ?ShowNpcType17@KNpcAI@@AAEHXZ 1001bb8a f   KNpcAI.obj
 0001:0001adce       ?ProcessPlayer@KNpcAI@@AAEXXZ 1001bdce f   KNpcAI.obj
 0001:0001ae3f       ?FollowObject@KNpcAI@@AAEXH@Z 1001be3f f   KNpcAI.obj
 0001:0001aedc       ?FollowPeople@KNpcAI@@AAEXH@Z 1001bedc f   KNpcAI.obj
 0001:0001b2b9       ?TriggerMapTrap@KNpcAI@@AAEXXZ 1001c2b9 f   KNpcAI.obj
 0001:0001b2eb       ?TriggerObjectTrap@KNpcAI@@AAEXXZ 1001c2eb f   KNpcAI.obj
 0001:0001b2fd       ?GetNearestNpc@KNpcAI@@AAEHH@Z 1001c2fd f   KNpcAI.obj
 0001:0001ba0d       ?IsPlayerCome@KNpcAI@@AAEHXZ 1001ca0d f   KNpcAI.obj
 0001:0001bad0       ?GetNpcNumber@KNpcAI@@AAEHH@Z 1001cad0 f   KNpcAI.obj
 0001:0001bd7d       ?KeepAttackRange@KNpcAI@@AAEXHH@Z 1001cd7d f   KNpcAI.obj
 0001:0001be68       ?FollowAttack@KNpcAI@@AAEXH@Z 1001ce68 f   KNpcAI.obj
 0001:0001bf6d       ?InEyeshot@KNpcAI@@AAEHH@Z 1001cf6d f   KNpcAI.obj
 0001:0001bfc2       ?CommonAction@KNpcAI@@AAEXXZ 1001cfc2 f   KNpcAI.obj
 0001:0001c105       ?KeepActiveRange@KNpcAI@@AAEHXZ 1001d105 f   KNpcAI.obj
 0001:0001c23e       ?DoShowFlee@KNpcAI@@AAEHH@Z 1001d23e f   KNpcAI.obj
 0001:0001c376       ?Flee@KNpcAI@@AAEXH@Z      1001d376 f   KNpcAI.obj
 0001:0001c415       ?ProcessAIType01@KNpcAI@@AAEXXZ 1001d415 f   KNpcAI.obj
 0001:0001c682       ?ProcessAIType02@KNpcAI@@AAEXXZ 1001d682 f   KNpcAI.obj
 0001:0001c99f       ?ProcessAIType03@KNpcAI@@AAEXXZ 1001d99f f   KNpcAI.obj
 0001:0001cc4c       ?ProcessAIType04@KNpcAI@@AAEXXZ 1001dc4c f   KNpcAI.obj
 0001:0001ce70       ?ProcessAIType05@KNpcAI@@AAEXXZ 1001de70 f   KNpcAI.obj
 0001:0001d144       ?ProcessAIType06@KNpcAI@@AAEXXZ 1001e144 f   KNpcAI.obj
 0001:0001d3b0       ?CanShowNpc@KNpcAI@@AAEHXZ 1001e3b0 f i KNpcAI.obj
 0001:0001d430       ?GetNpcMoveOffset@KNpcAI@@AAEHHHPAH0@Z 1001e430 f i KNpcAI.obj
 0001:0001d500       ?GetRandomNumber@@YAHHH@Z  1001e500 f i KNpcAI.obj
 0001:0001d58b       ??0KNpcAttribModify@@QAE@XZ 1001e58b f   KNpcAttribModify.obj
 0001:0001da25       ??1KNpcAttribModify@@QAE@XZ 1001ea25 f   KNpcAttribModify.obj
 0001:0001da37       ?ModifyAttrib@KNpcAttribModify@@QAEXPAVKNpc@@PAX@Z 1001ea37 f   KNpcAttribModify.obj
 0001:0001dab6       ?AddColdDamageV@KNpcAttribModify@@AAEXPAVKNpc@@PAX@Z 1001eab6 f   KNpcAttribModify.obj
 0001:0001db8b       ?AddFireDamageV@KNpcAttribModify@@AAEXPAVKNpc@@PAX@Z 1001eb8b f   KNpcAttribModify.obj
 0001:0001dc12       ?AddLightingDamageV@KNpcAttribModify@@AAEXPAVKNpc@@PAX@Z 1001ec12 f   KNpcAttribModify.obj
 0001:0001dc99       ?AddPhysicsDamageP@KNpcAttribModify@@AAEXPAVKNpc@@PAX@Z 1001ec99 f   KNpcAttribModify.obj
 0001:0001ded7       ?AddPoisonDamageV@KNpcAttribModify@@AAEXPAVKNpc@@PAX@Z 1001eed7 f   KNpcAttribModify.obj
 0001:0001dfac       ?AddPhysicsDamageV@KNpcAttribModify@@AAEXPAVKNpc@@PAX@Z 1001efac f   KNpcAttribModify.obj
 0001:0001e01b       ?AllresP@KNpcAttribModify@@AAEXPAVKNpc@@PAX@Z 1001f01b f   KNpcAttribModify.obj
 0001:0001e0ea       ?AllSkillV@KNpcAttribModify@@AAEXPAVKNpc@@PAX@Z 1001f0ea f   KNpcAttribModify.obj
 0001:0001e140       ?AttackRatingP@KNpcAttribModify@@AAEXPAVKNpc@@PAX@Z 1001f140 f   KNpcAttribModify.obj
 0001:0001e1dc       ?AttackRatingV@KNpcAttribModify@@AAEXPAVKNpc@@PAX@Z 1001f1dc f   KNpcAttribModify.obj
 0001:0001e24b       ?AttackSpeedV@KNpcAttribModify@@AAEXPAVKNpc@@PAX@Z 1001f24b f   KNpcAttribModify.obj
 0001:0001e2ba       ?BadStatusTimeReduceV@KNpcAttribModify@@AAEXPAVKNpc@@PAX@Z 1001f2ba f   KNpcAttribModify.obj
 0001:0001e2dd       ?BurnTimeReduceP@KNpcAttribModify@@AAEXPAVKNpc@@PAX@Z 1001f2dd f   KNpcAttribModify.obj
 0001:0001e2f1       ?CastSpeedV@KNpcAttribModify@@AAEXPAVKNpc@@PAX@Z 1001f2f1 f   KNpcAttribModify.obj
 0001:0001e360       ?ChangeCampV@KNpcAttribModify@@AAEXPAVKNpc@@PAX@Z 1001f360 f   KNpcAttribModify.obj
 0001:0001e3f4       ?ColdArmorV@KNpcAttribModify@@AAEXPAVKNpc@@PAX@Z 1001f3f4 f   KNpcAttribModify.obj
 0001:0001e4b4       ?ColdresP@KNpcAttribModify@@AAEXPAVKNpc@@PAX@Z 1001f4b4 f   KNpcAttribModify.obj
 0001:0001e523       ?DeadlyStrikeP@KNpcAttribModify@@AAEXPAVKNpc@@PAX@Z 1001f523 f   KNpcAttribModify.obj
 0001:0001e592       ?DexterityV@KNpcAttribModify@@AAEXPAVKNpc@@PAX@Z 1001f592 f   KNpcAttribModify.obj
 0001:0001e623       ?EarthSkillV@KNpcAttribModify@@AAEXPAVKNpc@@PAX@Z 1001f623 f   KNpcAttribModify.obj
 0001:0001e679       ?EnergyV@KNpcAttribModify@@AAEXPAVKNpc@@PAX@Z 1001f679 f   KNpcAttribModify.obj
 0001:0001e70a       ?FastHitRecoverV@KNpcAttribModify@@AAEXPAVKNpc@@PAX@Z 1001f70a f   KNpcAttribModify.obj
 0001:0001e779       ?FastWalkRunP@KNpcAttribModify@@AAEXPAVKNpc@@PAX@Z 1001f779 f   KNpcAttribModify.obj
 0001:0001e828       ?FireArmorV@KNpcAttribModify@@AAEXPAVKNpc@@PAX@Z 1001f828 f   KNpcAttribModify.obj
 0001:0001e8e8       ?FireSkillV@KNpcAttribModify@@AAEXPAVKNpc@@PAX@Z 1001f8e8 f   KNpcAttribModify.obj
 0001:0001e93e       ?FreezeTimeReduceP@KNpcAttribModify@@AAEXPAVKNpc@@PAX@Z 1001f93e f   KNpcAttribModify.obj
 0001:0001e9ad       ?KnockBackP@KNpcAttribModify@@AAEXPAVKNpc@@PAX@Z 1001f9ad f   KNpcAttribModify.obj
 0001:0001ea1c       ?LifeMaxP@KNpcAttribModify@@AAEXPAVKNpc@@PAX@Z 1001fa1c f   KNpcAttribModify.obj
 0001:0001eab8       ?LifeMaxV@KNpcAttribModify@@AAEXPAVKNpc@@PAX@Z 1001fab8 f   KNpcAttribModify.obj
 0001:0001eb27       ?LifeReplenishV@KNpcAttribModify@@AAEXPAVKNpc@@PAX@Z 1001fb27 f   KNpcAttribModify.obj
 0001:0001eb96       ?LifeV@KNpcAttribModify@@AAEXPAVKNpc@@PAX@Z 1001fb96 f   KNpcAttribModify.obj
 0001:0001ec05       ?LightingArmorV@KNpcAttribModify@@AAEXPAVKNpc@@PAX@Z 1001fc05 f   KNpcAttribModify.obj
 0001:0001ecc5       ?LightingresP@KNpcAttribModify@@AAEXPAVKNpc@@PAX@Z 1001fcc5 f   KNpcAttribModify.obj
 0001:0001ed34       ?LuckyV@KNpcAttribModify@@AAEXPAVKNpc@@PAX@Z 1001fd34 f   KNpcAttribModify.obj
 0001:0001ed96       ?ManaMaxP@KNpcAttribModify@@AAEXPAVKNpc@@PAX@Z 1001fd96 f   KNpcAttribModify.obj
 0001:0001ee32       ?ManaMaxV@KNpcAttribModify@@AAEXPAVKNpc@@PAX@Z 1001fe32 f   KNpcAttribModify.obj
 0001:0001eea1       ?ManaReplenishV@KNpcAttribModify@@AAEXPAVKNpc@@PAX@Z 1001fea1 f   KNpcAttribModify.obj
 0001:0001ef10       ?ManaV@KNpcAttribModify@@AAEXPAVKNpc@@PAX@Z 1001ff10 f   KNpcAttribModify.obj
 0001:0001ef7f       ?ManaShieldP@KNpcAttribModify@@AAEXPAVKNpc@@PAX@Z 1001ff7f f   KNpcAttribModify.obj
 0001:0001f036       ?MeleeDamageReturnP@KNpcAttribModify@@AAEXPAVKNpc@@PAX@Z 10020036 f   KNpcAttribModify.obj
 0001:0001f0a5       ?MeleeDamageReturnV@KNpcAttribModify@@AAEXPAVKNpc@@PAX@Z 100200a5 f   KNpcAttribModify.obj
 0001:0001f114       ?MetalSkillV@KNpcAttribModify@@AAEXPAVKNpc@@PAX@Z 10020114 f   KNpcAttribModify.obj
 0001:0001f16a       ?PhysicsArmorV@KNpcAttribModify@@AAEXPAVKNpc@@PAX@Z 1002016a f   KNpcAttribModify.obj
 0001:0001f22a       ?PhysicsresP@KNpcAttribModify@@AAEXPAVKNpc@@PAX@Z 1002022a f   KNpcAttribModify.obj
 0001:0001f299       ?Damage2ManaP@KNpcAttribModify@@AAEXPAVKNpc@@PAX@Z 10020299 f   KNpcAttribModify.obj
 0001:0001f308       ?PoisonArmorV@KNpcAttribModify@@AAEXPAVKNpc@@PAX@Z 10020308 f   KNpcAttribModify.obj
 0001:0001f3c8       ?PoisonDamageReduceV@KNpcAttribModify@@AAEXPAVKNpc@@PAX@Z 100203c8 f   KNpcAttribModify.obj
 0001:0001f44f       ?PoisonresP@KNpcAttribModify@@AAEXPAVKNpc@@PAX@Z 1002044f f   KNpcAttribModify.obj
 0001:0001f4be       ?PoisonTimeReduceP@KNpcAttribModify@@AAEXPAVKNpc@@PAX@Z 100204be f   KNpcAttribModify.obj
 0001:0001f52d       ?RangeDamageReturnV@KNpcAttribModify@@AAEXPAVKNpc@@PAX@Z 1002052d f   KNpcAttribModify.obj
 0001:0001f59c       ?RangeDamageReturnP@KNpcAttribModify@@AAEXPAVKNpc@@PAX@Z 1002059c f   KNpcAttribModify.obj
 0001:0001f60b       ?SlowMissleB@KNpcAttribModify@@AAEXPAVKNpc@@PAX@Z 1002060b f   KNpcAttribModify.obj
 0001:0001f686       ?StaminaMaxP@KNpcAttribModify@@AAEXPAVKNpc@@PAX@Z 10020686 f   KNpcAttribModify.obj
 0001:0001f722       ?StaminaMaxV@KNpcAttribModify@@AAEXPAVKNpc@@PAX@Z 10020722 f   KNpcAttribModify.obj
 0001:0001f791       ?StaminaReplenishV@KNpcAttribModify@@AAEXPAVKNpc@@PAX@Z 10020791 f   KNpcAttribModify.obj
 0001:0001f800       ?StaminaV@KNpcAttribModify@@AAEXPAVKNpc@@PAX@Z 10020800 f   KNpcAttribModify.obj
 0001:0001f86f       ?StealLifeP@KNpcAttribModify@@AAEXPAVKNpc@@PAX@Z 1002086f f   KNpcAttribModify.obj
 0001:0001f8e7       ?StealManaP@KNpcAttribModify@@AAEXPAVKNpc@@PAX@Z 100208e7 f   KNpcAttribModify.obj
 0001:0001f95f       ?StealStaminaP@KNpcAttribModify@@AAEXPAVKNpc@@PAX@Z 1002095f f   KNpcAttribModify.obj
 0001:0001f9d7       ?StrengthV@KNpcAttribModify@@AAEXPAVKNpc@@PAX@Z 100209d7 f   KNpcAttribModify.obj
 0001:0001fa68       ?StunTimeReduceP@KNpcAttribModify@@AAEXPAVKNpc@@PAX@Z 10020a68 f   KNpcAttribModify.obj
 0001:0001fad7       ?VisionRadiusP@KNpcAttribModify@@AAEXPAVKNpc@@PAX@Z 10020ad7 f   KNpcAttribModify.obj
 0001:0001fb46       ?VitalityV@KNpcAttribModify@@AAEXPAVKNpc@@PAX@Z 10020b46 f   KNpcAttribModify.obj
 0001:0001fbd7       ?WaterSkillV@KNpcAttribModify@@AAEXPAVKNpc@@PAX@Z 10020bd7 f   KNpcAttribModify.obj
 0001:0001fc2d       ?WoodSkillV@KNpcAttribModify@@AAEXPAVKNpc@@PAX@Z 10020c2d f   KNpcAttribModify.obj
 0001:0001fc83       ?FireresP@KNpcAttribModify@@AAEXPAVKNpc@@PAX@Z 10020c83 f   KNpcAttribModify.obj
 0001:0001fcf2       ?ArmorDefenseV@KNpcAttribModify@@AAEXPAVKNpc@@PAX@Z 10020cf2 f   KNpcAttribModify.obj
 0001:0001fd61       ?ColdEnhanceP@KNpcAttribModify@@AAEXPAVKNpc@@PAX@Z 10020d61 f   KNpcAttribModify.obj
 0001:0001fdd0       ?FireEnhanceP@KNpcAttribModify@@AAEXPAVKNpc@@PAX@Z 10020dd0 f   KNpcAttribModify.obj
 0001:0001fe3f       ?LightingEnhanceP@KNpcAttribModify@@AAEXPAVKNpc@@PAX@Z 10020e3f f   KNpcAttribModify.obj
 0001:0001feae       ?PoisonEnhanceP@KNpcAttribModify@@AAEXPAVKNpc@@PAX@Z 10020eae f   KNpcAttribModify.obj
 0001:0001ff1d       ?LifePotionV@KNpcAttribModify@@AAEXPAVKNpc@@PAX@Z 10020f1d f   KNpcAttribModify.obj
 0001:0002000a       ?ManaPotionV@KNpcAttribModify@@AAEXPAVKNpc@@PAX@Z 1002100a f   KNpcAttribModify.obj
 0001:000200f7       ?PhysicsResMaxP@KNpcAttribModify@@AAEXPAVKNpc@@PAX@Z 100210f7 f   KNpcAttribModify.obj
 0001:00020166       ?ColdResMaxP@KNpcAttribModify@@AAEXPAVKNpc@@PAX@Z 10021166 f   KNpcAttribModify.obj
 0001:000201d5       ?FireResMaxP@KNpcAttribModify@@AAEXPAVKNpc@@PAX@Z 100211d5 f   KNpcAttribModify.obj
 0001:00020244       ?LightingResMaxP@KNpcAttribModify@@AAEXPAVKNpc@@PAX@Z 10021244 f   KNpcAttribModify.obj
 0001:000202b3       ?PoisonResMaxP@KNpcAttribModify@@AAEXPAVKNpc@@PAX@Z 100212b3 f   KNpcAttribModify.obj
 0001:00020322       ?AllResMaxP@KNpcAttribModify@@AAEXPAVKNpc@@PAX@Z 10021322 f   KNpcAttribModify.obj
 0001:000203f1       ?FatallyStrikeP@KNpcAttribModify@@AAEXPAVKNpc@@PAX@Z 100213f1 f   KNpcAttribModify.obj
 0001:00020405       ?MixPoisonDamage@KNpcAttribModify@@QAEXPAUKMagicAttrib@@0@Z 10021405 f   KNpcAttribModify.obj
 0001:00020510       ?Init@KNpcDeathCalcExp@@QAEXH@Z 10021510 f   KNpcDeathCalcExp.obj
 0001:00020553       ?Active@KNpcDeathCalcExp@@QAEXXZ 10021553 f   KNpcDeathCalcExp.obj
 0001:00020616       ?Clear@KNpcDeathCalcExp@@QAEXXZ 10021616 f   KNpcDeathCalcExp.obj
 0001:00020650       ??0KNpcFindPath@@QAE@XZ    10021650 f   KNpcFindPath.obj
 0001:000206b4       ?Init@KNpcFindPath@@QAEXH@Z 100216b4 f   KNpcFindPath.obj
 0001:00020716       ?GetDir@KNpcFindPath@@QAEHHHHHHHPAH@Z 10021716 f   KNpcFindPath.obj
 0001:00020cf9       ?Dir64To8@KNpcFindPath@@QAEHH@Z 10021cf9 f   KNpcFindPath.obj
 0001:00020d19       ?Dir8To64@KNpcFindPath@@QAEHH@Z 10021d19 f   KNpcFindPath.obj
 0001:00020d33       ?CheckDistance@KNpcFindPath@@QAEHHHHHH@Z 10021d33 f   KNpcFindPath.obj
 0001:00020d77       ?CheckBarrier@KNpcFindPath@@QAEHHH@Z 10021d77 f   KNpcFindPath.obj
 0001:00020e30       ?Init@KNpcGold@@QAEXH@Z    10021e30 f   KNpcGold.obj
 0001:00020ee2       ?SetGoldType@KNpcGold@@QAEXH@Z 10021ee2 f   KNpcGold.obj
 0001:00020f05       ?SetGoldTypeAndBackData@KNpcGold@@QAEXXZ 10021f05 f   KNpcGold.obj
 0001:0002101b       ?RecoverBackData@KNpcGold@@QAEXXZ 1002201b f   KNpcGold.obj
 0001:00021353       ?RandChangeGold@KNpcGold@@QAEXXZ 10022353 f   KNpcGold.obj
 0001:000216e6       ?GetGoldType@KNpcGold@@QAEHXZ 100226e6 f   KNpcGold.obj
 0001:00021717       ?SetGoldCurrentType@KNpcGold@@QAEXH@Z 10022717 f   KNpcGold.obj
 0001:00021767       ?ClientClearState@KNpcGold@@QAEXXZ 10022767 f   KNpcGold.obj
 0001:0002178d       ??0KNpcGoldTemplate@@QAE@XZ 1002278d f   KNpcGold.obj
 0001:000217cc       ?Init@KNpcGoldTemplate@@QAEHXZ 100227cc f   KNpcGold.obj
 0001:00021d70       ??0KNpcRes@@QAE@XZ         10022d70 f   KNpcRes.obj
 0001:00021eca       ?Init@KNpcRes@@QAEHPADPAVKNpcResList@@@Z 10022eca f   KNpcRes.obj
 0001:00022264       ?Remove@KNpcRes@@QAEXH@Z   10023264 f   KNpcRes.obj
 0001:000222ba       ?Draw@KNpcRes@@QAEXHHHHH@Z 100232ba f   KNpcRes.obj
 0001:0002315d       ?GetShadowName@KNpcRes@@SAXPAD0@Z 1002415d f   KNpcRes.obj
 0001:00023179       ??1KNpcRes@@QAE@XZ         10024179 f   KNpcRes.obj
 0001:000231a3       ?SetHelm@KNpcRes@@QAEHH@Z  100241a3 f   KNpcRes.obj
 0001:00023305       ?SetArmor@KNpcRes@@QAEHH@Z 10024305 f   KNpcRes.obj
 0001:00023467       ?SetWeapon@KNpcRes@@QAEHH@Z 10024467 f   KNpcRes.obj
 0001:00023975       ?SetHorse@KNpcRes@@QAEHH@Z 10024975 f   KNpcRes.obj
 0001:00023ae3       ?SetAction@KNpcRes@@QAEHH@Z 10024ae3 f   KNpcRes.obj
 0001:00023ff9       ?SetRideHorse@KNpcRes@@QAEHH@Z 10024ff9 f   KNpcRes.obj
 0001:00024506       ?SetPos@KNpcRes@@QAEXHHHHHH@Z 10025506 f   KNpcRes.obj
 0001:0002458f       ?SetState@KNpcRes@@QAEXPAVKList@@PAVKNpcResList@@@Z 1002558f f   KNpcRes.obj
 0001:0002491c       ?SetSpecialSpr@KNpcRes@@QAEXPAD@Z 1002591c f   KNpcRes.obj
 0001:000249e8       ?SetMenuStateSpr@KNpcRes@@AAEXH@Z 100259e8 f   KNpcRes.obj
 0001:00024b00       ?SetBlur@KNpcRes@@QAEXH@Z  10025b00 f   KNpcRes.obj
 0001:00024b58       ?GetSoundName@KNpcRes@@AAEXXZ 10025b58 f   KNpcRes.obj
 0001:00024b9c       ?PlaySoundA@KNpcRes@@AAEXHH@Z 10025b9c f   KNpcRes.obj
 0001:00024ccb       ?GetSndVolume@KNpcRes@@QAEHH@Z 10025ccb f   KNpcRes.obj
 0001:00024d0e       ?StopSound@KNpcRes@@QAEXXZ 10025d0e f   KNpcRes.obj
 0001:00024d93       ?SetMenuState@KNpcRes@@QAEXHPADH@Z 10025d93 f   KNpcRes.obj
 0001:00024e25       ?GetMenuState@KNpcRes@@QAEHXZ 10025e25 f   KNpcRes.obj
 0001:00024e57       ?SetSleepState@KNpcRes@@QAEXH@Z 10025e57 f   KNpcRes.obj
 0001:00024ed3       ?GetSleepState@KNpcRes@@QAEHXZ 10025ed3 f   KNpcRes.obj
 0001:00024ef6       ?DrawBorder@KNpcRes@@QAEXXZ 10025ef6 f   KNpcRes.obj
 0001:000250e3       ?DrawMenuState@KNpcRes@@QAEHH@Z 100260e3 f   KNpcRes.obj
 0001:00025288       ?GetNormalNpcStandDir@KNpcRes@@QAEHH@Z 10026288 f   KNpcRes.obj
 0001:000252fb       ??0KStateSpr@@QAE@XZ       100262fb f   KNpcRes.obj
 0001:0002532d       ?Release@KStateSpr@@QAEXXZ 1002632d f   KNpcRes.obj
 0001:00025385       ??0KNpcBlur@@QAE@XZ        10026385 f   KNpcRes.obj
 0001:000253c1       ??1KNpcBlur@@QAE@XZ        100263c1 f   KNpcRes.obj
 0001:000253d3       ?SetNextNo@KNpcBlur@@QAEXXZ 100263d3 f   KNpcRes.obj
 0001:00025407       ?SetMapPos@KNpcBlur@@QAEXHHHH@Z 10026407 f   KNpcRes.obj
 0001:0002549f       ?ChangeAlpha@KNpcBlur@@QAEXXZ 1002649f f   KNpcRes.obj
 0001:00025700       ?ClearCurNo@KNpcBlur@@QAEXXZ 10026700 f   KNpcRes.obj
 0001:00025759       ?SetFile@KNpcBlur@@QAEXHPADHHHHH@Z 10026759 f   KNpcRes.obj
 0001:000258b5       ?Draw@KNpcBlur@@QAEXH@Z    100268b5 f   KNpcRes.obj
 0001:00025913       ?NowGetBlur@KNpcBlur@@QAEHXZ 10026913 f   KNpcRes.obj
 0001:00025937       ?Init@KNpcBlur@@QAEHXZ     10026937 f   KNpcRes.obj
 0001:00025a31       ?Remove@KNpcBlur@@QAEXXZ   10026a31 f   KNpcRes.obj
 0001:00025abe       ?AddObj@KNpcBlur@@QAEXXZ   10026abe f   KNpcRes.obj
 0001:00025ad0       ?RemoveObj@KNpcBlur@@QAEXXZ 10026ad0 f   KNpcRes.obj
 0001:00025af0       ?CheckExist@KSprControl@@QAEHXZ 10026af0 f i KNpcRes.obj
 0001:00025b20       ?GetNpcKind@KNpcResNode@@QAEHXZ 10026b20 f i KNpcRes.obj
 0001:00025b9b       ??0KNpcResList@@QAE@XZ     10026b9b f   KNpcResList.obj
 0001:00025c16       ??1KNpcResList@@QAE@XZ     10026c16 f   KNpcResList.obj
 0001:00025cd2       ?Init@KNpcResList@@QAEHXZ  10026cd2 f   KNpcResList.obj
 0001:00025d52       ?FindNpcRes@KNpcResList@@AAEPAVKNpcResNode@@PAD@Z 10026d52 f   KNpcResList.obj
 0001:00025e00       ?AddNpcRes@KNpcResList@@QAEPAVKNpcResNode@@PAD@Z 10026e00 f   KNpcResList.obj
 0001:00025f40       ??0KNpcResNode@@QAE@XZ     10026f40 f   KNpcResNode.obj
 0001:00026058       ??1KNpcResNode@@UAE@XZ     10027058 f   KNpcResNode.obj
 0001:0002610f       ?Init@KNpcResNode@@QAEHPADPAVCActionName@@1@Z 1002710f f   KNpcResNode.obj
 0001:000279e4       ?ComposePathAndName@KNpcResNode@@QAEXPAD00@Z 100289e4 f   KNpcResNode.obj
 0001:00027aa9       ?CheckPartExist@KNpcResNode@@QAEHH@Z 10028aa9 f   KNpcResNode.obj
 0001:00027aec       ?GetFileName@KNpcResNode@@QAEHHHHPAD0H@Z 10028aec f   KNpcResNode.obj
 0001:00027b4e       ?GetInterval@KNpcResNode@@QAEHHHHH@Z 10028b4e f   KNpcResNode.obj
 0001:00027b9b       ?GetTotalFrames@KNpcResNode@@QAEHHHHH@Z 10028b9b f   KNpcResNode.obj
 0001:00027be8       ?GetTotalDirs@KNpcResNode@@QAEHHHHH@Z 10028be8 f   KNpcResNode.obj
 0001:00027c35       ?GetActNo@KNpcResNode@@QAEHHHH@Z 10028c35 f   KNpcResNode.obj
 0001:00027c95       ?GetSort@KNpcResNode@@QAEHHHHPAHH@Z 10028c95 f   KNpcResNode.obj
 0001:00027d3d       ?GetActionSoundName@KNpcResNode@@QAEXHPAD@Z 10028d3d f   KNpcResNode.obj
 0001:00027d9d       ?GetShadowName@KNpcResNode@@SAXPAD0@Z 10028d9d f   KNpcResNode.obj
 0001:00027e27       ??0CActionName@@QAE@XZ     10028e27 f   KNpcResNode.obj
 0001:00027e89       ?Init@CActionName@@QAEHPAD@Z 10028e89 f   KNpcResNode.obj
 0001:00028082       ?GetActionNo@CActionName@@QAEHPAD@Z 10029082 f   KNpcResNode.obj
 0001:00028104       ?GetActionCount@CActionName@@QAEHXZ 10029104 f   KNpcResNode.obj
 0001:0002811f       ?GetActionName@CActionName@@QAEHHPADH@Z 1002911f f   KNpcResNode.obj
 0001:00028199       ??0CShadowFileName@@QAE@XZ 10029199 f   KNpcResNode.obj
 0001:000281c1       ??1CShadowFileName@@QAE@XZ 100291c1 f   KNpcResNode.obj
 0001:00028215       ?Init@CShadowFileName@@QAEXH@Z 10029215 f   KNpcResNode.obj
 0001:000282b4       ?GetFile@CShadowFileName@@QAEHHPAH0000PAD@Z 100292b4 f   KNpcResNode.obj
 0001:0002837c       ??0CStateMagicTable@@QAE@XZ 1002937c f   KNpcResNode.obj
 0001:00028442       ?Init@CStateMagicTable@@QAEHXZ 10029442 f   KNpcResNode.obj
 0001:000287d6       ?GetInfo@CStateMagicTable@@QAEXHPADPAH111111@Z 100297d6 f   KNpcResNode.obj
 0001:000288f3       ??0CRESINFO@@QAE@XZ        100298f3 f   KNpcResNode.obj
 0001:00028925       ??1CRESINFO@@QAE@XZ        10029925 f   KNpcResNode.obj
 0001:00028949       ?AutoDelete@CRESINFO@@QAEXXZ 10029949 f   KNpcResNode.obj
 0001:000289a9       ?AutoNew@CRESINFO@@QAEHHH@Z 100299a9 f   KNpcResNode.obj
 0001:00028ab9       ?GetName@CRESINFO@@QAEHHHPAD0H@Z 10029ab9 f   KNpcResNode.obj
 0001:00028b67       ?GetInterval@CRESINFO@@QAEHHHH@Z 10029b67 f   KNpcResNode.obj
 0001:00028bba       ?GetTotalFrames@CRESINFO@@QAEHHHH@Z 10029bba f   KNpcResNode.obj
 0001:00028c0c       ?GetTotalDirs@CRESINFO@@QAEHHHH@Z 10029c0c f   KNpcResNode.obj
 0001:00028c5f       ??0CEquipStyleTable@@QAE@XZ 10029c5f f   KNpcResNode.obj
 0001:00028c91       ??1CEquipStyleTable@@QAE@XZ 10029c91 f   KNpcResNode.obj
 0001:00028cb5       ?AutoDelete@CEquipStyleTable@@QAEXXZ 10029cb5 f   KNpcResNode.obj
 0001:00028d15       ?AutoNew@CEquipStyleTable@@QAEHHH@Z 10029d15 f   KNpcResNode.obj
 0001:00028dcd       ?SetValue@CEquipStyleTable@@QAEXHHH@Z 10029dcd f   KNpcResNode.obj
 0001:00028e1c       ?GetValue@CEquipStyleTable@@QAEHHH@Z 10029e1c f   KNpcResNode.obj
 0001:00028e79       ??0CSortTable@@QAE@XZ      10029e79 f   KNpcResNode.obj
 0001:00028eeb       ??1CSortTable@@QAE@XZ      10029eeb f   KNpcResNode.obj
 0001:00028f0f       ?Release@CSortTable@@AAEXXZ 10029f0f f   KNpcResNode.obj
 0001:00028fa6       ?SortStrToNum@CSortTable@@AAEXPADPAHH@Z 10029fa6 f   KNpcResNode.obj
 0001:00029105       ?GetTable@CSortTable@@QAEHPADPAVCActionName@@H@Z 1002a105 f   KNpcResNode.obj
 0001:00029234       ?GetTable@CSortTable@@QAEHPAVKIniFile@@PAVCActionName@@H@Z 1002a234 f   KNpcResNode.obj
 0001:00029ab1       ?GetSort@CSortTable@@QAEHHHHPAHH@Z 1002aab1 f   KNpcResNode.obj
 0001:00029fd0       ??_EKNpcResNode@@UAEPAXI@Z 1002afd0 f i KNpcResNode.obj
 0001:00029fd0       ??_GKNpcResNode@@UAEPAXI@Z 1002afd0 f i KNpcResNode.obj
 0001:0002a010       ??0SECTINFO@KNpcResNode@@QAE@XZ 1002b010 f i KNpcResNode.obj
 0001:0002a040       ?Clear@SECTINFO@KNpcResNode@@QAEXXZ 1002b040 f i KNpcResNode.obj
 0001:0002a070       ??0SACTTABLEOFF@@QAE@XZ    1002b070 f i KNpcResNode.obj
 0001:0002a0a0       ?Clear@SACTTABLEOFF@@QAEXXZ 1002b0a0 f i KNpcResNode.obj
 0001:0002a12b       ??0KNpcSet@@QAE@XZ         1002b12b f   KNpcSet.obj
 0001:0002a204       ?Init@KNpcSet@@QAEXXZ      1002b204 f   KNpcSet.obj
 0001:0002a369       ?LoadPlayerBaseValue@KNpcSet@@QAEXPAD@Z 1002b369 f   KNpcSet.obj
 0001:0002a59d       ?IsNpcExist@KNpcSet@@QAEHHK@Z 1002b59d f   KNpcSet.obj
 0001:0002a5ce       ?GenOneRelation@KNpcSet@@AAE?AW4NPC_RELATION@@W4NPCKIND@@0W4NPCCAMP@@1@Z 1002b5ce f   KNpcSet.obj
 0001:0002a66d       ?GenRelationTable@KNpcSet@@AAEHXZ 1002b66d f   KNpcSet.obj
 0001:0002a76c       ?SearchID@KNpcSet@@QAEHK@Z 1002b76c f   KNpcSet.obj
 0001:0002a7e9       ?SearchClientID@KNpcSet@@QAEHUKClientNpcID@@@Z 1002b7e9 f   KNpcSet.obj
 0001:0002a87a       ?SearchName@KNpcSet@@QAEHPAD@Z 1002b87a f   KNpcSet.obj
 0001:0002a90c       ?SearchNameID@KNpcSet@@QAEHK@Z 1002b90c f   KNpcSet.obj
 0001:0002a9c3       ?FindFree@KNpcSet@@AAEHXZ  1002b9c3 f   KNpcSet.obj
 0001:0002a9fb       ?AddClientNpc@KNpcSet@@QAEHHHHHHH@Z 1002b9fb f   KNpcSet.obj
 0001:0002ab80       ?Add@KNpcSet@@QAEHHPAX@Z   1002bb80 f   KNpcSet.obj
 0001:0002adfd       ?Add@KNpcSet@@QAEHHHHH@Z   1002bdfd f   KNpcSet.obj
 0001:0002ae9b       ?Add@KNpcSet@@QAEHHHHHHHH@Z 1002be9b f   KNpcSet.obj
 0001:0002b128       ?Remove@KNpcSet@@QAEXH@Z   1002c128 f   KNpcSet.obj
 0001:0002b1cd       ?RemoveAll@KNpcSet@@QAEXXZ 1002c1cd f   KNpcSet.obj
 0001:0002b2c7       ?InsertNpcToRegion@KNpcSet@@QAEXH@Z 1002c2c7 f   KNpcSet.obj
 0001:0002b3fd       ?SetID@KNpcSet@@AAEXH@Z    1002c3fd f   KNpcSet.obj
 0001:0002b44f       ?GetDistance@KNpcSet@@SAHHH@Z 1002c44f f   KNpcSet.obj
 0001:0002b702       ?GetDistanceSquare@KNpcSet@@SAHHH@Z 1002c702 f   KNpcSet.obj
 0001:0002b97d       ?GetNextIdx@KNpcSet@@QAEHH@Z 1002c97d f   KNpcSet.obj
 0001:0002b9cc       ?CheckBalance@KNpcSet@@QAEXXZ 1002c9cc f   KNpcSet.obj
 0001:0002bbfe       ?GetAroundPlayerForTeamInvite@KNpcSet@@QAEHPAUKUiPlayerItem@@H@Z 1002cbfe f   KNpcSet.obj
 0001:0002beb5       ?GetAroundPlayer@KNpcSet@@QAEHPAUKUiPlayerItem@@H@Z 1002ceb5 f   KNpcSet.obj
 0001:0002c065       ?SetShowNameFlag@KNpcSet@@QAEXH@Z 1002d065 f   KNpcSet.obj
 0001:0002c0ab       ?CheckShowName@KNpcSet@@QAEHXZ 1002d0ab f   KNpcSet.obj
 0001:0002c0c9       ?SetShowLifeFlag@KNpcSet@@QAEXH@Z 1002d0c9 f   KNpcSet.obj
 0001:0002c10f       ?CheckShowLife@KNpcSet@@QAEHXZ 1002d10f f   KNpcSet.obj
 0001:0002c12d       ?SetShowChatFlag@KNpcSet@@QAEXH@Z 1002d12d f   KNpcSet.obj
 0001:0002c173       ?CheckShowChat@KNpcSet@@QAEHXZ 1002d173 f   KNpcSet.obj
 0001:0002c191       ?SetShowManaFlag@KNpcSet@@QAEXH@Z 1002d191 f   KNpcSet.obj
 0001:0002c1d7       ?CheckShowMana@KNpcSet@@QAEHXZ 1002d1d7 f   KNpcSet.obj
 0001:0002c1f5       ?ClearActivateFlagOfAllNpc@KNpcSet@@QAEXXZ 1002d1f5 f   KNpcSet.obj
 0001:0002c268       ?GetAroundOpenCaptain@KNpcSet@@QAEXH@Z 1002d268 f   KNpcSet.obj
 0001:0002c4b6       ?SearchNpcAt@KNpcSet@@QAEHHHHH@Z 1002d4b6 f   KNpcSet.obj
 0001:0002c699       ?IsNpcRequestExist@KNpcSet@@QAEHK@Z 1002d699 f   KNpcSet.obj
 0001:0002c6cc       ?InsertNpcRequest@KNpcSet@@QAEXK@Z 1002d6cc f   KNpcSet.obj
 0001:0002c7ae       ?RemoveNpcRequest@KNpcSet@@QAEXK@Z 1002d7ae f   KNpcSet.obj
 0001:0002c87b       ?GetRequestIndex@KNpcSet@@QAEHK@Z 1002d87b f   KNpcSet.obj
 0001:0002c901       ?GetRelation@KNpcSet@@QAE?AW4NPC_RELATION@@HH@Z 1002d901 f   KNpcSet.obj
 0001:0002cccb       ??0KInstantSpecial@@QAE@XZ 1002dccb f   KNpcSet.obj
 0001:0002cd5f       ?LoadSprName@KInstantSpecial@@AAEXXZ 1002dd5f f   KNpcSet.obj
 0001:0002ce91       ?LoadSoundName@KInstantSpecial@@AAEXXZ 1002de91 f   KNpcSet.obj
 0001:0002d020       ?GetSprName@KInstantSpecial@@QAEXHPADH@Z 1002e020 f   KNpcSet.obj
 0001:0002d0be       ?PlaySoundA@KInstantSpecial@@QAEXH@Z 1002e0be f   KNpcSet.obj
 0001:0002d1d0       ??1KNpcSet@@QAE@XZ         1002e1d0 f i KNpcSet.obj
 0001:0002d290       ?Clear@KSkillList@@QAEXXZ  1002e290 f i KNpcSet.obj
 0001:0002d2d0       ?GetEnmityPKState@KPlayerPK@@QAEHXZ 1002e2d0 f i KNpcSet.obj
 0001:0002d2f0       ?GetEnmityPKAimNpcID@KPlayerPK@@QAEHXZ 1002e2f0 f i KNpcSet.obj
 0001:0002d310       ?GetExercisePKAim@KPlayerPK@@QAEHXZ 1002e310 f i KNpcSet.obj
 0001:0002d330       ?InitNpcBaseData@KNpcTemplate@@QAEXH@Z 1002e330 f   KNpcTemplate.obj
 0001:0002d767       ?InitNpcLevelData@KNpcTemplate@@QAEXPAVKTabFile@@HPAVKLuaScript@@H@Z 1002e767 f   KNpcTemplate.obj
 0001:0002d90e       ?GetNpcLevelDataFromScript@KNpcTemplate@@SAHPAVKLuaScript@@PADH1@Z 1002e90e f   KNpcTemplate.obj
 0001:0002da08       ?GetNpcLevelDataFromScript@KNpcTemplate@@SAHPAVKLuaScript@@PADHNNN@Z 1002ea08 f   KNpcTemplate.obj
 0001:0002daee       ?SkillString2Id@KNpcTemplate@@SAHPAD@Z 1002eaee f   KNpcTemplate.obj
 0001:0002dc78       ??0KPlayer@@QAE@XZ         1002ec78 f   KPlayer.obj
 0001:0002dd3e       ??1KPlayer@@QAE@XZ         1002ed3e f   KPlayer.obj
 0001:0002ddbb       ?Release@KPlayer@@QAEXXZ   1002edbb f   KPlayer.obj
 0001:0002df76       ?SetPlayerIndex@KPlayer@@QAEXH@Z 1002ef76 f   KPlayer.obj
 0001:0002dfa5       ?GetPlayerIndex@KPlayer@@QAEHXZ 1002efa5 f   KPlayer.obj
 0001:0002dfbd       ?Active@KPlayer@@QAEXXZ    1002efbd f   KPlayer.obj
 0001:0002e185       ?ProcessMsg@KPlayer@@QAEXPAVKWorldMsgNode@@@Z 1002f185 f   KPlayer.obj
 0001:0002e1ab       ?ProcessInputMsg@KPlayer@@QAEXIIJ@Z 1002f1ab f   KPlayer.obj
 0001:0002e406       ?OnButtonDown@KPlayer@@AAEXHHHW4MOUSE_BUTTON@@@Z 1002f406 f   KPlayer.obj
 0001:0002e46c       ?OnButtonMove@KPlayer@@AAEXHHHW4MOUSE_BUTTON@@@Z 1002f46c f   KPlayer.obj
 0001:0002e4af       ?OnButtonUp@KPlayer@@AAEXHHW4MOUSE_BUTTON@@@Z 1002f4af f   KPlayer.obj
 0001:0002e4d1       ?OnMouseMove@KPlayer@@AAEXHH@Z 1002f4d1 f   KPlayer.obj
 0001:0002e632       ?ProcessMouse@KPlayer@@AAEXHHHW4MOUSE_BUTTON@@@Z 1002f632 f   KPlayer.obj
 0001:0002ec75       ?Walk@KPlayer@@QAEXHH@Z    1002fc75 f   KPlayer.obj
 0001:0002ee0d       ?TurnLeft@KPlayer@@QAEXXZ  1002fe0d f   KPlayer.obj
 0001:0002ee9f       ?TurnRight@KPlayer@@QAEXXZ 1002fe9f f   KPlayer.obj
 0001:0002ef31       ?TurnBack@KPlayer@@QAEXXZ  1002ff31 f   KPlayer.obj
 0001:0002efd4       ?FindSelectNpc@KPlayer@@QAEXHHH@Z 1002ffd4 f   KPlayer.obj
 0001:0002f038       ?FindSelectObject@KPlayer@@QAEXHH@Z 10030038 f   KPlayer.obj
 0001:0002f098       ?NetCommandPlayerTalk@KPlayer@@AAEHPAE@Z 10030098 f   KPlayer.obj
 0001:0002f0ae       ?ConformIdx@KPlayer@@QAEHH@Z 100300ae f   KPlayer.obj
 0001:0002f0dc       ?NewPlayerGetBaseAttribute@KPlayer@@QAEHH@Z 100300dc f   KPlayer.obj
 0001:0002f1ee       ?CalcCurLucky@KPlayer@@AAEXXZ 100301ee f   KPlayer.obj
 0001:0002f212       ?ChangeCurStrength@KPlayer@@QAEXH@Z 10030212 f   KPlayer.obj
 0001:0002f24d       ?ChangeCurDexterity@KPlayer@@QAEXH@Z 1003024d f   KPlayer.obj
 0001:0002f2fe       ?ChangeCurVitality@KPlayer@@QAEXH@Z 100302fe f   KPlayer.obj
 0001:0002f3a3       ?ChangeCurEngergy@KPlayer@@QAEXH@Z 100303a3 f   KPlayer.obj
 0001:0002f40f       ?AddBaseLucky@KPlayer@@QAEXH@Z 1003040f f   KPlayer.obj
 0001:0002f44a       ?SetNpcPhysicsDamage@KPlayer@@AAEXXZ 1003044a f   KPlayer.obj
 0001:0002f570       ?SetNpcAttackRating@KPlayer@@AAEXXZ 10030570 f   KPlayer.obj
 0001:0002f5c3       ?SetNpcDefence@KPlayer@@AAEXXZ 100305c3 f   KPlayer.obj
 0001:0002f618       ?AddExp@KPlayer@@QAEXHH@Z  10030618 f   KPlayer.obj
 0001:0002f646       ?AddSelfExp@KPlayer@@QAEXHH@Z 10030646 f   KPlayer.obj
 0001:0002f777       ?DirectAddExp@KPlayer@@QAEXH@Z 10030777 f   KPlayer.obj
 0001:0002f7f6       ?LevelUp@KPlayer@@QAEXXZ   100307f6 f   KPlayer.obj
 0001:0002fc9a       ?UpdataCurData@KPlayer@@QAEXXZ 10030c9a f   KPlayer.obj
 0001:0003035f       ?ReCalcEquip@KPlayer@@QAEXXZ 1003135f f   KPlayer.obj
 0001:0003043f       ?ReCalcState@KPlayer@@QAEXXZ 1003143f f   KPlayer.obj
 0001:000304bb       ?AddLeadExp@KPlayer@@QAEXH@Z 100314bb f   KPlayer.obj
 0001:0003058b       ?LevelAddBaseLifeMax@KPlayer@@AAEXXZ 1003158b f   KPlayer.obj
 0001:00030610       ?LevelAddBaseStaminaMax@KPlayer@@AAEXXZ 10031610 f   KPlayer.obj
 0001:00030695       ?LevelAddBaseManaMax@KPlayer@@AAEXXZ 10031695 f   KPlayer.obj
 0001:0003071a       ?ChangePlayerCamp@KPlayer@@QAEXH@Z 1003171a f   KPlayer.obj
 0001:00030751       ?ApplyTeamInfo@KPlayer@@QAEXK@Z 10031751 f   KPlayer.obj
 0001:000307c1       ?ApplySelfTeamInfo@KPlayer@@QAEXXZ 100317c1 f   KPlayer.obj
 0001:000307f8       ?ApplyCreateTeam@KPlayer@@QAEHXZ 100317f8 f   KPlayer.obj
 0001:00030822       ?ApplyTeamOpenClose@KPlayer@@QAEHH@Z 10031822 f   KPlayer.obj
 0001:000308ec       ?ApplyAddTeam@KPlayer@@QAEXH@Z 100318ec f   KPlayer.obj
 0001:00030a3d       ?AcceptTeamMember@KPlayer@@QAEXK@Z 10031a3d f   KPlayer.obj
 0001:00030b2c       ?TeamDropApplyOne@KPlayer@@QAEXK@Z 10031b2c f   KPlayer.obj
 0001:00030bcf       ?LeaveTeam@KPlayer@@QAEXXZ 10031bcf f   KPlayer.obj
 0001:00030c34       ?TeamKickMember@KPlayer@@QAEXK@Z 10031c34 f   KPlayer.obj
 0001:00030cb7       ?ApplyTeamChangeCaptain@KPlayer@@QAEXK@Z 10031cb7 f   KPlayer.obj
 0001:00030d3a       ?ApplyTeamDismiss@KPlayer@@QAEXXZ 10031d3a f   KPlayer.obj
 0001:00030db8       ?ApplySetPK@KPlayer@@QAEXH@Z 10031db8 f   KPlayer.obj
 0001:00030e24       ?ApplyFactionData@KPlayer@@QAEXXZ 10031e24 f   KPlayer.obj
 0001:00030e89       ?SendChat@KPlayer@@QAEXPAUKUiMsgParam@@PAD@Z 10031e89 f   KPlayer.obj
 0001:00030f3e       ?ApplyAddBaseAttribute@KPlayer@@QAEXHH@Z 10031f3e f   KPlayer.obj
 0001:00030fcb       ?ApplyAddSkillLevel@KPlayer@@QAEHHH@Z 10031fcb f   KPlayer.obj
 0001:0003109b       ?ApplyUseItem@KPlayer@@QAEHHUItemPos@@@Z 1003209b f   KPlayer.obj
 0001:00031157       ?PickUpObj@KPlayer@@QAEXH@Z 10032157 f   KPlayer.obj
 0001:000312c3       ?ObjMouseClick@KPlayer@@QAEXH@Z 100322c3 f   KPlayer.obj
 0001:00031355       ?MoveItem@KPlayer@@QAEXUItemPos@@0@Z 10032355 f   KPlayer.obj
 0001:000314fa       ?ThrowAwayItem@KPlayer@@QAEHXZ 100324fa f   KPlayer.obj
 0001:00031587       ?ChatAddFriend@KPlayer@@QAEXH@Z 10032587 f   KPlayer.obj
 0001:000315ef       ?ChatRefuseFriend@KPlayer@@QAEXH@Z 100325ef f   KPlayer.obj
 0001:00031657       ?TradeApplyOpen@KPlayer@@QAEXPADH@Z 10032657 f   KPlayer.obj
 0001:00031790       ?TradeApplyClose@KPlayer@@QAEXXZ 10032790 f   KPlayer.obj
 0001:000317f5       ?TradeApplyStart@KPlayer@@QAEXH@Z 100327f5 f   KPlayer.obj
 0001:000318ca       ?TradeMoveMoney@KPlayer@@QAEHH@Z 100328ca f   KPlayer.obj
 0001:00031971       ?TradeDecision@KPlayer@@QAEXH@Z 10032971 f   KPlayer.obj
 0001:00031a08       ?TradeApplyLock@KPlayer@@QAEXH@Z 10032a08 f   KPlayer.obj
 0001:00031a8d       ?s2cApplyAddTeam@KPlayer@@QAEXPAE@Z 10032a8d f   KPlayer.obj
 0001:00031d20       ?SetDefaultImmedSkill@KPlayer@@QAEXXZ 10032d20 f   KPlayer.obj
 0001:00031df1       ?SetLeftSkill@KPlayer@@QAEXH@Z 10032df1 f   KPlayer.obj
 0001:00031e67       ?SetRightSkill@KPlayer@@QAEXH@Z 10032e67 f   KPlayer.obj
 0001:00031f49       ?UpdateWeaponSkill@KPlayer@@QAEXXZ 10032f49 f   KPlayer.obj
 0001:00032036       ?SetChatCurChannel@KPlayer@@QAEXH@Z 10033036 f   KPlayer.obj
 0001:0003206a       ?TeamInviteAdd@KPlayer@@QAEXK@Z 1003306a f   KPlayer.obj
 0001:0003209a       ?ExecuteScript@KPlayer@@QAEHPAD0H@Z 1003309a f   KPlayer.obj
 0001:00032105       ?ExecuteScript@KPlayer@@QAEHKPADH@Z 10033105 f   KPlayer.obj
 0001:0003237a       ?ExecuteScript@KPlayer@@QAEHKPAD0@Z 1003337a f   KPlayer.obj
 0001:00032624       ?ExecuteScript@KPlayer@@QAEHPAD00@Z 10033624 f   KPlayer.obj
 0001:0003269e       ?DoScript@KPlayer@@QAEHPAD@Z 1003369e f   KPlayer.obj
 0001:0003290f       ?DoScriptAction@KPlayer@@QAEXPAUPLAYER_SCRIPTACTION_SYNC@@@Z 1003390f f   KPlayer.obj
 0001:00032950       ?ProcessPlayerSelectFromUI@KPlayer@@QAEXPAE@Z 10033950 f   KPlayer.obj
 0001:00032a05       ?OnSelectFromUI@KPlayer@@QAEXPAUPLAYER_SELECTUI_COMMAND@@W4UIInfo@@@Z 10033a05 f   KPlayer.obj
 0001:00032af4       ?ChatFriendOnLine@KPlayer@@QAEXKH@Z 10033af4 f   KPlayer.obj
 0001:00032c2f       ?GetFactionName@KPlayer@@QAEXPADH@Z 10033c2f f   KPlayer.obj
 0001:00032c5f       ?OnScriptAction@KPlayer@@QAEXPAUPLAYER_SCRIPTACTION_SYNC@@@Z 10033c5f f   KPlayer.obj
 0001:00033a85       ?s2cTradeChangeState@KPlayer@@QAEXPAE@Z 10034a85 f   KPlayer.obj
 0001:00033f51       ?s2cLevelUp@KPlayer@@QAEXPAE@Z 10034f51 f   KPlayer.obj
 0001:000347fa       ?s2cGetCurAttribute@KPlayer@@QAEXPAE@Z 100357fa f   KPlayer.obj
 0001:00034a00       ?s2cSetExp@KPlayer@@QAEXH@Z 10035a00 f   KPlayer.obj
 0001:00034b09       ?s2cSyncMoney@KPlayer@@QAEXPAE@Z 10035b09 f   KPlayer.obj
 0001:00034c69       ?s2cTradeApplyStart@KPlayer@@QAEXPAE@Z 10035c69 f   KPlayer.obj
 0001:00034d4d       ?s2cTradeMoneySync@KPlayer@@QAEXPAE@Z 10035d4d f   KPlayer.obj
 0001:00034dbd       ?s2cTradeDecision@KPlayer@@QAEXPAE@Z 10035dbd f   KPlayer.obj
 0001:00034fe2       ?SyncCurPlayer@KPlayer@@QAEXPAE@Z 10035fe2 f   KPlayer.obj
 0001:000354c0       ?CheckTrading@KPlayer@@QAEHXZ 100364c0 f   KPlayer.obj
 0001:000354e3       ?SetFirstDamage@KPlayer@@QAEXXZ 100364e3 f   KPlayer.obj
 0001:0003565d       ?SetBaseAttackRating@KPlayer@@QAEXXZ 1003665d f   KPlayer.obj
 0001:00035691       ?SetBaseDefence@KPlayer@@QAEXXZ 10036691 f   KPlayer.obj
 0001:000356c1       ?SetBaseResistData@KPlayer@@QAEXXZ 100366c1 f   KPlayer.obj
 0001:00035895       ?SetBaseSpeedAndRadius@KPlayer@@QAEXXZ 10036895 f   KPlayer.obj
 0001:0003592b       ?DialogNpc@KPlayer@@QAEXH@Z 1003692b f   KPlayer.obj
 0001:000359f7       ?CheckObject@KPlayer@@QAEXH@Z 100369f7 f   KPlayer.obj
 0001:00035ac0       ?DrawSelectInfo@KPlayer@@QAEXXZ 10036ac0 f   KPlayer.obj
 0001:00035bf2       ?GetEchoDamage@KPlayer@@QAEXPAH0H@Z 10036bf2 f   KPlayer.obj
 0001:000360f1       ?SetNpcDamageAttrib@KPlayer@@QAEXXZ 100370f1 f   KPlayer.obj
 0001:00036120       ??0KPlayerChat@@QAE@XZ     10037120 f i KPlayer.obj
 0001:000361b0       ??1KPlayerChat@@QAE@XZ     100371b0 f i KPlayer.obj
 0001:00036240       ??1CChatFriendTeam@@QAE@XZ 10037240 f i KPlayer.obj
 0001:00036270       ?IsCanInput@KNpc@@QAEHXZ   10037270 f i KPlayer.obj
 0001:00036290       ?GetDetailType@KItem@@QBEHXZ 10037290 f i KPlayer.obj
 0001:000362b0       ?GetGenre@KItem@@QBEHXZ    100372b0 f i KPlayer.obj
 0001:000362d0       ??_GKLuaScript@@UAEPAXI@Z  100372d0 f i KPlayer.obj
 0001:000362d0       ??_EKLuaScript@@UAEPAXI@Z  100372d0 f i KPlayer.obj
 0001:00036320       ?Clear@BuySellInfo@@QAEXXZ 10037320 f i KPlayer.obj
 0001:00036360       ?GetDamageAttribs@KSkill@@QAEPAUKMagicAttrib@@XZ 10037360 f i KPlayer.obj
 0001:00036380       ?Release@KPlayerChat@@QAEXXZ 10037380 f   KPlayerChat.obj
 0001:000364a3       ?CheckExist@KPlayerChat@@QAEHK@Z 100374a3 f   KPlayerChat.obj
 0001:0003653f       ?CheckExist@KPlayerChat@@QAEHPAD@Z 1003753f f   KPlayerChat.obj
 0001:000365fb       ?GetFriendNode@KPlayerChat@@QAEPAVCChatFriend@@K@Z 100375fb f   KPlayerChat.obj
 0001:00036695       ?GetTeamNo@KPlayerChat@@QAEHK@Z 10037695 f   KPlayerChat.obj
 0001:0003674d       ?GetName@KPlayerChat@@QAEHKPAD@Z 1003774d f   KPlayerChat.obj
 0001:00036815       ?SetCurChannel@KPlayerChat@@QAEXHKH@Z 10037815 f   KPlayerChat.obj
 0001:000368cf       ?AddChannel@KPlayerChat@@QAEXH@Z 100378cf f   KPlayerChat.obj
 0001:0003696d       ?SubChannel@KPlayerChat@@QAEXH@Z 1003796d f   KPlayerChat.obj
 0001:000369fd       ?SendTakeChannel@KPlayerChat@@QAEXXZ 100379fd f   KPlayerChat.obj
 0001:00036a69       ?SendSentence@KPlayerChat@@QAEXPAUKUiMsgParam@@PAD@Z 10037a69 f   KPlayerChat.obj
 0001:00036ca5       ?QQSendSentence@KPlayerChat@@QAEXKHPAUKUiMsgParam@@PAD@Z 10037ca5 f   KPlayerChat.obj
 0001:00036e5d       ?SetTakeChannel@KPlayerChat@@QAEXK@Z 10037e5d f   KPlayerChat.obj
 0001:00036e8f       ?GetChat@KPlayerChat@@QAEXPAUPLAYER_SEND_CHAT_DATA_SYNC@@@Z 10037e8f f   KPlayerChat.obj
 0001:00037768       ?ApplyAddFriend@KPlayerChat@@QAEXKPAD@Z 10038768 f   KPlayerChat.obj
 0001:000378e9       ?GetApplyOneInfo@KPlayerChat@@QAEHPAHPAD1@Z 100388e9 f   KPlayerChat.obj
 0001:000379cb       ?SaveTeamInfo@KPlayerChat@@QAEXPAD@Z 100389cb f   KPlayerChat.obj
 0001:00037cfd       ?SaveTakeChannelInfo@KPlayerChat@@QAEXPAD@Z 10038cfd f   KPlayerChat.obj
 0001:00037e76       ?LoadTakeChannelInfo@KPlayerChat@@QAEXPAD@Z 10038e76 f   KPlayerChat.obj
 0001:0003808a       ?CheckTeamNo@KPlayerChat@@QAEHPAD0@Z 1003908a f   KPlayerChat.obj
 0001:0003842b       ?LoadTeamName@KPlayerChat@@QAEXPAD@Z 1003942b f   KPlayerChat.obj
 0001:000386a1       ?AddOne@KPlayerChat@@QAEXKHPADH@Z 100396a1 f   KPlayerChat.obj
 0001:000387d1       ?CheckIsFriend@KPlayerChat@@QAEHH@Z 100397d1 f   KPlayerChat.obj
 0001:0003886d       ?AddTeam@KPlayerChat@@QAEHPAD0@Z 1003986d f   KPlayerChat.obj
 0001:00038a85       ?RenameTeam@KPlayerChat@@QAEHHPAD0@Z 10039a85 f   KPlayerChat.obj
 0001:00038c16       ?DeleteTeam@KPlayerChat@@QAEHHPAD@Z 10039c16 f   KPlayerChat.obj
 0001:00038da7       ?OneFriendChangeTeam@KPlayerChat@@QAEHKHH@Z 10039da7 f   KPlayerChat.obj
 0001:00038edc       ?GetMsgOffLine@KPlayerChat@@QAEXK@Z 10039edc f   KPlayerChat.obj
 0001:00038ff9       ?CheckTakeChannel@KPlayerChat@@QAEHH@Z 10039ff9 f   KPlayerChat.obj
 0001:00039030       ?ApplyDeleteFriend@KPlayerChat@@QAEXKHPAD@Z 1003a030 f   KPlayerChat.obj
 0001:00039187       ?CheckTalkChannel@KPlayerChat@@QAEHH@Z 1003a187 f   KPlayerChat.obj
 0001:000391be       ?SendSelectChannelList@KPlayerChat@@QAEHPAUKUiChatChannel@@H@Z 1003a1be f   KPlayerChat.obj
 0001:0003944e       ?SendTakeChannelList@KPlayerChat@@QAEHPAUKUiChatChannel@@H@Z 1003a44e f   KPlayerChat.obj
 0001:000396d3       ?GetCurChannel@KPlayerChat@@QAEHPAUKUiChatChannel@@@Z 1003a6d3 f   KPlayerChat.obj
 0001:00039879       ?IGetTeamInfo@KPlayerChat@@QAEHHPAUKUiChatGroupInfo@@@Z 1003a879 f   KPlayerChat.obj
 0001:00039920       ?IGetTeamFriendInfo@KPlayerChat@@QAEHHPAUKUiPlayerItem@@@Z 1003a920 f   KPlayerChat.obj
 0001:00039a50       ??0CChatFriendTeam@@QAE@XZ 1003aa50 f   KPlayerChat.obj
 0001:00039a96       ?Release@CChatFriendTeam@@QAEXXZ 1003aa96 f   KPlayerChat.obj
 0001:00039b48       ?SetTime@KCHAT_RECORDER@@AAEXXZ 1003ab48 f   KPlayerChat.obj
 0001:00039bfb       ?SaveSentenceSingle@KCHAT_RECORDER@@QAEXPAD000@Z 1003abfb f   KPlayerChat.obj
 0001:00039c54       ?SaveSentenceChannel@KCHAT_RECORDER@@QAEXPAD00@Z 1003ac54 f   KPlayerChat.obj
 0001:00039cb0       ??0PLAYER_SEND_CHAT_DATA_COMMAND@@QAE@XZ 1003acb0 f i KPlayerChat.obj
 0001:00039cf0       ?IsEmpty@KList@@QAEHXZ     1003acf0 f i KPlayerChat.obj
 0001:00039d20       ??0CChatFriend@@QAE@XZ     1003ad20 f i KPlayerChat.obj
 0001:00039d90       ?Release@CChatFriend@@QAEXXZ 1003ad90 f i KPlayerChat.obj
 0001:00039dd0       ??_ECChatFriend@@UAEPAXI@Z 1003add0 f i KPlayerChat.obj
 0001:00039dd0       ??_GCChatFriend@@UAEPAXI@Z 1003add0 f i KPlayerChat.obj
 0001:00039e10       ??1CChatFriend@@UAE@XZ     1003ae10 f i KPlayerChat.obj
 0001:00039e40       ??0KPlayerFaction@@QAE@XZ  1003ae40 f   KPlayerFaction.obj
 0001:00039e67       ?Release@KPlayerFaction@@QAEXXZ 1003ae67 f   KPlayerFaction.obj
 0001:00039e96       ?SetSeries@KPlayerFaction@@QAEXH@Z 1003ae96 f   KPlayerFaction.obj
 0001:00039eaa       ?AddFaction@KPlayerFaction@@QAEHHPAD@Z 1003aeaa f   KPlayerFaction.obj
 0001:00039f00       ?AddFaction@KPlayerFaction@@QAEHHH@Z 1003af00 f   KPlayerFaction.obj
 0001:00039f82       ?LeaveFaction@KPlayerFaction@@QAEXXZ 1003af82 f   KPlayerFaction.obj
 0001:00039f9d       ?OpenCurSkillLevel@KPlayerFaction@@QAEHHPAVKSkillList@@@Z 1003af9d f   KPlayerFaction.obj
 0001:00039fb6       ?GetGurFactionCamp@KPlayerFaction@@QAEHXZ 1003afb6 f   KPlayerFaction.obj
 0001:0003a016       ?GetCurFactionNo@KPlayerFaction@@QAEHXZ 1003b016 f   KPlayerFaction.obj
 0001:0003a02d       ?GetCurFactionName@KPlayerFaction@@QAEXPAD@Z 1003b02d f   KPlayerFaction.obj
 0001:0003a0a0       ??0KPlayerMenuState@@QAE@XZ 1003b0a0 f   KPlayerMenuState.obj
 0001:0003a0c7       ?Release@KPlayerMenuState@@QAEXXZ 1003b0c7 f   KPlayerMenuState.obj
 0001:0003a123       ?SetState@KPlayerMenuState@@QAEXH@Z 1003b123 f   KPlayerMenuState.obj
 0001:0003a14d       ?Init@KPlayerMenuStateGraph@@QAEHXZ 1003b14d f   KPlayerMenuState.obj
 0001:0003a262       ?GetStateSpr@KPlayerMenuStateGraph@@QAEXHPAD@Z 1003b262 f   KPlayerMenuState.obj
 0001:0003a2c0       ?Init@KPlayerPK@@QAEXXZ    1003b2c0 f   KPlayerPK.obj
 0001:0003a312       ?Active@KPlayerPK@@QAEXXZ  1003b312 f   KPlayerPK.obj
 0001:0003a336       ?SetNormalPKState@KPlayerPK@@QAEXHH@Z 1003b336 f   KPlayerPK.obj
 0001:0003a3ec       ?ApplySetNormalPKState@KPlayerPK@@QAEXH@Z 1003b3ec f   KPlayerPK.obj
 0001:0003a458       ?GetNormalPKState@KPlayerPK@@QAEHXZ 1003b458 f   KPlayerPK.obj
 0001:0003a46f       ?ApplyEnmityPK@KPlayerPK@@QAEXPAD@Z 1003b46f f   KPlayerPK.obj
 0001:0003a4d9       ?ApplyEnmityPK@KPlayerPK@@QAEXH@Z 1003b4d9 f   KPlayerPK.obj
 0001:0003a624       ?SetEnmityPKState@KPlayerPK@@QAEXHHPAD@Z 1003b624 f   KPlayerPK.obj
 0001:0003a84d       ?EnmityPKCountDown@KPlayerPK@@QAEXXZ 1003b84d f   KPlayerPK.obj
 0001:0003a88a       ?SetExercisePKState@KPlayerPK@@QAEXHHPAD@Z 1003b88a f   KPlayerPK.obj
 0001:0003a90c       ?SetPKValue@KPlayerPK@@QAEXH@Z 1003b90c f   KPlayerPK.obj
 0001:0003aa0b       ??0KPlayerSet@@QAE@XZ      1003ba0b f   KPlayerSet.obj
 0001:0003aaab       ?Init@KPlayerSet@@QAEHXZ   1003baab f   KPlayerSet.obj
 0001:0003ad1b       ?FindFree@KPlayerSet@@AAEHXZ 1003bd1b f   KPlayerSet.obj
 0001:0003ad4d       ?FindSame@KPlayerSet@@QAEHK@Z 1003bd4d f   KPlayerSet.obj
 0001:0003add6       ?GetFirstPlayer@KPlayerSet@@QAEHXZ 1003bdd6 f   KPlayerSet.obj
 0001:0003ae17       ?GetNextPlayer@KPlayerSet@@QAEHXZ 1003be17 f   KPlayerSet.obj
 0001:0003ae6a       ??0KLevelAdd@@QAE@XZ       1003be6a f   KPlayerSet.obj
 0001:0003af1e       ?Init@KLevelAdd@@QAEHXZ    1003bf1e f   KPlayerSet.obj
 0001:0003b2d6       ?GetLevelExp@KLevelAdd@@QAEHH@Z 1003c2d6 f   KPlayerSet.obj
 0001:0003b307       ?GetLifePerLevel@KLevelAdd@@QAEHH@Z 1003c307 f   KPlayerSet.obj
 0001:0003b338       ?GetStaminaPerLevel@KLevelAdd@@QAEHH@Z 1003c338 f   KPlayerSet.obj
 0001:0003b369       ?GetManaPerLevel@KLevelAdd@@QAEHH@Z 1003c369 f   KPlayerSet.obj
 0001:0003b39a       ?GetLifePerVitality@KLevelAdd@@QAEHH@Z 1003c39a f   KPlayerSet.obj
 0001:0003b3cb       ?GetStaminaPerVitality@KLevelAdd@@QAEHH@Z 1003c3cb f   KPlayerSet.obj
 0001:0003b3fc       ?GetManaPerEnergy@KLevelAdd@@QAEHH@Z 1003c3fc f   KPlayerSet.obj
 0001:0003b42d       ?GetLeadExpShare@KLevelAdd@@QAEHH@Z 1003c42d f   KPlayerSet.obj
 0001:0003b45e       ?GetFireResist@KLevelAdd@@QAEHHH@Z 1003c45e f   KPlayerSet.obj
 0001:0003b4ae       ?GetColdResist@KLevelAdd@@QAEHHH@Z 1003c4ae f   KPlayerSet.obj
 0001:0003b4fe       ?GetPoisonResist@KLevelAdd@@QAEHHH@Z 1003c4fe f   KPlayerSet.obj
 0001:0003b54e       ?GetLightResist@KLevelAdd@@QAEHHH@Z 1003c54e f   KPlayerSet.obj
 0001:0003b59e       ?GetPhysicsResist@KLevelAdd@@QAEHHH@Z 1003c59e f   KPlayerSet.obj
 0001:0003b5ee       ??0KTeamLeadExp@@QAE@XZ    1003c5ee f   KPlayerSet.obj
 0001:0003b641       ?Init@KTeamLeadExp@@QAEHXZ 1003c641 f   KPlayerSet.obj
 0001:0003b774       ?GetLevel@KTeamLeadExp@@QAEHKH@Z 1003c774 f   KPlayerSet.obj
 0001:0003b810       ?GetMemNumFromExp@KTeamLeadExp@@QAEHK@Z 1003c810 f   KPlayerSet.obj
 0001:0003b852       ?GetMemNumFromLevel@KTeamLeadExp@@QAEHH@Z 1003c852 f   KPlayerSet.obj
 0001:0003b883       ?GetLevelExp@KTeamLeadExp@@QAEHH@Z 1003c883 f   KPlayerSet.obj
 0001:0003b8b1       ??0KNewPlayerAttribute@@QAE@XZ 1003c8b1 f   KPlayerSet.obj
 0001:0003b92c       ?Init@KNewPlayerAttribute@@QAEHXZ 1003c92c f   KPlayerSet.obj
 0001:0003bc40       ??1KPlayerSet@@QAE@XZ      1003cc40 f i KPlayerSet.obj
 0001:0003bcc0       ??0KPlayerTask@@QAE@XZ     1003ccc0 f   KPlayerTask.obj
 0001:0003bce7       ?Release@KPlayerTask@@QAEXXZ 1003cce7 f   KPlayerTask.obj
 0001:0003bd2f       ?ClearTempVar@KPlayerTask@@QAEXXZ 1003cd2f f   KPlayerTask.obj
 0001:0003bd63       ?GetSaveVal@KPlayerTask@@QAEHH@Z 1003cd63 f   KPlayerTask.obj
 0001:0003bd93       ?SetSaveVal@KPlayerTask@@QAEXHH@Z 1003cd93 f   KPlayerTask.obj
 0001:0003bdc4       ?GetClearVal@KPlayerTask@@QAEHH@Z 1003cdc4 f   KPlayerTask.obj
 0001:0003bdf8       ?SetClearVal@KPlayerTask@@QAEXHH@Z 1003cdf8 f   KPlayerTask.obj
 0001:0003be63       ??0KPlayerTeam@@QAE@XZ     1003ce63 f   KPlayerTeam.obj
 0001:0003be9f       ?Release@KPlayerTeam@@QAEXXZ 1003ce9f f   KPlayerTeam.obj
 0001:0003befe       ?ReleaseList@KPlayerTeam@@QAEXXZ 1003cefe f   KPlayerTeam.obj
 0001:0003bf4f       ?ApplyCreate@KPlayerTeam@@QAEHXZ 1003cf4f f   KPlayerTeam.obj
 0001:0003bfc4       ?InviteAdd@KPlayerTeam@@QAEXK@Z 1003cfc4 f   KPlayerTeam.obj
 0001:0003c02c       ?ReceiveInvite@KPlayerTeam@@QAEXPAUTEAM_INVITE_ADD_SYNC@@@Z 1003d02c f   KPlayerTeam.obj
 0001:0003c145       ?ReplyInvite@KPlayerTeam@@QAEXHH@Z 1003d145 f   KPlayerTeam.obj
 0001:0003c1c7       ?SetAutoRefuseInvite@KPlayerTeam@@QAEXH@Z 1003d1c7 f   KPlayerTeam.obj
 0001:0003c267       ?GetAutoRefuseState@KPlayerTeam@@QAEHXZ 1003d267 f   KPlayerTeam.obj
 0001:0003c27f       ?GetInfo@KPlayerTeam@@QAEHPAUKUiPlayerTeam@@@Z 1003d27f f   KPlayerTeam.obj
 0001:0003c370       ?UpdateInterface@KPlayerTeam@@QAEXXZ 1003d370 f   KPlayerTeam.obj
 0001:0003c3c8       ?DeleteOneFromApplyList@KPlayerTeam@@QAEXK@Z 1003d3c8 f   KPlayerTeam.obj
 0001:0003c42f       ??0KTeam@@QAE@XZ           1003d42f f   KPlayerTeam.obj
 0001:0003c456       ?Release@KTeam@@QAEXXZ     1003d456 f   KPlayerTeam.obj
 0001:0003c50c       ?SetIndex@KTeam@@QAEXH@Z   1003d50c f   KPlayerTeam.obj
 0001:0003c528       ?FindFree@KTeam@@QAEHXZ    1003d528 f   KPlayerTeam.obj
 0001:0003c572       ?FindMemberID@KTeam@@QAEHK@Z 1003d572 f   KPlayerTeam.obj
 0001:0003c5cd       ?SetTeamOpen@KTeam@@QAEHXZ 1003d5cd f   KPlayerTeam.obj
 0001:0003c602       ?SetTeamClose@KTeam@@QAEHXZ 1003d602 f   KPlayerTeam.obj
 0001:0003c637       ?CalcCaptainPower@KTeam@@QAEHXZ 1003d637 f   KPlayerTeam.obj
 0001:0003c663       ?CreateTeam@KTeam@@QAEXHPADHK@Z 1003d663 f   KPlayerTeam.obj
 0001:0003c6ba       ?AddMember@KTeam@@QAEHKHPAD@Z 1003d6ba f   KPlayerTeam.obj
 0001:0003c778       ?DeleteMember@KTeam@@QAEXK@Z 1003d778 f   KPlayerTeam.obj
 0001:0003c81b       ?GetMemberInfo@KTeam@@QAEHPAUKUiPlayerItem@@H@Z 1003d81b f   KPlayerTeam.obj
 0001:0003c960       ??0KTeamApplyList@@QAE@XZ  1003d960 f i KPlayerTeam.obj
 0001:0003c990       ?Release@KTeamApplyList@@QAEXXZ 1003d990 f i KPlayerTeam.obj
 0001:0003c9d0       ?Init@KPlayerTong@@QAEXH@Z 1003d9d0 f   KPlayerTong.obj
 0001:0003c9fe       ?Clear@KPlayerTong@@QAEXXZ 1003d9fe f   KPlayerTong.obj
 0001:0003ca57       ?ApplyCreateTong@KPlayerTong@@QAEHHPAD@Z 1003da57 f   KPlayerTong.obj
 0001:0003ce98       ?ApplyAddTong@KPlayerTong@@QAEHK@Z 1003de98 f   KPlayerTong.obj
 0001:0003d08a       ?Create@KPlayerTong@@QAEXPAUTONG_CREATE_SYNC@@@Z 1003e08a f   KPlayerTong.obj
 0001:0003d1d3       ?AcceptMember@KPlayerTong@@QAEXHKH@Z 1003e1d3 f   KPlayerTong.obj
 0001:0003d26c       ?GetTongName@KPlayerTong@@QAEXPAD@Z 1003e26c f   KPlayerTong.obj
 0001:0003d2b6       ?AddTong@KPlayerTong@@QAEHHPAD00@Z 1003e2b6 f   KPlayerTong.obj
 0001:0003d428       ?ApplyInstate@KPlayerTong@@QAEHHHHHPAD@Z 1003e428 f   KPlayerTong.obj
 0001:0003d65e       ?ApplyKick@KPlayerTong@@QAEHHHPAD@Z 1003e65e f   KPlayerTong.obj
 0001:0003d78f       ?ApplyChangeMaster@KPlayerTong@@QAEHHHPAD@Z 1003e78f f   KPlayerTong.obj
 0001:0003d88a       ?ApplyLeave@KPlayerTong@@QAEHXZ 1003e88a f   KPlayerTong.obj
 0001:0003da17       ?ApplyInfo@KPlayerTong@@QAEHHHHHPAD@Z 1003ea17 f   KPlayerTong.obj
 0001:0003dcd7       ?GetTongNameID@KPlayerTong@@QAEKXZ 1003ecd7 f   KPlayerTong.obj
 0001:0003dd10       ?CanGetManagerInfo@KPlayerTong@@QAEHK@Z 1003ed10 f   KPlayerTong.obj
 0001:0003dd7a       ?CanGetMemberInfo@KPlayerTong@@QAEHK@Z 1003ed7a f   KPlayerTong.obj
 0001:0003dde4       ?SetSelfInfo@KPlayerTong@@QAEXPAUTONG_SELF_INFO_SYNC@@@Z 1003ede4 f   KPlayerTong.obj
 0001:0003e029       ?OpenCreateInterface@KPlayerTong@@QAEXXZ 1003f029 f   KPlayerTong.obj
 0001:0003e060       ??0KTrade@@QAE@XZ          1003f060 f   KPlayerTrade.obj
 0001:0003e087       ?Release@KTrade@@QAEXXZ    1003f087 f   KPlayerTrade.obj
 0001:0003e0ef       ?StartTrade@KTrade@@QAEHHHH@Z 1003f0ef f   KPlayerTrade.obj
 0001:0003e1c2       ?Lock@KTrade@@QAEXH@Z      1003f1c2 f   KPlayerTrade.obj
[...]
 0003:00006150       ?g_nEquipPower@@3PAHA      10093150     KItemList.obj
 0003:0000617c       ?ms_ActiveEquip@KItemList@@0PAY01HA 1009317c     KItemList.obj
 0003:000061d4       ?ms_ActivedEquip@KItemList@@0PAY01HA 100931d4     KItemList.obj
 0003:000068a4       ?g_szObjKind@@3PAY0CA@DA   100938a4     KObjSet.obj
 0003:00006a04       ?g_dwObjKindNum@@3PAKA     10093a04     KObjSet.obj
 0003:000072ac       ??_C@_0DE@HIIA@D?3?2swrod3?2SwordOnline?2Sources?2Co@ 100942ac     KRegion.obj
 0003:000072e0       ?g_nSinBuffer@@3PAHA       100942e0     KMath.obj
 0003:000073e0       ?g_nCosBuffer@@3PAHA       100943e0     KMath.obj
 0003:000074e0       ?g_InternalDirSinCosCodeBuffer@@3PAEA 100944e0     KMath.obj
 0003:00007504       ?g_InternalIsAccrueConquerCodeBuffer@@3PAEA 10094504     KMath.obj
 0003:00007530       ?g_nSin@@3PAHA             10094530     KMath.obj
 0003:00007534       ?g_nCos@@3PAHA             10094534     KMath.obj
 0003:00007538       ?g_InternalDirSinCosCode@@3PAEA 10094538     KMath.obj
 0003:0000753c       ?g_InternalIsAccrueConquerCode@@3PAEA 1009453c     KMath.obj
 0003:00007540       ?g_nProtocolSize@@3PAHA    10094540     KProtocol.obj
 0003:000080e0       ?GameScriptFuns@@3PAUTLua_Funcs@@A 100950e0     ScriptFuns.obj
 0003:00008190       ?WorldScriptFuns@@3PAUTLua_Funcs@@A 10095190     ScriptFuns.obj
 0003:00008860       ?m_BranchFlag@KIpotBranch@@0PAIA 10095860     KIpotBranch.obj
 0003:00008bd8       ?m_RangePosTable@KScenePlaceC@@0PAUtagPOINT@@A 10095bd8     KScenePlaceC.obj
 0003:00008d60       ?m_PRIIdxTable@KScenePlaceC@@0PAHA 10095d60     KScenePlaceC.obj
 0003:00009738       ?Missle@@3PAVKMissle@@A    10096738     KMissle.obj
 0003:0016fd98       ?g_MisslesLib@@3PAVKMissle@@A 101fcd98     KMissle.obj
 0003:001ff358       ?g_nRandMissleTab@@3PAHA   1028c358     KMissle.obj
 0003:001ff508       ?MissleSet@@3VKMissleSet@@A 1028c508     KMissleSet.obj
 0003:001ff520       ?g_SkillManager@@3VKSkillManager@@A 1028c520     KSkillManager.obj
 0003:00220860       ?g_ulSkillCount@@3KA       102ad860     KSkillManager.obj
 0003:00220888       ?SpecialMovieList@@3VKList@@A 102ad888     KSkillSpecial.obj
 0003:002208a0       ?g_Faction@@3VKFaction@@A  102ad8a0     KFaction.obj
 0003:00220b98       ?g_pNpcTemplate@@3PAY0GE@PAVKNpcTemplate@@A 102adb98     KNpc.obj
 0003:002e4098       ?Npc@@3PAVKNpc@@A          10371098     KNpc.obj
 0003:00a520a0       ?NpcAI@@3VKNpcAI@@A        10adf0a0     KNpcAI.obj
 0003:00a520a8       ?g_NpcAttribModify@@3VKNpcAttribModify@@A 10adf0a8     KNpcAttribModify.obj
 0003:00a52398       ?g_NpcResList@@3VKNpcResList@@A 10adf398     KNpcResList.obj
 0003:00a5abc0       ?NpcSet@@3VKNpcSet@@A      10ae7bc0     KNpcSet.obj
 0003:00a5c740       ?g_nLastNetMsgLoop@@3HA    10ae9740     KPlayer.obj
 0003:00a5c748       ?Player@@3PAVKPlayer@@A    10ae9748     KPlayer.obj
 0003:00a68270       ?PlayerSet@@3VKPlayerSet@@A 10af5270     KPlayerSet.obj
 0003:00a68960       ?g_Team@@3PAVKTeam@@A      10af5960     KPlayerTeam.obj
 0003:00a68c08       ?BuySell@@3VKBuySell@@A    10af5c08     KBuySell.obj
 0003:00a68c20       ?Item@@3PAVKItem@@A        10af5c20     KItem.obj
 0003:00ae3430       ?g_ItemChangeRes@@3VKItemChangeRes@@A 10b70430     KItemChangeRes.obj
 0003:00ae34c0       ?ItemGen@@3VKItemGenerator@@A 10b704c0     KItemGenerator.obj
 0003:00ae8b90       ?ItemSet@@3VKItemSet@@A    10b75b90     KItemSet.obj
 0003:00ae8c30       ?Object@@3PAVKObj@@A       10b75c30     KObj.obj
 0003:00b24c38       ?ObjSet@@3VKObjSet@@A      10bb1c38     KObjSet.obj
 0003:00b24cd8       ?g_cViewItem@@3VKViewItem@@A 10bb1cd8     KViewItem.obj
 0003:00b24db0       ?g_WorldScript@@3VKLuaScript@@A 10bb1db0     KCore.obj
 0003:00b24e24       ?g_bDebugScript@@3HA       10bb1e24     KCore.obj
 0003:00b24e28       ?g_SoundCache@@3VKSoundCache@@A 10bb1e28     KCore.obj
 0003:00b24e4c       ?g_nHandSkill@@3HA         10bb1e4c     KCore.obj
 0003:00b24e50       ?g_nRangeWeaponSkill@@3PAHA 10bb1e50     KCore.obj
 0003:00b24fe0       ?g_nMeleeWeaponSkill@@3PAHA 10bb1fe0     KCore.obj
 0003:00b25170       ?g_NpcKindFile@@3VKTabFile@@A 10bb2170     KCore.obj
 0003:00b25190       ?g_NpcSetting@@3VKTabFile@@A 10bb2190     KCore.obj
 0003:00b251b0       ?g_SkillLevelSetting@@3VKTabFile@@A 10bb21b0     KCore.obj
 0003:00b251d0       ?g_MisslesSetting@@3VKTabFile@@A 10bb21d0     KCore.obj
 0003:00b251f0       ?g_OrdinSkillsSetting@@3VKTabFile@@A 10bb21f0     KCore.obj
 0003:00b2520c       ?g_bPingReply@@3HA         10bb220c     KCore.obj
 0003:00b25210       ?g_pClient@@3PAUIClient@@A 10bb2210     KCore.obj
 0003:00b25218       ?g_RankTabSetting@@3VKTabFile@@A 10bb2218     KCore.obj
 0003:00b25238       ?g_ClientWeaponSkillTabFile@@3VKTabFile@@A 10bb2238     KCore.obj
 0003:00b25254       ?g_pAdjustColorTab@@3PAIA  10bb2254     KCore.obj
 0003:00b25258       ?g_ulAdjustColorCount@@3IA 10bb2258     KCore.obj
 0003:00b2525c       ?g_bUISelIntelActiveWithServer@@3HA 10bb225c     KCore.obj
 0003:00b25260       ?g_bUISpeakActiveWithServer@@3HA 10bb2260     KCore.obj
 0003:00b25264       ?g_bUISelLastSelCount@@3HA 10bb2264     KCore.obj
 0003:00b25268       ?g_pMusic@@3PAVKMusic@@A   10bb2268     KCore.obj
 0003:00b2526c       ?g_pNpcLevelScript@@3PAVKLuaScript@@A 10bb226c     KCore.obj
 0003:00b25270       ?SubWorld@@3PAVKSubWorld@@A 10bb2270     KSubWorld.obj
 0003:00b25350       ?nActiveRegionCount@@3HA   10bb2350     KSubWorldSet.obj
 0003:00b25358       ?g_SubWorldSet@@3VKSubWorldSet@@A 10bb2358     KSubWorldSet.obj
 0003:00b31480       ?g_nConquerSeries@@3PAHA   10bbe480     KMath.obj
 0003:00b31494       ?g_nAccrueSeries@@3PAHA    10bbe494     KMath.obj
 0003:00b314a8       ?g_ProtocolProcess@@3VKProtocolProcess@@A 10bbe4a8     KProtocolProcess.obj
 0003:00b318a0       ?g_TempValue@@3PAHA        10bbe8a0     ScriptFuns.obj
 0003:00b32070       ?g_StoryScriptList@@3VKScriptList@@A 10bbf070     ScriptFuns.obj
 0003:00b32088       ?g_ScriptValueSet@@3VKScriptValueSet@@A 10bbf088     KScriptValueSet.obj
 0003:00b320d0       ?g_szCurScriptDir@@3PADA   10bbf0d0     KSortScript.obj
 0003:00b321d4       ?nCurrentScriptNum@@3IA    10bbf1d4     KSortScript.obj
 0003:00b321d8       ?g_ScriptBinTree@@3V?$BinSTree@VKSortScriptNode@@@@A 10bbf1d8     KSortScript.obj
 0003:00b321e8       ?g_ScriptSet@@3PAVKLuaScript@@A 10bbf1e8     KSortScript.obj
 0003:00b32434       ?l_pDataChangedNotifyFunc@@3PAUIClientCallback@@A 10bbf434     CoreShell.obj
 0003:00b32440       ?g_ScenePlace@@3VKScenePlaceC@@A 10bbf440     KScenePlaceC.obj
 0003:00b9c7e4       ?g_bShowGameInfo@@3_NA     10c297e4     KScenePlaceC.obj
 0003:00b9c7e8       ?g_nMapIndex@@3HA          10c297e8     KScenePlaceC.obj
 0003:00b9c7ec       ?g_bShowObstacle@@3HA      10c297ec     KScenePlaceC.obj
 0003:00b9c834       ?g_pRepresent@@3PAUiRepresentShell@@A 10c29834     ImgRef.obj
 0003:00b9c838       ?l_Time@@3IA               10c29838     ImgRef.obj
 0003:00b9c840       ?g_MagicDesc@@3VKMagicDesc@@A 10c29840     KMagicDesc.obj
 0003:00b9c920       ?g_StringResourseTabFile@@3VKTabFile@@A 10c29920     KTaskFuns.obj
 0003:00b9c940       ?Option@@3VKOption@@A      10c29940     KOption.obj
 0003:00b9c950       ?Ladder@@3VKLadder@@A      10c29950     KLadder.obj
 0003:00b9e244       __adjust_fdiv              10c2b244     <common>
 0003:00b9e248       __pRawDllMain              10c2b248     <common>
 0003:00b9e24c       ___onexitend               10c2b24c     <common>
 0003:00b9e250       ___onexitbegin             10c2b250     <common>

 entry point at        0001:000810c0

 Static symbols

 0001:00080670       _$E6                       10081670 f   KLadder.obj
 0001:00080686       _$E3                       10081686 f   KLadder.obj
 0001:0008069c       _$E5                       1008169c f   KLadder.obj
 0001:000806b5       _$E4                       100816b5 f   KLadder.obj
 0001:0007ece0       _$E9                       1007fce0 f   KTaskFuns.obj
 0001:0007ecf6       _$E6                       1007fcf6 f   KTaskFuns.obj
 0001:0007ed18       _$E8                       1007fd18 f   KTaskFuns.obj
 0001:0007ed31       _$E7                       1007fd31 f   KTaskFuns.obj
 0001:0007dfe0       _$E6                       1007efe0 f   KMagicDesc.obj
 0001:0007dff6       _$E3                       1007eff6 f   KMagicDesc.obj
 0001:0007e00c       _$E5                       1007f00c f   KMagicDesc.obj
 0001:0007e025       _$E4                       1007f025 f   KMagicDesc.obj
 0001:0007b08f       _$E4                       1007c08f f   SceneMath.obj
 0001:0007b0a0       _$E3                       1007c0a0 f   SceneMath.obj
 0001:000704f0       _$E12                      100714f0 f   KScenePlaceC.obj
 0001:00070506       _$E9                       10071506 f   KScenePlaceC.obj
 0001:0007051c       _$E11                      1007151c f   KScenePlaceC.obj
 0001:00070535       _$E10                      10071535 f   KScenePlaceC.obj
 0001:00065e30       _$E12                      10066e30 f   CoreShell.obj
 0001:00065e41       _$E11                      10066e41 f   CoreShell.obj
 0001:00064ec0       _$E6                       10065ec0 f   KSortScript.obj
 0001:00064ed6       _$E3                       10065ed6 f   KSortScript.obj
 0001:00064efd       _$E5                       10065efd f   KSortScript.obj
 0001:00064f16       _$E4                       10065f16 f   KSortScript.obj
 0001:00064f36       _$E11                      10065f36 f   KSortScript.obj
 0001:00064f4c       _$E8                       10065f4c f   KSortScript.obj
 0001:00064f62       _$E10                      10065f62 f   KSortScript.obj
 0001:00064f7b       _$E9                       10065f7b f   KSortScript.obj
 0001:00065014       ?LoadAllScript@@YAKPAD@Z   10066014 f   KSortScript.obj
 0001:00065426       ?LoadScriptToSortList@@YAHPAD@Z 10066426 f   KSortScript.obj
 0001:000655c0       ?LoadScriptToSortListA@@YAHPAD@Z 100665c0 f   KSortScript.obj
 0001:00064430       _$E6                       10065430 f   KScriptValueSet.obj
 0001:00064446       _$E3                       10065446 f   KScriptValueSet.obj
 0001:0006445c       _$E5                       1006545c f   KScriptValueSet.obj
 0001:00064475       _$E4                       10065475 f   KScriptValueSet.obj
 0001:00061c50       _$E9                       10062c50 f   ScriptFuns.obj
 0001:00061c66       _$E6                       10062c66 f   ScriptFuns.obj
 0001:00061c88       _$E8                       10062c88 f   ScriptFuns.obj
 0001:00061ca1       _$E7                       10062ca1 f   ScriptFuns.obj
 0001:0005a3d0       _$E14                      1005b3d0 f   KProtocolProcess.obj
 0001:0005a3e6       _$E11                      1005b3e6 f   KProtocolProcess.obj
 0001:0005a3fc       _$E13                      1005b3fc f   KProtocolProcess.obj
 0001:0005a415       _$E12                      1005b415 f   KProtocolProcess.obj
 0001:000607f8       ?sParseUGName@@YAHABV?$basic_string@DU?$char_traits@D@std@@V?$allocator@D@2@@std@@PAV12@1@Z 100617f8 f   KProtocolProcess.obj
 0001:000572f0       _$E8                       100582f0 f   KSubWorldSet.obj
 0001:00057306       _$E5                       10058306 f   KSubWorldSet.obj
 0001:0005731c       _$E7                       1005831c f   KSubWorldSet.obj
 0001:00057335       _$E6                       10058335 f   KSubWorldSet.obj
 0001:00054020       _$E14                      10055020 f   KSubWorld.obj
 0001:00054036       _$E11                      10055036 f   KSubWorld.obj
 0001:0005405d       _$E13                      1005505d f   KSubWorld.obj
 0001:00054076       _$E12                      10055076 f   KSubWorld.obj
 0001:00052ed0       _$E7                       10053ed0 f   KCore.obj
 0001:00052ee6       _$E4                       10053ee6 f   KCore.obj
 0001:00052f08       _$E6                       10053f08 f   KCore.obj
 0001:00052f21       _$E5                       10053f21 f   KCore.obj
 0001:00052f43       _$E18                      10053f43 f   KCore.obj
 0001:00052f59       _$E15                      10053f59 f   KCore.obj
 0001:00052f7b       _$E17                      10053f7b f   KCore.obj
 0001:00052f94       _$E16                      10053f94 f   KCore.obj
 0001:00052fb6       _$E23                      10053fb6 f   KCore.obj
 0001:00052fcc       _$E20                      10053fcc f   KCore.obj
 0001:00053002       _$E22                      10054002 f   KCore.obj
 0001:0005301b       _$E21                      1005401b f   KCore.obj
 0001:00053051       _$E28                      10054051 f   KCore.obj
 0001:00053067       _$E25                      10054067 f   KCore.obj
 0001:00053089       _$E27                      10054089 f   KCore.obj
 0001:000530a2       _$E26                      100540a2 f   KCore.obj
 0001:000530c4       _$E33                      100540c4 f   KCore.obj
 0001:000530da       _$E30                      100540da f   KCore.obj
 0001:000530fc       _$E32                      100540fc f   KCore.obj
 0001:00053115       _$E31                      10054115 f   KCore.obj
 0001:00053137       _$E38                      10054137 f   KCore.obj
 0001:0005314d       _$E35                      1005414d f   KCore.obj
 0001:0005316f       _$E37                      1005416f f   KCore.obj
 0001:00053188       _$E36                      10054188 f   KCore.obj
 0001:000531aa       _$E43                      100541aa f   KCore.obj
 0001:000531c0       _$E40                      100541c0 f   KCore.obj
 0001:000531e2       _$E42                      100541e2 f   KCore.obj
 0001:000531fb       _$E41                      100541fb f   KCore.obj
 0001:0005321d       _$E48                      1005421d f   KCore.obj
 0001:00053233       _$E45                      10054233 f   KCore.obj
 0001:00053255       _$E47                      10054255 f   KCore.obj
 0001:0005326e       _$E46                      1005426e f   KCore.obj
 0001:00052b00       _$E4                       10053b00 f   KViewItem.obj
 0001:00052b11       _$E3                       10053b11 f   KViewItem.obj
 0001:00050f20       _$E12                      10051f20 f   KObjSet.obj
 0001:00050f36       _$E9                       10051f36 f   KObjSet.obj
 0001:00050f4c       _$E11                      10051f4c f   KObjSet.obj
 0001:00050f65       _$E10                      10051f65 f   KObjSet.obj
 0001:0004f4b0       _$E12                      100504b0 f   KObj.obj
 0001:0004f4c1       _$E11                      100504c1 f   KObj.obj
 0001:0004e970       _$E6                       1004f970 f   KItemSet.obj
 0001:0004e986       _$E3                       1004f986 f   KItemSet.obj
 0001:0004e99c       _$E5                       1004f99c f   KItemSet.obj
 0001:0004e9b5       _$E4                       1004f9b5 f   KItemSet.obj
 0001:00048ac0       _$E6                       10049ac0 f   KItemGenerator.obj
 0001:00048ad6       _$E3                       10049ad6 f   KItemGenerator.obj
 0001:00048aec       _$E5                       10049aec f   KItemGenerator.obj
 0001:00048b05       _$E4                       10049b05 f   KItemGenerator.obj
 0001:00048590       _$E6                       10049590 f   KItemChangeRes.obj
 0001:000485a6       _$E3                       100495a6 f   KItemChangeRes.obj
 0001:000485bc       _$E5                       100495bc f   KItemChangeRes.obj
 0001:000485d5       _$E4                       100495d5 f   KItemChangeRes.obj
 0001:00046350       _$E29                      10047350 f   KItem.obj
 0001:00046366       _$E26                      10047366 f   KItem.obj
 0001:00046390       _$E28                      10047390 f   KItem.obj
 0001:000463a9       _$E27                      100473a9 f   KItem.obj
 0001:00044950       _$E8                       10045950 f   KBuySell.obj
 0001:00044966       _$E5                       10045966 f   KBuySell.obj
 0001:0004497c       _$E7                       1004597c f   KBuySell.obj
 0001:00044995       _$E6                       10045995 f   KBuySell.obj
 0001:0003be30       _$E6                       1003ce30 f   KPlayerTeam.obj
 0001:0003be41       _$E5                       1003ce41 f   KPlayerTeam.obj
 0001:0003a9b0       _$E8                       1003b9b0 f   KPlayerSet.obj
 0001:0003a9c6       _$E5                       1003b9c6 f   KPlayerSet.obj
 0001:0003a9dc       _$E7                       1003b9dc f   KPlayerSet.obj
 0001:0003a9f5       _$E6                       1003b9f5 f   KPlayerSet.obj
 0001:0002dc00       _$E15                      1002ec00 f   KPlayer.obj
 0001:0002dc16       _$E12                      1002ec16 f   KPlayer.obj
 0001:0002dc3d       _$E14                      1002ec3d f   KPlayer.obj
 0001:0002dc56       _$E13                      1002ec56 f   KPlayer.obj
 0001:0002a0d0       _$E14                      1002b0d0 f   KNpcSet.obj
 0001:0002a0e6       _$E11                      1002b0e6 f   KNpcSet.obj
 0001:0002a0fc       _$E13                      1002b0fc f   KNpcSet.obj
 0001:0002a115       _$E12                      1002b115 f   KNpcSet.obj
 0001:00025b40       _$E6                       10026b40 f   KNpcResList.obj
 0001:00025b56       _$E3                       10026b56 f   KNpcResList.obj
 0001:00025b6c       _$E5                       10026b6c f   KNpcResList.obj
 0001:00025b85       _$E4                       10026b85 f   KNpcResList.obj
 0001:0001d530       _$E8                       1001e530 f   KNpcAttribModify.obj
 0001:0001d546       _$E5                       1001e546 f   KNpcAttribModify.obj
 0001:0001d55c       _$E7                       1001e55c f   KNpcAttribModify.obj
 0001:0001d575       _$E6                       1001e575 f   KNpcAttribModify.obj
 0001:00019cd0       _$E6                       1001acd0 f   KNpcAI.obj
 0001:00019ce1       _$E5                       1001ace1 f   KNpcAI.obj
 0001:00010210       _$E14                      10011210 f   KNpc.obj
 0001:00010226       _$E11                      10011226 f   KNpc.obj
 0001:00010250       _$E13                      10011250 f   KNpc.obj
 0001:00010269       _$E12                      10011269 f   KNpc.obj
 0001:0000f760       _$E12                      10010760 f   KSkillSpecial.obj
 0001:0000f776       _$E9                       10010776 f   KSkillSpecial.obj
 0001:0000f78c       _$E11                      1001078c f   KSkillSpecial.obj
 0001:0000f7a5       _$E10                      100107a5 f   KSkillSpecial.obj
 0001:000080e0       _$E8                       100090e0 f   KSkillManager.obj
 0001:000080f6       _$E5                       100090f6 f   KSkillManager.obj
 0001:0000810c       _$E7                       1000910c f   KSkillManager.obj
 0001:00008125       _$E6                       10009125 f   KSkillManager.obj
 0001:00006b10       _$E6                       10007b10 f   KMissleSet.obj
 0001:00006b26       _$E3                       10007b26 f   KMissleSet.obj
 0001:00006b3c       _$E5                       10007b3c f   KMissleSet.obj
 0001:00006b55       _$E4                       10007b55 f   KMissleSet.obj
 0001:00001180       _$E14                      10002180 f   KMissle.obj
 0001:00001196       _$E11                      10002196 f   KMissle.obj
 0001:000011c0       _$E13                      100021c0 f   KMissle.obj
 0001:000011d9       _$E12                      100021d9 f   KMissle.obj
 0001:000011fe       _$E19                      100021fe f   KMissle.obj
 0001:00001214       _$E16                      10002214 f   KMissle.obj
 0001:0000123e       _$E18                      1000223e f   KMissle.obj
 0001:00001257       _$E17                      10002257 f   KMissle.obj
 0001:00080f30       _$$$00001                  10081f30 f   MSVCRTD:chkstk.obj
 0001:00080f3c       probepages                 10081f3c f   MSVCRTD:chkstk.obj
 0001:00080f50       lastpage                   10081f50 f   MSVCRTD:chkstk.obj
 0001:00080ea0       ?ArrayUnwindFilter@@YAHPAU_EXCEPTION_POINTERS@@@Z 10081ea0 f   MSVCRTD:ehvecdtr.obj
