 CoreClient

 Timestamp is 3f42d763 (Wed Aug 20 10:05:23 2003)

 Preferred load address is 10000000

 Start         Length     Name                   Class
 0001:00000000 0004ea98H .text                   CODE
 0001:0004eaa0 00000f6fH .text$x                 CODE
 0002:00000000 00000274H .idata$5                DATA
 0002:00000278 000045ccH .rdata                  DATA
 0002:00004848 00001128H .xdata$x                DATA
 0002:00005970 00000078H .idata$2                DATA
 0002:000059e8 00000014H .idata$3                DATA
 0002:000059fc 00000274H .idata$4                DATA
 0002:00005c70 00000eacH .idata$6                DATA
 0002:00006b20 00001450H .edata                  DATA
 0003:00000000 00000004H .CRT$XCA                DATA
 0003:00000004 000000a4H .CRT$XCU                DATA
 0003:000000a8 00000004H .CRT$XCZ                DATA
 0003:000000ac 00000004H .CRT$XIA                DATA
 0003:000000b0 00000004H .CRT$XIZ                DATA
 0003:000000c0 00004610H .data                   DATA
 0003:000046d0 00ad51ccH .bss                    DATA

  Address         Publics by Value              Rva+Base     Lib:Object

 0001:00000000       ??0KPlayerPartner@@QAE@XZ  10001000 f   KPlayerPartner.obj
 0001:00000020       ?Init@KPlayerPartner@@QAEHHUtPartnerProp@@@Z 10001020 f   KPlayerPartner.obj
 0001:00000070       ?InitData@KPlayerPartner@@AAEHXZ 10001070 f   KPlayerPartner.obj
 0001:00000130       ?Init@KPlayerPartner@@QAEHHHHHHHHHUtPartnerProp@@@Z 10001130 f   KPlayerPartner.obj
 0001:000001b0       ?Init@KPlayerPartner@@QAEHHHHHHUtPartnerProp@@@Z 100011b0 f   KPlayerPartner.obj
 0001:00000220       ?Activate@KPlayerPartner@@QAEHXZ 10001220 f   KPlayerPartner.obj
 0001:00000280       ??4KMapMusic@@QAEAAV0@ABV0@@Z 10001280 f i KMissle.obj
 0001:000002a0       ?GetGameTime@KSubWorldSet@@QAEHXZ 100012a0 f i KMissle.obj
 0001:000002b0       ?GetGameVersion@KSubWorldSet@@QAEHXZ 100012b0 f i KMissle.obj
 0001:000002c0       ?SetPing@KSubWorldSet@@QAEXK@Z 100012c0 f i KMissle.obj
 0001:000002d0       ?GetPing@KSubWorldSet@@QAEKXZ 100012d0 f i KMissle.obj
 0001:000002e0       ??4KSubWorldSet@@QAEAAV0@ABV0@@Z 100012e0 f i KMissle.obj
 0001:00000300       ??1KSubWorldSet@@QAE@XZ    10001300 f i KMissle.obj
 0001:000003d0       ??0KMissle@@QAE@XZ         100013d0 f   KMissle.obj
 0001:00000490       ??_GKMissle@@UAEPAXI@Z     10001490 f i KMissle.obj
 0001:00000490       ??_EKMissle@@UAEPAXI@Z     10001490 f i KMissle.obj
 0001:000004b0       ?Release@KMissle@@AAEXXZ   100014b0 f   KMissle.obj
 0001:000004f0       ??1KMissle@@UAE@XZ         100014f0 f   KMissle.obj
 0001:00000540       ??_GKNode@@UAEPAXI@Z       10001540 f i KMissle.obj
 0001:00000540       ??_EKNode@@UAEPAXI@Z       10001540 f i KMissle.obj
 0001:00000560       ?GetInfoFromTabFile@KMissle@@QAEHH@Z 10001560 f   KMissle.obj
 0001:00000580       ?GetInfoFromTabFile@KMissle@@QAEHPAVKITabFile@@H@Z 10001580 f   KMissle.obj
 0001:00000aa0       ??_GKIndexNode@@UAEPAXI@Z  10001aa0 f i KMissle.obj
 0001:00000aa0       ??_EKIndexNode@@UAEPAXI@Z  10001aa0 f i KMissle.obj
 0001:00000ac0       ??1KIndexNode@@UAE@XZ      10001ac0 f i KMissle.obj
 0001:00000ad0       ?Init@KMissle@@AAEHHHHHH@Z 10001ad0 f   KMissle.obj
 0001:00000af0       ?Activate@KMissle@@QAEHXZ  10001af0 f   KMissle.obj
 0001:00000e10       ?OnWait@KMissle@@AAEXXZ    10001e10 f   KMissle.obj
 0001:00000e20       ?OnCollision@KMissle@@AAEXXZ 10001e20 f   KMissle.obj
 0001:00000e30       ?CheckCollision@KMissle@@AAEHXZ 10001e30 f   KMissle.obj
 0001:00001160       ?OnFly@KMissle@@AAEXXZ     10002160 f   KMissle.obj
 0001:00001a10       ?Send@KWorldMsg@@QAEHKHHH@Z 10002a10 f i KMissle.obj
 0001:00001a80       ??_GKWorldMsgNode@@UAEPAXI@Z 10002a80 f i KMissle.obj
 0001:00001a80       ??_EKWorldMsgNode@@UAEPAXI@Z 10002a80 f i KMissle.obj
 0001:00001aa0       ??1KWorldMsgNode@@UAE@XZ   10002aa0 f i KMissle.obj
 0001:00001ab0       ?OnVanish@KMissle@@AAEXXZ  10002ab0 f   KMissle.obj
 0001:00001ac0       ?Paint@KMissle@@QAEXXZ     10002ac0 f   KMissle.obj
 0001:00001c70       ?CheckBeyondRegion@KMissle@@AAEHHH@Z 10002c70 f   KMissle.obj
 0001:00001f10       ??4KMissle@@AAEAAV0@AAV0@@Z 10002f10 f   KMissle.obj
 0001:000021d0       ?ProcessDamage@KMissle@@AAEHH@Z 100031d0 f   KMissle.obj
 0001:000021e0       ?DoVanish@KMissle@@AAEXXZ  100031e0 f   KMissle.obj
 0001:00002280       ?DoCollision@KMissle@@AAEXXZ 10003280 f   KMissle.obj
 0001:000023e0       ?DoFly@KMissle@@AAEXXZ     100033e0 f   KMissle.obj
 0001:00002400       ?GetOffsetAxis@KMissle@@SAHHHHHHHAAH00@Z 10003400 f   KMissle.obj
 0001:00002510       ?ProcessCollision@KMissle@@AAEHHHHHHH@Z 10003510 f   KMissle.obj
 0001:00002760       ?ProcessCollision@KMissle@@AAEHXZ 10003760 f   KMissle.obj
 0001:000027a0       ?CreateSpecialEffect@KMissle@@QAEHW4eMissleStatus@@HHHH@Z 100037a0 f   KMissle.obj
 0001:00002950       ??_GKSkillSpecialNode@@UAEPAXI@Z 10003950 f i KMissle.obj
 0001:00002950       ??_EKSkillSpecialNode@@UAEPAXI@Z 10003950 f i KMissle.obj
 0001:00002970       ??1KSkillSpecialNode@@UAE@XZ 10003970 f i KMissle.obj
 0001:00002990       ?GetLightInfo@KMissle@@QAEXPAUKLightInfo@@@Z 10003990 f   KMissle.obj
 0001:00002a00       ?DoWait@KMissle@@AAEXXZ    10003a00 f   KMissle.obj
 0001:00002a80       ?PrePareFly@KMissle@@AAEHXZ 10003a80 f   KMissle.obj
 0001:00002d10       ?CheckNearestCollision@KMissle@@AAEHXZ 10003d10 f   KMissle.obj
 0001:00002f80       ?GetMpsPos@KMissle@@QAEXPAH0@Z 10003f80 f   KMissle.obj
 0001:00002fe0       ?GetMoney@KInventory@@QAEHXZ 10003fe0 f i KMissleRes.obj
 0001:00002ff0       ?SetMoney@KInventory@@QAEHH@Z 10003ff0 f i KMissleRes.obj
 0001:00003010       ??4KInventory@@QAEAAV0@ABV0@@Z 10004010 f i KMissleRes.obj
 0001:00003040       ?GetEquipment@KItemList@@QAEHH@Z 10004040 f i KMissleRes.obj
 0001:00003050       ?GetMoney@KItemList@@QAEHH@Z 10004050 f i KMissleRes.obj
 0001:00003070       ?Hand@KItemList@@QAEHXZ    10004070 f i KMissleRes.obj
 0001:00003080       ?IsLockOperation@KItemList@@QAEHXZ 10004080 f i KMissleRes.obj
 0001:00003090       ??4KItemList@@QAEAAV0@ABV0@@Z 10004090 f i KMissleRes.obj
 0001:000030b0       ??0KMissleRes@@QAE@XZ      100040b0 f   KMissleRes.obj
 0001:00003150       ??1KMissleRes@@QAE@XZ      10004150 f   KMissleRes.obj
 0001:000031f0       ??1KList@@QAE@XZ           100041f0 f i KMissleRes.obj
 0001:00003200       ?LoadResource@KMissleRes@@QAEXHPAD0@Z 10004200 f   KMissleRes.obj
 0001:00003270       ?Init@KMissleRes@@QAEHXZ   10004270 f   KMissleRes.obj
 0001:00003280       ?Remove@KMissleRes@@QAEXXZ 10004280 f   KMissleRes.obj
 0001:00003290       ?Clear@KMissleRes@@QAEXXZ  10004290 f   KMissleRes.obj
 0001:00003330       ?Draw@KMissleRes@@QAEHHHHHHHH@Z 10004330 f   KMissleRes.obj
 0001:000035c0       ?PlaySoundA@KMissleRes@@QAEXHHHH@Z 100045c0 f   KMissleRes.obj
 0001:000036a0       ?GetSndVolume@KMissleRes@@QAEHH@Z 100046a0 f   KMissleRes.obj
 0001:000036e0       ?StopSound@KMissleRes@@QAEXXZ 100046e0 f   KMissleRes.obj
 0001:00003730       ??0KMissleSet@@QAE@XZ      10004730 f i KMissleSet.obj
 0001:00003740       ??4KMissleSet@@QAEAAV0@ABV0@@Z 10004740 f i KMissleSet.obj
 0001:00003760       ??1KMissleSet@@QAE@XZ      10004760 f i KMissleSet.obj
 0001:000037f0       ?Init@KMissleSet@@QAEXXZ   100047f0 f   KMissleSet.obj
 0001:00003840       ?FindFree@KMissleSet@@QAEHXZ 10004840 f   KMissleSet.obj
 0001:00003850       ?Add@KMissleSet@@QAEHHHHHHH@Z 10004850 f   KMissleSet.obj
 0001:000038f0       ?Add@KMissleSet@@QAEHHHH@Z 100048f0 f   KMissleSet.obj
 0001:00003a50       ?CreateMissile@KMissleSet@@QAEHHHHHHHHH@Z 10004a50 f   KMissleSet.obj
 0001:00003a80       ?Activate@KMissleSet@@QAEHXZ 10004a80 f   KMissleSet.obj
 0001:00003ab0       ?Remove@KMissleSet@@QAEXH@Z 10004ab0 f   KMissleSet.obj
 0001:00003b00       ?Draw@KMissleSet@@QAEXXZ   10004b00 f   KMissleSet.obj
 0001:00003b20       ?GetCount@KMissleSet@@QAEHXZ 10004b20 f   KMissleSet.obj
 0001:00003b40       ?ClearMissles@KMissleSet@@QAEXXZ 10004b40 f   KMissleSet.obj
 0001:00003b70       ??0KSkillList@@QAE@XZ      10004b70 f   KSkillList.obj
 0001:00003b90       ??1KSkillList@@QAE@XZ      10004b90 f   KSkillList.obj
 0001:00003ba0       ?FindSame@KSkillList@@QAEHH@Z 10004ba0 f   KSkillList.obj
 0001:00003bd0       ?FindFree@KSkillList@@QAEHXZ 10004bd0 f   KSkillList.obj
 0001:00003bf0       ?GetCount@KSkillList@@QAEHXZ 10004bf0 f   KSkillList.obj
 0001:00003c10       ?SetSkillLevel@KSkillList@@QAEXHH@Z 10004c10 f   KSkillList.obj
 0001:00003c50       ?SetLevel@KSkillList@@QAEHHH@Z 10004c50 f   KSkillList.obj
 0001:00003c90       ?IncreaseLevel@KSkillList@@QAEHHH@Z 10004c90 f   KSkillList.obj
 0001:00003d40       ?Add@KSkillList@@QAEHHHHH@Z 10004d40 f   KSkillList.obj
 0001:00003eb0       ?GetLevel@KSkillList@@QAEHH@Z 10004eb0 f   KSkillList.obj
 0001:00003ee0       ?GetCurrentLevel@KSkillList@@QAEHH@Z 10004ee0 f   KSkillList.obj
 0001:00003f10       ?CanCast@KSkillList@@QAEHHK@Z 10004f10 f   KSkillList.obj
 0001:00003f50       ?SetNextCastTime@KSkillList@@QAEXHK@Z 10004f50 f   KSkillList.obj
 0001:00003f80       ?GetSkillSortList@KSkillList@@QAEHPAUKUiSkillData@@@Z 10004f80 f   KSkillList.obj
 0001:00004070       ?GetLeftSkillSortList@KSkillList@@QAEHPAUKUiSkillData@@@Z 10005070 f   KSkillList.obj
 0001:00004170       ?GetRightSkillSortList@KSkillList@@QAEHPAUKUiSkillData@@@Z 10005170 f   KSkillList.obj
 0001:00004270       ?GetSkillPosition@KSkillList@@QAEHH@Z 10005270 f   KSkillList.obj
 0001:00004370       ??0KSkillManager@@QAE@XZ   10005370 f   KSkillManager.obj
 0001:00004380       ??1KSkillManager@@QAE@XZ   10005380 f   KSkillManager.obj
 0001:000043c0       ?Init@KSkillManager@@QAEHXZ 100053c0 f   KSkillManager.obj
 0001:000044d0       ?InstanceSkill@KSkillManager@@AAEPAVISkill@@KK@Z 100054d0 f   KSkillManager.obj
 0001:000045e0       ??4KSkill@@QAEAAV0@ABV0@@Z 100055e0 f i KSkillManager.obj
 0001:00004a80       ??0KSkill@@QAE@XZ          10005a80 f   KSkills.obj
 0001:00004b60       ?GetSkillName@KSkill@@UAEPBDXZ 10005b60 f i KSkills.obj
 0001:00004b70       ?GetSkillStyle@KSkill@@UAEHXZ 10005b70 f i KSkills.obj
 0001:00004b80       ?GetSkillId@KSkill@@UAEHXZ 10005b80 f i KSkills.obj
 0001:00004b90       ??_GKSkill@@UAEPAXI@Z      10005b90 f i KSkills.obj
 0001:00004b90       ??_EKSkill@@UAEPAXI@Z      10005b90 f i KSkills.obj
 0001:00004bb0       ??_H@YGXPAXIHP6EX0@Z@Z     10005bb0 f i KSkills.obj
 0001:00004be0       ??1KSkill@@UAE@XZ          10005be0 f   KSkills.obj
 0001:00004bf0       ?CanCastSkill@KSkill@@QBEHHAAH0@Z 10005bf0 f   KSkills.obj
 0001:00004dc0       ?Cast@KSkill@@QBEHHHHHW4eSkillLauncherType@@@Z 10005dc0 f   KSkills.obj
 0001:00005000       ?Vanish@KSkill@@ABEXPAVKMissle@@@Z 10006000 f   KSkills.obj
 0001:00005010       ?OnMissleEvent@KSkill@@QBEHGPAVKMissle@@@Z 10006010 f   KSkills.obj
 0001:00005220       ?FlyEvent@KSkill@@ABEXPAVKMissle@@@Z 10006220 f   KSkills.obj
 0001:00005230       ?Collidsion@KSkill@@ABEXPAVKMissle@@@Z 10006230 f   KSkills.obj
 0001:00005240       ?CastMissles@KSkill@@ABEHHHHHW4eSkillLauncherType@@@Z 10006240 f   KSkills.obj
 0001:00006a40       ?CastZone@KSkill@@ABEHPAUTOrdinSkillParam@@HHH@Z 10007a40 f   KSkills.obj
 0001:00006ec0       ?CastLine@KSkill@@ABEHPAUTOrdinSkillParam@@HHH@Z 10007ec0 f   KSkills.obj
 0001:00007210       ?CastExtractiveLineMissle@KSkill@@ABEHPAUTOrdinSkillParam@@HHHHHHH@Z 10008210 f   KSkills.obj
 0001:00007500       ?CastWall@KSkill@@ABEHPAUTOrdinSkillParam@@HHH@Z 10008500 f   KSkills.obj
 0001:00007900       ?CastCircle@KSkill@@ABEHPAUTOrdinSkillParam@@HHH@Z 10008900 f   KSkills.obj
 0001:00007c70       ?CastSpread@KSkill@@ABEHPAUTOrdinSkillParam@@HHH@Z 10008c70 f   KSkills.obj
 0001:000081a0       ?GetChildSkillNum@KSkill@@QBEHH@Z 100091a0 f   KSkills.obj
 0001:000081b0       ?CreateMissle@KSkill@@ABEXHHH@Z 100091b0 f   KSkills.obj
 0001:00008420       ?GetInfoFromTabFile@KSkill@@QAEHH@Z 10009420 f   KSkills.obj
 0001:00008440       ?GetInfoFromTabFile@KSkill@@QAEHPAVKITabFile@@H@Z 10009440 f   KSkills.obj
 0001:00008a80       ?LoadSkillLevelData@KSkill@@UAEXKH@Z 10009a80 f   KSkills.obj
 0001:00008de0       ?GetMissleGenerateTime@KSkill@@QBEIH@Z 10009de0 f   KSkills.obj
 0001:00008f00       ?GetSkillIdFromName@KSkill@@SAHPAD@Z 10009f00 f   KSkills.obj
 0001:00008fa0       ?CastInitiativeSkill@KSkill@@ABEHHHHH@Z 10009fa0 f   KSkills.obj
 0001:00008fb0       ?CastPassivitySkill@KSkill@@ABEHHHHH@Z 10009fb0 f   KSkills.obj
 0001:00008fc0       ?ParseString2MagicAttrib@KSkill@@AAEHKPAD0@Z 10009fc0 f   KSkills.obj
 0001:00009430       ?DrawSkillIcon@KSkill@@QAEXHHHH@Z 1000a430 f   KSkills.obj
 0001:000094d0       ?GetDesc@KSkill@@SAXKKPADH_N@Z 1000a4d0 f   KSkills.obj
 0001:00009830       ?GetDescAboutLevel@KSkill@@QAEXPAD@Z 1000a830 f   KSkills.obj
 0001:00009ad0       ?PlayPreCastSound@KSkill@@QBEXHHH@Z 1000aad0 f   KSkills.obj
 0001:00009bb0       ??0KList@@QAE@XZ           1000abb0 f i KSkillSpecial.obj
 0001:00009c00       ??0KSkillSpecial@@QAE@XZ   1000ac00 f   KSkillSpecial.obj
 0001:00009c40       ?Init@KSkillSpecial@@QAEHXZ 1000ac40 f   KSkillSpecial.obj
 0001:00009c60       ?Draw@KSkillSpecial@@QAEXH@Z 1000ac60 f   KSkillSpecial.obj
 0001:00009de0       ?SetAnimation@KSkillSpecial@@QAEXPADI@Z 1000ade0 f   KSkillSpecial.obj
 0001:00009e30       ?Remove@KSkillSpecial@@QAEXXZ 1000ae30 f   KSkillSpecial.obj
 0001:00009e40       ?Init@KFaction@@QAEHXZ     1000ae40 f   KFaction.obj
 0001:0000a2b0       ?GetID@KFaction@@QAEHHH@Z  1000b2b0 f   KFaction.obj
 0001:0000a2e0       ?GetID@KFaction@@QAEHHPAD@Z 1000b2e0 f   KFaction.obj
 0001:0000a370       ?GetCamp@KFaction@@QAEHH@Z 1000b370 f   KFaction.obj
 0001:0000a3f0       ??1KNpc@@QAE@XZ            1000b3f0 f i KNpc.obj
 0001:0000a460       ??0KNpc@@QAE@XZ            1000b460 f   KNpc.obj
 0001:0000a580       ?Init@KNpc@@QAEXXZ         1000b580 f   KNpc.obj
 0001:0000a880       ?SetCurrentCamp@KNpc@@QAEXH@Z 1000b880 f   KNpc.obj
 0001:0000a890       ?SetCamp@KNpc@@QAEXH@Z     1000b890 f   KNpc.obj
 0001:0000a8a0       ?RestoreCurrentCamp@KNpc@@QAEXXZ 1000b8a0 f   KNpc.obj
 0001:0000a8b0       ?Activate@KNpc@@QAEXXZ     1000b8b0 f   KNpc.obj
 0001:0000aab0       ?ProcStatus@KNpc@@QAEXXZ   1000bab0 f   KNpc.obj
 0001:0000ab80       ?ProcCommand@KNpc@@QAEXH@Z 1000bb80 f   KNpc.obj
 0001:0000ad70       ?ProcessState@KNpc@@QAEHXZ 1000bd70 f   KNpc.obj
 0001:0000af90       ?DoDeath@KNpc@@AAEXH@Z     1000bf90 f   KNpc.obj
 0001:0000b050       ?OnDeath@KNpc@@AAEXXZ      1000c050 f   KNpc.obj
 0001:0000b1a0       ?DoDefense@KNpc@@AAEXXZ    1000c1a0 f   KNpc.obj
 0001:0000b1b0       ?OnDefense@KNpc@@AAEXXZ    1000c1b0 f   KNpc.obj
 0001:0000b1c0       ?DoIdle@KNpc@@AAEXXZ       1000c1c0 f   KNpc.obj
 0001:0000b1e0       ?OnIdle@KNpc@@AAEXXZ       1000c1e0 f   KNpc.obj
 0001:0000b1f0       ?DoHurt@KNpc@@AAEXHHH@Z    1000c1f0 f   KNpc.obj
 0001:0000b290       ?OnHurt@KNpc@@AAEXXZ       1000c290 f   KNpc.obj
 0001:0000b4e0       ?DoSpecial1@KNpc@@AAEXXZ   1000c4e0 f   KNpc.obj
 0001:0000b4f0       ?OnSpecial1@KNpc@@AAEXXZ   1000c4f0 f   KNpc.obj
 0001:0000b620       ?DoSpecial2@KNpc@@AAEXXZ   1000c620 f   KNpc.obj
 0001:0000b630       ?OnSpecial2@KNpc@@AAEXXZ   1000c630 f   KNpc.obj
 0001:0000b640       ?DoSpecial3@KNpc@@AAEXXZ   1000c640 f   KNpc.obj
 0001:0000b650       ?OnSpecial3@KNpc@@AAEXXZ   1000c650 f   KNpc.obj
 0001:0000b660       ?DoSpecial4@KNpc@@AAEXXZ   1000c660 f   KNpc.obj
 0001:0000b670       ?OnSpecial4@KNpc@@AAEXXZ   1000c670 f   KNpc.obj
 0001:0000b680       ?DoStand@KNpc@@AAEXXZ      1000c680 f   KNpc.obj
 0001:0000b730       ?OnStand@KNpc@@AAEXXZ      1000c730 f   KNpc.obj
 0001:0000b780       ?DoRevive@KNpc@@AAEXXZ     1000c780 f   KNpc.obj
 0001:0000b850       ?OnRevive@KNpc@@AAEXXZ     1000c850 f   KNpc.obj
 0001:0000b860       ?DoRun@KNpc@@AAEXXZ        1000c860 f   KNpc.obj
 0001:0000b8d0       ?OnRun@KNpc@@AAEXXZ        1000c8d0 f   KNpc.obj
 0001:0000b8f0       ?DoSit@KNpc@@AAEXXZ        1000c8f0 f   KNpc.obj
 0001:0000b930       ?OnSit@KNpc@@AAEXXZ        1000c930 f   KNpc.obj
 0001:0000b950       ?DoSkill@KNpc@@AAEXHH@Z    1000c950 f   KNpc.obj
 0001:0000bdc0       ?DoAttack@KNpc@@AAEXXZ     1000cdc0 f   KNpc.obj
 0001:0000be30       ?CastMeleeSkill@KNpc@@AAEHPAVKSkill@@@Z 1000ce30 f   KNpc.obj
 0001:0000bf90       ?DoBlurAttack@KNpc@@AAEHXZ 1000cf90 f   KNpc.obj
 0001:0000c050       ?DoMagic@KNpc@@AAEXXZ      1000d050 f   KNpc.obj
 0001:0000c0b0       ?OnSkill@KNpc@@AAEXXZ      1000d0b0 f   KNpc.obj
 0001:0000c1f0       ?JumpTo@KNpc@@AAEXHH@Z     1000d1f0 f   KNpc.obj
 0001:0000c230       ?RunTo@KNpc@@AAEXHH@Z      1000d230 f   KNpc.obj
 0001:0000c260       ?Goto@KNpc@@AAEXHH@Z       1000d260 f   KNpc.obj
 0001:0000c290       ?DoWalk@KNpc@@AAEXXZ       1000d290 f   KNpc.obj
 0001:0000c300       ?DoPlayerTalk@KNpc@@QAEXPAD@Z 1000d300 f   KNpc.obj
 0001:0000c310       ?OnPlayerTalk@KNpc@@AAEXXZ 1000d310 f   KNpc.obj
 0001:0000c320       ?OnWalk@KNpc@@AAEXXZ       1000d320 f   KNpc.obj
 0001:0000c340       ?GetSkillLevel@KNpc@@QAEHH@Z 1000d340 f   KNpc.obj
 0001:0000c370       ?ModifyAttrib@KNpc@@QAEXHPAX@Z 1000d370 f   KNpc.obj
 0001:0000c390       ?SetImmediatelySkillEffect@KNpc@@QAEXHPAXH@Z 1000d390 f   KNpc.obj
 0001:0000c3d0       ?AppendSkillEffect@KNpc@@QAEXHHPAX0@Z 1000d3d0 f   KNpc.obj
 0001:0000c7d0       ?ServeMove@KNpc@@AAEXH@Z   1000d7d0 f   KNpc.obj
 0001:0000ccd0       ?ServeJump@KNpc@@AAEXH@Z   1000dcd0 f   KNpc.obj
 0001:0000d0b0       ?SendCommand@KNpc@@QAEXW4NPCCMD@@HHH@Z 1000e0b0 f   KNpc.obj
 0001:0000d0e0       ?NewPath@KNpc@@AAEHHH@Z    1000e0e0 f   KNpc.obj
 0001:0000d100       ?NewJump@KNpc@@AAEHHH@Z    1000e100 f   KNpc.obj
 0001:0000d460       ?SelfDamage@KNpc@@QAEXH@Z  1000e460 f   KNpc.obj
 0001:0000d490       ?Cost@KNpc@@QAEHW4NPCATTRIB@@HH@Z 1000e490 f   KNpc.obj
 0001:0000d570       ?DoJump@KNpc@@AAEXXZ       1000e570 f   KNpc.obj
 0001:0000d5e0       ?OnJump@KNpc@@AAEHXZ       1000e5e0 f   KNpc.obj
 0001:0000d620       ?WaitForFrame@KNpc@@AAEHXZ 1000e620 f   KNpc.obj
 0001:0000d650       ?IsReachFrame@KNpc@@AAEHH@Z 1000e650 f   KNpc.obj
 0001:0000d680       ?Load@KNpc@@QAEXHH@Z       1000e680 f   KNpc.obj
 0001:0000d8e0       ?GetMpsPos@KNpc@@QAEXPAH0@Z 1000e8e0 f   KNpc.obj
 0001:0000d940       ?SetActiveSkill@KNpc@@QAEHH@Z 1000e940 f   KNpc.obj
 0001:0000d9d0       ?SetAuraSkill@KNpc@@QAEXH@Z 1000e9d0 f   KNpc.obj
 0001:0000da70       ?SetPlayerIdx@KNpc@@QAEHH@Z 1000ea70 f   KNpc.obj
 0001:0000daa0       ?PaintInfo@KNpc@@QAEHH_NHK@Z 1000eaa0 f   KNpc.obj
 0001:0000ddd0       ?PaintChat@KNpc@@QAEHH@Z   1000edd0 f   KNpc.obj
 0001:0000df30       ?SetChatInfo@KNpc@@QAEHPBD0G@Z 1000ef30 f   KNpc.obj
 0001:0000e040       ?PaintLife@KNpc@@QAEHH_N@Z 1000f040 f   KNpc.obj
 0001:0000e1b0       ?PaintMana@KNpc@@QAEHH@Z   1000f1b0 f   KNpc.obj
 0001:0000e1c0       ?Paint@KNpc@@QAEXXZ        1000f1c0 f   KNpc.obj
 0001:0000e270       ?AddBaseLifeMax@KNpc@@QAEXH@Z 1000f270 f   KNpc.obj
 0001:0000e290       ?AddCurLifeMax@KNpc@@QAEXH@Z 1000f290 f   KNpc.obj
 0001:0000e2b0       ?AddBaseStaminaMax@KNpc@@QAEXH@Z 1000f2b0 f   KNpc.obj
 0001:0000e2d0       ?AddCurStaminaMax@KNpc@@QAEXH@Z 1000f2d0 f   KNpc.obj
 0001:0000e2f0       ?AddBaseManaMax@KNpc@@QAEXH@Z 1000f2f0 f   KNpc.obj
 0001:0000e310       ?AddCurManaMax@KNpc@@QAEXH@Z 1000f310 f   KNpc.obj
 0001:0000e330       ?CalcCurLifeReplenish@KNpc@@QAEXXZ 1000f330 f   KNpc.obj
 0001:0000e340       ?Remove@KNpc@@QAEXXZ       1000f340 f   KNpc.obj
 0001:0000e360       ?RemoveRes@KNpc@@QAEXXZ    1000f360 f   KNpc.obj
 0001:0000e370       ?SetSeries@KNpc@@QAEXH@Z   1000f370 f   KNpc.obj
 0001:0000e390       ?SetStateSkillEffect@KNpc@@QAEXHHHPAXHH@Z 1000f390 f   KNpc.obj
 0001:0000e5b0       ??_EKStateNode@@UAEPAXI@Z  1000f5b0 f i KNpc.obj
 0001:0000e5b0       ??_GKStateNode@@UAEPAXI@Z  1000f5b0 f i KNpc.obj
 0001:0000e5d0       ??1KStateNode@@UAE@XZ      1000f5d0 f i KNpc.obj
 0001:0000e5e0       ?ModifyMissleCollsion@KNpc@@QAEHH@Z 1000f5e0 f   KNpc.obj
 0001:0000e610       ?ModifyMissleLifeTime@KNpc@@QAEHH@Z 1000f610 f   KNpc.obj
 0001:0000e620       ?ModifyMissleSpeed@KNpc@@QAEHH@Z 1000f620 f   KNpc.obj
 0001:0000e640       ?DoManyAttack@KNpc@@AAEHXZ 1000f640 f   KNpc.obj
 0001:0000e7d0       ?OnManyAttack@KNpc@@AAEXXZ 1000f7d0 f   KNpc.obj
 0001:0000e8d0       ?DoRunAttack@KNpc@@AAEHXZ  1000f8d0 f   KNpc.obj
 0001:0000ebc0       ?OnRunAttack@KNpc@@AAEXXZ  1000fbc0 f   KNpc.obj
 0001:0000edf0       ?DoJumpAttack@KNpc@@AAEHXZ 1000fdf0 f   KNpc.obj
 0001:0000f020       ?OnJumpAttack@KNpc@@AAEHXZ 10010020 f   KNpc.obj
 0001:0000f1c0       ?CheckHitTarget@KNpc@@AAEHHHH@Z 100101c0 f   KNpc.obj
 0001:0000f250       ?GetNpcCopyFromTemplate@KNpc@@QAEXHH@Z 10010250 f   KNpc.obj
 0001:0000f410       ?LoadDataFromTemplate@KNpc@@QAEXHH@Z 10010410 f   KNpc.obj
 0001:0000f590       ?SetPhysicsDamage@KNpc@@QAEXHH@Z 10010590 f   KNpc.obj
 0001:0000f5b0       ?SetBaseAttackRating@KNpc@@QAEXH@Z 100105b0 f   KNpc.obj
 0001:0000f5d0       ?SetBaseDefence@KNpc@@QAEXH@Z 100105d0 f   KNpc.obj
 0001:0000f5f0       ?SetMenuState@KNpc@@QAEXHPADH@Z 100105f0 f   KNpc.obj
 0001:0000f610       ?GetMenuState@KNpc@@QAEHXZ 10010610 f   KNpc.obj
 0001:0000f620       ?SearchAroundID@KNpc@@QAEKK@Z 10010620 f   KNpc.obj
 0001:0000f6a0       ?SetSpecialSpr@KNpc@@QAEXPAD@Z 100106a0 f   KNpc.obj
 0001:0000f6c0       ?SetInstantSpr@KNpc@@QAEXH@Z 100106c0 f   KNpc.obj
 0001:0000f700       ?GetNormalNpcStandDir@KNpc@@QAEHH@Z 10010700 f   KNpc.obj
 0001:0000f720       ?SetNpcState@KNpc@@QAEXPAE@Z 10010720 f   KNpc.obj
 0001:0000f7c0       ?ClearNpcState@KNpc@@QAEXXZ 100107c0 f   KNpc.obj
 0001:0000f820       ?RestoreNpcBaseInfo@KNpc@@QAEXXZ 10010820 f   KNpc.obj
 0001:0000fa80       ?DrawBorder@KNpc@@QAEXXZ   10010a80 f   KNpc.obj
 0001:0000faa0       ?DrawMenuState@KNpc@@QAEHH@Z 10010aa0 f   KNpc.obj
 0001:0000fac0       ?DrawBlood@KNpc@@QAEXXZ    10010ac0 f   KNpc.obj
 0001:0000faf0       ?IsPlayer@KNpc@@QAEHXZ     10010af0 f   KNpc.obj
 0001:0000fb10       ?ClearStateSkillEffect@KNpc@@QAEXXZ 10010b10 f   KNpc.obj
 0001:0000fbd0       ?ClearNormalState@KNpc@@QAEXXZ 10010bd0 f   KNpc.obj
 0001:0000fcf0       ?CheckTrap@KNpc@@QAEXXZ    10010cf0 f   KNpc.obj
 0001:0000fd90       ?SetFightMode@KNpc@@QAEXH@Z 10010d90 f   KNpc.obj
 0001:0000fda0       ?TurnTo@KNpc@@QAEXH@Z      10010da0 f   KNpc.obj
 0001:0000fec0       ?ReCalcStateEffect@KNpc@@QAEXXZ 10010ec0 f   KNpc.obj
 0001:0000ff40       ?GetCurActiveWeaponSkill@KNpc@@QAEHXZ 10010f40 f   KNpc.obj
 0001:00010000       ?HurtAutoMove@KNpc@@AAEXXZ 10011000 f   KNpc.obj
 0001:000103b0       ?ProcNetCommand@KNpc@@QAEXW4NPCCMD@@HHH@Z 100113b0 f   KNpc.obj
 0001:00010410       ?ClearBlood@KNpc@@QAEXXZ   10011410 f   KNpc.obj
 0001:00010430       ?SetBlood@KNpc@@QAEXH@Z    10011430 f   KNpc.obj
 0001:00010470       ?PaintBlood@KNpc@@QAEHH@Z  10011470 f   KNpc.obj
 0001:00010560       ?GetNpcPate@KNpc@@QAEHXZ   10011560 f   KNpc.obj
 0001:000105d0       ?GetNpcPatePeopleInfo@KNpc@@QAEHXZ 100115d0 f   KNpc.obj
 0001:00010680       ??0KNpcAI@@QAE@XZ          10011680 f   KNpcAI.obj
 0001:00010690       ?Activate@KNpcAI@@QAEXH@Z  10011690 f   KNpcAI.obj
 0001:00010780       ?ProcessShowNpc@KNpcAI@@AAEHXZ 10011780 f   KNpcAI.obj
 0001:00010840       ?ShowNpcType11@KNpcAI@@AAEHXZ 10011840 f   KNpcAI.obj
 0001:000109b0       ?ShowNpcType12@KNpcAI@@AAEHXZ 100119b0 f   KNpcAI.obj
 0001:00010b20       ?ShowNpcType13@KNpcAI@@AAEHXZ 10011b20 f   KNpcAI.obj
 0001:00010cc0       ?ShowNpcType14@KNpcAI@@AAEHXZ 10011cc0 f   KNpcAI.obj
 0001:00010e40       ?ShowNpcType15@KNpcAI@@AAEHXZ 10011e40 f   KNpcAI.obj
 0001:00010f80       ?ShowNpcType16@KNpcAI@@AAEHXZ 10011f80 f   KNpcAI.obj
 0001:00011100       ?ShowNpcType17@KNpcAI@@AAEHXZ 10012100 f   KNpcAI.obj
 0001:00011290       ?ProcessPlayer@KNpcAI@@AAEXXZ 10012290 f   KNpcAI.obj
 0001:000112f0       ?FollowObject@KNpcAI@@AAEXH@Z 100122f0 f   KNpcAI.obj
 0001:00011380       ?FollowPeople@KNpcAI@@AAEXH@Z 10012380 f   KNpcAI.obj
 0001:00011740       ?TriggerMapTrap@KNpcAI@@AAEXXZ 10012740 f   KNpcAI.obj
 0001:00011760       ?TriggerObjectTrap@KNpcAI@@AAEXXZ 10012760 f   KNpcAI.obj
 0001:00011770       ?GetNearestNpc@KNpcAI@@AAEHH@Z 10012770 f   KNpcAI.obj
 0001:00011d90       ?IsPlayerCome@KNpcAI@@AAEHXZ 10012d90 f   KNpcAI.obj
 0001:00011df0       ?GetNpcNumber@KNpcAI@@AAEHH@Z 10012df0 f   KNpcAI.obj
 0001:00012070       ?KeepAttackRange@KNpcAI@@AAEXHH@Z 10013070 f   KNpcAI.obj
 0001:000121e0       ?GetRandomNumber@@YAHHH@Z  100131e0 f i KNpcAI.obj
 0001:00012200       ?FollowAttack@KNpcAI@@AAEXH@Z 10013200 f   KNpcAI.obj
 0001:00012300       ?InEyeshot@KNpcAI@@AAEHH@Z 10013300 f   KNpcAI.obj
 0001:00012340       ?CommonAction@KNpcAI@@AAEXXZ 10013340 f   KNpcAI.obj
 0001:00012430       ?KeepActiveRange@KNpcAI@@AAEHXZ 10013430 f   KNpcAI.obj
 0001:00012520       ?DoShowFlee@KNpcAI@@AAEHH@Z 10013520 f   KNpcAI.obj
 0001:00012670       ?Flee@KNpcAI@@AAEXH@Z      10013670 f   KNpcAI.obj
 0001:00012720       ?ProcessAIType01@KNpcAI@@AAEXXZ 10013720 f   KNpcAI.obj
 0001:000128c0       ?ProcessAIType02@KNpcAI@@AAEXXZ 100138c0 f   KNpcAI.obj
 0001:00012b30       ?ProcessAIType03@KNpcAI@@AAEXXZ 10013b30 f   KNpcAI.obj
 0001:00012d30       ?ProcessAIType04@KNpcAI@@AAEXXZ 10013d30 f   KNpcAI.obj
 0001:00012eb0       ?ProcessAIType05@KNpcAI@@AAEXXZ 10013eb0 f   KNpcAI.obj
 0001:000130d0       ?ProcessAIType06@KNpcAI@@AAEXXZ 100140d0 f   KNpcAI.obj
 0001:000132c0       ??0KNpcAttribModify@@QAE@XZ 100142c0 f   KNpcAttribModify.obj
 0001:00013620       ??1KNpcAttribModify@@QAE@XZ 10014620 f   KNpcAttribModify.obj
 0001:00013630       ?ModifyAttrib@KNpcAttribModify@@QAEXPAVKNpc@@PAX@Z 10014630 f   KNpcAttribModify.obj
 0001:00013660       ?AddColdDamageV@KNpcAttribModify@@AAEXPAVKNpc@@PAX@Z 10014660 f   KNpcAttribModify.obj
 0001:000136f0       ?AddFireDamageV@KNpcAttribModify@@AAEXPAVKNpc@@PAX@Z 100146f0 f   KNpcAttribModify.obj
 0001:00013740       ?AddLightingDamageV@KNpcAttribModify@@AAEXPAVKNpc@@PAX@Z 10014740 f   KNpcAttribModify.obj
 0001:00013790       ?AddPhysicsDamageP@KNpcAttribModify@@AAEXPAVKNpc@@PAX@Z 10014790 f   KNpcAttribModify.obj
 0001:000138f0       ?AddPoisonDamageV@KNpcAttribModify@@AAEXPAVKNpc@@PAX@Z 100148f0 f   KNpcAttribModify.obj
 0001:00013970       ?AddPhysicsDamageV@KNpcAttribModify@@AAEXPAVKNpc@@PAX@Z 10014970 f   KNpcAttribModify.obj
 0001:000139b0       ?AllresP@KNpcAttribModify@@AAEXPAVKNpc@@PAX@Z 100149b0 f   KNpcAttribModify.obj
 0001:00013a30       ?AllSkillV@KNpcAttribModify@@AAEXPAVKNpc@@PAX@Z 10014a30 f   KNpcAttribModify.obj
 0001:00013a60       ?AttackRatingP@KNpcAttribModify@@AAEXPAVKNpc@@PAX@Z 10014a60 f   KNpcAttribModify.obj
 0001:00013ad0       ?AttackRatingV@KNpcAttribModify@@AAEXPAVKNpc@@PAX@Z 10014ad0 f   KNpcAttribModify.obj
 0001:00013b10       ?AttackSpeedV@KNpcAttribModify@@AAEXPAVKNpc@@PAX@Z 10014b10 f   KNpcAttribModify.obj
 0001:00013b50       ?BadStatusTimeReduceV@KNpcAttribModify@@AAEXPAVKNpc@@PAX@Z 10014b50 f   KNpcAttribModify.obj
 0001:00013b60       ?BurnTimeReduceP@KNpcAttribModify@@AAEXPAVKNpc@@PAX@Z 10014b60 f   KNpcAttribModify.obj
 0001:00013bb0       ?CastSpeedV@KNpcAttribModify@@AAEXPAVKNpc@@PAX@Z 10014bb0 f   KNpcAttribModify.obj
 0001:00013bf0       ?ChangeCampV@KNpcAttribModify@@AAEXPAVKNpc@@PAX@Z 10014bf0 f   KNpcAttribModify.obj
 0001:00013c40       ?ColdArmorV@KNpcAttribModify@@AAEXPAVKNpc@@PAX@Z 10014c40 f   KNpcAttribModify.obj
 0001:00013cb0       ?ColdresP@KNpcAttribModify@@AAEXPAVKNpc@@PAX@Z 10014cb0 f   KNpcAttribModify.obj
 0001:00013cf0       ?DeadlyStrikeP@KNpcAttribModify@@AAEXPAVKNpc@@PAX@Z 10014cf0 f   KNpcAttribModify.obj
 0001:00013d30       ?DexterityV@KNpcAttribModify@@AAEXPAVKNpc@@PAX@Z 10014d30 f   KNpcAttribModify.obj
 0001:00013d90       ?EarthSkillV@KNpcAttribModify@@AAEXPAVKNpc@@PAX@Z 10014d90 f   KNpcAttribModify.obj
 0001:00013dc0       ?EnergyV@KNpcAttribModify@@AAEXPAVKNpc@@PAX@Z 10014dc0 f   KNpcAttribModify.obj
 0001:00013e20       ?FastHitRecoverV@KNpcAttribModify@@AAEXPAVKNpc@@PAX@Z 10014e20 f   KNpcAttribModify.obj
 0001:00013e60       ?FastWalkRunP@KNpcAttribModify@@AAEXPAVKNpc@@PAX@Z 10014e60 f   KNpcAttribModify.obj
 0001:00013ee0       ?FireArmorV@KNpcAttribModify@@AAEXPAVKNpc@@PAX@Z 10014ee0 f   KNpcAttribModify.obj
 0001:00013f50       ?FireSkillV@KNpcAttribModify@@AAEXPAVKNpc@@PAX@Z 10014f50 f   KNpcAttribModify.obj
 0001:00013f80       ?FreezeTimeReduceP@KNpcAttribModify@@AAEXPAVKNpc@@PAX@Z 10014f80 f   KNpcAttribModify.obj
 0001:00013fe0       ?KnockBackP@KNpcAttribModify@@AAEXPAVKNpc@@PAX@Z 10014fe0 f   KNpcAttribModify.obj
 0001:00014020       ?LifeMaxP@KNpcAttribModify@@AAEXPAVKNpc@@PAX@Z 10015020 f   KNpcAttribModify.obj
 0001:00014090       ?LifeMaxV@KNpcAttribModify@@AAEXPAVKNpc@@PAX@Z 10015090 f   KNpcAttribModify.obj
 0001:000140d0       ?LifeReplenishV@KNpcAttribModify@@AAEXPAVKNpc@@PAX@Z 100150d0 f   KNpcAttribModify.obj
 0001:00014110       ?LifeV@KNpcAttribModify@@AAEXPAVKNpc@@PAX@Z 10015110 f   KNpcAttribModify.obj
 0001:00014150       ?LightingArmorV@KNpcAttribModify@@AAEXPAVKNpc@@PAX@Z 10015150 f   KNpcAttribModify.obj
 0001:000141c0       ?LightingresP@KNpcAttribModify@@AAEXPAVKNpc@@PAX@Z 100151c0 f   KNpcAttribModify.obj
 0001:00014200       ?LuckyV@KNpcAttribModify@@AAEXPAVKNpc@@PAX@Z 10015200 f   KNpcAttribModify.obj
 0001:00014240       ?ManaMaxP@KNpcAttribModify@@AAEXPAVKNpc@@PAX@Z 10015240 f   KNpcAttribModify.obj
 0001:000142b0       ?ManaMaxV@KNpcAttribModify@@AAEXPAVKNpc@@PAX@Z 100152b0 f   KNpcAttribModify.obj
 0001:000142f0       ?ManaReplenishV@KNpcAttribModify@@AAEXPAVKNpc@@PAX@Z 100152f0 f   KNpcAttribModify.obj
 0001:00014330       ?ManaV@KNpcAttribModify@@AAEXPAVKNpc@@PAX@Z 10015330 f   KNpcAttribModify.obj
 0001:00014370       ?ManaShieldP@KNpcAttribModify@@AAEXPAVKNpc@@PAX@Z 10015370 f   KNpcAttribModify.obj
 0001:000143b0       ?MeleeDamageReturnP@KNpcAttribModify@@AAEXPAVKNpc@@PAX@Z 100153b0 f   KNpcAttribModify.obj
 0001:000143f0       ?MeleeDamageReturnV@KNpcAttribModify@@AAEXPAVKNpc@@PAX@Z 100153f0 f   KNpcAttribModify.obj
 0001:00014430       ?MetalSkillV@KNpcAttribModify@@AAEXPAVKNpc@@PAX@Z 10015430 f   KNpcAttribModify.obj
 0001:00014460       ?PhysicsArmorV@KNpcAttribModify@@AAEXPAVKNpc@@PAX@Z 10015460 f   KNpcAttribModify.obj
 0001:000144d0       ?PhysicsresP@KNpcAttribModify@@AAEXPAVKNpc@@PAX@Z 100154d0 f   KNpcAttribModify.obj
 0001:00014510       ?Damage2ManaP@KNpcAttribModify@@AAEXPAVKNpc@@PAX@Z 10015510 f   KNpcAttribModify.obj
 0001:00014550       ?PoisonArmorV@KNpcAttribModify@@AAEXPAVKNpc@@PAX@Z 10015550 f   KNpcAttribModify.obj
 0001:000145c0       ?PoisonDamageReduceV@KNpcAttribModify@@AAEXPAVKNpc@@PAX@Z 100155c0 f   KNpcAttribModify.obj
 0001:00014610       ?PoisonresP@KNpcAttribModify@@AAEXPAVKNpc@@PAX@Z 10015610 f   KNpcAttribModify.obj
 0001:00014650       ?PoisonTimeReduceP@KNpcAttribModify@@AAEXPAVKNpc@@PAX@Z 10015650 f   KNpcAttribModify.obj
 0001:000146b0       ?RangeDamageReturnV@KNpcAttribModify@@AAEXPAVKNpc@@PAX@Z 100156b0 f   KNpcAttribModify.obj
 0001:000146f0       ?RangeDamageReturnP@KNpcAttribModify@@AAEXPAVKNpc@@PAX@Z 100156f0 f   KNpcAttribModify.obj
 0001:00014730       ?SlowMissleB@KNpcAttribModify@@AAEXPAVKNpc@@PAX@Z 10015730 f   KNpcAttribModify.obj
 0001:00014770       ?StaminaMaxP@KNpcAttribModify@@AAEXPAVKNpc@@PAX@Z 10015770 f   KNpcAttribModify.obj
 0001:000147e0       ?StaminaMaxV@KNpcAttribModify@@AAEXPAVKNpc@@PAX@Z 100157e0 f   KNpcAttribModify.obj
 0001:00014820       ?StaminaReplenishV@KNpcAttribModify@@AAEXPAVKNpc@@PAX@Z 10015820 f   KNpcAttribModify.obj
 0001:00014860       ?StaminaV@KNpcAttribModify@@AAEXPAVKNpc@@PAX@Z 10015860 f   KNpcAttribModify.obj
 0001:000148a0       ?StealLifeP@KNpcAttribModify@@AAEXPAVKNpc@@PAX@Z 100158a0 f   KNpcAttribModify.obj
 0001:000148e0       ?StealManaP@KNpcAttribModify@@AAEXPAVKNpc@@PAX@Z 100158e0 f   KNpcAttribModify.obj
 0001:00014920       ?StealStaminaP@KNpcAttribModify@@AAEXPAVKNpc@@PAX@Z 10015920 f   KNpcAttribModify.obj
 0001:00014960       ?StrengthV@KNpcAttribModify@@AAEXPAVKNpc@@PAX@Z 10015960 f   KNpcAttribModify.obj
 0001:000149c0       ?StunTimeReduceP@KNpcAttribModify@@AAEXPAVKNpc@@PAX@Z 100159c0 f   KNpcAttribModify.obj
 0001:00014a10       ?VisionRadiusP@KNpcAttribModify@@AAEXPAVKNpc@@PAX@Z 10015a10 f   KNpcAttribModify.obj
 0001:00014a50       ?VitalityV@KNpcAttribModify@@AAEXPAVKNpc@@PAX@Z 10015a50 f   KNpcAttribModify.obj
 0001:00014ab0       ?WaterSkillV@KNpcAttribModify@@AAEXPAVKNpc@@PAX@Z 10015ab0 f   KNpcAttribModify.obj
 0001:00014ae0       ?WoodSkillV@KNpcAttribModify@@AAEXPAVKNpc@@PAX@Z 10015ae0 f   KNpcAttribModify.obj
 0001:00014b10       ?FireresP@KNpcAttribModify@@AAEXPAVKNpc@@PAX@Z 10015b10 f   KNpcAttribModify.obj
 0001:00014b50       ?ArmorDefenseV@KNpcAttribModify@@AAEXPAVKNpc@@PAX@Z 10015b50 f   KNpcAttribModify.obj
 0001:00014b90       ?ColdEnhanceP@KNpcAttribModify@@AAEXPAVKNpc@@PAX@Z 10015b90 f   KNpcAttribModify.obj
 0001:00014bd0       ?FireEnhanceP@KNpcAttribModify@@AAEXPAVKNpc@@PAX@Z 10015bd0 f   KNpcAttribModify.obj
 0001:00014c10       ?LightingEnhanceP@KNpcAttribModify@@AAEXPAVKNpc@@PAX@Z 10015c10 f   KNpcAttribModify.obj
 0001:00014c50       ?PoisonEnhanceP@KNpcAttribModify@@AAEXPAVKNpc@@PAX@Z 10015c50 f   KNpcAttribModify.obj
 0001:00014c90       ?LifePotionV@KNpcAttribModify@@AAEXPAVKNpc@@PAX@Z 10015c90 f   KNpcAttribModify.obj
 0001:00014cf0       ?ManaPotionV@KNpcAttribModify@@AAEXPAVKNpc@@PAX@Z 10015cf0 f   KNpcAttribModify.obj
 0001:00014d50       ?PhysicsResMaxP@KNpcAttribModify@@AAEXPAVKNpc@@PAX@Z 10015d50 f   KNpcAttribModify.obj
 0001:00014d90       ?ColdResMaxP@KNpcAttribModify@@AAEXPAVKNpc@@PAX@Z 10015d90 f   KNpcAttribModify.obj
 0001:00014dd0       ?FireResMaxP@KNpcAttribModify@@AAEXPAVKNpc@@PAX@Z 10015dd0 f   KNpcAttribModify.obj
 0001:00014e10       ?LightingResMaxP@KNpcAttribModify@@AAEXPAVKNpc@@PAX@Z 10015e10 f   KNpcAttribModify.obj
 0001:00014e50       ?PoisonResMaxP@KNpcAttribModify@@AAEXPAVKNpc@@PAX@Z 10015e50 f   KNpcAttribModify.obj
 0001:00014e90       ?AllResMaxP@KNpcAttribModify@@AAEXPAVKNpc@@PAX@Z 10015e90 f   KNpcAttribModify.obj
 0001:00014f10       ?FatallyStrikeP@KNpcAttribModify@@AAEXPAVKNpc@@PAX@Z 10015f10 f   KNpcAttribModify.obj
 0001:00014f20       ?MixPoisonDamage@KNpcAttribModify@@QAEXPAUKMagicAttrib@@0@Z 10015f20 f   KNpcAttribModify.obj
 0001:00014ff0       ?Init@KNpcDeathCalcExp@@QAEXH@Z 10015ff0 f   KNpcDeathCalcExp.obj
 0001:00015020       ?Active@KNpcDeathCalcExp@@QAEXXZ 10016020 f   KNpcDeathCalcExp.obj
 0001:00015070       ?Clear@KNpcDeathCalcExp@@QAEXXZ 10016070 f   KNpcDeathCalcExp.obj
 0001:00015090       ??0KNpcFindPath@@QAE@XZ    10016090 f   KNpcFindPath.obj
 0001:000150b0       ?Init@KNpcFindPath@@QAEXH@Z 100160b0 f   KNpcFindPath.obj
 0001:000150e0       ?GetDir@KNpcFindPath@@QAEHHHHHHHPAH@Z 100160e0 f   KNpcFindPath.obj
 0001:000156a0       ?Dir64To8@KNpcFindPath@@QAEHH@Z 100166a0 f   KNpcFindPath.obj
 0001:000156b0       ?Dir8To64@KNpcFindPath@@QAEHH@Z 100166b0 f   KNpcFindPath.obj
 0001:000156c0       ?CheckDistance@KNpcFindPath@@QAEHHHHHH@Z 100166c0 f   KNpcFindPath.obj
 0001:00015700       ?CheckBarrier@KNpcFindPath@@QAEHHH@Z 10016700 f   KNpcFindPath.obj
 0001:00015770       ?Init@KNpcGold@@QAEXH@Z    10016770 f   KNpcGold.obj
 0001:000157b0       ?SetGoldType@KNpcGold@@QAEXH@Z 100167b0 f   KNpcGold.obj
 0001:000157d0       ?SetGoldTypeAndBackData@KNpcGold@@QAEXXZ 100167d0 f   KNpcGold.obj
 0001:00015850       ?RecoverBackData@KNpcGold@@QAEXXZ 10016850 f   KNpcGold.obj
 0001:00015b70       ?RandChangeGold@KNpcGold@@QAEXXZ 10016b70 f   KNpcGold.obj
 0001:00015ee0       ?GetGoldType@KNpcGold@@QAEHXZ 10016ee0 f   KNpcGold.obj
 0001:00015f00       ?SetGoldCurrentType@KNpcGold@@QAEXH@Z 10016f00 f   KNpcGold.obj
 0001:00015f30       ??0KNpcGoldTemplate@@QAE@XZ 10016f30 f   KNpcGold.obj
 0001:00015f50       ?Init@KNpcGoldTemplate@@QAEHXZ 10016f50 f   KNpcGold.obj
 0001:000161e0       ??0KNpcRes@@QAE@XZ         100171e0 f   KNpcRes.obj
 0001:000162b0       ?Init@KNpcRes@@QAEHPADPAVKNpcResList@@@Z 100172b0 f   KNpcRes.obj
 0001:000164d0       ?Remove@KNpcRes@@QAEXH@Z   100174d0 f   KNpcRes.obj
 0001:00016500       ?Draw@KNpcRes@@QAEXHHHHH@Z 10017500 f   KNpcRes.obj
 0001:00016d50       ?GetShadowName@KNpcRes@@SAXPAD0@Z 10017d50 f   KNpcRes.obj
 0001:00016d70       ??1KNpcRes@@QAE@XZ         10017d70 f   KNpcRes.obj
 0001:00016d80       ?SetHelm@KNpcRes@@QAEHH@Z  10017d80 f   KNpcRes.obj
 0001:00016e70       ?SetArmor@KNpcRes@@QAEHH@Z 10017e70 f   KNpcRes.obj
 0001:00016f60       ?SetWeapon@KNpcRes@@QAEHH@Z 10017f60 f   KNpcRes.obj
 0001:000172d0       ?SetHorse@KNpcRes@@QAEHH@Z 100182d0 f   KNpcRes.obj
 0001:000173d0       ?SetAction@KNpcRes@@QAEHH@Z 100183d0 f   KNpcRes.obj
 0001:00017740       ?SetRideHorse@KNpcRes@@QAEHH@Z 10018740 f   KNpcRes.obj
 0001:00017aa0       ?SetPos@KNpcRes@@QAEXHHHHHH@Z 10018aa0 f   KNpcRes.obj
 0001:00017b00       ?SetState@KNpcRes@@QAEXPAVKList@@PAVKNpcResList@@@Z 10018b00 f   KNpcRes.obj
 0001:00017d20       ?SetSpecialSpr@KNpcRes@@QAEXPAD@Z 10018d20 f   KNpcRes.obj
 0001:00017dd0       ?SetMenuStateSpr@KNpcRes@@AAEXH@Z 10018dd0 f   KNpcRes.obj
 0001:00017ec0       ?SetBlur@KNpcRes@@QAEXH@Z  10018ec0 f   KNpcRes.obj
 0001:00017ef0       ?GetSoundName@KNpcRes@@AAEXXZ 10018ef0 f   KNpcRes.obj
 0001:00017f10       ?PlaySoundA@KNpcRes@@AAEXHH@Z 10018f10 f   KNpcRes.obj
 0001:00017ff0       ?StopSound@KNpcRes@@QAEXXZ 10018ff0 f   KNpcRes.obj
 0001:00018030       ?SetMenuState@KNpcRes@@QAEXHPADH@Z 10019030 f   KNpcRes.obj
 0001:00018070       ?GetMenuState@KNpcRes@@QAEHXZ 10019070 f   KNpcRes.obj
 0001:00018090       ?SetSleepState@KNpcRes@@QAEXH@Z 10019090 f   KNpcRes.obj
 0001:000180e0       ?GetSleepState@KNpcRes@@QAEHXZ 100190e0 f   KNpcRes.obj
 0001:000180f0       ?DrawBorder@KNpcRes@@QAEXXZ 100190f0 f   KNpcRes.obj
 0001:00018200       ?DrawMenuState@KNpcRes@@QAEHH@Z 10019200 f   KNpcRes.obj
 0001:000182f0       ?GetNormalNpcStandDir@KNpcRes@@QAEHH@Z 100192f0 f   KNpcRes.obj
 0001:00018330       ??0KStateSpr@@QAE@XZ       10019330 f   KNpcRes.obj
 0001:00018350       ?Release@KStateSpr@@QAEXXZ 10019350 f   KNpcRes.obj
 0001:00018370       ??0KNpcBlur@@QAE@XZ        10019370 f   KNpcRes.obj
 0001:00018390       ??1KNpcBlur@@QAE@XZ        10019390 f   KNpcRes.obj
 0001:000183a0       ?SetNextNo@KNpcBlur@@QAEXXZ 100193a0 f   KNpcRes.obj
 0001:000183c0       ?SetMapPos@KNpcBlur@@QAEXHHHH@Z 100193c0 f   KNpcRes.obj
 0001:00018420       ?ChangeAlpha@KNpcBlur@@QAEXXZ 10019420 f   KNpcRes.obj
 0001:000184d0       ?ClearCurNo@KNpcBlur@@QAEXXZ 100194d0 f   KNpcRes.obj
 0001:00018500       ?SetFile@KNpcBlur@@QAEXHPADHHHHH@Z 10019500 f   KNpcRes.obj
 0001:00018630       ?Draw@KNpcBlur@@QAEXH@Z    10019630 f   KNpcRes.obj
 0001:00018670       ?NowGetBlur@KNpcBlur@@QAEHXZ 10019670 f   KNpcRes.obj
 0001:00018680       ?Init@KNpcBlur@@QAEHXZ     10019680 f   KNpcRes.obj
 0001:000186c0       ?Remove@KNpcBlur@@QAEXXZ   100196c0 f   KNpcRes.obj
 0001:00018700       ?AddObj@KNpcBlur@@QAEXXZ   10019700 f   KNpcRes.obj
 0001:00018710       ?RemoveObj@KNpcBlur@@QAEXXZ 10019710 f   KNpcRes.obj
 0001:00018760       ??0KNpcResList@@QAE@XZ     10019760 f   KNpcResList.obj
 0001:000187e0       ??1KNpcResList@@QAE@XZ     100197e0 f   KNpcResList.obj
 0001:00018870       ?Init@KNpcResList@@QAEHXZ  10019870 f   KNpcResList.obj
 0001:000188c0       ?FindNpcRes@KNpcResList@@AAEPAVKNpcResNode@@PAD@Z 100198c0 f   KNpcResList.obj
 0001:00018990       ?AddNpcRes@KNpcResList@@QAEPAVKNpcResNode@@PAD@Z 10019990 f   KNpcResList.obj
 0001:00018a60       ??0KNpcResNode@@QAE@XZ     10019a60 f   KNpcResNode.obj
 0001:00018b50       ??_GKNpcResNode@@UAEPAXI@Z 10019b50 f i KNpcResNode.obj
 0001:00018b50       ??_EKNpcResNode@@UAEPAXI@Z 10019b50 f i KNpcResNode.obj
 0001:00018b70       ??1KNpcResNode@@UAE@XZ     10019b70 f   KNpcResNode.obj
 0001:00018c10       ?Init@KNpcResNode@@QAEHPADPAVCActionName@@1@Z 10019c10 f   KNpcResNode.obj
 0001:00019a90       ??1KNode@@UAE@XZ           1001aa90 f i KNpcResNode.obj
 0001:00019aa0       ?ComposePathAndName@KNpcResNode@@QAEXPAD00@Z 1001aaa0 f   KNpcResNode.obj
 0001:00019ba0       ?CheckPartExist@KNpcResNode@@QAEHH@Z 1001aba0 f   KNpcResNode.obj
 0001:00019bd0       ?GetFileName@KNpcResNode@@QAEHHHHPAD0H@Z 1001abd0 f   KNpcResNode.obj
 0001:00019c10       ?GetInterval@KNpcResNode@@QAEHHHHH@Z 1001ac10 f   KNpcResNode.obj
 0001:00019c50       ?GetTotalFrames@KNpcResNode@@QAEHHHHH@Z 1001ac50 f   KNpcResNode.obj
 0001:00019c90       ?GetTotalDirs@KNpcResNode@@QAEHHHHH@Z 1001ac90 f   KNpcResNode.obj
 0001:00019cd0       ?GetActNo@KNpcResNode@@QAEHHHH@Z 1001acd0 f   KNpcResNode.obj
 0001:00019d10       ?GetSort@KNpcResNode@@QAEHHHHPAHH@Z 1001ad10 f   KNpcResNode.obj
 0001:00019d70       ?GetActionSoundName@KNpcResNode@@QAEXHPAD@Z 1001ad70 f   KNpcResNode.obj
 0001:00019db0       ?GetShadowName@KNpcResNode@@SAXPAD0@Z 1001adb0 f   KNpcResNode.obj
 0001:00019e40       ??0CActionName@@QAE@XZ     1001ae40 f   KNpcResNode.obj
 0001:00019e70       ?Init@CActionName@@QAEHPAD@Z 1001ae70 f   KNpcResNode.obj
 0001:00019f90       ?GetActionNo@CActionName@@QAEHPAD@Z 1001af90 f   KNpcResNode.obj
 0001:0001a010       ?GetActionCount@CActionName@@QAEHXZ 1001b010 f   KNpcResNode.obj
 0001:0001a020       ?GetActionName@CActionName@@QAEHHPADH@Z 1001b020 f   KNpcResNode.obj
 0001:0001a090       ??0CShadowFileName@@QAE@XZ 1001b090 f   KNpcResNode.obj
 0001:0001a0a0       ??1CShadowFileName@@QAE@XZ 1001b0a0 f   KNpcResNode.obj
 0001:0001a0d0       ?Init@CShadowFileName@@QAEXH@Z 1001b0d0 f   KNpcResNode.obj
 0001:0001a130       ?GetFile@CShadowFileName@@QAEHHPAH0000PAD@Z 1001b130 f   KNpcResNode.obj
 0001:0001a1c0       ??0CStateMagicTable@@QAE@XZ 1001b1c0 f   KNpcResNode.obj
 0001:0001a220       ?Init@CStateMagicTable@@QAEHXZ 1001b220 f   KNpcResNode.obj
 0001:0001a480       ?GetInfo@CStateMagicTable@@QAEXHPADPAH111111@Z 1001b480 f   KNpcResNode.obj
 0001:0001a590       ??0CRESINFO@@QAE@XZ        1001b590 f   KNpcResNode.obj
 0001:0001a5a0       ??1CRESINFO@@QAE@XZ        1001b5a0 f   KNpcResNode.obj
 0001:0001a5b0       ?AutoDelete@CRESINFO@@QAEXXZ 1001b5b0 f   KNpcResNode.obj
 0001:0001a5e0       ?AutoNew@CRESINFO@@QAEHHH@Z 1001b5e0 f   KNpcResNode.obj
 0001:0001a690       ?GetName@CRESINFO@@QAEHHHPAD0H@Z 1001b690 f   KNpcResNode.obj
 0001:0001a720       ?GetInterval@CRESINFO@@QAEHHHH@Z 1001b720 f   KNpcResNode.obj
 0001:0001a760       ?GetTotalFrames@CRESINFO@@QAEHHHH@Z 1001b760 f   KNpcResNode.obj
 0001:0001a7a0       ?GetTotalDirs@CRESINFO@@QAEHHHH@Z 1001b7a0 f   KNpcResNode.obj
 0001:0001a7e0       ??0CEquipStyleTable@@QAE@XZ 1001b7e0 f   KNpcResNode.obj
 0001:0001a7f0       ??1CEquipStyleTable@@QAE@XZ 1001b7f0 f   KNpcResNode.obj
 0001:0001a800       ?AutoDelete@CEquipStyleTable@@QAEXXZ 1001b800 f   KNpcResNode.obj
 0001:0001a830       ?AutoNew@CEquipStyleTable@@QAEHHH@Z 1001b830 f   KNpcResNode.obj
 0001:0001a890       ?SetValue@CEquipStyleTable@@QAEXHHH@Z 1001b890 f   KNpcResNode.obj
 0001:0001a8d0       ?GetValue@CEquipStyleTable@@QAEHHH@Z 1001b8d0 f   KNpcResNode.obj
 0001:0001a910       ??0CSortTable@@QAE@XZ      1001b910 f   KNpcResNode.obj
 0001:0001a980       ??1CSortTable@@QAE@XZ      1001b980 f   KNpcResNode.obj
 0001:0001a990       ?Release@CSortTable@@AAEXXZ 1001b990 f   KNpcResNode.obj
 0001:0001a9e0       ?SortStrToNum@CSortTable@@AAEXPADPAHH@Z 1001b9e0 f   KNpcResNode.obj
 0001:0001aa90       ?GetTable@CSortTable@@QAEHPADPAVCActionName@@H@Z 1001ba90 f   KNpcResNode.obj
 0001:0001ab70       ?GetTable@CSortTable@@QAEHPAVKIniFile@@PAVCActionName@@H@Z 1001bb70 f   KNpcResNode.obj
 0001:0001afe0       ?GetSort@CSortTable@@QAEHHHHPAHH@Z 1001bfe0 f   KNpcResNode.obj
 0001:0001b300       ??1KNpcSet@@QAE@XZ         1001c300 f i KNpcSet.obj
 0001:0001b370       ??0KNpcSet@@QAE@XZ         1001c370 f   KNpcSet.obj
 0001:0001b3b0       ?Init@KNpcSet@@QAEXXZ      1001c3b0 f   KNpcSet.obj
 0001:0001b460       ?IsNpcExist@KNpcSet@@QAEHHK@Z 1001c460 f   KNpcSet.obj
 0001:0001b490       ?GenOneRelation@KNpcSet@@AAE?AW4NPC_RELATION@@W4NPCKIND@@0W4NPCCAMP@@1@Z 1001c490 f   KNpcSet.obj
 0001:0001b500       ?GenRelationTable@KNpcSet@@AAEHXZ 1001c500 f   KNpcSet.obj
 0001:0001b570       ?SearchID@KNpcSet@@QAEHK@Z 1001c570 f   KNpcSet.obj
 0001:0001b5b0       ?SearchClientID@KNpcSet@@QAEHUKClientNpcID@@@Z 1001c5b0 f   KNpcSet.obj
 0001:0001b600       ?SearchName@KNpcSet@@QAEHPAD@Z 1001c600 f   KNpcSet.obj
 0001:0001b660       ?SearchNameID@KNpcSet@@QAEHK@Z 1001c660 f   KNpcSet.obj
 0001:0001b6d0       ?FindFree@KNpcSet@@AAEHXZ  1001c6d0 f   KNpcSet.obj
 0001:0001b6f0       ?AddClientNpc@KNpcSet@@QAEHHHHHHH@Z 1001c6f0 f   KNpcSet.obj
 0001:0001b800       ?Add@KNpcSet@@QAEHHPAX@Z   1001c800 f   KNpcSet.obj
 0001:0001b920       ?Add@KNpcSet@@QAEHHHHH@Z   1001c920 f   KNpcSet.obj
 0001:0001b9b0       ?Add@KNpcSet@@QAEHHHHHHHH@Z 1001c9b0 f   KNpcSet.obj
 0001:0001bb30       ?Remove@KNpcSet@@QAEXH@Z   1001cb30 f   KNpcSet.obj
 0001:0001bba0       ?RemoveAll@KNpcSet@@QAEXXZ 1001cba0 f   KNpcSet.obj
 0001:0001bc40       ?InsertNpcToRegion@KNpcSet@@QAEXH@Z 1001cc40 f   KNpcSet.obj
 0001:0001bd00       ?SetID@KNpcSet@@AAEXH@Z    1001cd00 f   KNpcSet.obj
 0001:0001bd40       ?GetDistance@KNpcSet@@SAHHH@Z 1001cd40 f   KNpcSet.obj
 0001:0001bef0       ?GetDistanceSquare@KNpcSet@@SAHHH@Z 1001cef0 f   KNpcSet.obj
 0001:0001c080       ?GetNextIdx@KNpcSet@@QAEHH@Z 1001d080 f   KNpcSet.obj
 0001:0001c0b0       ?CheckBalance@KNpcSet@@QAEXXZ 1001d0b0 f   KNpcSet.obj
 0001:0001c210       ?GetAroundPlayerForTeamInvite@KNpcSet@@QAEHPAUKUiPlayerItem@@H@Z 1001d210 f   KNpcSet.obj
 0001:0001c3f0       ?GetAroundNotFriendPlayer@KNpcSet@@QAEHPAUKUiPlayerItem@@H@Z 1001d3f0 f   KNpcSet.obj
 0001:0001c540       ?SetShowNameFlag@KNpcSet@@QAEXH@Z 1001d540 f   KNpcSet.obj
 0001:0001c570       ?CheckShowName@KNpcSet@@QAEHXZ 1001d570 f   KNpcSet.obj
 0001:0001c580       ?SetShowLifeFlag@KNpcSet@@QAEXH@Z 1001d580 f   KNpcSet.obj
 0001:0001c5b0       ?CheckShowLife@KNpcSet@@QAEHXZ 1001d5b0 f   KNpcSet.obj
 0001:0001c5c0       ?SetShowChatFlag@KNpcSet@@QAEXH@Z 1001d5c0 f   KNpcSet.obj
 0001:0001c5f0       ?CheckShowChat@KNpcSet@@QAEHXZ 1001d5f0 f   KNpcSet.obj
 0001:0001c600       ?SetShowManaFlag@KNpcSet@@QAEXH@Z 1001d600 f   KNpcSet.obj
 0001:0001c630       ?CheckShowMana@KNpcSet@@QAEHXZ 1001d630 f   KNpcSet.obj
 0001:0001c640       ?ClearActivateFlagOfAllNpc@KNpcSet@@QAEXXZ 1001d640 f   KNpcSet.obj
 0001:0001c680       ?GetAroundOpenCaptain@KNpcSet@@QAEXH@Z 1001d680 f   KNpcSet.obj
 0001:0001c820       ?SearchNpcAt@KNpcSet@@QAEHHHHH@Z 1001d820 f   KNpcSet.obj
 0001:0001c990       ?IsNpcRequestExist@KNpcSet@@QAEHK@Z 1001d990 f   KNpcSet.obj
 0001:0001c9b0       ?InsertNpcRequest@KNpcSet@@QAEXK@Z 1001d9b0 f   KNpcSet.obj
 0001:0001ca20       ?RemoveNpcRequest@KNpcSet@@QAEXK@Z 1001da20 f   KNpcSet.obj
 0001:0001ca90       ?GetRequestIndex@KNpcSet@@QAEHK@Z 1001da90 f   KNpcSet.obj
 0001:0001cad0       ?GetRelation@KNpcSet@@QAE?AW4NPC_RELATION@@HH@Z 1001dad0 f   KNpcSet.obj
 0001:0001cc80       ??0KInstantSpecial@@QAE@XZ 1001dc80 f   KNpcSet.obj
 0001:0001ccd0       ?LoadSprName@KInstantSpecial@@AAEXXZ 1001dcd0 f   KNpcSet.obj
 0001:0001cd90       ?LoadSoundName@KInstantSpecial@@AAEXXZ 1001dd90 f   KNpcSet.obj
 0001:0001ce80       ?GetSprName@KInstantSpecial@@QAEXHPADH@Z 1001de80 f   KNpcSet.obj
 0001:0001cf10       ?PlaySoundA@KInstantSpecial@@QAEXH@Z 1001df10 f   KNpcSet.obj
 0001:0001cfb0       ?InitNpcBaseData@KNpcTemplate@@QAEXH@Z 1001dfb0 f   KNpcTemplate.obj
 0001:0001d200       ?InitNpcLevelData@KNpcTemplate@@QAEXPAVKTabFile@@HPAVKLuaScript@@H@Z 1001e200 f   KNpcTemplate.obj
 0001:0001d2c0       ?GetNpcLevelDataFromScript@KNpcTemplate@@SAHPAVKLuaScript@@PADH1@Z 1001e2c0 f   KNpcTemplate.obj
 0001:0001d360       ?SkillString2Id@KNpcTemplate@@SAHPAD@Z 1001e360 f   KNpcTemplate.obj
 0001:0001d470       ??0KPlayer@@QAE@XZ         1001e470 f   KPlayer.obj
 0001:0001d570       ??1KPlayerChat@@QAE@XZ     1001e570 f i KPlayer.obj
 0001:0001d5e0       ??1CChatFriendTeam@@QAE@XZ 1001e5e0 f i KPlayer.obj
 0001:0001d5f0       ??1KPlayer@@QAE@XZ         1001e5f0 f   KPlayer.obj
 0001:0001d690       ?Release@KPlayer@@QAEXXZ   1001e690 f   KPlayer.obj
 0001:0001d760       ?SetPlayerIndex@KPlayer@@QAEXH@Z 1001e760 f   KPlayer.obj
 0001:0001d780       ?GetPlayerIndex@KPlayer@@QAEHXZ 1001e780 f   KPlayer.obj
 0001:0001d790       ?Active@KPlayer@@QAEXXZ    1001e790 f   KPlayer.obj
 0001:0001d880       ?ProcessMsg@KPlayer@@QAEXPAVKWorldMsgNode@@@Z 1001e880 f   KPlayer.obj
 0001:0001d890       ?ProcessInputMsg@KPlayer@@QAEXIIJ@Z 1001e890 f   KPlayer.obj
 0001:0001da00       ?OnButtonDown@KPlayer@@AAEXHHHW4MOUSE_BUTTON@@@Z 1001ea00 f   KPlayer.obj
 0001:0001da50       ?OnButtonMove@KPlayer@@AAEXHHHW4MOUSE_BUTTON@@@Z 1001ea50 f   KPlayer.obj
 0001:0001da80       ?OnButtonUp@KPlayer@@AAEXHHW4MOUSE_BUTTON@@@Z 1001ea80 f   KPlayer.obj
 0001:0001da90       ?OnMouseMove@KPlayer@@AAEXHH@Z 1001ea90 f   KPlayer.obj
 0001:0001dba0       ?ProcessMouse@KPlayer@@AAEXHHHW4MOUSE_BUTTON@@@Z 1001eba0 f   KPlayer.obj
 0001:0001e0a0       ?Walk@KPlayer@@QAEXHH@Z    1001f0a0 f   KPlayer.obj
 0001:0001e1e0       ?TurnLeft@KPlayer@@AAEXXZ  1001f1e0 f   KPlayer.obj
 0001:0001e220       ?TurnRight@KPlayer@@AAEXXZ 1001f220 f   KPlayer.obj
 0001:0001e260       ?TurnBack@KPlayer@@AAEXXZ  1001f260 f   KPlayer.obj
 0001:0001e2a0       ?FindSelectNpc@KPlayer@@QAEXHHH@Z 1001f2a0 f   KPlayer.obj
 0001:0001e2e0       ?FindSelectObject@KPlayer@@QAEXHH@Z 1001f2e0 f   KPlayer.obj
 0001:0001e310       ?NetCommandPlayerTalk@KPlayer@@AAEHPAE@Z 1001f310 f   KPlayer.obj
 0001:0001e320       ?ConformIdx@KPlayer@@QAEHH@Z 1001f320 f   KPlayer.obj
 0001:0001e340       ?NewPlayerGetBaseAttribute@KPlayer@@QAEHH@Z 1001f340 f   KPlayer.obj
 0001:0001e410       ?CalcCurLucky@KPlayer@@AAEXXZ 1001f410 f   KPlayer.obj
 0001:0001e420       ?ChangeCurStrength@KPlayer@@QAEXH@Z 1001f420 f   KPlayer.obj
 0001:0001e440       ?ChangeCurDexterity@KPlayer@@QAEXH@Z 1001f440 f   KPlayer.obj
 0001:0001e4c0       ?ChangeCurVitality@KPlayer@@QAEXH@Z 1001f4c0 f   KPlayer.obj
 0001:0001e570       ?ChangeCurEngergy@KPlayer@@QAEXH@Z 1001f570 f   KPlayer.obj
 0001:0001e5e0       ?AddBaseLucky@KPlayer@@QAEXH@Z 1001f5e0 f   KPlayer.obj
 0001:0001e600       ?SetNpcPhysicsDamage@KPlayer@@AAEXXZ 1001f600 f   KPlayer.obj
 0001:0001e710       ?SetNpcAttackRating@KPlayer@@AAEXXZ 1001f710 f   KPlayer.obj
 0001:0001e740       ?SetNpcDefence@KPlayer@@AAEXXZ 1001f740 f   KPlayer.obj
 0001:0001e780       ?AddExp@KPlayer@@QAEXHH@Z  1001f780 f   KPlayer.obj
 0001:0001e7a0       ?AddSelfExp@KPlayer@@QAEXHH@Z 1001f7a0 f   KPlayer.obj
 0001:0001e850       ?DirectAddExp@KPlayer@@QAEXH@Z 1001f850 f   KPlayer.obj
 0001:0001e890       ?LevelUp@KPlayer@@QAEXXZ   1001f890 f   KPlayer.obj
 0001:0001ed00       ?UpdataCurData@KPlayer@@QAEXXZ 1001fd00 f   KPlayer.obj
 0001:0001f440       ?ReCalcEquip@KPlayer@@QAEXXZ 10020440 f   KPlayer.obj
 0001:0001f4a0       ?ReCalcState@KPlayer@@QAEXXZ 100204a0 f   KPlayer.obj
 0001:0001f4c0       ?AddLeadExp@KPlayer@@QAEXH@Z 100204c0 f   KPlayer.obj
 0001:0001f540       ?LevelAddBaseLifeMax@KPlayer@@AAEXXZ 10020540 f   KPlayer.obj
 0001:0001f5c0       ?LevelAddBaseStaminaMax@KPlayer@@AAEXXZ 100205c0 f   KPlayer.obj
 0001:0001f640       ?LevelAddBaseManaMax@KPlayer@@AAEXXZ 10020640 f   KPlayer.obj
 0001:0001f6c0       ?ChangePlayerCamp@KPlayer@@QAEXH@Z 100206c0 f   KPlayer.obj
 0001:0001f6f0       ?ApplyTeamInfo@KPlayer@@QAEXK@Z 100206f0 f   KPlayer.obj
 0001:0001f730       ?ApplySelfTeamInfo@KPlayer@@QAEXXZ 10020730 f   KPlayer.obj
 0001:0001f760       ?ApplyCreateTeam@KPlayer@@QAEHXZ 10020760 f   KPlayer.obj
 0001:0001f770       ?ApplyTeamOpenClose@KPlayer@@QAEHH@Z 10020770 f   KPlayer.obj
 0001:0001f810       ?ApplyAddTeam@KPlayer@@QAEXH@Z 10020810 f   KPlayer.obj
 0001:0001f940       ?AcceptTeamMember@KPlayer@@QAEXK@Z 10020940 f   KPlayer.obj
 0001:0001f9e0       ?TeamDropApplyOne@KPlayer@@QAEXK@Z 100209e0 f   KPlayer.obj
 0001:0001fa40       ?LeaveTeam@KPlayer@@QAEXXZ 10020a40 f   KPlayer.obj
 0001:0001fa70       ?TeamKickMember@KPlayer@@QAEXK@Z 10020a70 f   KPlayer.obj
 0001:0001fac0       ?ApplyTeamChangeCaptain@KPlayer@@QAEXK@Z 10020ac0 f   KPlayer.obj
 0001:0001fb10       ?ApplyTeamDismiss@KPlayer@@QAEXXZ 10020b10 f   KPlayer.obj
 0001:0001fb60       ?ApplySetPK@KPlayer@@QAEXH@Z 10020b60 f   KPlayer.obj
 0001:0001fba0       ?ApplyFactionData@KPlayer@@QAEXXZ 10020ba0 f   KPlayer.obj
 0001:0001fbd0       ?SendChat@KPlayer@@QAEXPAUKUiMsgParam@@PAD@Z 10020bd0 f   KPlayer.obj
 0001:0001fc60       ?ApplyAddBaseAttribute@KPlayer@@QAEXHH@Z 10020c60 f   KPlayer.obj
 0001:0001fcc0       ?ApplyAddSkillLevel@KPlayer@@QAEHHH@Z 10020cc0 f   KPlayer.obj
 0001:0001fd70       ?ApplyUseItem@KPlayer@@QAEHHUItemPos@@@Z 10020d70 f   KPlayer.obj
 0001:0001fe00       ?PickUpObj@KPlayer@@QAEXH@Z 10020e00 f   KPlayer.obj
 0001:0001ff30       ?ObjMouseClick@KPlayer@@QAEXH@Z 10020f30 f   KPlayer.obj
 0001:0001ff90       ?MoveItem@KPlayer@@QAEXUItemPos@@0@Z 10020f90 f   KPlayer.obj
 0001:000200a0       ?ThrowAwayItem@KPlayer@@QAEHXZ 100210a0 f   KPlayer.obj
 0001:00020100       ?ChatAddFriend@KPlayer@@QAEXH@Z 10021100 f   KPlayer.obj
 0001:00020140       ?ChatRefuseFriend@KPlayer@@QAEXH@Z 10021140 f   KPlayer.obj
 0001:00020180       ?TradeApplyOpen@KPlayer@@QAEXPADH@Z 10021180 f   KPlayer.obj
 0001:00020250       ?TradeApplyClose@KPlayer@@QAEXXZ 10021250 f   KPlayer.obj
 0001:00020280       ?TradeApplyStart@KPlayer@@QAEXH@Z 10021280 f   KPlayer.obj
 0001:00020320       ?TradeMoveMoney@KPlayer@@QAEHH@Z 10021320 f   KPlayer.obj
 0001:00020390       ?TradeDecision@KPlayer@@QAEXH@Z 10021390 f   KPlayer.obj
 0001:000203f0       ?TradeApplyLock@KPlayer@@QAEXH@Z 100213f0 f   KPlayer.obj
 0001:00020440       ?s2cApplyAddTeam@KPlayer@@QAEXPAE@Z 10021440 f   KPlayer.obj
 0001:00020610       ?GetSkillSaveData@KPlayer@@QAEXXZ 10021610 f   KPlayer.obj
 0001:00020900       ?SetLeftSkill@KPlayer@@QAEXH@Z 10021900 f   KPlayer.obj
 0001:00020960       ?SetRightSkill@KPlayer@@QAEXH@Z 10021960 f   KPlayer.obj
 0001:00020a40       ?UpdateWeaponSkill@KPlayer@@QAEXXZ 10021a40 f   KPlayer.obj
 0001:00020b20       ?SaveClientSkillData@KPlayer@@QAEXXZ 10021b20 f   KPlayer.obj
 0001:00020c90       ?SetChatCurChannel@KPlayer@@QAEXH@Z 10021c90 f   KPlayer.obj
 0001:00020cb0       ?TeamInviteAdd@KPlayer@@QAEXK@Z 10021cb0 f   KPlayer.obj
 0001:00020cd0       ?ExecuteScript@KPlayer@@QAEHPAD0H@Z 10021cd0 f   KPlayer.obj
 0001:00020d10       ?ExecuteScript@KPlayer@@QAEHKPADH@Z 10021d10 f   KPlayer.obj
 0001:00020ef0       ?ExecuteScript@KPlayer@@QAEHKPAD0@Z 10021ef0 f   KPlayer.obj
 0001:000210f0       ?ExecuteScript@KPlayer@@QAEHPAD00@Z 100220f0 f   KPlayer.obj
 0001:00021140       ?DoScript@KPlayer@@QAEHPAD@Z 10022140 f   KPlayer.obj
 0001:000212c0       ??_GKLuaScript@@UAEPAXI@Z  100222c0 f i KPlayer.obj
 0001:000212c0       ??_EKLuaScript@@UAEPAXI@Z  100222c0 f i KPlayer.obj
 0001:000212e0       ?DoScriptAction@KPlayer@@QAEXPAUPLAYER_SCRIPTACTION_SYNC@@@Z 100222e0 f   KPlayer.obj
 0001:00021300       ?ProcessPlayerSelectFromUI@KPlayer@@QAEXPAE@Z 10022300 f   KPlayer.obj
 0001:00021370       ?OnSelectFromUI@KPlayer@@QAEXPAUPLAYER_SELECTUI_COMMAND@@W4UIInfo@@@Z 10022370 f   KPlayer.obj
 0001:000213f0       ?ChatFriendOnLine@KPlayer@@QAEXKH@Z 100223f0 f   KPlayer.obj
 0001:00021500       ?GetFactionName@KPlayer@@QAEXPADH@Z 10022500 f   KPlayer.obj
 0001:00021520       ?OnScriptAction@KPlayer@@QAEXPAUPLAYER_SCRIPTACTION_SYNC@@@Z 10022520 f   KPlayer.obj
 0001:00021dc0       ?s2cTradeChangeState@KPlayer@@QAEXPAE@Z 10022dc0 f   KPlayer.obj
 0001:000220b0       ?s2cLevelUp@KPlayer@@QAEXPAE@Z 100230b0 f   KPlayer.obj
 0001:00022790       ?s2cGetCurAttribute@KPlayer@@QAEXPAE@Z 10023790 f   KPlayer.obj
 0001:00022960       ?s2cSetExp@KPlayer@@QAEXK@Z 10023960 f   KPlayer.obj
 0001:000229f0       ?s2cSyncMoney@KPlayer@@QAEXPAE@Z 100239f0 f   KPlayer.obj
 0001:00022ac0       ?s2cTradeApplyStart@KPlayer@@QAEXPAE@Z 10023ac0 f   KPlayer.obj
 0001:00022b90       ?s2cTradeMoneySync@KPlayer@@QAEXPAE@Z 10023b90 f   KPlayer.obj
 0001:00022bd0       ?s2cTradeDecision@KPlayer@@QAEXPAE@Z 10023bd0 f   KPlayer.obj
 0001:00022d30       ?SyncCurPlayer@KPlayer@@QAEXPAE@Z 10023d30 f   KPlayer.obj
 0001:00023160       ?CheckTrading@KPlayer@@QAEHXZ 10024160 f   KPlayer.obj
 0001:00023170       ?SetFirstDamage@KPlayer@@QAEXXZ 10024170 f   KPlayer.obj
 0001:00023330       ?SetBaseAttackRating@KPlayer@@QAEXXZ 10024330 f   KPlayer.obj
 0001:00023360       ?SetBaseDefence@KPlayer@@QAEXXZ 10024360 f   KPlayer.obj
 0001:00023390       ?SetBaseResistData@KPlayer@@QAEXXZ 10024390 f   KPlayer.obj
 0001:000235a0       ?SetBaseSpeedAndRadius@KPlayer@@QAEXXZ 100245a0 f   KPlayer.obj
 0001:00023660       ?DialogNpc@KPlayer@@QAEXH@Z 10024660 f   KPlayer.obj
 0001:000236f0       ?CheckObject@KPlayer@@QAEXH@Z 100246f0 f   KPlayer.obj
 0001:00023780       ?DrawSelectInfo@KPlayer@@QAEXXZ 10024780 f   KPlayer.obj
 0001:000238b0       ?GetEchoDamage@KPlayer@@QAEXPAH0H@Z 100248b0 f   KPlayer.obj
 0001:00023c90       ?SetNpcDamageAttrib@KPlayer@@QAEXXZ 10024c90 f   KPlayer.obj
 0001:00023ca0       ?Release@KPlayerChat@@QAEXXZ 10024ca0 f   KPlayerChat.obj
 0001:00023d70       ?CheckExist@KPlayerChat@@QAEHK@Z 10024d70 f   KPlayerChat.obj
 0001:00023dd0       ?CheckExist@KPlayerChat@@QAEHPAD@Z 10024dd0 f   KPlayerChat.obj
 0001:00023e70       ?GetFriendNode@KPlayerChat@@QAEPAVCChatFriend@@K@Z 10024e70 f   KPlayerChat.obj
 0001:00023ec0       ?GetTeamNo@KPlayerChat@@QAEHK@Z 10024ec0 f   KPlayerChat.obj
 0001:00023f20       ?GetName@KPlayerChat@@QAEHKPAD@Z 10024f20 f   KPlayerChat.obj
 0001:00023f90       ?SetCurChannel@KPlayerChat@@QAEXHKH@Z 10024f90 f   KPlayerChat.obj
 0001:00024010       ?AddChannel@KPlayerChat@@QAEXH@Z 10025010 f   KPlayerChat.obj
 0001:00024080       ?SubChannel@KPlayerChat@@QAEXH@Z 10025080 f   KPlayerChat.obj
 0001:000240f0       ?SendTakeChannel@KPlayerChat@@QAEXXZ 100250f0 f   KPlayerChat.obj
 0001:00024130       ?SendSentence@KPlayerChat@@QAEXPAUKUiMsgParam@@PAD@Z 10025130 f   KPlayerChat.obj
 0001:000242d0       ?QQSendSentence@KPlayerChat@@QAEXKHPAUKUiMsgParam@@PAD@Z 100252d0 f   KPlayerChat.obj
 0001:00024430       ?SetTakeChannel@KPlayerChat@@QAEXK@Z 10025430 f   KPlayerChat.obj
 0001:00024460       ?GetChat@KPlayerChat@@QAEXPAUPLAYER_SEND_CHAT_DATA_SYNC@@@Z 10025460 f   KPlayerChat.obj
 0001:00024980       ?ApplyAddFriend@KPlayerChat@@QAEXKPAD@Z 10025980 f   KPlayerChat.obj
 0001:00024aa0       ?GetApplyOneInfo@KPlayerChat@@QAEHPAHPAD1@Z 10025aa0 f   KPlayerChat.obj
 0001:00024b50       ?SaveTeamInfo@KPlayerChat@@QAEXPAD@Z 10025b50 f   KPlayerChat.obj
 0001:00024d20       ?SaveTakeChannelInfo@KPlayerChat@@QAEXPAD@Z 10025d20 f   KPlayerChat.obj
 0001:00024e20       ?LoadTakeChannelInfo@KPlayerChat@@QAEXPAD@Z 10025e20 f   KPlayerChat.obj
 0001:00024f80       ?CheckTeamNo@KPlayerChat@@QAEHPAD0@Z 10025f80 f   KPlayerChat.obj
 0001:00025270       ?LoadTeamName@KPlayerChat@@QAEXPAD@Z 10026270 f   KPlayerChat.obj
 0001:00025440       ?AddOne@KPlayerChat@@QAEXKHPADH@Z 10026440 f   KPlayerChat.obj
 0001:00025520       ??_ECChatFriend@@UAEPAXI@Z 10026520 f i KPlayerChat.obj
 0001:00025520       ??_GCChatFriend@@UAEPAXI@Z 10026520 f i KPlayerChat.obj
 0001:00025540       ??1CChatFriend@@UAE@XZ     10026540 f i KPlayerChat.obj
 0001:00025550       ?CheckIsFriend@KPlayerChat@@QAEHH@Z 10026550 f   KPlayerChat.obj
 0001:000255b0       ?AddTeam@KPlayerChat@@QAEHPAD0@Z 100265b0 f   KPlayerChat.obj
 0001:00025750       ?RenameTeam@KPlayerChat@@QAEHHPAD0@Z 10026750 f   KPlayerChat.obj
 0001:000258b0       ?DeleteTeam@KPlayerChat@@QAEHHPAD@Z 100268b0 f   KPlayerChat.obj
 0001:000259f0       ?OneFriendChangeTeam@KPlayerChat@@QAEHKHH@Z 100269f0 f   KPlayerChat.obj
 0001:00025af0       ?GetMsgOffLine@KPlayerChat@@QAEXK@Z 10026af0 f   KPlayerChat.obj
 0001:00025be0       ?CheckTakeChannel@KPlayerChat@@QAEHH@Z 10026be0 f   KPlayerChat.obj
 0001:00025c10       ?ApplyDeleteFriend@KPlayerChat@@QAEXKHPAD@Z 10026c10 f   KPlayerChat.obj
 0001:00025d10       ?CheckTalkChannel@KPlayerChat@@QAEHH@Z 10026d10 f   KPlayerChat.obj
 0001:00025d40       ?SendSelectChannelList@KPlayerChat@@QAEHPAUKUiChatChannel@@H@Z 10026d40 f   KPlayerChat.obj
 0001:00025f10       ?SendTakeChannelList@KPlayerChat@@QAEHPAUKUiChatChannel@@H@Z 10026f10 f   KPlayerChat.obj
 0001:00026090       ?GetCurChannel@KPlayerChat@@QAEHPAUKUiChatChannel@@@Z 10027090 f   KPlayerChat.obj
 0001:000261a0       ?IGetTeamInfo@KPlayerChat@@QAEHHPAUKUiChatGroupInfo@@@Z 100271a0 f   KPlayerChat.obj
 0001:00026220       ?IGetTeamFriendInfo@KPlayerChat@@QAEHHPAUKUiPlayerItem@@@Z 10027220 f   KPlayerChat.obj
 0001:000262f0       ??0CChatFriendTeam@@QAE@XZ 100272f0 f   KPlayerChat.obj
 0001:00026340       ?Release@CChatFriendTeam@@QAEXXZ 10027340 f   KPlayerChat.obj
 0001:000263b0       ?SetTime@KCHAT_RECORDER@@AAEXXZ 100273b0 f   KPlayerChat.obj
 0001:00026430       ?SaveSentenceSingle@KCHAT_RECORDER@@QAEXPAD000@Z 10027430 f   KPlayerChat.obj
 0001:00026440       ?SaveSentenceChannel@KCHAT_RECORDER@@QAEXPAD00@Z 10027440 f   KPlayerChat.obj
 0001:00026450       ??0KPlayerFaction@@QAE@XZ  10027450 f   KPlayerFaction.obj
 0001:00026460       ?Release@KPlayerFaction@@QAEXXZ 10027460 f   KPlayerFaction.obj
 0001:00026480       ?SetSeries@KPlayerFaction@@QAEXH@Z 10027480 f   KPlayerFaction.obj
 0001:00026490       ?AddFaction@KPlayerFaction@@QAEHHPAD@Z 10027490 f   KPlayerFaction.obj
 0001:000264d0       ?AddFaction@KPlayerFaction@@QAEHHH@Z 100274d0 f   KPlayerFaction.obj
 0001:00026520       ?LeaveFaction@KPlayerFaction@@QAEXXZ 10027520 f   KPlayerFaction.obj
 0001:00026530       ?OpenCurSkillLevel@KPlayerFaction@@QAEHHPAVKSkillList@@@Z 10027530 f   KPlayerFaction.obj
 0001:00026540       ?GetGurFactionCamp@KPlayerFaction@@QAEHXZ 10027540 f   KPlayerFaction.obj
 0001:00026580       ?GetCurFactionNo@KPlayerFaction@@QAEHXZ 10027580 f   KPlayerFaction.obj
 0001:00026590       ?GetCurFactionName@KPlayerFaction@@QAEXPAD@Z 10027590 f   KPlayerFaction.obj
 0001:000265f0       ??0KPlayerMenuState@@QAE@XZ 100275f0 f   KPlayerMenuState.obj
 0001:00026600       ?Release@KPlayerMenuState@@QAEXXZ 10027600 f   KPlayerMenuState.obj
 0001:00026630       ?SetState@KPlayerMenuState@@QAEXH@Z 10027630 f   KPlayerMenuState.obj
 0001:00026650       ?Init@KPlayerMenuStateGraph@@QAEHXZ 10027650 f   KPlayerMenuState.obj
 0001:00026710       ?GetStateSpr@KPlayerMenuStateGraph@@QAEXHPAD@Z 10027710 f   KPlayerMenuState.obj
 0001:00026750       ?Init@KPlayerPK@@QAEXXZ    10027750 f   KPlayerPK.obj
 0001:00026770       ?SetNormalPKState@KPlayerPK@@QAEXHH@Z 10027770 f   KPlayerPK.obj
 0001:000267f0       ?ApplySetNormalPKState@KPlayerPK@@QAEXH@Z 100277f0 f   KPlayerPK.obj
 0001:00026830       ?GetNormalPKState@KPlayerPK@@QAEHXZ 10027830 f   KPlayerPK.obj
 0001:00026840       ?ApplyEnmityPK@KPlayerPK@@QAEXPAD@Z 10027840 f   KPlayerPK.obj
 0001:00026890       ?ApplyEnmityPK@KPlayerPK@@QAEXH@Z 10027890 f   KPlayerPK.obj
 0001:00026990       ?SetEnmityPKState@KPlayerPK@@QAEXHHPAD@Z 10027990 f   KPlayerPK.obj
 0001:00026b00       ?EnmityPKCountDown@KPlayerPK@@QAEXXZ 10027b00 f   KPlayerPK.obj
 0001:00026b20       ?SetExercisePKState@KPlayerPK@@QAEXHHPAD@Z 10027b20 f   KPlayerPK.obj
 0001:00026b90       ?SetPKValue@KPlayerPK@@QAEXH@Z 10027b90 f   KPlayerPK.obj
 0001:00026bf0       ??1KPlayerSet@@QAE@XZ      10027bf0 f i KPlayerSet.obj
 0001:00026c40       ??0KPlayerSet@@QAE@XZ      10027c40 f   KPlayerSet.obj
 0001:00026ca0       ?Init@KPlayerSet@@QAEHXZ   10027ca0 f   KPlayerSet.obj
 0001:00026e40       ?FindFree@KPlayerSet@@AAEHXZ 10027e40 f   KPlayerSet.obj
 0001:00026e50       ?FindSame@KPlayerSet@@QAEHK@Z 10027e50 f   KPlayerSet.obj
 0001:00026ea0       ?GetFirstPlayer@KPlayerSet@@QAEHXZ 10027ea0 f   KPlayerSet.obj
 0001:00026ec0       ?GetNextPlayer@KPlayerSet@@QAEHXZ 10027ec0 f   KPlayerSet.obj
 0001:00026ee0       ??0KLevelAdd@@QAE@XZ       10027ee0 f   KPlayerSet.obj
 0001:00026f80       ?Init@KLevelAdd@@QAEHXZ    10027f80 f   KPlayerSet.obj
 0001:00027170       ?GetLevelExp@KLevelAdd@@QAEKH@Z 10028170 f   KPlayerSet.obj
 0001:00027190       ?GetLifePerLevel@KLevelAdd@@QAEHH@Z 10028190 f   KPlayerSet.obj
 0001:000271b0       ?GetStaminaPerLevel@KLevelAdd@@QAEHH@Z 100281b0 f   KPlayerSet.obj
 0001:000271d0       ?GetManaPerLevel@KLevelAdd@@QAEHH@Z 100281d0 f   KPlayerSet.obj
 0001:000271f0       ?GetLifePerVitality@KLevelAdd@@QAEHH@Z 100281f0 f   KPlayerSet.obj
 0001:00027210       ?GetStaminaPerVitality@KLevelAdd@@QAEHH@Z 10028210 f   KPlayerSet.obj
 0001:00027230       ?GetManaPerEnergy@KLevelAdd@@QAEHH@Z 10028230 f   KPlayerSet.obj
 0001:00027250       ?GetLeadExpShare@KLevelAdd@@QAEHH@Z 10028250 f   KPlayerSet.obj
 0001:00027270       ?GetFireResist@KLevelAdd@@QAEHHH@Z 10028270 f   KPlayerSet.obj
 0001:000272c0       ?GetColdResist@KLevelAdd@@QAEHHH@Z 100282c0 f   KPlayerSet.obj
 0001:00027310       ?GetPoisonResist@KLevelAdd@@QAEHHH@Z 10028310 f   KPlayerSet.obj
 0001:00027360       ?GetLightResist@KLevelAdd@@QAEHHH@Z 10028360 f   KPlayerSet.obj
 0001:000273b0       ?GetPhysicsResist@KLevelAdd@@QAEHHH@Z 100283b0 f   KPlayerSet.obj
 0001:00027400       ??0KTeamLeadExp@@QAE@XZ    10028400 f   KPlayerSet.obj
 0001:00027420       ?Init@KTeamLeadExp@@QAEHXZ 10028420 f   KPlayerSet.obj
 0001:000274f0       ?GetLevel@KTeamLeadExp@@QAEHKH@Z 100284f0 f   KPlayerSet.obj
 0001:00027540       ?GetMemNumFromExp@KTeamLeadExp@@QAEHK@Z 10028540 f   KPlayerSet.obj
 0001:00027560       ?GetMemNumFromLevel@KTeamLeadExp@@QAEHH@Z 10028560 f   KPlayerSet.obj
 0001:00027580       ?GetLevelExp@KTeamLeadExp@@QAEHH@Z 10028580 f   KPlayerSet.obj
 0001:000275a0       ??0KNewPlayerAttribute@@QAE@XZ 100285a0 f   KPlayerSet.obj
 0001:00027600       ?Init@KNewPlayerAttribute@@QAEHXZ 10028600 f   KPlayerSet.obj
 0001:000277d0       ??0KPlayerTask@@QAE@XZ     100287d0 f   KPlayerTask.obj
 0001:000277e0       ?Release@KPlayerTask@@QAEXXZ 100287e0 f   KPlayerTask.obj
 0001:00027800       ?ClearTempVar@KPlayerTask@@QAEXXZ 10028800 f   KPlayerTask.obj
 0001:00027820       ?GetSaveVal@KPlayerTask@@QAEHH@Z 10028820 f   KPlayerTask.obj
 0001:00027840       ?SetSaveVal@KPlayerTask@@QAEXHH@Z 10028840 f   KPlayerTask.obj
 0001:00027860       ?GetClearVal@KPlayerTask@@QAEHH@Z 10028860 f   KPlayerTask.obj
 0001:00027880       ?SetClearVal@KPlayerTask@@QAEXHH@Z 10028880 f   KPlayerTask.obj
 0001:000278d0       ??0KPlayerTeam@@QAE@XZ     100288d0 f   KPlayerTeam.obj
 0001:00027900       ?Release@KPlayerTeam@@QAEXXZ 10028900 f   KPlayerTeam.obj
 0001:00027920       ?ReleaseList@KPlayerTeam@@QAEXXZ 10028920 f   KPlayerTeam.obj
 0001:00027940       ?ApplyCreate@KPlayerTeam@@QAEHXZ 10028940 f   KPlayerTeam.obj
 0001:00027980       ?InviteAdd@KPlayerTeam@@QAEXK@Z 10028980 f   KPlayerTeam.obj
 0001:000279c0       ?ReceiveInvite@KPlayerTeam@@QAEXPAUTEAM_INVITE_ADD_SYNC@@@Z 100289c0 f   KPlayerTeam.obj
 0001:00027ab0       ?ReplyInvite@KPlayerTeam@@QAEXHH@Z 10028ab0 f   KPlayerTeam.obj
 0001:00027b00       ?SetAutoRefuseInvite@KPlayerTeam@@QAEXH@Z 10028b00 f   KPlayerTeam.obj
 0001:00027b60       ?GetAutoRefuseState@KPlayerTeam@@QAEHXZ 10028b60 f   KPlayerTeam.obj
 0001:00027b70       ?GetInfo@KPlayerTeam@@QAEHPAUKUiPlayerTeam@@@Z 10028b70 f   KPlayerTeam.obj
 0001:00027c10       ?UpdateInterface@KPlayerTeam@@QAEXXZ 10028c10 f   KPlayerTeam.obj
 0001:00027c50       ?DeleteOneFromApplyList@KPlayerTeam@@QAEXK@Z 10028c50 f   KPlayerTeam.obj
 0001:00027ca0       ??0KTeam@@QAE@XZ           10028ca0 f   KPlayerTeam.obj
 0001:00027cb0       ?Release@KTeam@@QAEXXZ     10028cb0 f   KPlayerTeam.obj
 0001:00027d00       ?SetIndex@KTeam@@QAEXH@Z   10028d00 f   KPlayerTeam.obj
 0001:00027d10       ?FindFree@KTeam@@QAEHXZ    10028d10 f   KPlayerTeam.obj
 0001:00027d30       ?FindMemberID@KTeam@@QAEHK@Z 10028d30 f   KPlayerTeam.obj
 0001:00027d60       ?SetTeamOpen@KTeam@@QAEHXZ 10028d60 f   KPlayerTeam.obj
 0001:00027d80       ?SetTeamClose@KTeam@@QAEHXZ 10028d80 f   KPlayerTeam.obj
 0001:00027da0       ?CalcCaptainPower@KTeam@@QAEHXZ 10028da0 f   KPlayerTeam.obj
 0001:00027dc0       ?CreateTeam@KTeam@@QAEXHPADHK@Z 10028dc0 f   KPlayerTeam.obj
 0001:00027e10       ?AddMember@KTeam@@QAEHKHPAD@Z 10028e10 f   KPlayerTeam.obj
 0001:00027e90       ?DeleteMember@KTeam@@QAEXK@Z 10028e90 f   KPlayerTeam.obj
 0001:00027ee0       ?GetMemberInfo@KTeam@@QAEHPAUKUiPlayerItem@@H@Z 10028ee0 f   KPlayerTeam.obj
 0001:00027fd0       ?Init@KPlayerTong@@QAEXH@Z 10028fd0 f   KPlayerTong.obj
 0001:00027fe0       ?Clear@KPlayerTong@@QAEXXZ 10028fe0 f   KPlayerTong.obj
 0001:00028000       ??0KTrade@@QAE@XZ          10029000 f   KPlayerTrade.obj
 0001:00028010       ?Release@KTrade@@QAEXXZ    10029010 f   KPlayerTrade.obj
 0001:00028040       ?StartTrade@KTrade@@QAEHHHH@Z 10029040 f   KPlayerTrade.obj
 0001:000280f0       ?Lock@KTrade@@QAEXH@Z      100290f0 f   KPlayerTrade.obj
 0001:00028110       ?SetTradeState@KTrade@@QAEXHHHH@Z 10029110 f   KPlayerTrade.obj
 0001:00028240       ?ReplyInvite@KTrade@@SAXHH@Z 10029240 f   KPlayerTrade.obj
 0001:00028290       ??0KSprControl@@QAE@XZ     10029290 f   KSprControl.obj
 0001:000282a0       ?Release@KSprControl@@QAEXXZ 100292a0 f   KSprControl.obj
 0001:000282d0       ?SetSprFile@KSprControl@@QAEXPADHHH@Z 100292d0 f   KSprControl.obj
 0001:000283a0       ?SetCurFrame@KSprControl@@QAEXH@Z 100293a0 f   KSprControl.obj
 0001:000283f0       ?SetDirFrame@KSprControl@@QAEXHH@Z 100293f0 f   KSprControl.obj
 0001:00028450       ?Set64DirFrame@KSprControl@@QAEXHH@Z 10029450 f   KSprControl.obj
 0001:000284d0       ?SetCurDir@KSprControl@@QAEHH@Z 100294d0 f   KSprControl.obj
 0001:00028510       ?SetCurDir64@KSprControl@@QAEHH@Z 10029510 f   KSprControl.obj
 0001:00028580       ?SetCenterPos@KSprControl@@QAEXHH@Z 10029580 f   KSprControl.obj
 0001:000285a0       ?GetOneDirFrames@KSprControl@@QAEHXZ 100295a0 f   KSprControl.obj
 0001:000285b0       ?SetPos@KSprControl@@QAEXHH@Z 100295b0 f   KSprControl.obj
 0001:000285d0       ?CheckEnd@KSprControl@@QAEHXZ 100295d0 f   KSprControl.obj
 0001:000285f0       ?SetDirStart@KSprControl@@QAEXXZ 100295f0 f   KSprControl.obj
 0001:00028610       ?SetDirEnd@KSprControl@@QAEXXZ 10029610 f   KSprControl.obj
 0001:00028630       ?GetCurDirFrameNo@KSprControl@@QAEHXZ 10029630 f   KSprControl.obj
 0001:00028650       ?GetNextFrame@KSprControl@@QAEHH@Z 10029650 f   KSprControl.obj
 0001:000286f0       ?GetPrevFrame@KSprControl@@QAEHH@Z 100296f0 f   KSprControl.obj
 0001:00028760       ?SetFileName@KSprControl@@QAEXPAD@Z 10029760 f   KSprControl.obj
 0001:000287b0       ?SetTotalFrame@KSprControl@@QAEXH@Z 100297b0 f   KSprControl.obj
 0001:000287c0       ?SetTotalDir@KSprControl@@QAEXH@Z 100297c0 f   KSprControl.obj
 0001:000287d0       ?SetInterVal@KSprControl@@QAEXK@Z 100297d0 f   KSprControl.obj
 0001:000287e0       ?LoadRecord@@YAHPAVKTabFile@@HPBUtagPROPINFO@@H@Z 100297e0 f   KBasPropTbl.obj
 0001:00028860       ??0KLibOfBPT@@QAE@XZ       10029860 f   KBasPropTbl.obj
 0001:000289d0       ??1KLibOfBPT@@QAE@XZ       100299d0 f   KBasPropTbl.obj
 0001:00028b40       ?Init@KLibOfBPT@@QAEHXZ    10029b40 f   KBasPropTbl.obj
 0001:00028c30       ?InitMAIT@KLibOfBPT@@IAEHXZ 10029c30 f   KBasPropTbl.obj
 0001:00028d60       ?InitMALib@KLibOfBPT@@IAEHXZ 10029d60 f   KBasPropTbl.obj
 0001:00028e40       ?GetGoldItemRecord@KLibOfBPT@@QBEPBUKBASICPROP_EQUIPMENT_GOLD@@H@Z 10029e40 f   KBasPropTbl.obj
 0001:00028e60       ?GetGoldItemNumber@KLibOfBPT@@QBE?BHXZ 10029e60 f   KBasPropTbl.obj
 0001:00028e70       ?GetCMAT@KLibOfBPT@@QBEPBVKBPT_ClassifiedMAT@@HH@Z 10029e70 f   KBasPropTbl.obj
 0001:00028eb0       ?GetCMIT@KLibOfBPT@@QBEPBVKBPT_ClassMAIT@@HHHH@Z 10029eb0 f   KBasPropTbl.obj
 0001:00028f20       ?GetMARecord@KLibOfBPT@@QBEPBUKMAGICATTRIB_TABFILE@@H@Z 10029f20 f   KBasPropTbl.obj
 0001:00028f40       ?GetMARecordNumber@KLibOfBPT@@QBE?BHXZ 10029f40 f   KBasPropTbl.obj
 0001:00028f50       ?GetMeleeWeaponRecord@KLibOfBPT@@QBEPBUKBASICPROP_EQUIPMENT@@H@Z 10029f50 f   KBasPropTbl.obj
 0001:00028f70       ?GetMeleeWeaponRecordNumber@KLibOfBPT@@QBE?BHXZ 10029f70 f   KBasPropTbl.obj
 0001:00028f80       ?GetRangeWeaponRecord@KLibOfBPT@@QBEPBUKBASICPROP_EQUIPMENT@@H@Z 10029f80 f   KBasPropTbl.obj
 0001:00028fa0       ?GetRangeWeaponRecordNumber@KLibOfBPT@@QBE?BHXZ 10029fa0 f   KBasPropTbl.obj
 0001:00028fb0       ?GetArmorRecord@KLibOfBPT@@QBEPBUKBASICPROP_EQUIPMENT@@H@Z 10029fb0 f   KBasPropTbl.obj
 0001:00028fd0       ?GetArmorRecordNumber@KLibOfBPT@@QBE?BHXZ 10029fd0 f   KBasPropTbl.obj
 0001:00028fe0       ?GetHelmRecord@KLibOfBPT@@QBEPBUKBASICPROP_EQUIPMENT@@H@Z 10029fe0 f   KBasPropTbl.obj
 0001:00029000       ?GetHelmRecordNumber@KLibOfBPT@@QBE?BHXZ 1002a000 f   KBasPropTbl.obj
 0001:00029010       ?GetBootRecord@KLibOfBPT@@QBEPBUKBASICPROP_EQUIPMENT@@H@Z 1002a010 f   KBasPropTbl.obj
 0001:00029030       ?GetBootRecordNumber@KLibOfBPT@@QBE?BHXZ 1002a030 f   KBasPropTbl.obj
 0001:00029040       ?GetBeltRecord@KLibOfBPT@@QBEPBUKBASICPROP_EQUIPMENT@@H@Z 1002a040 f   KBasPropTbl.obj
 0001:00029060       ?GetBeltRecordNumber@KLibOfBPT@@QBE?BHXZ 1002a060 f   KBasPropTbl.obj
 0001:00029070       ?GetAmuletRecord@KLibOfBPT@@QBEPBUKBASICPROP_EQUIPMENT@@H@Z 1002a070 f   KBasPropTbl.obj
 0001:00029090       ?GetAmuletRecordNumber@KLibOfBPT@@QBE?BHXZ 1002a090 f   KBasPropTbl.obj
 0001:000290a0       ?GetRingRecord@KLibOfBPT@@QBEPBUKBASICPROP_EQUIPMENT@@H@Z 1002a0a0 f   KBasPropTbl.obj
 0001:000290c0       ?GetRingRecordNumber@KLibOfBPT@@QBE?BHXZ 1002a0c0 f   KBasPropTbl.obj
 0001:000290d0       ?GetCuffRecord@KLibOfBPT@@QBEPBUKBASICPROP_EQUIPMENT@@H@Z 1002a0d0 f   KBasPropTbl.obj
 0001:000290f0       ?GetCuffRecordNumber@KLibOfBPT@@QBE?BHXZ 1002a0f0 f   KBasPropTbl.obj
 0001:00029100       ?GetPendantRecord@KLibOfBPT@@QBEPBUKBASICPROP_EQUIPMENT@@H@Z 1002a100 f   KBasPropTbl.obj
 0001:00029120       ?GetPendantRecordNumber@KLibOfBPT@@QBE?BHXZ 1002a120 f   KBasPropTbl.obj
 0001:00029130       ?GetHorseRecord@KLibOfBPT@@QBEPBUKBASICPROP_EQUIPMENT@@H@Z 1002a130 f   KBasPropTbl.obj
 0001:00029150       ?GetHorseRecordNumber@KLibOfBPT@@QBE?BHXZ 1002a150 f   KBasPropTbl.obj
 0001:00029160       ?GetMedicineRecord@KLibOfBPT@@QBEPBUKBASICPROP_MEDICINE@@H@Z 1002a160 f   KBasPropTbl.obj
 0001:00029170       ?GetMedicineRecordNumber@KLibOfBPT@@QBE?BHXZ 1002a170 f   KBasPropTbl.obj
 0001:00029180       ?GetQuestRecord@KLibOfBPT@@QBEPBUKBASICPROP_QUEST@@H@Z 1002a180 f   KBasPropTbl.obj
 0001:000291a0       ?GetQuestRecordNumber@KLibOfBPT@@QBE?BHXZ 1002a1a0 f   KBasPropTbl.obj
 0001:000291b0       ?GetTownPortalRecord@KLibOfBPT@@QBEPBUKBASICPROP_TOWNPORTAL@@H@Z 1002a1b0 f   KBasPropTbl.obj
 0001:000291d0       ?GetTownPortalRecordNumber@KLibOfBPT@@QBE?BHXZ 1002a1d0 f   KBasPropTbl.obj
 0001:000291e0       ?FindEquipmentUnique@KLibOfBPT@@QBEPBUKBASICPROP_EQUIPMENT_UNIQUE@@HHH@Z 1002a1e0 f   KBasPropTbl.obj
 0001:000291f0       ?GetMedMaterial@KLibOfBPT@@QBEPBUKBASICPROP_MEDMATERIAL@@H@Z 1002a1f0 f   KBasPropTbl.obj
 0001:00029200       ?FindMedicine@KLibOfBPT@@QBEPBUKBASICPROP_MEDICINE@@HH@Z 1002a200 f   KBasPropTbl.obj
 0001:00029210       ?GetMine@KLibOfBPT@@QBEPBUKBASICPROP_MINE@@H@Z 1002a210 f   KBasPropTbl.obj
 0001:00029220       ??0KBasicPropertyTable@@QAE@XZ 1002a220 f   KBasPropTbl.obj
 0001:00029240       ??1KBasicPropertyTable@@QAE@XZ 1002a240 f   KBasPropTbl.obj
 0001:00029250       ?SetCount@KBasicPropertyTable@@IAEXH@Z 1002a250 f   KBasPropTbl.obj
 0001:00029260       ?GetMemory@KBasicPropertyTable@@IAEHXZ 1002a260 f   KBasPropTbl.obj
 0001:00029290       ?ReleaseMemory@KBasicPropertyTable@@IAEXXZ 1002a290 f   KBasPropTbl.obj
 0001:000292c0       ?Load@KBasicPropertyTable@@UAEHXZ 1002a2c0 f   KBasPropTbl.obj
 0001:000293b0       ??0KBPT_Mine@@QAE@XZ       1002a3b0 f   KBasPropTbl.obj
 0001:00029400       ??1KBPT_Mine@@QAE@XZ       1002a400 f   KBasPropTbl.obj
 0001:00029410       ?LoadRecord@KBPT_Mine@@MAEHHPAVKTabFile@@@Z 1002a410 f   KBasPropTbl.obj
 0001:00029560       ?GetRecord@KBPT_Mine@@QBEPBUKBASICPROP_MINE@@H@Z 1002a560 f   KBasPropTbl.obj
 0001:000295a0       ??0KBPT_TownPortal@@QAE@XZ 1002a5a0 f   KBasPropTbl.obj
 0001:000295f0       ??1KBPT_TownPortal@@QAE@XZ 1002a5f0 f   KBasPropTbl.obj
 0001:00029600       ?LoadRecord@KBPT_TownPortal@@MAEHHPAVKTabFile@@@Z 1002a600 f   KBasPropTbl.obj
 0001:000296d0       ?GetRecord@KBPT_TownPortal@@QBEPBUKBASICPROP_TOWNPORTAL@@H@Z 1002a6d0 f   KBasPropTbl.obj
 0001:00029700       ??0KBPT_Quest@@QAE@XZ      1002a700 f   KBasPropTbl.obj
 0001:00029750       ??1KBPT_Quest@@QAE@XZ      1002a750 f   KBasPropTbl.obj
 0001:00029760       ?LoadRecord@KBPT_Quest@@MAEHHPAVKTabFile@@@Z 1002a760 f   KBasPropTbl.obj
 0001:00029830       ?GetRecord@KBPT_Quest@@QBEPBUKBASICPROP_QUEST@@H@Z 1002a830 f   KBasPropTbl.obj
 0001:00029860       ?FindRecord@KBPT_Quest@@QBEPBUKBASICPROP_QUEST@@H@Z 1002a860 f   KBasPropTbl.obj
 0001:000298a0       ??0KBPT_Medicine@@QAE@XZ   1002a8a0 f   KBasPropTbl.obj
 0001:000298f0       ??1KBPT_Medicine@@QAE@XZ   1002a8f0 f   KBasPropTbl.obj
 0001:00029900       ?LoadRecord@KBPT_Medicine@@MAEHHPAVKTabFile@@@Z 1002a900 f   KBasPropTbl.obj
 0001:00029af0       ?GetRecord@KBPT_Medicine@@QBEPBUKBASICPROP_MEDICINE@@H@Z 1002aaf0 f   KBasPropTbl.obj
 0001:00029b20       ?FindRecord@KBPT_Medicine@@QBEPBUKBASICPROP_MEDICINE@@HH@Z 1002ab20 f   KBasPropTbl.obj
 0001:00029b60       ??0KBPT_MedMaterial@@QAE@XZ 1002ab60 f   KBasPropTbl.obj
 0001:00029bb0       ??1KBPT_MedMaterial@@QAE@XZ 1002abb0 f   KBasPropTbl.obj
 0001:00029bc0       ?LoadRecord@KBPT_MedMaterial@@MAEHHPAVKTabFile@@@Z 1002abc0 f   KBasPropTbl.obj
 0001:00029db0       ?GetRecord@KBPT_MedMaterial@@QBEPBUKBASICPROP_MEDMATERIAL@@H@Z 1002adb0 f   KBasPropTbl.obj
 0001:00029df0       ??0KBPT_Equipment@@QAE@XZ  1002adf0 f   KBasPropTbl.obj
 0001:00029e10       ??1KBPT_Equipment@@QAE@XZ  1002ae10 f   KBasPropTbl.obj
 0001:00029e20       ?Init@KBPT_Equipment@@QAEXH@Z 1002ae20 f   KBasPropTbl.obj
 0001:00029e60       ?LoadRecord@KBPT_Equipment@@MAEHHPAVKTabFile@@@Z 1002ae60 f   KBasPropTbl.obj
 0001:0002a330       ?GetRecord@KBPT_Equipment@@QBEPBUKBASICPROP_EQUIPMENT@@H@Z 1002b330 f   KBasPropTbl.obj
 0001:0002a360       ?FindRecord@KBPT_Equipment@@QBEPBUKBASICPROP_EQUIPMENT@@HHH@Z 1002b360 f   KBasPropTbl.obj
 0001:0002a3b0       ??0KBPT_Equipment_Gold@@QAE@XZ 1002b3b0 f   KBasPropTbl.obj
 0001:0002a400       ??_EKBPT_Equipment_Gold@@UAEPAXI@Z 1002b400 f i KBasPropTbl.obj
 0001:0002a400       ??_GKBPT_Equipment_Gold@@UAEPAXI@Z 1002b400 f i KBasPropTbl.obj
 0001:0002a420       ??1KBPT_Equipment_Gold@@UAE@XZ 1002b420 f   KBasPropTbl.obj
 0001:0002a430       ?LoadRecord@KBPT_Equipment_Gold@@MAEHHPAVKTabFile@@@Z 1002b430 f   KBasPropTbl.obj
 0001:0002ab30       ?GetRecord@KBPT_Equipment_Gold@@QBEPBUKBASICPROP_EQUIPMENT_GOLD@@H@Z 1002bb30 f   KBasPropTbl.obj
 0001:0002ab60       ?FindRecord@KBPT_Equipment_Gold@@QBEPBUKBASICPROP_EQUIPMENT_GOLD@@HHH@Z 1002bb60 f   KBasPropTbl.obj
 0001:0002abb0       ??0KBPT_Equipment_Unique@@QAE@XZ 1002bbb0 f   KBasPropTbl.obj
 0001:0002ac00       ??1KBPT_Equipment_Unique@@QAE@XZ 1002bc00 f   KBasPropTbl.obj
 0001:0002ac10       ?LoadRecord@KBPT_Equipment_Unique@@MAEHHPAVKTabFile@@@Z 1002bc10 f   KBasPropTbl.obj
 0001:0002b2e0       ?GetRecord@KBPT_Equipment_Unique@@QBEPBUKBASICPROP_EQUIPMENT_UNIQUE@@H@Z 1002c2e0 f   KBasPropTbl.obj
 0001:0002b310       ?FindRecord@KBPT_Equipment_Unique@@QBEPBUKBASICPROP_EQUIPMENT_UNIQUE@@HHH@Z 1002c310 f   KBasPropTbl.obj
 0001:0002b360       ??0KBPT_MagicAttrib_TF@@QAE@XZ 1002c360 f   KBasPropTbl.obj
 0001:0002b3c0       ??1KBPT_MagicAttrib_TF@@QAE@XZ 1002c3c0 f   KBasPropTbl.obj
 0001:0002b3d0       ?LoadRecord@KBPT_MagicAttrib_TF@@MAEHHPAVKTabFile@@@Z 1002c3d0 f   KBasPropTbl.obj
 0001:0002b680       ?GetRecord@KBPT_MagicAttrib_TF@@QBEPBUKMAGICATTRIB_TABFILE@@H@Z 1002c680 f   KBasPropTbl.obj
 0001:0002b6b0       ?GetMACount@KBPT_MagicAttrib_TF@@QBEXPAH@Z 1002c6b0 f   KBasPropTbl.obj
 0001:0002b6d0       ??0KBPT_ClassMAIT@@QAE@XZ  1002c6d0 f   KBasPropTbl.obj
 0001:0002b6e0       ??1KBPT_ClassMAIT@@QAE@XZ  1002c6e0 f   KBasPropTbl.obj
[...]
 0003:00004444       ??_C@_0M@GLCG@LifeTimeMin?$AA@ 1005d444     KWeather.obj
 0003:00004450       ??_C@_0M@DNFL@Weather?$CF?43d?$AA@ 1005d450     KWeather.obj
 0003:0000445c       ??_C@_0BO@LAIF@?2settings?2Weather?2Weather?4ini?$AA@ 1005d45c     KWeather.obj
 0003:0000447c       ??_C@_0L@ONPH@Weather?$CF3d?$AA@ 1005d47c     KWeather.obj
 0003:00004488       ??_C@_0M@CONN@Weather?4ini?$AA@ 1005d488     KWeather.obj
 0003:00004494       ??_C@_0BC@KFJ@?2settings?2Weather?$AA@ 1005d494     KWeather.obj
 0003:000044a8       ??_C@_03DIFO@Map?$AA@      1005d4a8     ScenePlaceMapC.obj
 0003:000044ac       ??_C@_0BA@JGC@?2Ui?2Setting?4ini?$AA@ 1005d4ac     ScenePlaceMapC.obj
 0003:000044bc       ??_C@_0O@CMFP@?$CKPlaceMap_?$CFd?$CK?$AA@ 1005d4bc     ScenePlaceMapC.obj
 0003:000044cc       ??_C@_08NIBA@?$CFs24?4jpg?$AA@ 1005d4cc     ScenePlaceMapC.obj
 0003:000044d8       ??_C@_0BB@FNPP@MapLTRegionIndex?$AA@ 1005d4d8     ScenePlaceMapC.obj
 0003:000044ec       ??_C@_0CD@HJEG@?2spr?2Ui?2?$LM?$LM?D?$NM?M?$LM?$LB?j?2icon_sk_ty_ap?4s@ 1005d4ec     CoreDrawGameObj.obj
 0003:00004510       ??_C@_0BI@FDGD@?2settings?2MagicDesc?4Ini?$AA@ 1005d510     KMagicDesc.obj
 0003:00004528       ??_C@_04LPHI@?D?P?P?T?$AA@ 1005d528     KMagicDesc.obj
 0003:00004530       ??_C@_04PN@?E?$KO?P?T?$AA@ 1005d530     KMagicDesc.obj
 0003:00004538       ??_C@_04PMJN@?D?Z?A?$KG?$AA@ 1005d538     KMagicDesc.obj
 0003:00004540       ??_C@_04NLD@?$LN?p?G?$KO?$AA@ 1005d540     KMagicDesc.obj
 0003:00004548       ??_C@_04JLGG@?L?e?A?$KG?$AA@ 1005d548     KMagicDesc.obj
 0003:00004550       ??_C@_04ELB@?I?z?C?$PM?$AA@ 1005d550     KMagicDesc.obj
 0003:00004558       ??_C@_04EAJB@?N?$NO?O?$LF?$AA@ 1005d558     KMagicDesc.obj
 0003:00004560       ??_C@_08BILC@Descript?$AA@ 1005d560     KMagicDesc.obj
 0003:00004630       ??_C@_01FCOA@?5?$AA@       1005d630     KGMCommand.obj
 0003:00004634       ??_C@_06JDFN@STRING?$AA@   1005d634     KTaskFuns.obj
 0003:0000463c       ??_C@_09OLLC@Music?$CF03d?$AA@ 1005d63c     KMapMusic.obj
 0003:00004648       ??_C@_08COEK@MusicNum?$AA@ 1005d648     KMapMusic.obj
 0003:00004654       ??_C@_07KDJP@Map?$CF03d?$AA@ 1005d654     KMapMusic.obj
 0003:0000465c       ??_C@_06DHA@MapNum?$AA@    1005d65c     KMapMusic.obj
 0003:00004664       ??_C@_07FPLM@Stage?$CFd?$AA@ 1005d664     KMapMusic.obj
 0003:0000466c       ??_C@_05KJOA@Stage?$AA@    1005d66c     KMapMusic.obj
 0003:00004674       ??_C@_08BMPO@StageNum?$AA@ 1005d674     KMapMusic.obj
 0003:00004680       ??_C@_0CC@MLHK@?2settings?2music?2MusicFightSet?4in@ 1005d680     KMapMusic.obj
 0003:000046a4       ??_C@_0BN@IFCB@?2settings?2music?2MusicSet?4txt?$AA@ 1005d6a4     KMapMusic.obj
 0003:000046d0       ?Missle@@3PAVKMissle@@A    1005d6d0     KMissle.obj
 0003:0016ad30       ?g_MisslesLib@@3PAVKMissle@@A 101c3d30     KMissle.obj
 0003:001fa2f0       ?g_nRandMissleTab@@3PAHA   102532f0     KMissle.obj
 0003:001fa480       ??_C@_00A@?$AA@            10253480     KMissle.obj
 0003:001fa488       ?MissleSet@@3VKMissleSet@@A 10253488     KMissleSet.obj
 0003:001fa498       ?g_SkillManager@@3VKSkillManager@@A 10253498     KSkillManager.obj
 0003:0021b7d8       ?g_ulSkillCount@@3KA       102747d8     KSkillManager.obj
 0003:0021b7e0       ?SpecialMovieList@@3VKList@@A 102747e0     KSkillSpecial.obj
 0003:0021b7f8       ?g_Faction@@3VKFaction@@A  102747f8     KFaction.obj
 0003:0021baf0       ?Npc@@3PAVKNpc@@A          10274af0     KNpc.obj
 0003:009886f0       ?g_pNpcTemplate@@3PAVKNpcTemplate@@A 109e16f0     KNpc.obj
 0003:009886f8       ?NpcAI@@3VKNpcAI@@A        109e16f8     KNpcAI.obj
 0003:00988700       ?g_NpcAttribModify@@3VKNpcAttribModify@@A 109e1700     KNpcAttribModify.obj
 0003:009889a0       ?g_NpcResList@@3VKNpcResList@@A 109e19a0     KNpcResList.obj
 0003:00991158       ?NpcSet@@3VKNpcSet@@A      109ea158     KNpcSet.obj
 0003:00992c88       ?g_nLastNetMsgLoop@@3HA    109ebc88     KPlayer.obj
 0003:00992c90       ?Player@@3PAVKPlayer@@A    109ebc90     KPlayer.obj
 0003:0099e6f0       ?PlayerSet@@3VKPlayerSet@@A 109f76f0     KPlayerSet.obj
 0003:0099ed88       ?g_Team@@3PAVKTeam@@A      109f7d88     KPlayerTeam.obj
 0003:0099f028       ?BuySell@@3VKBuySell@@A    109f8028     KBuySell.obj
 0003:0099f040       ?Item@@3PAVKItem@@A        109f8040     KItem.obj
 0003:00a19040       ?g_ItemChangeRes@@3VKItemChangeRes@@A 10a72040     KItemChangeRes.obj
 0003:00a190d0       ?ItemGen@@3VKItemGenerator@@A 10a720d0     KItemGenerator.obj
 0003:00a1e7a0       ?ItemSet@@3VKItemSet@@A    10a777a0     KItemSet.obj
 0003:00a1e7b0       ?Object@@3PAVKObj@@A       10a777b0     KObj.obj
 0003:00a5f3b0       ?ObjSet@@3VKObjSet@@A      10ab83b0     KObjSet.obj
 0003:00a5f438       ?g_cViewItem@@3VKViewItem@@A 10ab8438     KViewItem.obj
 0003:00a5f510       ?g_bDebugScript@@3HA       10ab8510     KCore.obj
 0003:00a5f518       ?g_SoundCache@@3VKSoundCache@@A 10ab8518     KCore.obj
 0003:00a5f53c       ?g_nHandSkill@@3HA         10ab853c     KCore.obj
 0003:00a5f540       ?g_nRangeWeaponSkill@@3PAHA 10ab8540     KCore.obj
 0003:00a5f6d0       ?g_nMeleeWeaponSkill@@3PAHA 10ab86d0     KCore.obj
 0003:00a5f860       ?g_NpcKindFile@@3VKTabFile@@A 10ab8860     KCore.obj
 0003:00a5f880       ?g_NpcSetting@@3VKTabFile@@A 10ab8880     KCore.obj
 0003:00a5f8a0       ?g_SkillLevelSetting@@3VKTabFile@@A 10ab88a0     KCore.obj
 0003:00a5f8c0       ?g_MisslesSetting@@3VKTabFile@@A 10ab88c0     KCore.obj
 0003:00a5f8e0       ?g_OrdinSkillsSetting@@3VKTabFile@@A 10ab88e0     KCore.obj
 0003:00a5f8fc       ?g_bPingReply@@3HA         10ab88fc     KCore.obj
 0003:00a5f900       ?g_pClient@@3PAUIClient@@A 10ab8900     KCore.obj
 0003:00a5f908       ?g_RankTabSetting@@3VKTabFile@@A 10ab8908     KCore.obj
 0003:00a5f928       ?g_ClientWeaponSkillTabFile@@3VKTabFile@@A 10ab8928     KCore.obj
 0003:00a5f944       ?g_bUISelIntelActiveWithServer@@3HA 10ab8944     KCore.obj
 0003:00a5f948       ?g_bUISpeakActiveWithServer@@3HA 10ab8948     KCore.obj
 0003:00a5f94c       ?g_bUISelLastSelCount@@3HA 10ab894c     KCore.obj
 0003:00a5f950       ?g_pMusic@@3PAVKMusic@@A   10ab8950     KCore.obj
 0003:00a5f954       ?g_pNpcLevelScript@@3PAVKLuaScript@@A 10ab8954     KCore.obj
 0003:00a5f958       ?SubWorld@@3PAVKSubWorld@@A 10ab8958     KSubWorld.obj
 0003:00a619f8       ?nActiveRegionCount@@3HA   10aba9f8     KSubWorldSet.obj
 0003:00a61a00       ?g_SubWorldSet@@3VKSubWorldSet@@A 10abaa00     KSubWorldSet.obj
 0003:00a6db28       ?g_nConquerSeries@@3PAHA   10ac6b28     KMath.obj
 0003:00a6db3c       ?g_nAccrueSeries@@3PAHA    10ac6b3c     KMath.obj
 0003:00a6db50       ?g_ProtocolProcess@@3VKProtocolProcess@@A 10ac6b50     KProtocolProcess.obj
 0003:00a6df48       ?g_TempValue@@3PAHA        10ac6f48     ScriptFuns.obj
 0003:00a6e718       ?g_StoryScriptList@@3VKScriptList@@A 10ac7718     ScriptFuns.obj
 0003:00a6e730       ?g_ScriptValueSet@@3VKScriptValueSet@@A 10ac7730     KScriptValueSet.obj
 0003:00a6e768       ?g_szCurScriptDir@@3PADA   10ac7768     KSortScript.obj
 0003:00a6e86c       ?nCurrentScriptNum@@3IA    10ac786c     KSortScript.obj
 0003:00a6e870       ?g_ScriptBinTree@@3V?$BinSTree@VKSortScriptNode@@@@A 10ac7870     KSortScript.obj
 0003:00a6e880       ?g_ScriptSet@@3PAVKLuaScript@@A 10ac7880     KSortScript.obj
 0003:00a6eac8       ?l_pDataChangedNotifyFunc@@3PAUIClientCallback@@A 10ac7ac8     CoreShell.obj
 0003:00a6ead0       ?g_ScenePlace@@3VKScenePlaceC@@A 10ac7ad0     KScenePlaceC.obj
 0003:00ad7e84       ?g_pRepresent@@3PAUiRepresentShell@@A 10b30e84     ImgRef.obj
 0003:00ad7e88       ?l_Time@@3IA               10b30e88     ImgRef.obj
 0003:00ad7e90       ?g_MagicDesc@@3VKMagicDesc@@A 10b30e90     KMagicDesc.obj
 0003:00ad7f68       ?g_StringResourseTabFile@@3VKTabFile@@A 10b30f68     KTaskFuns.obj
 0003:00ad7f88       ?Option@@3VKOption@@A      10b30f88     KOption.obj
 0003:00ad7f98       ?Ladder@@3VKLadder@@A      10b30f98     KLadder.obj
 0003:00ad988c       __adjust_fdiv              10b3288c     <common>
 0003:00ad9890       __pRawDllMain              10b32890     <common>
 0003:00ad9894       ___onexitend               10b32894     <common>
 0003:00ad9898       ___onexitbegin             10b32898     <common>

 entry point at        0001:0004e9a1

 Static symbols

 0001:0004e250       _$E4                       1004f250 f   KLadder.obj
 0001:0004e260       _$E1                       1004f260 f   KLadder.obj
 0001:0004e270       _$E3                       1004f270 f   KLadder.obj
 0001:0004e280       _$E2                       1004f280 f   KLadder.obj
 0001:0004d560       _$E7                       1004e560 f   KTaskFuns.obj
 0001:0004d570       _$E4                       1004e570 f   KTaskFuns.obj
 0001:0004d580       _$E6                       1004e580 f   KTaskFuns.obj
 0001:0004d590       _$E5                       1004e590 f   KTaskFuns.obj
 0001:0004cde0       _$E4                       1004dde0 f   KMagicDesc.obj
 0001:0004cdf0       _$E1                       1004ddf0 f   KMagicDesc.obj
 0001:0004ce00       _$E3                       1004de00 f   KMagicDesc.obj
 0001:0004ce10       _$E2                       1004de10 f   KMagicDesc.obj
 0001:0004b1d0       _$E2                       1004c1d0 f   SceneMath.obj
 0001:0004b1e0       _$E1                       1004c1e0 f   SceneMath.obj
 0001:00045a60       _$E10                      10046a60 f   KScenePlaceC.obj
 0001:00045a70       _$E7                       10046a70 f   KScenePlaceC.obj
 0001:00045a80       _$E9                       10046a80 f   KScenePlaceC.obj
 0001:00045a90       _$E8                       10046a90 f   KScenePlaceC.obj
 0001:0003f570       _$E10                      10040570 f   CoreShell.obj
 0001:0003f580       _$E9                       10040580 f   CoreShell.obj
 0001:0003eb60       _$E4                       1003fb60 f   KSortScript.obj
 0001:0003eb70       _$E1                       1003fb70 f   KSortScript.obj
 0001:0003eb90       _$E3                       1003fb90 f   KSortScript.obj
 0001:0003eba0       _$E2                       1003fba0 f   KSortScript.obj
 0001:0003ebc0       _$E9                       1003fbc0 f   KSortScript.obj
 0001:0003ebd0       _$E6                       1003fbd0 f   KSortScript.obj
 0001:0003ebf0       _$E8                       1003fbf0 f   KSortScript.obj
 0001:0003ec00       _$E7                       1003fc00 f   KSortScript.obj
 0001:0003ecd0       ?LoadAllScript@@YAKPAD@Z   1003fcd0 f   KSortScript.obj
 0001:0003f060       ?LoadScriptToSortList@@YAHPAD@Z 10040060 f   KSortScript.obj
 0001:0003f150       ?LoadScriptToSortListA@@YAHPAD@Z 10040150 f   KSortScript.obj
 0001:0003e320       _$E4                       1003f320 f   KScriptValueSet.obj
 0001:0003e330       _$E1                       1003f330 f   KScriptValueSet.obj
 0001:0003e340       _$E3                       1003f340 f   KScriptValueSet.obj
 0001:0003e350       _$E2                       1003f350 f   KScriptValueSet.obj
 0001:0003d190       _$E7                       1003e190 f   ScriptFuns.obj
 0001:0003d1a0       _$E4                       1003e1a0 f   ScriptFuns.obj
 0001:0003d1b0       _$E6                       1003e1b0 f   ScriptFuns.obj
 0001:0003d1c0       _$E5                       1003e1c0 f   ScriptFuns.obj
 0001:000391d0       _$E12                      1003a1d0 f   KProtocolProcess.obj
 0001:000391e0       _$E9                       1003a1e0 f   KProtocolProcess.obj
 0001:000391f0       _$E11                      1003a1f0 f   KProtocolProcess.obj
 0001:00039200       _$E10                      1003a200 f   KProtocolProcess.obj
 0001:00037350       _$E6                       10038350 f   KSubWorldSet.obj
 0001:00037360       _$E3                       10038360 f   KSubWorldSet.obj
 0001:00037370       _$E5                       10038370 f   KSubWorldSet.obj
 0001:00037380       _$E4                       10038380 f   KSubWorldSet.obj
 0001:00035430       _$E12                      10036430 f   KSubWorld.obj
 0001:00035440       _$E9                       10036440 f   KSubWorld.obj
 0001:00035460       _$E11                      10036460 f   KSubWorld.obj
 0001:00035470       _$E10                      10036470 f   KSubWorld.obj
 0001:00033e30       _$E5                       10034e30 f   KCore.obj
 0001:00033e40       _$E2                       10034e40 f   KCore.obj
 0001:00033e50       _$E4                       10034e50 f   KCore.obj
 0001:00033e60       _$E3                       10034e60 f   KCore.obj
 0001:00033e70       _$E16                      10034e70 f   KCore.obj
 0001:00033e80       _$E13                      10034e80 f   KCore.obj
 0001:00033e90       _$E15                      10034e90 f   KCore.obj
 0001:00033ea0       _$E14                      10034ea0 f   KCore.obj
 0001:00033eb0       _$E21                      10034eb0 f   KCore.obj
 0001:00033ec0       _$E18                      10034ec0 f   KCore.obj
 0001:00033ee0       _$E20                      10034ee0 f   KCore.obj
 0001:00033ef0       _$E19                      10034ef0 f   KCore.obj
 0001:00033f10       _$E26                      10034f10 f   KCore.obj
 0001:00033f20       _$E23                      10034f20 f   KCore.obj
 0001:00033f30       _$E25                      10034f30 f   KCore.obj
 0001:00033f40       _$E24                      10034f40 f   KCore.obj
 0001:00033f50       _$E31                      10034f50 f   KCore.obj
 0001:00033f60       _$E28                      10034f60 f   KCore.obj
 0001:00033f70       _$E30                      10034f70 f   KCore.obj
 0001:00033f80       _$E29                      10034f80 f   KCore.obj
 0001:00033f90       _$E36                      10034f90 f   KCore.obj
 0001:00033fa0       _$E33                      10034fa0 f   KCore.obj
 0001:00033fb0       _$E35                      10034fb0 f   KCore.obj
 0001:00033fc0       _$E34                      10034fc0 f   KCore.obj
 0001:00033fd0       _$E41                      10034fd0 f   KCore.obj
 0001:00033fe0       _$E38                      10034fe0 f   KCore.obj
 0001:00033ff0       _$E40                      10034ff0 f   KCore.obj
 0001:00034000       _$E39                      10035000 f   KCore.obj
 0001:00033be0       _$E2                       10034be0 f   KViewItem.obj
 0001:00033bf0       _$E1                       10034bf0 f   KViewItem.obj
 0001:00032a60       _$E10                      10033a60 f   KObjSet.obj
 0001:00032a70       _$E7                       10033a70 f   KObjSet.obj
 0001:00032a80       _$E9                       10033a80 f   KObjSet.obj
 0001:00032a90       _$E8                       10033a90 f   KObjSet.obj
 0001:00031ac0       _$E10                      10032ac0 f   KObj.obj
 0001:00031ad0       _$E9                       10032ad0 f   KObj.obj
 0001:000317f0       _$E4                       100327f0 f   KItemSet.obj
 0001:00031800       _$E1                       10032800 f   KItemSet.obj
 0001:00031810       _$E3                       10032810 f   KItemSet.obj
 0001:00031820       _$E2                       10032820 f   KItemSet.obj
 0001:0002e0d0       _$E4                       1002f0d0 f   KItemGenerator.obj
 0001:0002e0e0       _$E1                       1002f0e0 f   KItemGenerator.obj
 0001:0002e0f0       _$E3                       1002f0f0 f   KItemGenerator.obj
 0001:0002e100       _$E2                       1002f100 f   KItemGenerator.obj
 0001:0002dde0       _$E4                       1002ede0 f   KItemChangeRes.obj
 0001:0002ddf0       _$E1                       1002edf0 f   KItemChangeRes.obj
 0001:0002de00       _$E3                       1002ee00 f   KItemChangeRes.obj
 0001:0002de10       _$E2                       1002ee10 f   KItemChangeRes.obj
 0001:0002c780       _$E27                      1002d780 f   KItem.obj
 0001:0002c790       _$E24                      1002d790 f   KItem.obj
 0001:0002c7b0       _$E26                      1002d7b0 f   KItem.obj
 0001:0002c7c0       _$E25                      1002d7c0 f   KItem.obj
 0001:0002b8e0       _$E6                       1002c8e0 f   KBuySell.obj
 0001:0002b8f0       _$E3                       1002c8f0 f   KBuySell.obj
 0001:0002b900       _$E5                       1002c900 f   KBuySell.obj
 0001:0002b910       _$E4                       1002c910 f   KBuySell.obj
 0001:000278a0       _$E4                       100288a0 f   KPlayerTeam.obj
 0001:000278b0       _$E3                       100288b0 f   KPlayerTeam.obj
 0001:00026bb0       _$E6                       10027bb0 f   KPlayerSet.obj
 0001:00026bc0       _$E3                       10027bc0 f   KPlayerSet.obj
 0001:00026bd0       _$E5                       10027bd0 f   KPlayerSet.obj
 0001:00026be0       _$E4                       10027be0 f   KPlayerSet.obj
 0001:0001d410       _$E13                      1001e410 f   KPlayer.obj
 0001:0001d420       _$E10                      1001e420 f   KPlayer.obj
 0001:0001d440       _$E12                      1001e440 f   KPlayer.obj
 0001:0001d450       _$E11                      1001e450 f   KPlayer.obj
 0001:0001b2c0       _$E12                      1001c2c0 f   KNpcSet.obj
 0001:0001b2d0       _$E9                       1001c2d0 f   KNpcSet.obj
 0001:0001b2e0       _$E11                      1001c2e0 f   KNpcSet.obj
 0001:0001b2f0       _$E10                      1001c2f0 f   KNpcSet.obj
 0001:00018720       _$E4                       10019720 f   KNpcResList.obj
 0001:00018730       _$E1                       10019730 f   KNpcResList.obj
 0001:00018740       _$E3                       10019740 f   KNpcResList.obj
 0001:00018750       _$E2                       10019750 f   KNpcResList.obj
 0001:00013280       _$E6                       10014280 f   KNpcAttribModify.obj
 0001:00013290       _$E3                       10014290 f   KNpcAttribModify.obj
 0001:000132a0       _$E5                       100142a0 f   KNpcAttribModify.obj
 0001:000132b0       _$E4                       100142b0 f   KNpcAttribModify.obj
 0001:00010660       _$E4                       10011660 f   KNpcAI.obj
 0001:00010670       _$E3                       10011670 f   KNpcAI.obj
 0001:0000a390       _$E12                      1000b390 f   KNpc.obj
 0001:0000a3a0       _$E9                       1000b3a0 f   KNpc.obj
 0001:0000a3c0       _$E11                      1000b3c0 f   KNpc.obj
 0001:0000a3d0       _$E10                      1000b3d0 f   KNpc.obj
 0001:00009b90       _$E10                      1000ab90 f   KSkillSpecial.obj
 0001:00009ba0       _$E7                       1000aba0 f   KSkillSpecial.obj
 0001:00009be0       _$E9                       1000abe0 f   KSkillSpecial.obj
 0001:00009bf0       _$E8                       1000abf0 f   KSkillSpecial.obj
 0001:00004330       _$E4                       10005330 f   KSkillManager.obj
 0001:00004340       _$E1                       10005340 f   KSkillManager.obj
 0001:00004350       _$E3                       10005350 f   KSkillManager.obj
 0001:00004360       _$E2                       10005360 f   KSkillManager.obj
 0001:000037b0       _$E4                       100047b0 f   KMissleSet.obj
 0001:000037c0       _$E1                       100047c0 f   KMissleSet.obj
 0001:000037d0       _$E3                       100047d0 f   KMissleSet.obj
 0001:000037e0       _$E2                       100047e0 f   KMissleSet.obj
 0001:00000310       _$E10                      10001310 f   KMissle.obj
 0001:00000320       _$E7                       10001320 f   KMissle.obj
 0001:00000340       _$E9                       10001340 f   KMissle.obj
 0001:00000350       _$E8                       10001350 f   KMissle.obj
 0001:00000370       _$E15                      10001370 f   KMissle.obj
 0001:00000380       _$E12                      10001380 f   KMissle.obj
 0001:000003a0       _$E14                      100013a0 f   KMissle.obj
 0001:000003b0       _$E13                      100013b0 f   KMissle.obj
 0001:0004e818       ?ArrayUnwindFilter@@YAHPAU_EXCEPTION_POINTERS@@@Z 1004f818 f   MSVCRT:ehvecdtr.obj
