 CoreClient

 Timestamp is 3eeadfc5 (Sat Jun 14 16:41:41 2003)

 Preferred load address is 10000000

 Start         Length     Name                   Class
 0001:00000000 0004530cH .text                   CODE
 0001:00045310 00000dd3H .text$x                 CODE
 0002:00000000 00000264H .idata$5                DATA
 0002:00000268 000043acH .rdata                  DATA
 0002:00004618 00000f60H .xdata$x                DATA
 0002:00005578 00000078H .idata$2                DATA
 0002:000055f0 00000014H .idata$3                DATA
 0002:00005604 00000264H .idata$4                DATA
 0002:00005868 00000e2eH .idata$6                DATA
 0002:000066a0 00001fecH .edata                  DATA
 0003:00000000 00000004H .CRT$XCA                DATA
 0003:00000004 0000009cH .CRT$XCU                DATA
 0003:000000a0 00000004H .CRT$XCZ                DATA
 0003:000000a4 00000004H .CRT$XIA                DATA
 0003:000000a8 00000004H .CRT$XIZ                DATA
 0003:000000b0 00003850H .data                   DATA
 0003:00003900 00aa68c0H .bss                    DATA

  Address         Publics by Value              Rva+Base     Lib:Object

 0001:00000000       ??4KMapMusic@@QAEAAV0@ABV0@@Z 10001000 f i KMissle.obj
 0001:00000020       ?GetGameTime@KSubWorldSet@@QAEHXZ 10001020 f i KMissle.obj
 0001:00000030       ?GetGameVersion@KSubWorldSet@@QAEHXZ 10001030 f i KMissle.obj
 0001:00000040       ?SetPing@KSubWorldSet@@QAEXK@Z 10001040 f i KMissle.obj
 0001:00000050       ?GetPing@KSubWorldSet@@QAEKXZ 10001050 f i KMissle.obj
 0001:00000060       ??4KSubWorldSet@@QAEAAV0@ABV0@@Z 10001060 f i KMissle.obj
 0001:00000080       ??1KSubWorldSet@@QAE@XZ    10001080 f i KMissle.obj
 0001:00000150       ??0KMissle@@QAE@XZ         10001150 f   KMissle.obj
 0001:000001b0       ??_EKMissle@@UAEPAXI@Z     100011b0 f i KMissle.obj
 0001:000001b0       ??_GKMissle@@UAEPAXI@Z     100011b0 f i KMissle.obj
 0001:000001d0       ?Release@KMissle@@AAEXXZ   100011d0 f   KMissle.obj
 0001:00000210       ??1KMissle@@UAE@XZ         10001210 f   KMissle.obj
 0001:00000220       ?GetInfoFromTabFile@KMissle@@QAEHH@Z 10001220 f   KMissle.obj
 0001:00000240       ?GetInfoFromTabFile@KMissle@@QAEHPAVKITabFile@@H@Z 10001240 f   KMissle.obj
 0001:00000720       ?Init@KMissle@@AAEHHHHHH@Z 10001720 f   KMissle.obj
 0001:00000730       ?Activate@KMissle@@QAEHXZ  10001730 f   KMissle.obj
 0001:00000920       ?OnWait@KMissle@@AAEXXZ    10001920 f   KMissle.obj
 0001:00000930       ?OnCollision@KMissle@@AAEXXZ 10001930 f   KMissle.obj
 0001:00000940       ?CheckCollision@KMissle@@AAEHH@Z 10001940 f   KMissle.obj
 0001:00000bf0       ?OnFly@KMissle@@AAEXXZ     10001bf0 f   KMissle.obj
 0001:00001530       ?OnVanish@KMissle@@AAEXXZ  10002530 f   KMissle.obj
 0001:00001540       ?Paint@KMissle@@QAEXXZ     10002540 f   KMissle.obj
 0001:000016e0       ?Send@KWorldMsg@@QAEHKHHH@Z 100026e0 f i KMissle.obj
 0001:00001740       ??_EKWorldMsgNode@@UAEPAXI@Z 10002740 f i KMissle.obj
 0001:00001740       ??_GKWorldMsgNode@@UAEPAXI@Z 10002740 f i KMissle.obj
 0001:00001760       ??1KWorldMsgNode@@UAE@XZ   10002760 f i KMissle.obj
 0001:00001770       ??_GKNode@@UAEPAXI@Z       10002770 f i KMissle.obj
 0001:00001770       ??_EKNode@@UAEPAXI@Z       10002770 f i KMissle.obj
 0001:00001790       ?Save@KMissle@@QAEHXZ      10002790 f   KMissle.obj
 0001:000017a0       ?CheckBeyondRegion@KMissle@@AAEHXZ 100027a0 f   KMissle.obj
 0001:00001a70       ??4KMissle@@AAEAAV0@AAV0@@Z 10002a70 f   KMissle.obj
 0001:00001d10       ?ProcessDamage@KMissle@@AAEHH@Z 10002d10 f   KMissle.obj
 0001:00001d20       ?DoVanish@KMissle@@AAEXXZ  10002d20 f   KMissle.obj
 0001:00001e30       ?DoCollision@KMissle@@AAEXXZ 10002e30 f   KMissle.obj
 0001:00001f50       ?DoFly@KMissle@@AAEXXZ     10002f50 f   KMissle.obj
 0001:00001fc0       ?ProcessCollision@KMissle@@QAEHHHHHHW4MISSLE_RELATION@@@Z 10002fc0 f   KMissle.obj
 0001:000022b0       ?ProcessCollision@KMissle@@AAEHXZ 100032b0 f   KMissle.obj
 0001:000022f0       ?CreateSpecialEffect@KMissle@@QAEHW4eMissleStatus@@HHHH@Z 100032f0 f   KMissle.obj
 0001:00002480       ??_GKSkillSpecialNode@@UAEPAXI@Z 10003480 f i KMissle.obj
 0001:00002480       ??_EKSkillSpecialNode@@UAEPAXI@Z 10003480 f i KMissle.obj
 0001:000024a0       ??1KSkillSpecialNode@@UAE@XZ 100034a0 f i KMissle.obj
 0001:000024c0       ?GetLightInfo@KMissle@@QAEXPAUKLightInfo@@@Z 100034c0 f   KMissle.obj
 0001:00002520       ?DoWait@KMissle@@AAEXXZ    10003520 f   KMissle.obj
 0001:000025a0       ?PrePareFly@KMissle@@AAEHXZ 100035a0 f   KMissle.obj
 0001:00002840       ?GetMpsPos@KMissle@@QAEXPAH0@Z 10003840 f   KMissle.obj
 0001:00002890       ?GetMoney@KInventory@@QAEHXZ 10003890 f i KMissleRes.obj
 0001:000028a0       ?SetMoney@KInventory@@QAEHH@Z 100038a0 f i KMissleRes.obj
 0001:000028c0       ??4KInventory@@QAEAAV0@ABV0@@Z 100038c0 f i KMissleRes.obj
 0001:000028f0       ??4KPlayerFaction@@QAEAAV0@ABV0@@Z 100038f0 f i KMissleRes.obj
 0001:00002910       ??4KCHAT_RECORDER@@QAEAAV0@ABV0@@Z 10003910 f i KMissleRes.obj
 0001:00002930       ??0CChatFriendTeam@@QAE@ABV0@@Z 10003930 f i KMissleRes.obj
 0001:00002980       ??4CChatFriendTeam@@QAEAAV0@ABV0@@Z 10003980 f i KMissleRes.obj
 0001:000029d0       ??1CChatFriendTeam@@QAE@XZ 100039d0 f i KMissleRes.obj
 0001:000029e0       ??0KPlayerChat@@QAE@XZ     100039e0 f i KMissleRes.obj
 0001:00002a60       ??1KList@@QAE@XZ           10003a60 f i KMissleRes.obj
 0001:00002a70       ??0KPlayerChat@@QAE@ABV0@@Z 10003a70 f i KMissleRes.obj
 0001:00002b70       ??4KPlayerChat@@QAEAAV0@ABV0@@Z 10003b70 f i KMissleRes.obj
 0001:00002c50       ??1KPlayerChat@@QAE@XZ     10003c50 f i KMissleRes.obj
 0001:00002cc0       ??4KPlayerTask@@QAEAAV0@ABV0@@Z 10003cc0 f i KMissleRes.obj
 0001:00002ce0       ??4KTrade@@QAEAAV0@ABV0@@Z 10003ce0 f i KMissleRes.obj
 0001:00002d00       ?GetEquipment@KItemList@@QAEHH@Z 10003d00 f i KMissleRes.obj
 0001:00002d10       ?GetMoney@KItemList@@QAEHH@Z 10003d10 f i KMissleRes.obj
 0001:00002d30       ?Hand@KItemList@@QAEHXZ    10003d30 f i KMissleRes.obj
 0001:00002d40       ??4KItemList@@QAEAAV0@ABV0@@Z 10003d40 f i KMissleRes.obj
 0001:00002d60       ??1KItemList@@QAE@XZ       10003d60 f i KMissleRes.obj
 0001:00002dc0       ??0KMissleRes@@QAE@XZ      10003dc0 f   KMissleRes.obj
 0001:00002e60       ??1KMissleRes@@QAE@XZ      10003e60 f   KMissleRes.obj
 0001:00002f00       ?LoadResource@KMissleRes@@QAEXHPAD0@Z 10003f00 f   KMissleRes.obj
 0001:00002f70       ?Init@KMissleRes@@QAEHXZ   10003f70 f   KMissleRes.obj
 0001:00002f80       ?Remove@KMissleRes@@QAEXXZ 10003f80 f   KMissleRes.obj
 0001:00002f90       ?Clear@KMissleRes@@QAEXXZ  10003f90 f   KMissleRes.obj
 0001:00003020       ?Draw@KMissleRes@@QAEHHHHHHHH@Z 10004020 f   KMissleRes.obj
 0001:00003270       ?PlaySoundA@KMissleRes@@QAEXHHHH@Z 10004270 f   KMissleRes.obj
 0001:00003340       ?StopSound@KMissleRes@@QAEXXZ 10004340 f   KMissleRes.obj
 0001:00003390       ??0KMissleSet@@QAE@XZ      10004390 f i KMissleSet.obj
 0001:000033a0       ??4KMissleSet@@QAEAAV0@ABV0@@Z 100043a0 f i KMissleSet.obj
 0001:000033c0       ??1KMissleSet@@QAE@XZ      100043c0 f i KMissleSet.obj
 0001:00003450       ?Init@KMissleSet@@QAEXXZ   10004450 f   KMissleSet.obj
 0001:00003490       ?FindFree@KMissleSet@@QAEHXZ 10004490 f   KMissleSet.obj
 0001:000034a0       ?Add@KMissleSet@@QAEHHHHHHH@Z 100044a0 f   KMissleSet.obj
 0001:00003540       ?Add@KMissleSet@@QAEHHHH@Z 10004540 f   KMissleSet.obj
 0001:00003690       ?CreateMissile@KMissleSet@@QAEHHHHHHHHH@Z 10004690 f   KMissleSet.obj
 0001:000036c0       ?Activate@KMissleSet@@QAEHXZ 100046c0 f   KMissleSet.obj
 0001:000036f0       ?Remove@KMissleSet@@QAEXH@Z 100046f0 f   KMissleSet.obj
 0001:00003760       ?Draw@KMissleSet@@QAEXXZ   10004760 f   KMissleSet.obj
 0001:00003780       ?GetCount@KMissleSet@@QAEHXZ 10004780 f   KMissleSet.obj
 0001:000037a0       ?ClearMissles@KMissleSet@@QAEXXZ 100047a0 f   KMissleSet.obj
 0001:000037d0       ??0KSkillList@@QAE@XZ      100047d0 f   KSkillList.obj
 0001:000037f0       ??1KSkillList@@QAE@XZ      100047f0 f   KSkillList.obj
 0001:00003800       ?FindSame@KSkillList@@QAEHH@Z 10004800 f   KSkillList.obj
 0001:00003830       ?FindFree@KSkillList@@QAEHXZ 10004830 f   KSkillList.obj
 0001:00003850       ?GetCount@KSkillList@@QAEHXZ 10004850 f   KSkillList.obj
 0001:00003870       ?SetSkillLevel@KSkillList@@QAEXHH@Z 10004870 f   KSkillList.obj
 0001:000038b0       ?SetLevel@KSkillList@@QAEHHH@Z 100048b0 f   KSkillList.obj
 0001:000038f0       ?IncreaseLevel@KSkillList@@QAEHHH@Z 100048f0 f   KSkillList.obj
 0001:00003990       ?Add@KSkillList@@QAEHHHHH@Z 10004990 f   KSkillList.obj
 0001:00003ad0       ?GetLevel@KSkillList@@QAEHH@Z 10004ad0 f   KSkillList.obj
 0001:00003b00       ?GetCurrentLevel@KSkillList@@QAEHH@Z 10004b00 f   KSkillList.obj
 0001:00003b30       ?CanCast@KSkillList@@QAEHHK@Z 10004b30 f   KSkillList.obj
 0001:00003b70       ?SetNextCastTime@KSkillList@@QAEXHK@Z 10004b70 f   KSkillList.obj
 0001:00003ba0       ?GetSkillSortList@KSkillList@@QAEHPAUKUiSkillData@@@Z 10004ba0 f   KSkillList.obj
 0001:00003c70       ?GetLeftSkillSortList@KSkillList@@QAEHPAUKUiSkillData@@@Z 10004c70 f   KSkillList.obj
 0001:00003d50       ?GetRightSkillSortList@KSkillList@@QAEHPAUKUiSkillData@@@Z 10004d50 f   KSkillList.obj
 0001:00003e30       ?GetSkillPosition@KSkillList@@QAEHH@Z 10004e30 f   KSkillList.obj
 0001:00003f10       ??0KSkillManager@@QAE@XZ   10004f10 f   KSkillManager.obj
 0001:00003f20       ??1KSkillManager@@QAE@XZ   10004f20 f   KSkillManager.obj
 0001:00003f60       ?Init@KSkillManager@@QAEHXZ 10004f60 f   KSkillManager.obj
 0001:00004030       ?InstanceSkill@KSkillManager@@AAEPAVISkill@@KK@Z 10005030 f   KSkillManager.obj
 0001:00004140       ??4KSkill@@QAEAAV0@ABV0@@Z 10005140 f i KSkillManager.obj
 0001:00004520       ??0KSkill@@QAE@XZ          10005520 f   KSkills.obj
 0001:000045f0       ?GetSkillName@KSkill@@UAEPBDXZ 100055f0 f i KSkills.obj
 0001:00004600       ?GetSkillStyle@KSkill@@UAEHXZ 10005600 f i KSkills.obj
 0001:00004610       ?GetSkillId@KSkill@@UAEHXZ 10005610 f i KSkills.obj
 0001:00004620       ??_EKSkill@@UAEPAXI@Z      10005620 f i KSkills.obj
 0001:00004620       ??_GKSkill@@UAEPAXI@Z      10005620 f i KSkills.obj
 0001:00004640       ??_H@YGXPAXIHP6EX0@Z@Z     10005640 f i KSkills.obj
 0001:00004670       ??1KSkill@@UAE@XZ          10005670 f   KSkills.obj
 0001:00004680       ?CanCastSkill@KSkill@@QAEHHAAH0@Z 10005680 f   KSkills.obj
 0001:00004730       ?Cast@KSkill@@QAEHHHHHW4eSkillLauncherType@@@Z 10005730 f   KSkills.obj
 0001:000048c0       ?Vanish@KSkill@@AAEXPAVKMissle@@@Z 100058c0 f   KSkills.obj
 0001:000048d0       ?OnMissleEvent@KSkill@@QAEHGPAVKMissle@@@Z 100058d0 f   KSkills.obj
 0001:00004ae0       ?FlyEvent@KSkill@@AAEXPAVKMissle@@@Z 10005ae0 f   KSkills.obj
 0001:00004af0       ?Collidsion@KSkill@@AAEXPAVKMissle@@@Z 10005af0 f   KSkills.obj
 0001:00004b00       ?CastMissles@KSkill@@AAEHHHHHW4eSkillLauncherType@@@Z 10005b00 f   KSkills.obj
 0001:00006350       ?CastZone@KSkill@@AAEHPAUTOrdinSkillParam@@HHH@Z 10007350 f   KSkills.obj
 0001:000067b0       ?CastLine@KSkill@@AAEHPAUTOrdinSkillParam@@HHH@Z 100077b0 f   KSkills.obj
 0001:00006ad0       ?CastExtractiveLineMissle@KSkill@@AAEHPAUTOrdinSkillParam@@HHHHHHH@Z 10007ad0 f   KSkills.obj
 0001:00006d40       ?CastWall@KSkill@@AAEHPAUTOrdinSkillParam@@HHH@Z 10007d40 f   KSkills.obj
 0001:00007080       ?CastCircle@KSkill@@AAEHPAUTOrdinSkillParam@@HHH@Z 10008080 f   KSkills.obj
 0001:000073c0       ?CastSpread@KSkill@@AAEHPAUTOrdinSkillParam@@HHH@Z 100083c0 f   KSkills.obj
 0001:000078c0       ?GetChildSkillNum@KSkill@@QAEHH@Z 100088c0 f   KSkills.obj
 0001:000078d0       ?SkillCost@KSkill@@AAE?AW4WORLDRETURN@@H@Z 100088d0 f   KSkills.obj
 0001:00007950       ?CreateMissle@KSkill@@AAEXHHH@Z 10008950 f   KSkills.obj
 0001:00007bd0       ?GetInfoFromTabFile@KSkill@@QAEHH@Z 10008bd0 f   KSkills.obj
 0001:00007bf0       ?GetInfoFromTabFile@KSkill@@QAEHPAVKITabFile@@H@Z 10008bf0 f   KSkills.obj
 0001:00008120       ?LoadSkillLevelData@KSkill@@UAEXKH@Z 10009120 f   KSkills.obj
 0001:00008470       ?GetMissleGenerateTime@KSkill@@QAEIH@Z 10009470 f   KSkills.obj
 0001:00008570       ?GetSkillIdFromName@KSkill@@SAHPAD@Z 10009570 f   KSkills.obj
 0001:00008600       ?CastInitiativeSkill@KSkill@@AAEHHHHH@Z 10009600 f   KSkills.obj
 0001:00008610       ?CastPassivitySkill@KSkill@@AAEHHHHH@Z 10009610 f   KSkills.obj
 0001:00008620       ?ParseString2MagicAttrib@KSkill@@AAEHKPAD0@Z 10009620 f   KSkills.obj
 0001:00008b30       ?DrawSkillIcon@KSkill@@QAEXHHHH@Z 10009b30 f   KSkills.obj
 0001:00008be0       ?GetDesc@KSkill@@SAXKKPADH_N@Z 10009be0 f   KSkills.obj
 0001:00008e80       ?GetDescAboutLevel@KSkill@@QAEXPAD@Z 10009e80 f   KSkills.obj
 0001:00009120       ?PlayPreCastSound@KSkill@@QAEXHHH@Z 1000a120 f   KSkills.obj
 0001:000091d0       ??0KList@@QAE@XZ           1000a1d0 f i KSkillSpecial.obj
 0001:00009220       ??0KSkillSpecial@@QAE@XZ   1000a220 f   KSkillSpecial.obj
 0001:00009260       ?Init@KSkillSpecial@@QAEHXZ 1000a260 f   KSkillSpecial.obj
 0001:00009280       ?Draw@KSkillSpecial@@QAEXH@Z 1000a280 f   KSkillSpecial.obj
 0001:00009400       ?SetAnimation@KSkillSpecial@@QAEXPADI@Z 1000a400 f   KSkillSpecial.obj
 0001:00009450       ?Remove@KSkillSpecial@@QAEXXZ 1000a450 f   KSkillSpecial.obj
 0001:00009460       ?Init@KFaction@@QAEHXZ     1000a460 f   KFaction.obj
 0001:000098d0       ?GetID@KFaction@@QAEHHH@Z  1000a8d0 f   KFaction.obj
 0001:00009900       ?GetID@KFaction@@QAEHHPAD@Z 1000a900 f   KFaction.obj
 0001:00009990       ?GetCamp@KFaction@@QAEHH@Z 1000a990 f   KFaction.obj
 0001:00009a10       ??1KNpc@@QAE@XZ            1000aa10 f i KNpc.obj
 0001:00009a80       ??0KNpc@@QAE@XZ            1000aa80 f   KNpc.obj
 0001:00009b90       ?Init@KNpc@@QAEXXZ         1000ab90 f   KNpc.obj
 0001:00009e30       ?SetCurrentCamp@KNpc@@QAEXH@Z 1000ae30 f   KNpc.obj
 0001:00009e40       ?SetCamp@KNpc@@QAEXH@Z     1000ae40 f   KNpc.obj
 0001:00009e50       ?RestoreCurrentCamp@KNpc@@QAEXXZ 1000ae50 f   KNpc.obj
 0001:00009e60       ?Activate@KNpc@@QAEXXZ     1000ae60 f   KNpc.obj
 0001:0000a030       ?ProcStatus@KNpc@@QAEXXZ   1000b030 f   KNpc.obj
 0001:0000a100       ?ProcCommand@KNpc@@QAEXH@Z 1000b100 f   KNpc.obj
 0001:0000a2f0       ?ProcessState@KNpc@@QAEHXZ 1000b2f0 f   KNpc.obj
 0001:0000a4b0       ?DoDeath@KNpc@@AAEXXZ      1000b4b0 f   KNpc.obj
 0001:0000a510       ?OnDeath@KNpc@@AAEXXZ      1000b510 f   KNpc.obj
 0001:0000a5f0       ?DoDefense@KNpc@@AAEXXZ    1000b5f0 f   KNpc.obj
 0001:0000a600       ?OnDefense@KNpc@@AAEXXZ    1000b600 f   KNpc.obj
 0001:0000a610       ?DoIdle@KNpc@@AAEXXZ       1000b610 f   KNpc.obj
 0001:0000a630       ?OnIdle@KNpc@@AAEXXZ       1000b630 f   KNpc.obj
 0001:0000a640       ?DoHurt@KNpc@@AAEXHHH@Z    1000b640 f   KNpc.obj
 0001:0000a6c0       ?OnHurt@KNpc@@AAEXXZ       1000b6c0 f   KNpc.obj
 0001:0000a860       ?DoSpecial1@KNpc@@AAEXXZ   1000b860 f   KNpc.obj
 0001:0000a870       ?OnSpecial1@KNpc@@AAEXXZ   1000b870 f   KNpc.obj
 0001:0000a960       ?DoSpecial2@KNpc@@AAEXXZ   1000b960 f   KNpc.obj
 0001:0000a970       ?OnSpecial2@KNpc@@AAEXXZ   1000b970 f   KNpc.obj
 0001:0000a980       ?DoSpecial3@KNpc@@AAEXXZ   1000b980 f   KNpc.obj
 0001:0000a990       ?OnSpecial3@KNpc@@AAEXXZ   1000b990 f   KNpc.obj
 0001:0000a9a0       ?DoSpecial4@KNpc@@AAEXXZ   1000b9a0 f   KNpc.obj
 0001:0000a9b0       ?OnSpecial4@KNpc@@AAEXXZ   1000b9b0 f   KNpc.obj
 0001:0000a9c0       ?DoStand@KNpc@@AAEXXZ      1000b9c0 f   KNpc.obj
 0001:0000aa70       ?OnStand@KNpc@@AAEXXZ      1000ba70 f   KNpc.obj
 0001:0000aac0       ?DoRevive@KNpc@@AAEXXZ     1000bac0 f   KNpc.obj
 0001:0000ab70       ?OnRevive@KNpc@@AAEXXZ     1000bb70 f   KNpc.obj
 0001:0000ab80       ?DoRun@KNpc@@AAEXXZ        1000bb80 f   KNpc.obj
 0001:0000abf0       ?OnRun@KNpc@@AAEXXZ        1000bbf0 f   KNpc.obj
 0001:0000ac10       ?DoSit@KNpc@@AAEXXZ        1000bc10 f   KNpc.obj
 0001:0000ac50       ?OnSit@KNpc@@AAEXXZ        1000bc50 f   KNpc.obj
 0001:0000ac70       ?DoSkill@KNpc@@AAEXHH@Z    1000bc70 f   KNpc.obj
 0001:0000b0a0       ?DoAttack@KNpc@@AAEXXZ     1000c0a0 f   KNpc.obj
 0001:0000b110       ?CastMeleeSkill@KNpc@@AAEHPAVKSkill@@@Z 1000c110 f   KNpc.obj
 0001:0000b270       ?DoBlurAttack@KNpc@@AAEHXZ 1000c270 f   KNpc.obj
 0001:0000b320       ?DoMagic@KNpc@@AAEXXZ      1000c320 f   KNpc.obj
 0001:0000b380       ?OnSkill@KNpc@@AAEXXZ      1000c380 f   KNpc.obj
 0001:0000b470       ?JumpTo@KNpc@@AAEXHH@Z     1000c470 f   KNpc.obj
 0001:0000b4b0       ?RunTo@KNpc@@AAEXHH@Z      1000c4b0 f   KNpc.obj
 0001:0000b4e0       ?Goto@KNpc@@AAEXHH@Z       1000c4e0 f   KNpc.obj
 0001:0000b510       ?DoWalk@KNpc@@AAEXXZ       1000c510 f   KNpc.obj
 0001:0000b580       ?DoPlayerTalk@KNpc@@QAEXPAD@Z 1000c580 f   KNpc.obj
 0001:0000b590       ?OnPlayerTalk@KNpc@@AAEXXZ 1000c590 f   KNpc.obj
 0001:0000b5a0       ?OnWalk@KNpc@@AAEXXZ       1000c5a0 f   KNpc.obj
 0001:0000b5c0       ?GetSkillLevel@KNpc@@QAEHH@Z 1000c5c0 f   KNpc.obj
 0001:0000b5f0       ?ModifyAttrib@KNpc@@QAEXHPAX@Z 1000c5f0 f   KNpc.obj
 0001:0000b610       ?SetImmediatelySkillEffect@KNpc@@QAEXHPAXH@Z 1000c610 f   KNpc.obj
 0001:0000b650       ?AppendSkillEffect@KNpc@@QAEXPAX0@Z 1000c650 f   KNpc.obj
 0001:0000b930       ?ServeMove@KNpc@@AAEXH@Z   1000c930 f   KNpc.obj
 0001:0000bd40       ?ServeJump@KNpc@@AAEXH@Z   1000cd40 f   KNpc.obj
 0001:0000c090       ?SendCommand@KNpc@@QAEXW4NPCCMD@@HHH@Z 1000d090 f   KNpc.obj
 0001:0000c0c0       ?NewPath@KNpc@@AAEHHH@Z    1000d0c0 f   KNpc.obj
 0001:0000c0e0       ?NewJump@KNpc@@AAEHHH@Z    1000d0e0 f   KNpc.obj
 0001:0000c430       ?SelfDamage@KNpc@@QAEXH@Z  1000d430 f   KNpc.obj
 0001:0000c460       ?Cost@KNpc@@QAEHW4NPCATTRIB@@H@Z 1000d460 f   KNpc.obj
 0001:0000c540       ?DoJump@KNpc@@AAEXXZ       1000d540 f   KNpc.obj
 0001:0000c5a0       ?OnJump@KNpc@@AAEHXZ       1000d5a0 f   KNpc.obj
 0001:0000c5e0       ?WaitForFrame@KNpc@@AAEHXZ 1000d5e0 f   KNpc.obj
 0001:0000c610       ?IsReachFrame@KNpc@@AAEHH@Z 1000d610 f   KNpc.obj
 0001:0000c640       ?Load@KNpc@@QAEXHH@Z       1000d640 f   KNpc.obj
 0001:0000c880       ?GetMpsPos@KNpc@@QAEXPAH0@Z 1000d880 f   KNpc.obj
 0001:0000c8d0       ?SetActiveSkill@KNpc@@QAEXH@Z 1000d8d0 f   KNpc.obj
 0001:0000c940       ?SetAuraSkill@KNpc@@QAEXH@Z 1000d940 f   KNpc.obj
 0001:0000c9d0       ?PaintInfo@KNpc@@QAEXXZ    1000d9d0 f   KNpc.obj
 0001:0000ced0       ?Paint@KNpc@@QAEXXZ        1000ded0 f   KNpc.obj
 0001:0000cf60       ?AddBaseLifeMax@KNpc@@QAEXH@Z 1000df60 f   KNpc.obj
 0001:0000cf80       ?AddCurLifeMax@KNpc@@QAEXH@Z 1000df80 f   KNpc.obj
 0001:0000cfa0       ?AddBaseStaminaMax@KNpc@@QAEXH@Z 1000dfa0 f   KNpc.obj
 0001:0000cfc0       ?AddCurStaminaMax@KNpc@@QAEXH@Z 1000dfc0 f   KNpc.obj
 0001:0000cfe0       ?AddBaseManaMax@KNpc@@QAEXH@Z 1000dfe0 f   KNpc.obj
 0001:0000d000       ?AddCurManaMax@KNpc@@QAEXH@Z 1000e000 f   KNpc.obj
 0001:0000d020       ?CalcCurLifeReplenish@KNpc@@QAEXXZ 1000e020 f   KNpc.obj
 0001:0000d030       ?Remove@KNpc@@QAEXXZ       1000e030 f   KNpc.obj
 0001:0000d050       ?SetSeries@KNpc@@QAEXH@Z   1000e050 f   KNpc.obj
 0001:0000d070       ?SetStateSkillEffect@KNpc@@QAEXHHHPAXHH@Z 1000e070 f   KNpc.obj
 0001:0000d280       ??_GKStateNode@@UAEPAXI@Z  1000e280 f i KNpc.obj
 0001:0000d280       ??_EKStateNode@@UAEPAXI@Z  1000e280 f i KNpc.obj
 0001:0000d2a0       ??1KStateNode@@UAE@XZ      1000e2a0 f i KNpc.obj
 0001:0000d2b0       ?ModifyMissleCollsion@KNpc@@QAEHH@Z 1000e2b0 f   KNpc.obj
 0001:0000d2e0       ?ModifyMissleLifeTime@KNpc@@QAEHH@Z 1000e2e0 f   KNpc.obj
 0001:0000d2f0       ?ModifyMissleSpeed@KNpc@@QAEHH@Z 1000e2f0 f   KNpc.obj
 0001:0000d310       ?DoManyAttack@KNpc@@AAEHXZ 1000e310 f   KNpc.obj
 0001:0000d490       ?OnManyAttack@KNpc@@AAEXXZ 1000e490 f   KNpc.obj
 0001:0000d550       ?DoRunAttack@KNpc@@AAEHXZ  1000e550 f   KNpc.obj
 0001:0000d6f0       ?OnRunAttack@KNpc@@AAEXXZ  1000e6f0 f   KNpc.obj
 0001:0000d8a0       ?DoJumpAttack@KNpc@@AAEHXZ 1000e8a0 f   KNpc.obj
 0001:0000d980       ?OnJumpAttack@KNpc@@AAEHXZ 1000e980 f   KNpc.obj
 0001:0000dae0       ?CheckHitTarget@KNpc@@AAEHHHH@Z 1000eae0 f   KNpc.obj
 0001:0000db70       ?GetNpcCopyFromTemplate@KNpc@@QAEXHH@Z 1000eb70 f   KNpc.obj
 0001:0000dc70       ?LoadDataFromTemplate@KNpc@@QAEXHH@Z 1000ec70 f   KNpc.obj
 0001:0000dde0       ?Enchant@KNpc@@AAEXXZ      1000ede0 f   KNpc.obj
 0001:0000e150       ?ModifyEnchant@KNpc@@AAEXPAXH@Z 1000f150 f   KNpc.obj
 0001:0000e240       ?SetPhysicsDamage@KNpc@@QAEXHH@Z 1000f240 f   KNpc.obj
 0001:0000e260       ?SetBaseAttackRating@KNpc@@QAEXH@Z 1000f260 f   KNpc.obj
 0001:0000e280       ?SetBaseDefence@KNpc@@QAEXH@Z 1000f280 f   KNpc.obj
 0001:0000e2a0       ?SetMenuState@KNpc@@QAEXHPADH@Z 1000f2a0 f   KNpc.obj
 0001:0000e2c0       ?GetMenuState@KNpc@@QAEHXZ 1000f2c0 f   KNpc.obj
 0001:0000e2d0       ?SearchAroundID@KNpc@@QAEKK@Z 1000f2d0 f   KNpc.obj
 0001:0000e350       ?SetSpecialSpr@KNpc@@QAEXPAD@Z 1000f350 f   KNpc.obj
 0001:0000e370       ?SetInstantSpr@KNpc@@QAEXH@Z 1000f370 f   KNpc.obj
 0001:0000e3b0       ?GetNormalNpcStandDir@KNpc@@QAEHH@Z 1000f3b0 f   KNpc.obj
 0001:0000e3d0       ?SetNpcState@KNpc@@QAEXPAE@Z 1000f3d0 f   KNpc.obj
 0001:0000e460       ?ClearNpcState@KNpc@@QAEXXZ 1000f460 f   KNpc.obj
 0001:0000e4c0       ?RestoreNpcBaseInfo@KNpc@@QAEXXZ 1000f4c0 f   KNpc.obj
 0001:0000e720       ?DrawBorder@KNpc@@QAEXXZ   1000f720 f   KNpc.obj
 0001:0000e740       ?DrawBlood@KNpc@@QAEXXZ    1000f740 f   KNpc.obj
 0001:0000e840       ?IsPlayer@KNpc@@QAEHXZ     1000f840 f   KNpc.obj
 0001:0000e860       ?ClearStateSkillEffect@KNpc@@QAEXXZ 1000f860 f   KNpc.obj
 0001:0000e910       ?ClearNormalState@KNpc@@QAEXXZ 1000f910 f   KNpc.obj
 0001:0000ea20       ?CheckTrap@KNpc@@QAEXXZ    1000fa20 f   KNpc.obj
 0001:0000eab0       ?SetFightMode@KNpc@@QAEXH@Z 1000fab0 f   KNpc.obj
 0001:0000eae0       ?TurnTo@KNpc@@QAEXH@Z      1000fae0 f   KNpc.obj
 0001:0000ec00       ?ReCalcStateEffect@KNpc@@QAEXXZ 1000fc00 f   KNpc.obj
 0001:0000ec80       ?GetCurActiveWeaponSkill@KNpc@@QAEHXZ 1000fc80 f   KNpc.obj
 0001:0000ed30       ?HurtAutoMove@KNpc@@AAEXXZ 1000fd30 f   KNpc.obj
 0001:0000f100       ??0KNpcAI@@QAE@XZ          10010100 f   KNpcAI.obj
 0001:0000f110       ?Activate@KNpcAI@@QAEXH@Z  10010110 f   KNpcAI.obj
 0001:0000f180       ?GetNpcMoveOffset@KNpcAI@@AAEXHHPAH0@Z 10010180 f   KNpcAI.obj
 0001:0000f3e0       ?ProcessShowNpc@KNpcAI@@AAEXXZ 100103e0 f   KNpcAI.obj
 0001:0000f450       ?ShowNpcType11@KNpcAI@@AAEXXZ 10010450 f   KNpcAI.obj
 0001:0000f580       ?ShowNpcType12@KNpcAI@@AAEXXZ 10010580 f   KNpcAI.obj
 0001:0000f6b0       ?ShowNpcType13@KNpcAI@@AAEXXZ 100106b0 f   KNpcAI.obj
 0001:0000f820       ?ShowNpcType14@KNpcAI@@AAEXXZ 10010820 f   KNpcAI.obj
 0001:0000f980       ?ShowNpcType15@KNpcAI@@AAEXXZ 10010980 f   KNpcAI.obj
 0001:0000fa80       ?ShowNpcType16@KNpcAI@@AAEXXZ 10010a80 f   KNpcAI.obj
 0001:0000fba0       ?ShowNpcType17@KNpcAI@@AAEXXZ 10010ba0 f   KNpcAI.obj
 0001:0000fce0       ?ProcessPlayer@KNpcAI@@AAEXXZ 10010ce0 f   KNpcAI.obj
 0001:0000fd30       ?FollowObject@KNpcAI@@AAEXH@Z 10010d30 f   KNpcAI.obj
 0001:0000fdc0       ?FollowPeople@KNpcAI@@AAEXH@Z 10010dc0 f   KNpcAI.obj
 0001:000100d0       ?TriggerMapTrap@KNpcAI@@AAEXXZ 100110d0 f   KNpcAI.obj
 0001:000100f0       ?TriggerObjectTrap@KNpcAI@@AAEXXZ 100110f0 f   KNpcAI.obj
 0001:00010100       ?GetNearestNpc@KNpcAI@@AAEHH@Z 10011100 f   KNpcAI.obj
 0001:00010570       ?GetNearestPlayer@KNpcAI@@AAEHXZ 10011570 f   KNpcAI.obj
 0001:000105a0       ?GetNpcNumber@KNpcAI@@AAEHH@Z 100115a0 f   KNpcAI.obj
 0001:00010790       ?KeepAttackRange@KNpcAI@@AAEXHH@Z 10011790 f   KNpcAI.obj
 0001:00010900       ?FollowAttack@KNpcAI@@AAEXH@Z 10011900 f   KNpcAI.obj
 0001:000109e0       ?InEyeshot@KNpcAI@@AAEHH@Z 100119e0 f   KNpcAI.obj
 0001:00010a20       ?CommonAction@KNpcAI@@AAEXXZ 10011a20 f   KNpcAI.obj
 0001:00010b00       ?KeepActiveRange@KNpcAI@@AAEHXZ 10011b00 f   KNpcAI.obj
 0001:00010bf0       ?Flee@KNpcAI@@AAEXH@Z      10011bf0 f   KNpcAI.obj
 0001:00010c90       ?ProcessAIType1@KNpcAI@@AAEXXZ 10011c90 f   KNpcAI.obj
 0001:00010e60       ?ProcessAIType2@KNpcAI@@AAEXXZ 10011e60 f   KNpcAI.obj
 0001:00011020       ?ProcessAIType3@KNpcAI@@AAEXXZ 10012020 f   KNpcAI.obj
 0001:000111a0       ?ProcessAIType4@KNpcAI@@AAEXXZ 100121a0 f   KNpcAI.obj
 0001:00011370       ?ProcessAIType5@KNpcAI@@AAEXXZ 10012370 f   KNpcAI.obj
 0001:000114d0       ?ProcessAIType6@KNpcAI@@AAEXXZ 100124d0 f   KNpcAI.obj
 0001:00011630       ?ProcessAIType7@KNpcAI@@AAEXXZ 10012630 f   KNpcAI.obj
 0001:00011800       ?ProcessAIType8@KNpcAI@@AAEXXZ 10012800 f   KNpcAI.obj
 0001:000119b0       ?ProcessAIType9@KNpcAI@@AAEXXZ 100129b0 f   KNpcAI.obj
 0001:00011b00       ?ProcessAIType10@KNpcAI@@AAEXXZ 10012b00 f   KNpcAI.obj
 0001:00011cb0       ??0KNpcAttribModify@@QAE@XZ 10012cb0 f   KNpcAttribModify.obj
 0001:00012020       ??1KNpcAttribModify@@QAE@XZ 10013020 f   KNpcAttribModify.obj
 0001:00012030       ?ModifyAttrib@KNpcAttribModify@@QAEXPAVKNpc@@PAX@Z 10013030 f   KNpcAttribModify.obj
 0001:00012060       ?AddColdDamageV@KNpcAttribModify@@AAEXPAVKNpc@@PAX@Z 10013060 f   KNpcAttribModify.obj
 0001:000120b0       ?AddFireDamageV@KNpcAttribModify@@AAEXPAVKNpc@@PAX@Z 100130b0 f   KNpcAttribModify.obj
 0001:00012100       ?AddLightingDamageV@KNpcAttribModify@@AAEXPAVKNpc@@PAX@Z 10013100 f   KNpcAttribModify.obj
 0001:00012150       ?AddPhysicsDamageP@KNpcAttribModify@@AAEXPAVKNpc@@PAX@Z 10013150 f   KNpcAttribModify.obj
 0001:000122b0       ?AddPoisonDamageV@KNpcAttribModify@@AAEXPAVKNpc@@PAX@Z 100132b0 f   KNpcAttribModify.obj
 0001:000123a0       ?AddPhysicsDamageV@KNpcAttribModify@@AAEXPAVKNpc@@PAX@Z 100133a0 f   KNpcAttribModify.obj
 0001:000123f0       ?AllresP@KNpcAttribModify@@AAEXPAVKNpc@@PAX@Z 100133f0 f   KNpcAttribModify.obj
 0001:00012470       ?AllSkillV@KNpcAttribModify@@AAEXPAVKNpc@@PAX@Z 10013470 f   KNpcAttribModify.obj
 0001:000124a0       ?AttackRatingP@KNpcAttribModify@@AAEXPAVKNpc@@PAX@Z 100134a0 f   KNpcAttribModify.obj
 0001:00012510       ?AttackRatingV@KNpcAttribModify@@AAEXPAVKNpc@@PAX@Z 10013510 f   KNpcAttribModify.obj
 0001:00012550       ?AttackSpeedV@KNpcAttribModify@@AAEXPAVKNpc@@PAX@Z 10013550 f   KNpcAttribModify.obj
 0001:00012590       ?BadStatusTimeReduceV@KNpcAttribModify@@AAEXPAVKNpc@@PAX@Z 10013590 f   KNpcAttribModify.obj
 0001:000125a0       ?BurnTimeReduceP@KNpcAttribModify@@AAEXPAVKNpc@@PAX@Z 100135a0 f   KNpcAttribModify.obj
 0001:000125e0       ?CastSpeedV@KNpcAttribModify@@AAEXPAVKNpc@@PAX@Z 100135e0 f   KNpcAttribModify.obj
 0001:00012620       ?ChangeCampV@KNpcAttribModify@@AAEXPAVKNpc@@PAX@Z 10013620 f   KNpcAttribModify.obj
 0001:00012660       ?ColdArmorV@KNpcAttribModify@@AAEXPAVKNpc@@PAX@Z 10013660 f   KNpcAttribModify.obj
 0001:000126d0       ?ColdresP@KNpcAttribModify@@AAEXPAVKNpc@@PAX@Z 100136d0 f   KNpcAttribModify.obj
 0001:00012710       ?DeadlyStrikeP@KNpcAttribModify@@AAEXPAVKNpc@@PAX@Z 10013710 f   KNpcAttribModify.obj
 0001:00012750       ?DexterityV@KNpcAttribModify@@AAEXPAVKNpc@@PAX@Z 10013750 f   KNpcAttribModify.obj
 0001:000127a0       ?EarthSkillV@KNpcAttribModify@@AAEXPAVKNpc@@PAX@Z 100137a0 f   KNpcAttribModify.obj
 0001:000127d0       ?EnergyV@KNpcAttribModify@@AAEXPAVKNpc@@PAX@Z 100137d0 f   KNpcAttribModify.obj
 0001:00012820       ?FastHitRecoverV@KNpcAttribModify@@AAEXPAVKNpc@@PAX@Z 10013820 f   KNpcAttribModify.obj
 0001:00012860       ?FastWalkRunP@KNpcAttribModify@@AAEXPAVKNpc@@PAX@Z 10013860 f   KNpcAttribModify.obj
 0001:000128e0       ?FireArmorV@KNpcAttribModify@@AAEXPAVKNpc@@PAX@Z 100138e0 f   KNpcAttribModify.obj
 0001:00012950       ?FireSkillV@KNpcAttribModify@@AAEXPAVKNpc@@PAX@Z 10013950 f   KNpcAttribModify.obj
 0001:00012980       ?FreezeTimeReduceP@KNpcAttribModify@@AAEXPAVKNpc@@PAX@Z 10013980 f   KNpcAttribModify.obj
 0001:000129e0       ?KnockBackP@KNpcAttribModify@@AAEXPAVKNpc@@PAX@Z 100139e0 f   KNpcAttribModify.obj
 0001:00012a20       ?LifeMaxP@KNpcAttribModify@@AAEXPAVKNpc@@PAX@Z 10013a20 f   KNpcAttribModify.obj
 0001:00012a90       ?LifeMaxV@KNpcAttribModify@@AAEXPAVKNpc@@PAX@Z 10013a90 f   KNpcAttribModify.obj
 0001:00012ad0       ?LifeReplenishV@KNpcAttribModify@@AAEXPAVKNpc@@PAX@Z 10013ad0 f   KNpcAttribModify.obj
 0001:00012b10       ?LifeV@KNpcAttribModify@@AAEXPAVKNpc@@PAX@Z 10013b10 f   KNpcAttribModify.obj
 0001:00012b50       ?LightingArmorV@KNpcAttribModify@@AAEXPAVKNpc@@PAX@Z 10013b50 f   KNpcAttribModify.obj
 0001:00012bc0       ?LightingresP@KNpcAttribModify@@AAEXPAVKNpc@@PAX@Z 10013bc0 f   KNpcAttribModify.obj
 0001:00012c00       ?LuckyV@KNpcAttribModify@@AAEXPAVKNpc@@PAX@Z 10013c00 f   KNpcAttribModify.obj
 0001:00012c40       ?ManaMaxP@KNpcAttribModify@@AAEXPAVKNpc@@PAX@Z 10013c40 f   KNpcAttribModify.obj
 0001:00012cb0       ?ManaMaxV@KNpcAttribModify@@AAEXPAVKNpc@@PAX@Z 10013cb0 f   KNpcAttribModify.obj
 0001:00012cf0       ?ManaReplenishV@KNpcAttribModify@@AAEXPAVKNpc@@PAX@Z 10013cf0 f   KNpcAttribModify.obj
 0001:00012d30       ?ManaV@KNpcAttribModify@@AAEXPAVKNpc@@PAX@Z 10013d30 f   KNpcAttribModify.obj
 0001:00012d70       ?ManaShieldP@KNpcAttribModify@@AAEXPAVKNpc@@PAX@Z 10013d70 f   KNpcAttribModify.obj
 0001:00012db0       ?MeleeDamageReturnP@KNpcAttribModify@@AAEXPAVKNpc@@PAX@Z 10013db0 f   KNpcAttribModify.obj
 0001:00012df0       ?MeleeDamageReturnV@KNpcAttribModify@@AAEXPAVKNpc@@PAX@Z 10013df0 f   KNpcAttribModify.obj
 0001:00012e30       ?MetalSkillV@KNpcAttribModify@@AAEXPAVKNpc@@PAX@Z 10013e30 f   KNpcAttribModify.obj
 0001:00012e60       ?PhysicsArmorV@KNpcAttribModify@@AAEXPAVKNpc@@PAX@Z 10013e60 f   KNpcAttribModify.obj
 0001:00012ed0       ?PhysicsresP@KNpcAttribModify@@AAEXPAVKNpc@@PAX@Z 10013ed0 f   KNpcAttribModify.obj
 0001:00012f10       ?Damage2ManaP@KNpcAttribModify@@AAEXPAVKNpc@@PAX@Z 10013f10 f   KNpcAttribModify.obj
 0001:00012f50       ?PoisonArmorV@KNpcAttribModify@@AAEXPAVKNpc@@PAX@Z 10013f50 f   KNpcAttribModify.obj
 0001:00012fc0       ?PoisonDamageReduceV@KNpcAttribModify@@AAEXPAVKNpc@@PAX@Z 10013fc0 f   KNpcAttribModify.obj
 0001:00013000       ?PoisonresP@KNpcAttribModify@@AAEXPAVKNpc@@PAX@Z 10014000 f   KNpcAttribModify.obj
 0001:00013040       ?PoisonTimeReduceP@KNpcAttribModify@@AAEXPAVKNpc@@PAX@Z 10014040 f   KNpcAttribModify.obj
 0001:000130a0       ?RangeDamageReturnV@KNpcAttribModify@@AAEXPAVKNpc@@PAX@Z 100140a0 f   KNpcAttribModify.obj
 0001:000130e0       ?RangeDamageReturnP@KNpcAttribModify@@AAEXPAVKNpc@@PAX@Z 100140e0 f   KNpcAttribModify.obj
 0001:00013120       ?SlowMissleB@KNpcAttribModify@@AAEXPAVKNpc@@PAX@Z 10014120 f   KNpcAttribModify.obj
 0001:00013150       ?StaminaMaxP@KNpcAttribModify@@AAEXPAVKNpc@@PAX@Z 10014150 f   KNpcAttribModify.obj
 0001:000131c0       ?StaminaMaxV@KNpcAttribModify@@AAEXPAVKNpc@@PAX@Z 100141c0 f   KNpcAttribModify.obj
 0001:00013200       ?StaminaReplenishV@KNpcAttribModify@@AAEXPAVKNpc@@PAX@Z 10014200 f   KNpcAttribModify.obj
 0001:00013240       ?StaminaV@KNpcAttribModify@@AAEXPAVKNpc@@PAX@Z 10014240 f   KNpcAttribModify.obj
 0001:00013280       ?StealLifeP@KNpcAttribModify@@AAEXPAVKNpc@@PAX@Z 10014280 f   KNpcAttribModify.obj
 0001:000132c0       ?StealManaP@KNpcAttribModify@@AAEXPAVKNpc@@PAX@Z 100142c0 f   KNpcAttribModify.obj
 0001:00013300       ?StealStaminaP@KNpcAttribModify@@AAEXPAVKNpc@@PAX@Z 10014300 f   KNpcAttribModify.obj
 0001:00013340       ?StrengthV@KNpcAttribModify@@AAEXPAVKNpc@@PAX@Z 10014340 f   KNpcAttribModify.obj
 0001:00013390       ?StunTimeReduceP@KNpcAttribModify@@AAEXPAVKNpc@@PAX@Z 10014390 f   KNpcAttribModify.obj
 0001:000133e0       ?VisionRadiusP@KNpcAttribModify@@AAEXPAVKNpc@@PAX@Z 100143e0 f   KNpcAttribModify.obj
 0001:00013420       ?VitalityV@KNpcAttribModify@@AAEXPAVKNpc@@PAX@Z 10014420 f   KNpcAttribModify.obj
 0001:00013470       ?WaterSkillV@KNpcAttribModify@@AAEXPAVKNpc@@PAX@Z 10014470 f   KNpcAttribModify.obj
 0001:000134a0       ?WoodSkillV@KNpcAttribModify@@AAEXPAVKNpc@@PAX@Z 100144a0 f   KNpcAttribModify.obj
 0001:000134d0       ?FireresP@KNpcAttribModify@@AAEXPAVKNpc@@PAX@Z 100144d0 f   KNpcAttribModify.obj
 0001:00013510       ?ArmorDefenseV@KNpcAttribModify@@AAEXPAVKNpc@@PAX@Z 10014510 f   KNpcAttribModify.obj
 0001:00013550       ?ColdEnhanceP@KNpcAttribModify@@AAEXPAVKNpc@@PAX@Z 10014550 f   KNpcAttribModify.obj
 0001:00013590       ?FireEnhanceP@KNpcAttribModify@@AAEXPAVKNpc@@PAX@Z 10014590 f   KNpcAttribModify.obj
 0001:000135d0       ?LightingEnhanceP@KNpcAttribModify@@AAEXPAVKNpc@@PAX@Z 100145d0 f   KNpcAttribModify.obj
 0001:00013610       ?PoisonEnhanceP@KNpcAttribModify@@AAEXPAVKNpc@@PAX@Z 10014610 f   KNpcAttribModify.obj
 0001:00013650       ?LifePotionV@KNpcAttribModify@@AAEXPAVKNpc@@PAX@Z 10014650 f   KNpcAttribModify.obj
 0001:000136b0       ?ManaPotionV@KNpcAttribModify@@AAEXPAVKNpc@@PAX@Z 100146b0 f   KNpcAttribModify.obj
 0001:00013710       ?PhysicsResMaxP@KNpcAttribModify@@AAEXPAVKNpc@@PAX@Z 10014710 f   KNpcAttribModify.obj
 0001:00013750       ?ColdResMaxP@KNpcAttribModify@@AAEXPAVKNpc@@PAX@Z 10014750 f   KNpcAttribModify.obj
 0001:00013790       ?FireResMaxP@KNpcAttribModify@@AAEXPAVKNpc@@PAX@Z 10014790 f   KNpcAttribModify.obj
 0001:000137d0       ?LightingResMaxP@KNpcAttribModify@@AAEXPAVKNpc@@PAX@Z 100147d0 f   KNpcAttribModify.obj
 0001:00013810       ?PoisonResMaxP@KNpcAttribModify@@AAEXPAVKNpc@@PAX@Z 10014810 f   KNpcAttribModify.obj
 0001:00013850       ?AllResMaxP@KNpcAttribModify@@AAEXPAVKNpc@@PAX@Z 10014850 f   KNpcAttribModify.obj
 0001:000138d0       ?FatallyStrikeP@KNpcAttribModify@@AAEXPAVKNpc@@PAX@Z 100148d0 f   KNpcAttribModify.obj
 0001:000138e0       ??0KNpcFindPath@@QAE@XZ    100148e0 f   KNpcFindPath.obj
 0001:00013900       ?Init@KNpcFindPath@@QAEXH@Z 10014900 f   KNpcFindPath.obj
 0001:00013930       ?GetDir@KNpcFindPath@@QAEHHHHHHHPAH@Z 10014930 f   KNpcFindPath.obj
 0001:00013e90       ?Dir64To8@KNpcFindPath@@QAEHH@Z 10014e90 f   KNpcFindPath.obj
 0001:00013ea0       ?Dir8To64@KNpcFindPath@@QAEHH@Z 10014ea0 f   KNpcFindPath.obj
 0001:00013eb0       ?CheckDistance@KNpcFindPath@@QAEHHHHHH@Z 10014eb0 f   KNpcFindPath.obj
 0001:00013f10       ?CheckBarrier@KNpcFindPath@@QAEHHH@Z 10014f10 f   KNpcFindPath.obj
 0001:00013f70       ??0KNpcRes@@QAE@XZ         10014f70 f   KNpcRes.obj
 0001:00014050       ?Init@KNpcRes@@QAEHPADPAVKNpcResList@@@Z 10015050 f   KNpcRes.obj
 0001:00014290       ?Remove@KNpcRes@@QAEXH@Z   10015290 f   KNpcRes.obj
 0001:000142c0       ?Draw@KNpcRes@@QAEXHHHHH@Z 100152c0 f   KNpcRes.obj
 0001:00014c20       ?GetShadowName@KNpcRes@@SAXPAD0@Z 10015c20 f   KNpcRes.obj
 0001:00014c40       ??1KNpcRes@@QAE@XZ         10015c40 f   KNpcRes.obj
 0001:00014c50       ?SetHelm@KNpcRes@@QAEHH@Z  10015c50 f   KNpcRes.obj
 0001:00014d40       ?SetArmor@KNpcRes@@QAEHH@Z 10015d40 f   KNpcRes.obj
 0001:00014e30       ?SetWeapon@KNpcRes@@QAEHH@Z 10015e30 f   KNpcRes.obj
 0001:000151a0       ?SetHorse@KNpcRes@@QAEHH@Z 100161a0 f   KNpcRes.obj
 0001:000152a0       ?SetAction@KNpcRes@@QAEHH@Z 100162a0 f   KNpcRes.obj
 0001:00015610       ?SetRideHorse@KNpcRes@@QAEHH@Z 10016610 f   KNpcRes.obj
 0001:00015970       ?SetPos@KNpcRes@@QAEXHHHHHH@Z 10016970 f   KNpcRes.obj
 0001:000159d0       ?SetState@KNpcRes@@QAEXPAVKList@@PAVKNpcResList@@@Z 100169d0 f   KNpcRes.obj
 0001:00015bf0       ?SetSpecialSpr@KNpcRes@@QAEXPAD@Z 10016bf0 f   KNpcRes.obj
 0001:00015c60       ?SetMenuStateSpr@KNpcRes@@AAEXH@Z 10016c60 f   KNpcRes.obj
 0001:00015d10       ?SetBlur@KNpcRes@@QAEXH@Z  10016d10 f   KNpcRes.obj
 0001:00015d40       ?GetSoundName@KNpcRes@@AAEXXZ 10016d40 f   KNpcRes.obj
 0001:00015d60       ?PlaySoundA@KNpcRes@@AAEXHH@Z 10016d60 f   KNpcRes.obj
 0001:00015e20       ?StopSound@KNpcRes@@QAEXXZ 10016e20 f   KNpcRes.obj
 0001:00015e60       ?SetMenuState@KNpcRes@@QAEXHPADH@Z 10016e60 f   KNpcRes.obj
 0001:00015f30       ?GetMenuState@KNpcRes@@QAEHXZ 10016f30 f   KNpcRes.obj
 0001:00015f40       ?DrawBorder@KNpcRes@@QAEXXZ 10016f40 f   KNpcRes.obj
 0001:00016050       ?GetNormalNpcStandDir@KNpcRes@@QAEHH@Z 10017050 f   KNpcRes.obj
 0001:00016090       ??0KStateSpr@@QAE@XZ       10017090 f   KNpcRes.obj
 0001:000160b0       ?Release@KStateSpr@@QAEXXZ 100170b0 f   KNpcRes.obj
 0001:000160d0       ??0KNpcBlur@@QAE@XZ        100170d0 f   KNpcRes.obj
 0001:000160f0       ?SetNextNo@KNpcBlur@@QAEXXZ 100170f0 f   KNpcRes.obj
 0001:00016110       ?SetMapPos@KNpcBlur@@QAEXHHHH@Z 10017110 f   KNpcRes.obj
 0001:00016160       ?ChangeAlpha@KNpcBlur@@QAEXXZ 10017160 f   KNpcRes.obj
 0001:00016200       ?ClearCurNo@KNpcBlur@@QAEXXZ 10017200 f   KNpcRes.obj
 0001:00016230       ?SetFile@KNpcBlur@@QAEXHPADHHHH@Z 10017230 f   KNpcRes.obj
 0001:00016340       ?Draw@KNpcBlur@@QAEXH@Z    10017340 f   KNpcRes.obj
 0001:00016380       ?NowGetBlur@KNpcBlur@@QAEHXZ 10017380 f   KNpcRes.obj
 0001:00016390       ?Init@KNpcBlur@@QAEHXZ     10017390 f   KNpcRes.obj
 0001:000163d0       ?Remove@KNpcBlur@@QAEXH@Z  100173d0 f   KNpcRes.obj
 0001:00016410       ?AddObj@KNpcBlur@@QAEXXZ   10017410 f   KNpcRes.obj
 0001:00016420       ?RemoveObj@KNpcBlur@@QAEXXZ 10017420 f   KNpcRes.obj
 0001:00016470       ??1KNpcResList@@QAE@XZ     10017470 f i KNpcResList.obj
 0001:00016480       ??0KNpcResList@@QAE@XZ     10017480 f i KNpcResList.obj
 0001:00016500       ?Init@KNpcResList@@QAEHXZ  10017500 f   KNpcResList.obj
 0001:00016550       ?FindNpcRes@KNpcResList@@AAEPAVKNpcResNode@@PAD@Z 10017550 f   KNpcResList.obj
 0001:00016620       ?AddNpcRes@KNpcResList@@QAEPAVKNpcResNode@@PAD@Z 10017620 f   KNpcResList.obj
 0001:000166f0       ??0KNpcResNode@@QAE@XZ     100176f0 f   KNpcResNode.obj
 0001:000167e0       ??_EKNpcResNode@@UAEPAXI@Z 100177e0 f i KNpcResNode.obj
 0001:000167e0       ??_GKNpcResNode@@UAEPAXI@Z 100177e0 f i KNpcResNode.obj
 0001:00016800       ??1KNpcResNode@@UAE@XZ     10017800 f   KNpcResNode.obj
 0001:000168a0       ?Init@KNpcResNode@@QAEHPADPAVCActionName@@1@Z 100178a0 f   KNpcResNode.obj
 0001:00017630       ??1KNode@@UAE@XZ           10018630 f i KNpcResNode.obj
 0001:00017640       ?ComposePathAndName@KNpcResNode@@QAEXPAD00@Z 10018640 f   KNpcResNode.obj
 0001:00017740       ?CheckPartExist@KNpcResNode@@QAEHH@Z 10018740 f   KNpcResNode.obj
 0001:00017770       ?GetFileName@KNpcResNode@@QAEHHHHPAD0H@Z 10018770 f   KNpcResNode.obj
 0001:000177b0       ?GetInterval@KNpcResNode@@QAEHHHHH@Z 100187b0 f   KNpcResNode.obj
 0001:000177f0       ?GetTotalFrames@KNpcResNode@@QAEHHHHH@Z 100187f0 f   KNpcResNode.obj
 0001:00017830       ?GetTotalDirs@KNpcResNode@@QAEHHHHH@Z 10018830 f   KNpcResNode.obj
 0001:00017870       ?GetActNo@KNpcResNode@@QAEHHHH@Z 10018870 f   KNpcResNode.obj
 0001:000178b0       ?GetSort@KNpcResNode@@QAEHHHHPAHH@Z 100188b0 f   KNpcResNode.obj
 0001:00017910       ?GetActionSoundName@KNpcResNode@@QAEXHPAD@Z 10018910 f   KNpcResNode.obj
 0001:00017950       ?GetShadowName@KNpcResNode@@SAXPAD0@Z 10018950 f   KNpcResNode.obj
 0001:000179e0       ??0CActionName@@QAE@XZ     100189e0 f   KNpcResNode.obj
 0001:00017a10       ?Init@CActionName@@QAEHPAD@Z 10018a10 f   KNpcResNode.obj
 0001:00017b20       ?GetActionNo@CActionName@@QAEHPAD@Z 10018b20 f   KNpcResNode.obj
 0001:00017ba0       ?GetActionCount@CActionName@@QAEHXZ 10018ba0 f   KNpcResNode.obj
 0001:00017bb0       ?GetActionName@CActionName@@QAEHHPADH@Z 10018bb0 f   KNpcResNode.obj
 0001:00017c20       ??0CShadowFileName@@QAE@XZ 10018c20 f   KNpcResNode.obj
 0001:00017c30       ??1CShadowFileName@@QAE@XZ 10018c30 f   KNpcResNode.obj
 0001:00017c60       ?Init@CShadowFileName@@QAEXH@Z 10018c60 f   KNpcResNode.obj
 0001:00017cc0       ?GetFile@CShadowFileName@@QAEHHPAH0000PAD@Z 10018cc0 f   KNpcResNode.obj
 0001:00017d50       ??0CStateMagicTable@@QAE@XZ 10018d50 f   KNpcResNode.obj
 0001:00017db0       ?Init@CStateMagicTable@@QAEHXZ 10018db0 f   KNpcResNode.obj
 0001:00018050       ?GetInfo@CStateMagicTable@@QAEXHPADPAH111111@Z 10019050 f   KNpcResNode.obj
 0001:00018160       ??0CRESINFO@@QAE@XZ        10019160 f   KNpcResNode.obj
 0001:00018170       ??1CRESINFO@@QAE@XZ        10019170 f   KNpcResNode.obj
 0001:00018180       ?AutoDelete@CRESINFO@@QAEXXZ 10019180 f   KNpcResNode.obj
 0001:000181b0       ?AutoNew@CRESINFO@@QAEHHH@Z 100191b0 f   KNpcResNode.obj
 0001:00018260       ?GetName@CRESINFO@@QAEHHHPAD0H@Z 10019260 f   KNpcResNode.obj
 0001:000182f0       ?GetInterval@CRESINFO@@QAEHHHH@Z 100192f0 f   KNpcResNode.obj
 0001:00018330       ?GetTotalFrames@CRESINFO@@QAEHHHH@Z 10019330 f   KNpcResNode.obj
 0001:00018370       ?GetTotalDirs@CRESINFO@@QAEHHHH@Z 10019370 f   KNpcResNode.obj
 0001:000183b0       ??0CEquipStyleTable@@QAE@XZ 100193b0 f   KNpcResNode.obj
 0001:000183c0       ??1CEquipStyleTable@@QAE@XZ 100193c0 f   KNpcResNode.obj
 0001:000183d0       ?AutoDelete@CEquipStyleTable@@QAEXXZ 100193d0 f   KNpcResNode.obj
 0001:00018400       ?AutoNew@CEquipStyleTable@@QAEHHH@Z 10019400 f   KNpcResNode.obj
 0001:00018460       ?SetValue@CEquipStyleTable@@QAEXHHH@Z 10019460 f   KNpcResNode.obj
 0001:000184a0       ?GetValue@CEquipStyleTable@@QAEHHH@Z 100194a0 f   KNpcResNode.obj
 0001:000184e0       ??0CSortTable@@QAE@XZ      100194e0 f   KNpcResNode.obj
 0001:00018550       ??1CSortTable@@QAE@XZ      10019550 f   KNpcResNode.obj
 0001:00018560       ?Release@CSortTable@@AAEXXZ 10019560 f   KNpcResNode.obj
 0001:000185b0       ?SortStrToNum@CSortTable@@AAEXPADPAHH@Z 100195b0 f   KNpcResNode.obj
 0001:00018660       ?GetTable@CSortTable@@QAEHPADPAVCActionName@@H@Z 10019660 f   KNpcResNode.obj
 0001:00018720       ?GetTable@CSortTable@@QAEHPAVKIniFile@@PAVCActionName@@H@Z 10019720 f   KNpcResNode.obj
 0001:00018b90       ?GetSort@CSortTable@@QAEHHHHPAHH@Z 10019b90 f   KNpcResNode.obj
 0001:00018eb0       ??1KNpcSet@@QAE@XZ         10019eb0 f i KNpcSet.obj
 0001:00018f20       ??0KNpcSet@@QAE@XZ         10019f20 f   KNpcSet.obj
 0001:00018f60       ?Init@KNpcSet@@QAEXXZ      10019f60 f   KNpcSet.obj
 0001:000191a0       ?IsNpcExist@KNpcSet@@QAEHHK@Z 1001a1a0 f   KNpcSet.obj
 0001:000191d0       ?GetRelation@KNpcSet@@QAE?AW4NPC_RELATION@@HH@Z 1001a1d0 f   KNpcSet.obj
 0001:000192e0       ?SearchID@KNpcSet@@QAEHK@Z 1001a2e0 f   KNpcSet.obj
 0001:00019320       ?SearchClientID@KNpcSet@@QAEHUKClientNpcID@@@Z 1001a320 f   KNpcSet.obj
 0001:00019370       ?SearchName@KNpcSet@@QAEHPAD@Z 1001a370 f   KNpcSet.obj
 0001:000193d0       ?FindFree@KNpcSet@@AAEHXZ  1001a3d0 f   KNpcSet.obj
 0001:000193e0       ?AddClientNpc@KNpcSet@@QAEHHHHHHH@Z 1001a3e0 f   KNpcSet.obj
 0001:000194f0       ?Add@KNpcSet@@QAEHHPAX@Z   1001a4f0 f   KNpcSet.obj
 0001:000195e0       ?Add@KNpcSet@@QAEHHHHH@Z   1001a5e0 f   KNpcSet.obj
 0001:00019670       ?Add@KNpcSet@@QAEHHHHHHHH@Z 1001a670 f   KNpcSet.obj
 0001:000197e0       ?Remove@KNpcSet@@QAEXH@Z   1001a7e0 f   KNpcSet.obj
 0001:00019850       ?InsertNpcToRegion@KNpcSet@@QAEXH@Z 1001a850 f   KNpcSet.obj
 0001:00019910       ?SetID@KNpcSet@@AAEXH@Z    1001a910 f   KNpcSet.obj
 0001:00019950       ?GetDistance@KNpcSet@@SAHHH@Z 1001a950 f   KNpcSet.obj
 0001:00019af0       ?GetNextIdx@KNpcSet@@QAEHH@Z 1001aaf0 f   KNpcSet.obj
 0001:00019b20       ?CheckBalance@KNpcSet@@QAEXXZ 1001ab20 f   KNpcSet.obj
 0001:00019c20       ?GetAroundSameCampPlayer@KNpcSet@@QAEHPAUKUiPlayerItem@@H@Z 1001ac20 f   KNpcSet.obj
 0001:00019db0       ?GetAroundNotFriendPlayer@KNpcSet@@QAEHPAUKUiPlayerItem@@H@Z 1001adb0 f   KNpcSet.obj
 0001:00019ef0       ?ClearActivateFlagOfAllNpc@KNpcSet@@QAEXXZ 1001aef0 f   KNpcSet.obj
 0001:00019f20       ?GetAroundOpenCaptain@KNpcSet@@QAEXH@Z 1001af20 f   KNpcSet.obj
 0001:0001a090       ?SearchNpcAt@KNpcSet@@QAEHHHHH@Z 1001b090 f   KNpcSet.obj
 0001:0001a1f0       ?IsNpcRequestExist@KNpcSet@@QAEHK@Z 1001b1f0 f   KNpcSet.obj
 0001:0001a210       ?InsertNpcRequest@KNpcSet@@QAEXK@Z 1001b210 f   KNpcSet.obj
 0001:0001a280       ?RemoveNpcRequest@KNpcSet@@QAEXK@Z 1001b280 f   KNpcSet.obj
 0001:0001a2f0       ?GetRequestIndex@KNpcSet@@QAEHK@Z 1001b2f0 f   KNpcSet.obj
 0001:0001a320       ??0KInstantSpecial@@QAE@XZ 1001b320 f   KNpcSet.obj
 0001:0001a370       ?LoadSprName@KInstantSpecial@@AAEXXZ 1001b370 f   KNpcSet.obj
 0001:0001a440       ?LoadSoundName@KInstantSpecial@@AAEXXZ 1001b440 f   KNpcSet.obj
 0001:0001a540       ?GetSprName@KInstantSpecial@@QAEXHPADH@Z 1001b540 f   KNpcSet.obj
 0001:0001a5d0       ?PlaySoundA@KInstantSpecial@@QAEXH@Z 1001b5d0 f   KNpcSet.obj
 0001:0001a660       ?InitNpcBaseData@KNpcTemplate@@QAEXH@Z 1001b660 f   KNpcTemplate.obj
 0001:0001a890       ?InitNpcLevelData@KNpcTemplate@@QAEXPAVKTabFile@@HPAVKLuaScript@@H@Z 1001b890 f   KNpcTemplate.obj
 0001:0001a8f0       ?GetNpcLevelDataFromScript@KNpcTemplate@@QAEHPAVKLuaScript@@PADH1@Z 1001b8f0 f   KNpcTemplate.obj
 0001:0001a990       ?SkillString2Id@KNpcTemplate@@QAEHPAD@Z 1001b990 f   KNpcTemplate.obj
 0001:0001aab0       ??1KPlayer@@QAE@XZ         1001bab0 f i KPlayer.obj
 0001:0001ab60       ??0KPlayer@@QAE@XZ         1001bb60 f   KPlayer.obj
 0001:0001ac40       ?Release@KPlayer@@QAEXXZ   1001bc40 f   KPlayer.obj
 0001:0001ad20       ?SetPlayerIndex@KPlayer@@QAEXH@Z 1001bd20 f   KPlayer.obj
 0001:0001ad40       ?GetPlayerIndex@KPlayer@@QAEHXZ 1001bd40 f   KPlayer.obj
 0001:0001ad50       ?Active@KPlayer@@QAEXXZ    1001bd50 f   KPlayer.obj
 0001:0001ae50       ?ProcessMsg@KPlayer@@QAEXPAVKWorldMsgNode@@@Z 1001be50 f   KPlayer.obj
 0001:0001ae60       ?ProcessInputMsg@KPlayer@@QAEXIIJ@Z 1001be60 f   KPlayer.obj
 0001:0001af30       ?OnKeyDown@KPlayer@@AAEXHH@Z 1001bf30 f   KPlayer.obj
 0001:0001af40       ?OnKeyHold@KPlayer@@AAEXHH@Z 1001bf40 f   KPlayer.obj
 0001:0001b050       ?OnButtonDown@KPlayer@@AAEXHHHW4MOUSE_BUTTON@@@Z 1001c050 f   KPlayer.obj
 0001:0001b0a0       ?OnButtonMove@KPlayer@@AAEXHHHW4MOUSE_BUTTON@@@Z 1001c0a0 f   KPlayer.obj
 0001:0001b0d0       ?OnButtonUp@KPlayer@@AAEXHHW4MOUSE_BUTTON@@@Z 1001c0d0 f   KPlayer.obj
 0001:0001b0f0       ?OnMouseMove@KPlayer@@AAEXHH@Z 1001c0f0 f   KPlayer.obj
 0001:0001b1f0       ?ProcessMouse@KPlayer@@AAEXHHHW4MOUSE_BUTTON@@@Z 1001c1f0 f   KPlayer.obj
 0001:0001b5a0       ?Walk@KPlayer@@AAEXH@Z     1001c5a0 f   KPlayer.obj
 0001:0001b700       ?TurnLeft@KPlayer@@AAEXXZ  1001c700 f   KPlayer.obj
 0001:0001b740       ?TurnRight@KPlayer@@AAEXXZ 1001c740 f   KPlayer.obj
 0001:0001b780       ?TurnBack@KPlayer@@AAEXXZ  1001c780 f   KPlayer.obj
 0001:0001b7c0       ?FindSelectNpc@KPlayer@@AAEXHHH@Z 1001c7c0 f   KPlayer.obj
 0001:0001b800       ?FindSelectObject@KPlayer@@AAEXHH@Z 1001c800 f   KPlayer.obj
 0001:0001b840       ?NetCommandPlayerTalk@KPlayer@@AAEHPAE@Z 1001c840 f   KPlayer.obj
 0001:0001b850       ?ConformIdx@KPlayer@@QAEHH@Z 1001c850 f   KPlayer.obj
 0001:0001b870       ?NewPlayerGetBaseAttribute@KPlayer@@QAEHH@Z 1001c870 f   KPlayer.obj
 0001:0001b940       ?CalcCurLucky@KPlayer@@AAEXXZ 1001c940 f   KPlayer.obj
 0001:0001b950       ?ChangeCurStrength@KPlayer@@QAEXH@Z 1001c950 f   KPlayer.obj
 0001:0001b980       ?ChangeCurDexterity@KPlayer@@QAEXH@Z 1001c980 f   KPlayer.obj
 0001:0001ba00       ?ChangeCurVitality@KPlayer@@QAEXH@Z 1001ca00 f   KPlayer.obj
 0001:0001bac0       ?ChangeCurEngergy@KPlayer@@QAEXH@Z 1001cac0 f   KPlayer.obj
 0001:0001bb30       ?AddBaseLucky@KPlayer@@QAEXH@Z 1001cb30 f   KPlayer.obj
 0001:0001bb50       ?SetNpcPhysicsDamage@KPlayer@@AAEXXZ 1001cb50 f   KPlayer.obj
 0001:0001bc50       ?SetNpcAttackRating@KPlayer@@AAEXXZ 1001cc50 f   KPlayer.obj
 0001:0001bc80       ?SetNpcDefence@KPlayer@@AAEXXZ 1001cc80 f   KPlayer.obj
 0001:0001bcb0       ?AddExp@KPlayer@@QAEXHH@Z  1001ccb0 f   KPlayer.obj
 0001:0001bcd0       ?AddSelfExp@KPlayer@@QAEXHH@Z 1001ccd0 f   KPlayer.obj
 0001:0001bd80       ?DirectAddExp@KPlayer@@QAEXH@Z 1001cd80 f   KPlayer.obj
 0001:0001bdc0       ?LevelUp@KPlayer@@QAEXXZ   1001cdc0 f   KPlayer.obj
 0001:0001c200       ?UpdataCurData@KPlayer@@QAEXXZ 1001d200 f   KPlayer.obj
 0001:0001c8c0       ?ReCalcEquip@KPlayer@@QAEXXZ 1001d8c0 f   KPlayer.obj
 0001:0001c920       ?ReCalcState@KPlayer@@QAEXXZ 1001d920 f   KPlayer.obj
 0001:0001c940       ?AddLeadExp@KPlayer@@QAEXH@Z 1001d940 f   KPlayer.obj
 0001:0001c9a0       ?LevelAddBaseLifeMax@KPlayer@@AAEXXZ 1001d9a0 f   KPlayer.obj
 0001:0001ca10       ?LevelAddBaseStaminaMax@KPlayer@@AAEXXZ 1001da10 f   KPlayer.obj
 0001:0001ca80       ?LevelAddBaseManaMax@KPlayer@@AAEXXZ 1001da80 f   KPlayer.obj
 0001:0001caf0       ?ChangePlayerCamp@KPlayer@@QAEXH@Z 1001daf0 f   KPlayer.obj
 0001:0001cb20       ?ApplyTeamInfo@KPlayer@@QAEXK@Z 1001db20 f   KPlayer.obj
 0001:0001cb60       ?ApplySelfTeamInfo@KPlayer@@QAEXXZ 1001db60 f   KPlayer.obj
 0001:0001cb80       ?ApplyCreateTeam@KPlayer@@QAEHXZ 1001db80 f   KPlayer.obj
 0001:0001cb90       ?ApplyTeamOpenClose@KPlayer@@QAEHH@Z 1001db90 f   KPlayer.obj
 0001:0001cc30       ?ApplyAddTeam@KPlayer@@QAEXH@Z 1001dc30 f   KPlayer.obj
 0001:0001cd30       ?AcceptTeamMember@KPlayer@@QAEXK@Z 1001dd30 f   KPlayer.obj
 0001:0001cdd0       ?TeamDropApplyOne@KPlayer@@QAEXK@Z 1001ddd0 f   KPlayer.obj
 0001:0001ce30       ?LeaveTeam@KPlayer@@QAEXXZ 1001de30 f   KPlayer.obj
 0001:0001ce60       ?TeamKickMember@KPlayer@@QAEXK@Z 1001de60 f   KPlayer.obj
 0001:0001ceb0       ?ApplyTeamChangeCaptain@KPlayer@@QAEXK@Z 1001deb0 f   KPlayer.obj
 0001:0001cf00       ?ApplyTeamDismiss@KPlayer@@QAEXXZ 1001df00 f   KPlayer.obj
 0001:0001cf50       ?ApplySetPK@KPlayer@@QAEXH@Z 1001df50 f   KPlayer.obj
 0001:0001cf90       ?ApplyFactionData@KPlayer@@QAEXXZ 1001df90 f   KPlayer.obj
 0001:0001cfc0       ?SendChat@KPlayer@@QAEXPAUKUiMsgParam@@PAD@Z 1001dfc0 f   KPlayer.obj
 0001:0001d0b0       ?ApplyAddBaseAttribute@KPlayer@@QAEXHH@Z 1001e0b0 f   KPlayer.obj
 0001:0001d110       ?ApplyAddSkillLevel@KPlayer@@QAEHHH@Z 1001e110 f   KPlayer.obj
 0001:0001d1c0       ?ApplyUseItem@KPlayer@@QAEHHUItemPos@@@Z 1001e1c0 f   KPlayer.obj
 0001:0001d250       ?PickUpObj@KPlayer@@QAEXH@Z 1001e250 f   KPlayer.obj
 0001:0001d380       ?ObjMouseClick@KPlayer@@QAEXH@Z 1001e380 f   KPlayer.obj
 0001:0001d3e0       ?MoveItem@KPlayer@@QAEXUItemPos@@0@Z 1001e3e0 f   KPlayer.obj
 0001:0001d4c0       ?ThrowAwayItem@KPlayer@@QAEXXZ 1001e4c0 f   KPlayer.obj
 0001:0001d510       ?ChatAddFriend@KPlayer@@QAEXH@Z 1001e510 f   KPlayer.obj
 0001:0001d550       ?ChatRefuseFriend@KPlayer@@QAEXH@Z 1001e550 f   KPlayer.obj
 0001:0001d590       ?TradeApplyOpen@KPlayer@@QAEXPADH@Z 1001e590 f   KPlayer.obj
 0001:0001d660       ?TradeApplyClose@KPlayer@@QAEXXZ 1001e660 f   KPlayer.obj
 0001:0001d690       ?TradeApplyStart@KPlayer@@QAEXH@Z 1001e690 f   KPlayer.obj
 0001:0001d730       ?TradeMoveMoney@KPlayer@@QAEHH@Z 1001e730 f   KPlayer.obj
 0001:0001d7a0       ?TradeDecision@KPlayer@@QAEXH@Z 1001e7a0 f   KPlayer.obj
 0001:0001d800       ?TradeApplyLock@KPlayer@@QAEXH@Z 1001e800 f   KPlayer.obj
 0001:0001d850       ?s2cApplyAddTeam@KPlayer@@QAEXPAE@Z 1001e850 f   KPlayer.obj
 0001:0001da20       ?GetSkillSaveData@KPlayer@@QAEXXZ 1001ea20 f   KPlayer.obj
 0001:0001dc10       ?SetLeftSkill@KPlayer@@QAEXH@Z 1001ec10 f   KPlayer.obj
 0001:0001dc70       ?SetRightSkill@KPlayer@@QAEXH@Z 1001ec70 f   KPlayer.obj
 0001:0001dd40       ?UpdateWeaponSkill@KPlayer@@QAEXXZ 1001ed40 f   KPlayer.obj
 0001:0001de10       ?SaveClientSkillData@KPlayer@@QAEXXZ 1001ee10 f   KPlayer.obj
 0001:0001df00       ?SetChatCurChannel@KPlayer@@QAEXH@Z 1001ef00 f   KPlayer.obj
 0001:0001df20       ?TeamInviteAdd@KPlayer@@QAEXK@Z 1001ef20 f   KPlayer.obj
 0001:0001df40       ?ExecuteScript@KPlayer@@QAEHPAD0H@Z 1001ef40 f   KPlayer.obj
 0001:0001df80       ?ExecuteScript@KPlayer@@QAEHKPADH@Z 1001ef80 f   KPlayer.obj
 0001:0001e090       ?ExecuteScript@KPlayer@@QAEHKPAD0@Z 1001f090 f   KPlayer.obj
 0001:0001e1e0       ?ExecuteScript@KPlayer@@QAEHPAD00@Z 1001f1e0 f   KPlayer.obj
 0001:0001e230       ?DoScript@KPlayer@@QAEHPAD@Z 1001f230 f   KPlayer.obj
 0001:0001e380       ??_GKLuaScript@@UAEPAXI@Z  1001f380 f i KPlayer.obj
 0001:0001e380       ??_EKLuaScript@@UAEPAXI@Z  1001f380 f i KPlayer.obj
 0001:0001e3a0       ?DoScriptAction@KPlayer@@QAEXPAUPLAYER_SCRIPTACTION_SYNC@@@Z 1001f3a0 f   KPlayer.obj
 0001:0001e3c0       ?ProcessPlayerSelectFromUI@KPlayer@@QAEXPAE@Z 1001f3c0 f   KPlayer.obj
 0001:0001e440       ?OnSelectFromUI@KPlayer@@QAEXPAUPLAYER_SELECTUI_COMMAND@@W4UIInfo@@@Z 1001f440 f   KPlayer.obj
 0001:0001e4c0       ?ChatFriendOnLine@KPlayer@@QAEXKH@Z 1001f4c0 f   KPlayer.obj
 0001:0001e5d0       ?GetFactionName@KPlayer@@QAEXPADH@Z 1001f5d0 f   KPlayer.obj
 0001:0001e5f0       ?OnScriptAction@KPlayer@@QAEXPAUPLAYER_SCRIPTACTION_SYNC@@@Z 1001f5f0 f   KPlayer.obj
 0001:0001eb30       ?s2cTradeChangeState@KPlayer@@QAEXPAE@Z 1001fb30 f   KPlayer.obj
 0001:0001ee10       ?s2cLevelUp@KPlayer@@QAEXPAE@Z 1001fe10 f   KPlayer.obj
 0001:0001f4a0       ?s2cGetCurAttribute@KPlayer@@QAEXPAE@Z 100204a0 f   KPlayer.obj
 0001:0001f660       ?s2cSetExp@KPlayer@@QAEXK@Z 10020660 f   KPlayer.obj
 0001:0001f6f0       ?s2cSyncMoney@KPlayer@@QAEXPAE@Z 100206f0 f   KPlayer.obj
 0001:0001f770       ?s2cTradeApplyStart@KPlayer@@QAEXPAE@Z 10020770 f   KPlayer.obj
 0001:0001f840       ?s2cTradeMoneySync@KPlayer@@QAEXPAE@Z 10020840 f   KPlayer.obj
 0001:0001f880       ?s2cTradeDecision@KPlayer@@QAEXPAE@Z 10020880 f   KPlayer.obj
 0001:0001f9f0       ?SyncCurPlayer@KPlayer@@QAEXPAE@Z 100209f0 f   KPlayer.obj
 0001:0001fdf0       ?CheckTrading@KPlayer@@QAEHXZ 10020df0 f   KPlayer.obj
 0001:0001fe00       ?SetFirstDamage@KPlayer@@QAEXXZ 10020e00 f   KPlayer.obj
 0001:0001ffa0       ?SetBaseAttackRating@KPlayer@@QAEXXZ 10020fa0 f   KPlayer.obj
 0001:0001ffd0       ?SetBaseDefence@KPlayer@@QAEXXZ 10020fd0 f   KPlayer.obj
 0001:00020000       ?SetBaseResistData@KPlayer@@QAEXXZ 10021000 f   KPlayer.obj
 0001:000201f0       ?SetBaseSpeedAndRadius@KPlayer@@QAEXXZ 100211f0 f   KPlayer.obj
 0001:000202a0       ?DialogNpc@KPlayer@@QAEXH@Z 100212a0 f   KPlayer.obj
 0001:00020330       ?CheckObject@KPlayer@@QAEXH@Z 10021330 f   KPlayer.obj
 0001:000203e0       ?DrawSelectInfo@KPlayer@@QAEXXZ 100213e0 f   KPlayer.obj
 0001:00020410       ?GetEchoDamage@KPlayer@@QAEXPAH0H@Z 10021410 f   KPlayer.obj
 0001:000206d0       ?SetNpcDamageAttrib@KPlayer@@QAEXXZ 100216d0 f   KPlayer.obj
 0001:000206e0       ?Release@KPlayerChat@@QAEXXZ 100216e0 f   KPlayerChat.obj
 0001:000207b0       ?CheckExist@KPlayerChat@@QAEHK@Z 100217b0 f   KPlayerChat.obj
 0001:00020810       ?CheckExist@KPlayerChat@@QAEHPAD@Z 10021810 f   KPlayerChat.obj
 0001:000208b0       ?GetFriendNode@KPlayerChat@@QAEPAVCChatFriend@@K@Z 100218b0 f   KPlayerChat.obj
 0001:00020900       ?GetTeamNo@KPlayerChat@@QAEHK@Z 10021900 f   KPlayerChat.obj
 0001:00020960       ?GetName@KPlayerChat@@QAEHKPAD@Z 10021960 f   KPlayerChat.obj
 0001:000209d0       ?SetCurChannel@KPlayerChat@@QAEXHKH@Z 100219d0 f   KPlayerChat.obj
 0001:00020a50       ?AddChannel@KPlayerChat@@QAEXH@Z 10021a50 f   KPlayerChat.obj
 0001:00020ac0       ?SubChannel@KPlayerChat@@QAEXH@Z 10021ac0 f   KPlayerChat.obj
 0001:00020b30       ?SendTakeChannel@KPlayerChat@@QAEXXZ 10021b30 f   KPlayerChat.obj
 0001:00020b70       ?SendSentence@KPlayerChat@@QAEXPAUKUiMsgParam@@PAD@Z 10021b70 f   KPlayerChat.obj
 0001:00020d10       ?QQSendSentence@KPlayerChat@@QAEXKHPAUKUiMsgParam@@PAD@Z 10021d10 f   KPlayerChat.obj
 0001:00020e70       ?SetTakeChannel@KPlayerChat@@QAEXK@Z 10021e70 f   KPlayerChat.obj
 0001:00020ea0       ?GetChat@KPlayerChat@@QAEXPAUPLAYER_SEND_CHAT_DATA_SYNC@@@Z 10021ea0 f   KPlayerChat.obj
 0001:00021330       ?ApplyAddFriend@KPlayerChat@@QAEXKPAD@Z 10022330 f   KPlayerChat.obj
 0001:00021450       ?GetApplyOneInfo@KPlayerChat@@QAEHPAHPAD1@Z 10022450 f   KPlayerChat.obj
 0001:00021500       ?SaveTeamInfo@KPlayerChat@@QAEXPAD@Z 10022500 f   KPlayerChat.obj
 0001:000216c0       ?SaveTakeChannelInfo@KPlayerChat@@QAEXPAD@Z 100226c0 f   KPlayerChat.obj
 0001:000217b0       ?LoadTakeChannelInfo@KPlayerChat@@QAEXPAD@Z 100227b0 f   KPlayerChat.obj
 0001:00021900       ?CheckTeamNo@KPlayerChat@@QAEHPAD0@Z 10022900 f   KPlayerChat.obj
 0001:00021bf0       ?LoadTeamName@KPlayerChat@@QAEXPAD@Z 10022bf0 f   KPlayerChat.obj
 0001:00021db0       ?AddOne@KPlayerChat@@QAEXKHPADH@Z 10022db0 f   KPlayerChat.obj
 0001:00021e80       ??_ECChatFriend@@UAEPAXI@Z 10022e80 f i KPlayerChat.obj
 0001:00021e80       ??_GCChatFriend@@UAEPAXI@Z 10022e80 f i KPlayerChat.obj
 0001:00021ea0       ??1CChatFriend@@UAE@XZ     10022ea0 f i KPlayerChat.obj
 0001:00021eb0       ?CheckIsFriend@KPlayerChat@@QAEHH@Z 10022eb0 f   KPlayerChat.obj
 0001:00021f10       ?AddTeam@KPlayerChat@@QAEHPAD0@Z 10022f10 f   KPlayerChat.obj
 0001:000220b0       ?RenameTeam@KPlayerChat@@QAEHHPAD0@Z 100230b0 f   KPlayerChat.obj
 0001:00022210       ?DeleteTeam@KPlayerChat@@QAEHHPAD@Z 10023210 f   KPlayerChat.obj
 0001:00022340       ?OneFriendChangeTeam@KPlayerChat@@QAEHKHH@Z 10023340 f   KPlayerChat.obj
 0001:00022430       ?GetMsgOffLine@KPlayerChat@@QAEXK@Z 10023430 f   KPlayerChat.obj
 0001:00022520       ?CheckTakeChannel@KPlayerChat@@QAEHH@Z 10023520 f   KPlayerChat.obj
 0001:00022550       ?ApplyDeleteFriend@KPlayerChat@@QAEXKHPAD@Z 10023550 f   KPlayerChat.obj
 0001:00022650       ?CheckTalkChannel@KPlayerChat@@QAEHH@Z 10023650 f   KPlayerChat.obj
 0001:00022680       ?SendSelectChannelList@KPlayerChat@@QAEHPAUKUiChatChannel@@H@Z 10023680 f   KPlayerChat.obj
 0001:000228b0       ?SendTakeChannelList@KPlayerChat@@QAEHPAUKUiChatChannel@@H@Z 100238b0 f   KPlayerChat.obj
 0001:00022a30       ?GetCurChannel@KPlayerChat@@QAEHPAUKUiChatChannel@@@Z 10023a30 f   KPlayerChat.obj
 0001:00022b30       ?IGetTeamInfo@KPlayerChat@@QAEHHPAUKUiChatGroupInfo@@@Z 10023b30 f   KPlayerChat.obj
 0001:00022bb0       ?IGetTeamFriendInfo@KPlayerChat@@QAEHHPAUKUiPlayerItem@@@Z 10023bb0 f   KPlayerChat.obj
 0001:00022c80       ??0CChatFriendTeam@@QAE@XZ 10023c80 f   KPlayerChat.obj
 0001:00022cd0       ?Release@CChatFriendTeam@@QAEXXZ 10023cd0 f   KPlayerChat.obj
 0001:00022d40       ?SetTime@KCHAT_RECORDER@@AAEXXZ 10023d40 f   KPlayerChat.obj
 0001:00022dc0       ?SaveSentenceSingle@KCHAT_RECORDER@@QAEXPAD000@Z 10023dc0 f   KPlayerChat.obj
 0001:00022fb0       ?SaveSentenceChannel@KCHAT_RECORDER@@QAEXPAD00@Z 10023fb0 f   KPlayerChat.obj
 0001:00023180       ??0KPlayerFaction@@QAE@XZ  10024180 f   KPlayerFaction.obj
 0001:00023190       ?Release@KPlayerFaction@@QAEXXZ 10024190 f   KPlayerFaction.obj
 0001:000231b0       ?SetSeries@KPlayerFaction@@QAEXH@Z 100241b0 f   KPlayerFaction.obj
 0001:000231c0       ?AddFaction@KPlayerFaction@@QAEHHPAD@Z 100241c0 f   KPlayerFaction.obj
 0001:00023200       ?AddFaction@KPlayerFaction@@QAEHHH@Z 10024200 f   KPlayerFaction.obj
 0001:00023250       ?LeaveFaction@KPlayerFaction@@QAEXXZ 10024250 f   KPlayerFaction.obj
 0001:00023260       ?OpenCurSkillLevel@KPlayerFaction@@QAEHHPAVKSkillList@@@Z 10024260 f   KPlayerFaction.obj
 0001:00023270       ?GetGurFactionCamp@KPlayerFaction@@QAEHXZ 10024270 f   KPlayerFaction.obj
 0001:000232b0       ?GetCurFactionNo@KPlayerFaction@@QAEHXZ 100242b0 f   KPlayerFaction.obj
 0001:000232c0       ?GetCurFactionName@KPlayerFaction@@QAEXPAD@Z 100242c0 f   KPlayerFaction.obj
 0001:00023310       ??0KPlayerMenuState@@QAE@XZ 10024310 f   KPlayerMenuState.obj
 0001:00023320       ?Release@KPlayerMenuState@@QAEXXZ 10024320 f   KPlayerMenuState.obj
 0001:00023350       ?SetState@KPlayerMenuState@@QAEXH@Z 10024350 f   KPlayerMenuState.obj
 0001:00023370       ?Init@KPlayerMenuStateGraph@@QAEHXZ 10024370 f   KPlayerMenuState.obj
 0001:00023440       ?GetStateSpr@KPlayerMenuStateGraph@@QAEXHPAD@Z 10024440 f   KPlayerMenuState.obj
 0001:000234c0       ??1KPlayerSet@@QAE@XZ      100244c0 f i KPlayerSet.obj
 0001:00023510       ??0KPlayerSet@@QAE@XZ      10024510 f   KPlayerSet.obj
 0001:00023570       ?Init@KPlayerSet@@QAEHXZ   10024570 f   KPlayerSet.obj
 0001:000235e0       ?FindFree@KPlayerSet@@AAEHXZ 100245e0 f   KPlayerSet.obj
 0001:000235f0       ?FindSame@KPlayerSet@@QAEHK@Z 100245f0 f   KPlayerSet.obj
 0001:00023620       ?GetFirstPlayer@KPlayerSet@@QAEHXZ 10024620 f   KPlayerSet.obj
 0001:00023630       ?GetNextPlayer@KPlayerSet@@QAEHXZ 10024630 f   KPlayerSet.obj
 0001:00023650       ??0KLevelAdd@@QAE@XZ       10024650 f   KPlayerSet.obj
 0001:000236f0       ?Init@KLevelAdd@@QAEHXZ    100246f0 f   KPlayerSet.obj
 0001:000238e0       ?GetLevelExp@KLevelAdd@@QAEKH@Z 100248e0 f   KPlayerSet.obj
 0001:00023900       ?GetLifePerLevel@KLevelAdd@@QAEHH@Z 10024900 f   KPlayerSet.obj
 0001:00023920       ?GetStaminaPerLevel@KLevelAdd@@QAEHH@Z 10024920 f   KPlayerSet.obj
 0001:00023940       ?GetManaPerLevel@KLevelAdd@@QAEHH@Z 10024940 f   KPlayerSet.obj
 0001:00023960       ?GetLifePerVitality@KLevelAdd@@QAEHH@Z 10024960 f   KPlayerSet.obj
 0001:00023980       ?GetStaminaPerVitality@KLevelAdd@@QAEHH@Z 10024980 f   KPlayerSet.obj
 0001:000239a0       ?GetManaPerEnergy@KLevelAdd@@QAEHH@Z 100249a0 f   KPlayerSet.obj
 0001:000239c0       ?GetLeadExpShare@KLevelAdd@@QAEHH@Z 100249c0 f   KPlayerSet.obj
 0001:000239e0       ?GetFireResist@KLevelAdd@@QAEHHH@Z 100249e0 f   KPlayerSet.obj
 0001:00023a30       ?GetColdResist@KLevelAdd@@QAEHHH@Z 10024a30 f   KPlayerSet.obj
 0001:00023a80       ?GetPoisonResist@KLevelAdd@@QAEHHH@Z 10024a80 f   KPlayerSet.obj
 0001:00023ad0       ?GetLightResist@KLevelAdd@@QAEHHH@Z 10024ad0 f   KPlayerSet.obj
 0001:00023b20       ?GetPhysicsResist@KLevelAdd@@QAEHHH@Z 10024b20 f   KPlayerSet.obj
 0001:00023b70       ??0KTeamLeadExp@@QAE@XZ    10024b70 f   KPlayerSet.obj
 0001:00023b90       ?Init@KTeamLeadExp@@QAEHXZ 10024b90 f   KPlayerSet.obj
 0001:00023c60       ?GetLevel@KTeamLeadExp@@QAEHKH@Z 10024c60 f   KPlayerSet.obj
 0001:00023cb0       ?GetMemNumFromExp@KTeamLeadExp@@QAEHK@Z 10024cb0 f   KPlayerSet.obj
 0001:00023cd0       ?GetMemNumFromLevel@KTeamLeadExp@@QAEHH@Z 10024cd0 f   KPlayerSet.obj
 0001:00023cf0       ?GetLevelExp@KTeamLeadExp@@QAEHH@Z 10024cf0 f   KPlayerSet.obj
 0001:00023d10       ??0KNewPlayerAttribute@@QAE@XZ 10024d10 f   KPlayerSet.obj
 0001:00023d70       ?Init@KNewPlayerAttribute@@QAEHXZ 10024d70 f   KPlayerSet.obj
 0001:00023f40       ??0KPlayerTask@@QAE@XZ     10024f40 f   KPlayerTask.obj
 0001:00023f50       ?Release@KPlayerTask@@QAEXXZ 10024f50 f   KPlayerTask.obj
 0001:00023f70       ?ClearTempVar@KPlayerTask@@QAEXXZ 10024f70 f   KPlayerTask.obj
 0001:00023f90       ?GetSaveVal@KPlayerTask@@QAEHH@Z 10024f90 f   KPlayerTask.obj
 0001:00023fb0       ?SetSaveVal@KPlayerTask@@QAEXHH@Z 10024fb0 f   KPlayerTask.obj
 0001:00023fd0       ?GetClearVal@KPlayerTask@@QAEHH@Z 10024fd0 f   KPlayerTask.obj
 0001:00023ff0       ?SetClearVal@KPlayerTask@@QAEXHH@Z 10024ff0 f   KPlayerTask.obj
 0001:00024030       ??0KPlayerTeam@@QAE@XZ     10025030 f   KPlayerTeam.obj
 0001:00024060       ?Release@KPlayerTeam@@QAEXXZ 10025060 f   KPlayerTeam.obj
 0001:00024080       ?ReleaseList@KPlayerTeam@@QAEXXZ 10025080 f   KPlayerTeam.obj
 0001:000240a0       ?ApplyCreate@KPlayerTeam@@QAEHXZ 100250a0 f   KPlayerTeam.obj
 0001:000240e0       ?InviteAdd@KPlayerTeam@@QAEXK@Z 100250e0 f   KPlayerTeam.obj
 0001:00024130       ?ReceiveInvite@KPlayerTeam@@QAEXPAUTEAM_INVITE_ADD_SYNC@@@Z 10025130 f   KPlayerTeam.obj
 0001:00024220       ?ReplyInvite@KPlayerTeam@@QAEXHH@Z 10025220 f   KPlayerTeam.obj
 0001:00024270       ?SetAutoRefuseInvite@KPlayerTeam@@QAEXH@Z 10025270 f   KPlayerTeam.obj
 0001:000242d0       ?GetAutoRefuseState@KPlayerTeam@@QAEHXZ 100252d0 f   KPlayerTeam.obj
 0001:000242e0       ?GetInfo@KPlayerTeam@@QAEHPAUKUiPlayerTeam@@@Z 100252e0 f   KPlayerTeam.obj
 0001:00024360       ?UpdateInterface@KPlayerTeam@@QAEXXZ 10025360 f   KPlayerTeam.obj
 0001:000243a0       ?DeleteOneFromApplyList@KPlayerTeam@@QAEXK@Z 100253a0 f   KPlayerTeam.obj
 0001:000243f0       ??0KTeam@@QAE@XZ           100253f0 f   KPlayerTeam.obj
 0001:00024400       ?Release@KTeam@@QAEXXZ     10025400 f   KPlayerTeam.obj
 0001:00024450       ?SetIndex@KTeam@@QAEXH@Z   10025450 f   KPlayerTeam.obj
 0001:00024460       ?FindFree@KTeam@@QAEHXZ    10025460 f   KPlayerTeam.obj
 0001:00024480       ?FindMemberID@KTeam@@QAEHK@Z 10025480 f   KPlayerTeam.obj
 0001:000244b0       ?SetTeamOpen@KTeam@@QAEHXZ 100254b0 f   KPlayerTeam.obj
 0001:000244d0       ?SetTeamClose@KTeam@@QAEHXZ 100254d0 f   KPlayerTeam.obj
 0001:000244f0       ?CalcCaptainPower@KTeam@@QAEHXZ 100254f0 f   KPlayerTeam.obj
 0001:00024510       ?CreateTeam@KTeam@@QAEXHPADH@Z 10025510 f   KPlayerTeam.obj
 0001:00024550       ?AddMember@KTeam@@QAEHKHPAD@Z 10025550 f   KPlayerTeam.obj
 0001:000245d0       ?DeleteMember@KTeam@@QAEXK@Z 100255d0 f   KPlayerTeam.obj
 0001:00024620       ?GetMemberInfo@KTeam@@QAEHPAUKUiPlayerItem@@H@Z 10025620 f   KPlayerTeam.obj
 0001:00024710       ??0KTrade@@QAE@XZ          10025710 f   KPlayerTrade.obj
 0001:00024720       ?Release@KTrade@@QAEXXZ    10025720 f   KPlayerTrade.obj
 0001:00024750       ?StartTrade@KTrade@@QAEHHHH@Z 10025750 f   KPlayerTrade.obj
 0001:00024800       ?Lock@KTrade@@QAEXH@Z      10025800 f   KPlayerTrade.obj
 0001:00024820       ?SetTradeState@KTrade@@QAEXHHHH@Z 10025820 f   KPlayerTrade.obj
 0001:00024950       ?ReplyInvite@KTrade@@SAXHH@Z 10025950 f   KPlayerTrade.obj
 0001:000249a0       ??0KSprControl@@QAE@XZ     100259a0 f   KSprControl.obj
 0001:000249b0       ?Release@KSprControl@@QAEXXZ 100259b0 f   KSprControl.obj
 0001:000249e0       ?SetSprFile@KSprControl@@QAEXPADHHH@Z 100259e0 f   KSprControl.obj
 0001:00024ab0       ?SetCurFrame@KSprControl@@QAEXH@Z 10025ab0 f   KSprControl.obj
 0001:00024b00       ?SetDirFrame@KSprControl@@QAEXHH@Z 10025b00 f   KSprControl.obj
 0001:00024b60       ?Set64DirFrame@KSprControl@@QAEXHH@Z 10025b60 f   KSprControl.obj
 0001:00024be0       ?SetCurDir@KSprControl@@QAEHH@Z 10025be0 f   KSprControl.obj
 0001:00024c20       ?SetCurDir64@KSprControl@@QAEHH@Z 10025c20 f   KSprControl.obj
 0001:00024c90       ?SetCenterPos@KSprControl@@QAEXHH@Z 10025c90 f   KSprControl.obj
 0001:00024cb0       ?GetOneDirFrames@KSprControl@@QAEHXZ 10025cb0 f   KSprControl.obj
 0001:00024cc0       ?SetPos@KSprControl@@QAEXHH@Z 10025cc0 f   KSprControl.obj
 0001:00024ce0       ?CheckExist@KSprControl@@QAEHXZ 10025ce0 f   KSprControl.obj
 0001:00024d00       ?CheckEnd@KSprControl@@QAEHXZ 10025d00 f   KSprControl.obj
 0001:00024d20       ?SetDirStart@KSprControl@@QAEXXZ 10025d20 f   KSprControl.obj
 0001:00024d40       ?SetDirEnd@KSprControl@@QAEXXZ 10025d40 f   KSprControl.obj
 0001:00024d60       ?GetCurDirFrameNo@KSprControl@@QAEHXZ 10025d60 f   KSprControl.obj
 0001:00024d80       ?GetNextFrame@KSprControl@@QAEHH@Z 10025d80 f   KSprControl.obj
 0001:00024e20       ?GetPrevFrame@KSprControl@@QAEHH@Z 10025e20 f   KSprControl.obj
 0001:00024e90       ?SetFileName@KSprControl@@QAEXPAD@Z 10025e90 f   KSprControl.obj
 0001:00024ee0       ?SetTotalFrame@KSprControl@@QAEXH@Z 10025ee0 f   KSprControl.obj
 0001:00024ef0       ?SetTotalDir@KSprControl@@QAEXH@Z 10025ef0 f   KSprControl.obj
 0001:00024f00       ?SetInterVal@KSprControl@@QAEXK@Z 10025f00 f   KSprControl.obj
 0001:00024f10       ?LoadRecord@@YAHPAVKTabFile@@HPBUtagPROPINFO@@H@Z 10025f10 f   KBasPropTbl.obj
 0001:00024f90       ??0KLibOfBPT@@QAE@XZ       10025f90 f   KBasPropTbl.obj
 0001:00025100       ??1KLibOfBPT@@QAE@XZ       10026100 f   KBasPropTbl.obj
 0001:00025270       ?Init@KLibOfBPT@@QAEHXZ    10026270 f   KBasPropTbl.obj
 0001:00025360       ?InitMAIT@KLibOfBPT@@IAEHXZ 10026360 f   KBasPropTbl.obj
 0001:00025490       ?InitMALib@KLibOfBPT@@IAEHXZ 10026490 f   KBasPropTbl.obj
 0001:00025570       ?GetGoldItemRecord@KLibOfBPT@@QBEPBUKBASICPROP_EQUIPMENT_GOLD@@H@Z 10026570 f   KBasPropTbl.obj
 0001:00025590       ?GetGoldItemNumber@KLibOfBPT@@QBE?BHXZ 10026590 f   KBasPropTbl.obj
 0001:000255a0       ?GetCMAT@KLibOfBPT@@QBEPBVKBPT_ClassifiedMAT@@HH@Z 100265a0 f   KBasPropTbl.obj
 0001:000255e0       ?GetCMIT@KLibOfBPT@@QBEPBVKBPT_ClassMAIT@@HHHH@Z 100265e0 f   KBasPropTbl.obj
 0001:00025650       ?GetMARecord@KLibOfBPT@@QBEPBUKMAGICATTRIB_TABFILE@@H@Z 10026650 f   KBasPropTbl.obj
 0001:00025670       ?GetMARecordNumber@KLibOfBPT@@QBE?BHXZ 10026670 f   KBasPropTbl.obj
 0001:00025680       ?GetMeleeWeaponRecord@KLibOfBPT@@QBEPBUKBASICPROP_EQUIPMENT@@H@Z 10026680 f   KBasPropTbl.obj
 0001:000256a0       ?GetMeleeWeaponRecordNumber@KLibOfBPT@@QBE?BHXZ 100266a0 f   KBasPropTbl.obj
 0001:000256b0       ?GetRangeWeaponRecord@KLibOfBPT@@QBEPBUKBASICPROP_EQUIPMENT@@H@Z 100266b0 f   KBasPropTbl.obj
 0001:000256d0       ?GetRangeWeaponRecordNumber@KLibOfBPT@@QBE?BHXZ 100266d0 f   KBasPropTbl.obj
 0001:000256e0       ?GetArmorRecord@KLibOfBPT@@QBEPBUKBASICPROP_EQUIPMENT@@H@Z 100266e0 f   KBasPropTbl.obj
 0001:00025700       ?GetArmorRecordNumber@KLibOfBPT@@QBE?BHXZ 10026700 f   KBasPropTbl.obj
 0001:00025710       ?GetHelmRecord@KLibOfBPT@@QBEPBUKBASICPROP_EQUIPMENT@@H@Z 10026710 f   KBasPropTbl.obj
 0001:00025730       ?GetHelmRecordNumber@KLibOfBPT@@QBE?BHXZ 10026730 f   KBasPropTbl.obj
 0001:00025740       ?GetBootRecord@KLibOfBPT@@QBEPBUKBASICPROP_EQUIPMENT@@H@Z 10026740 f   KBasPropTbl.obj
 0001:00025760       ?GetBootRecordNumber@KLibOfBPT@@QBE?BHXZ 10026760 f   KBasPropTbl.obj
 0001:00025770       ?GetBeltRecord@KLibOfBPT@@QBEPBUKBASICPROP_EQUIPMENT@@H@Z 10026770 f   KBasPropTbl.obj
 0001:00025790       ?GetBeltRecordNumber@KLibOfBPT@@QBE?BHXZ 10026790 f   KBasPropTbl.obj
 0001:000257a0       ?GetAmuletRecord@KLibOfBPT@@QBEPBUKBASICPROP_EQUIPMENT@@H@Z 100267a0 f   KBasPropTbl.obj
 0001:000257c0       ?GetAmuletRecordNumber@KLibOfBPT@@QBE?BHXZ 100267c0 f   KBasPropTbl.obj
 0001:000257d0       ?GetRingRecord@KLibOfBPT@@QBEPBUKBASICPROP_EQUIPMENT@@H@Z 100267d0 f   KBasPropTbl.obj
 0001:000257f0       ?GetRingRecordNumber@KLibOfBPT@@QBE?BHXZ 100267f0 f   KBasPropTbl.obj
 0001:00025800       ?GetCuffRecord@KLibOfBPT@@QBEPBUKBASICPROP_EQUIPMENT@@H@Z 10026800 f   KBasPropTbl.obj
 0001:00025820       ?GetCuffRecordNumber@KLibOfBPT@@QBE?BHXZ 10026820 f   KBasPropTbl.obj
 0001:00025830       ?GetPendantRecord@KLibOfBPT@@QBEPBUKBASICPROP_EQUIPMENT@@H@Z 10026830 f   KBasPropTbl.obj
 0001:00025850       ?GetPendantRecordNumber@KLibOfBPT@@QBE?BHXZ 10026850 f   KBasPropTbl.obj
 0001:00025860       ?GetHorseRecord@KLibOfBPT@@QBEPBUKBASICPROP_EQUIPMENT@@H@Z 10026860 f   KBasPropTbl.obj
 0001:00025880       ?GetHorseRecordNumber@KLibOfBPT@@QBE?BHXZ 10026880 f   KBasPropTbl.obj
 0001:00025890       ?GetMedicineRecord@KLibOfBPT@@QBEPBUKBASICPROP_MEDICINE@@H@Z 10026890 f   KBasPropTbl.obj
 0001:000258a0       ?GetMedicineRecordNumber@KLibOfBPT@@QBE?BHXZ 100268a0 f   KBasPropTbl.obj
 0001:000258b0       ?GetQuestRecord@KLibOfBPT@@QBEPBUKBASICPROP_QUEST@@H@Z 100268b0 f   KBasPropTbl.obj
 0001:000258d0       ?GetQuestRecordNumber@KLibOfBPT@@QBE?BHXZ 100268d0 f   KBasPropTbl.obj
 0001:000258e0       ?GetTownPortalRecord@KLibOfBPT@@QBEPBUKBASICPROP_TOWNPORTAL@@H@Z 100268e0 f   KBasPropTbl.obj
 0001:00025900       ?GetTownPortalRecordNumber@KLibOfBPT@@QBE?BHXZ 10026900 f   KBasPropTbl.obj
 0001:00025910       ?FindEquipmentUnique@KLibOfBPT@@QBEPBUKBASICPROP_EQUIPMENT_UNIQUE@@HHH@Z 10026910 f   KBasPropTbl.obj
 0001:00025920       ?GetMedMaterial@KLibOfBPT@@QBEPBUKBASICPROP_MEDMATERIAL@@H@Z 10026920 f   KBasPropTbl.obj
 0001:00025930       ?FindMedicine@KLibOfBPT@@QBEPBUKBASICPROP_MEDICINE@@HH@Z 10026930 f   KBasPropTbl.obj
 0001:00025940       ?GetMine@KLibOfBPT@@QBEPBUKBASICPROP_MINE@@H@Z 10026940 f   KBasPropTbl.obj
 0001:00025950       ??0KBasicPropertyTable@@QAE@XZ 10026950 f   KBasPropTbl.obj
 0001:00025970       ??1KBasicPropertyTable@@QAE@XZ 10026970 f   KBasPropTbl.obj
 0001:00025980       ?SetCount@KBasicPropertyTable@@IAEXH@Z 10026980 f   KBasPropTbl.obj
 0001:00025990       ?GetMemory@KBasicPropertyTable@@IAEHXZ 10026990 f   KBasPropTbl.obj
 0001:000259c0       ?ReleaseMemory@KBasicPropertyTable@@IAEXXZ 100269c0 f   KBasPropTbl.obj
 0001:000259f0       ?Load@KBasicPropertyTable@@UAEHXZ 100269f0 f   KBasPropTbl.obj
 0001:00025ad0       ??0KBPT_Mine@@QAE@XZ       10026ad0 f   KBasPropTbl.obj
 0001:00025b20       ??1KBPT_Mine@@QAE@XZ       10026b20 f   KBasPropTbl.obj
 0001:00025b30       ?LoadRecord@KBPT_Mine@@MAEHHPAVKTabFile@@@Z 10026b30 f   KBasPropTbl.obj
 0001:00025c80       ?GetRecord@KBPT_Mine@@QBEPBUKBASICPROP_MINE@@H@Z 10026c80 f   KBasPropTbl.obj
 0001:00025cc0       ??0KBPT_TownPortal@@QAE@XZ 10026cc0 f   KBasPropTbl.obj
 0001:00025d10       ??1KBPT_TownPortal@@QAE@XZ 10026d10 f   KBasPropTbl.obj
 0001:00025d20       ?LoadRecord@KBPT_TownPortal@@MAEHHPAVKTabFile@@@Z 10026d20 f   KBasPropTbl.obj
 0001:00025df0       ?GetRecord@KBPT_TownPortal@@QBEPBUKBASICPROP_TOWNPORTAL@@H@Z 10026df0 f   KBasPropTbl.obj
 0001:00025e20       ??0KBPT_Quest@@QAE@XZ      10026e20 f   KBasPropTbl.obj
 0001:00025e70       ??1KBPT_Quest@@QAE@XZ      10026e70 f   KBasPropTbl.obj
 0001:00025e80       ?LoadRecord@KBPT_Quest@@MAEHHPAVKTabFile@@@Z 10026e80 f   KBasPropTbl.obj
 0001:00025f50       ?GetRecord@KBPT_Quest@@QBEPBUKBASICPROP_QUEST@@H@Z 10026f50 f   KBasPropTbl.obj
 0001:00025f80       ?FindRecord@KBPT_Quest@@QBEPBUKBASICPROP_QUEST@@H@Z 10026f80 f   KBasPropTbl.obj
 0001:00025fc0       ??0KBPT_Medicine@@QAE@XZ   10026fc0 f   KBasPropTbl.obj
 0001:00026010       ??1KBPT_Medicine@@QAE@XZ   10027010 f   KBasPropTbl.obj
 0001:00026020       ?LoadRecord@KBPT_Medicine@@MAEHHPAVKTabFile@@@Z 10027020 f   KBasPropTbl.obj
 0001:00026210       ?GetRecord@KBPT_Medicine@@QBEPBUKBASICPROP_MEDICINE@@H@Z 10027210 f   KBasPropTbl.obj
 0001:00026240       ?FindRecord@KBPT_Medicine@@QBEPBUKBASICPROP_MEDICINE@@HH@Z 10027240 f   KBasPropTbl.obj
 0001:00026280       ??0KBPT_MedMaterial@@QAE@XZ 10027280 f   KBasPropTbl.obj
 0001:000262d0       ??1KBPT_MedMaterial@@QAE@XZ 100272d0 f   KBasPropTbl.obj
 0001:000262e0       ?LoadRecord@KBPT_MedMaterial@@MAEHHPAVKTabFile@@@Z 100272e0 f   KBasPropTbl.obj
 0001:000264d0       ?GetRecord@KBPT_MedMaterial@@QBEPBUKBASICPROP_MEDMATERIAL@@H@Z 100274d0 f   KBasPropTbl.obj
 0001:00026510       ??0KBPT_Equipment@@QAE@XZ  10027510 f   KBasPropTbl.obj
 0001:00026530       ??1KBPT_Equipment@@QAE@XZ  10027530 f   KBasPropTbl.obj
 0001:00026540       ?Init@KBPT_Equipment@@QAEXH@Z 10027540 f   KBasPropTbl.obj
 0001:00026580       ?LoadRecord@KBPT_Equipment@@MAEHHPAVKTabFile@@@Z 10027580 f   KBasPropTbl.obj
 0001:00026a50       ?GetRecord@KBPT_Equipment@@QBEPBUKBASICPROP_EQUIPMENT@@H@Z 10027a50 f   KBasPropTbl.obj
 0001:00026a80       ?FindRecord@KBPT_Equipment@@QBEPBUKBASICPROP_EQUIPMENT@@HHH@Z 10027a80 f   KBasPropTbl.obj
 0001:00026ad0       ??0KBPT_Equipment_Gold@@QAE@XZ 10027ad0 f   KBasPropTbl.obj
 0001:00026b20       ??_EKBPT_Equipment_Gold@@UAEPAXI@Z 10027b20 f i KBasPropTbl.obj
 0001:00026b20       ??_GKBPT_Equipment_Gold@@UAEPAXI@Z 10027b20 f i KBasPropTbl.obj
 0001:00026b40       ??1KBPT_Equipment_Gold@@UAE@XZ 10027b40 f   KBasPropTbl.obj
 0001:00026b50       ?LoadRecord@KBPT_Equipment_Gold@@MAEHHPAVKTabFile@@@Z 10027b50 f   KBasPropTbl.obj
 0001:00027250       ?GetRecord@KBPT_Equipment_Gold@@QBEPBUKBASICPROP_EQUIPMENT_GOLD@@H@Z 10028250 f   KBasPropTbl.obj
 0001:00027280       ?FindRecord@KBPT_Equipment_Gold@@QBEPBUKBASICPROP_EQUIPMENT_GOLD@@HHH@Z 10028280 f   KBasPropTbl.obj
 0001:000272d0       ??0KBPT_Equipment_Unique@@QAE@XZ 100282d0 f   KBasPropTbl.obj
 0001:00027320       ??1KBPT_Equipment_Unique@@QAE@XZ 10028320 f   KBasPropTbl.obj
 0001:00027330       ?LoadRecord@KBPT_Equipment_Unique@@MAEHHPAVKTabFile@@@Z 10028330 f   KBasPropTbl.obj
 0001:00027a00       ?GetRecord@KBPT_Equipment_Unique@@QBEPBUKBASICPROP_EQUIPMENT_UNIQUE@@H@Z 10028a00 f   KBasPropTbl.obj
 0001:00027a30       ?FindRecord@KBPT_Equipment_Unique@@QBEPBUKBASICPROP_EQUIPMENT_UNIQUE@@HHH@Z 10028a30 f   KBasPropTbl.obj
 0001:00027a80       ??0KBPT_MagicAttrib_TF@@QAE@XZ 10028a80 f   KBasPropTbl.obj
 0001:00027ae0       ??1KBPT_MagicAttrib_TF@@QAE@XZ 10028ae0 f   KBasPropTbl.obj
 0001:00027af0       ?LoadRecord@KBPT_MagicAttrib_TF@@MAEHHPAVKTabFile@@@Z 10028af0 f   KBasPropTbl.obj
 0001:00027da0       ?GetRecord@KBPT_MagicAttrib_TF@@QBEPBUKMAGICATTRIB_TABFILE@@H@Z 10028da0 f   KBasPropTbl.obj
 0001:00027dd0       ?GetMACount@KBPT_MagicAttrib_TF@@QBEXPAH@Z 10028dd0 f   KBasPropTbl.obj
 0001:00027df0       ??0KBPT_ClassMAIT@@QAE@XZ  10028df0 f   KBasPropTbl.obj
 0001:00027e00       ??1KBPT_ClassMAIT@@QAE@XZ  10028e00 f   KBasPropTbl.obj
 0001:00027e30       ?Clear@KBPT_ClassMAIT@@QAEHXZ 10028e30 f   KBasPropTbl.obj
 0001:00027e40       ?Get@KBPT_ClassMAIT@@QBEHH@Z 10028e40 f   KBasPropTbl.obj
 0001:00027e50       ?Insert@KBPT_ClassMAIT@@QAEHH@Z 10028e50 f   KBasPropTbl.obj
 0001:00027ef0       ??0KBPT_ClassifiedMAT@@QAE@XZ 10028ef0 f   KBasPropTbl.obj
 0001:00027f00       ??1KBPT_ClassifiedMAT@@QAE@XZ 10028f00 f   KBasPropTbl.obj
 0001:00027f10       ?GetMemory@KBPT_ClassifiedMAT@@QAEHH@Z 10028f10 f   KBasPropTbl.obj
 0001:00027f50       ?ReleaseMemory@KBPT_ClassifiedMAT@@IAEXXZ 10028f50 f   KBasPropTbl.obj
 0001:00027f80       ?Set@KBPT_ClassifiedMAT@@QAEHH@Z 10028f80 f   KBasPropTbl.obj
 0001:00027fa0       ?Get@KBPT_ClassifiedMAT@@QBEHH@Z 10028fa0 f   KBasPropTbl.obj
 0001:00027fc0       ?GetAll@KBPT_ClassifiedMAT@@QBEHPAH0@Z 10028fc0 f   KBasPropTbl.obj
 0001:00028040       ??0KBuySell@@QAE@XZ        10029040 f   KBuySell.obj
 0001:00028060       ??1KBuySell@@QAE@XZ        10029060 f   KBuySell.obj
 0001:000280f0       ??_EKItem@@QAEPAXI@Z       100290f0 f i KBuySell.obj
 0001:00028150       ?Init@KBuySell@@QAEHXZ     10029150 f   KBuySell.obj
 0001:000284c0       ?GetItem@KBuySell@@QAEPAVKItem@@H@Z 100294c0 f   KBuySell.obj
 0001:000284f0       ?GetItemIndex@KBuySell@@QAEHHH@Z 100294f0 f   KBuySell.obj
 0001:00028530       ?PaintItem@KBuySell@@QAEXHHH@Z 10029530 f   KBuySell.obj
 0001:00028570       ?OpenSale@KBuySell@@QAEXH@Z 10029570 f   KBuySell.obj
 0001:000285a0       ??0KInventory@@QAE@XZ      100295a0 f   KInventory.obj
 0001:000285b0       ?Init@KInventory@@QAEHHH@Z 100295b0 f   KInventory.obj
 0001:00028620       ?Release@KInventory@@QAEXXZ 10029620 f   KInventory.obj
 0001:00028650       ?Clear@KInventory@@QAEXXZ  10029650 f   KInventory.obj
 0001:00028690       ?PlaceItem@KInventory@@QAEHHHHHH@Z 10029690 f   KInventory.obj
 0001:00028790       ?HoldItem@KInventory@@QAEHHHH@Z 10029790 f   KInventory.obj
 0001:00028800       ?PickUpItem@KInventory@@QAEHHHHHH@Z 10029800 f   KInventory.obj
 0001:000288f0       ?FindItem@KInventory@@QAEHHH@Z 100298f0 f   KInventory.obj
 0001:00028950       ?FindRoom@KInventory@@QAEHHHPAUtagPOINT@@@Z 10029950 f   KInventory.obj
 0001:000289f0       ?CheckRoom@KInventory@@QAEHHHHH@Z 100299f0 f   KInventory.obj
 0001:00028aa0       ?AddMoney@KInventory@@QAEHH@Z 10029aa0 f   KInventory.obj
 0001:00028ac0       ?GetNextItem@KInventory@@QAEHHHHPAH0@Z 10029ac0 f   KInventory.obj
 0001:00028b80       ?FindEmptyPlace@KInventory@@QAEHHHPAUtagPOINT@@@Z 10029b80 f   KInventory.obj
 0001:00028ce0       ?FindSameDetailType@KInventory@@QAEHHHPAH00@Z 10029ce0 f   KInventory.obj
 0001:00028e10       ??0KItem@@QAE@XZ           10029e10 f   KItem.obj
 0001:00028eb0       ??1KItem@@QAE@XZ           10029eb0 f   KItem.obj
 0001:00028ec0       ?GetRequirement@KItem@@QAEPAXH@Z 10029ec0 f   KItem.obj
 0001:00028ee0       ?ApplyMagicAttribToNPC@KItem@@QBEXPAVKNpc@@H@Z 10029ee0 f   KItem.obj
 0001:00028f60       ?RemoveMagicAttribFromNPC@KItem@@QBEXPAVKNpc@@H@Z 10029f60 f   KItem.obj
 0001:00029070       ?ApplyHiddenMagicAttribToNPC@KItem@@QBEXPAVKNpc@@H@Z 1002a070 f   KItem.obj
 0001:000290a0       ?RemoveHiddenMagicAttribFromNPC@KItem@@QBEXPAVKNpc@@H@Z 1002a0a0 f   KItem.obj
 0001:00029100       ?SetAttrib_CBR@KItem@@AAEHPBUKBASICPROP_EQUIPMENT@@@Z 1002a100 f   KItem.obj
 0001:00029140       ?SetAttrib_Base@KItem@@AAEHPBUKEQCP_BASIC@@@Z 1002a140 f   KItem.obj
 0001:00029190       ?SetAttrib_Req@KItem@@AAEHPBUKEQCP_REQ@@@Z 1002a190 f   KItem.obj
 0001:000291d0       ?SetAttrib_MA@KItem@@AAEHPBUKMagicAttrib@@@Z 1002a1d0 f   KItem.obj
 0001:00029220       ?SetAttrib_MA@KItem@@AAEHPBUKMACP@@@Z 1002a220 f   KItem.obj
 0001:00029290       ??4KItem@@AAEXABUKBASICPROP_EQUIPMENT@@@Z 1002a290 f   KItem.obj
 0001:000293b0       ??4KItem@@AAEXABUKBASICPROP_MEDMATERIAL@@@Z 1002a3b0 f   KItem.obj
 0001:00029520       ??4KItem@@AAEXABUKBASICPROP_MINE@@@Z 1002a520 f   KItem.obj
[...]
 0003:0000362c       ??_C@_0BH@KHNK@_?$CKPlaceGround?$CK_?$CD?$HO?$CFd?$HO?$CD_?$AA@ 1005462c     KScenePlaceC.obj
 0003:00003644       ??_C@_06BEEN@InDoor?$AA@   10054644     KScenePlaceC.obj
 0003:0000364c       ??_C@_07PGNE@Evening?$AA@  1005464c     KScenePlaceC.obj
 0003:00003654       ??_C@_04EPBE@Dusk?$AA@     10054654     KScenePlaceC.obj
 0003:0000365c       ??_C@_04LPEO@Noon?$AA@     1005465c     KScenePlaceC.obj
 0003:00003664       ??_C@_08OENG@Forenoon?$AA@ 10054664     KScenePlaceC.obj
 0003:00003670       ??_C@_07ICHF@Morning?$AA@  10054670     KScenePlaceC.obj
 0003:00003678       ??_C@_04HMEF@Dawn?$AA@     10054678     KScenePlaceC.obj
 0003:00003680       ??_C@_05FBHK@LIGHT?$AA@    10054680     KScenePlaceC.obj
 0003:00003688       ??_C@_08PLDJ@MidNight?$AA@ 10054688     KScenePlaceC.obj
 0003:00003694       ??_C@_08PLIK@IsInDoor?$AA@ 10054694     KScenePlaceC.obj
 0003:000036a0       ??_C@_09GLGL@?$CFs?2?$CFs?4wor?$AA@ 100546a0     KScenePlaceC.obj
 0003:000036ac       ??_C@_05IFEL@_name?$AA@    100546ac     KScenePlaceC.obj
 0003:000036b4       ??_C@_05GFGP@?2Maps?$AA@   100546b4     KScenePlaceC.obj
 0003:000036bc       ??_C@_0BG@HIBA@?2settings?2MapList?4ini?$AA@ 100546bc     KScenePlaceC.obj
 0003:000036d4       ??_C@_0CM@DCO@Focus?3?$DMcolor?$DNGreen?$DO?$CFd?0?$CFd?$DMcolor?$DNW@ 100546d4     KScenePlaceC.obj
 0003:00003700       ??_C@_0CF@LANP@Map?$DMcolor?$DNGreen?$DO?$FL?$CFd?$FN?$DMcolor?$DNWhite@ 10054700     KScenePlaceC.obj
 0003:00003728       ??_C@_0L@JAMB@?$CFsTrap?4dat?$AA@ 10054728     KScenePlaceRegionC.obj
 0003:00003734       ??_C@_0P@FOFO@?$CFsOBSTACLE?4DAT?$AA@ 10054734     KScenePlaceRegionC.obj
 0003:00003744       ??_C@_0BB@IJAI@?$CFsBuildinObj?4Dat?$AA@ 10054744     KScenePlaceRegionC.obj
 0003:00003758       ??_C@_0N@FHNG@?$CFsGround?4dat?$AA@ 10054758     KScenePlaceRegionC.obj
 0003:00003768       ??_C@_0P@FJLO@?$CFsRegion_C?4dat?$AA@ 10054768     KScenePlaceRegionC.obj
 0003:00003778       ??_C@_0BA@EDDM@?$CFs?2v_?$CF03d?2?$CF03d_?$AA@ 10054778     KScenePlaceRegionC.obj
 0003:00003788       ??_C@_02JDLK@?$CFx?$AA@    10054788     KScenePlaceRegionC.obj
 0003:0000378c       ??_C@_0CD@HJEG@?2spr?2Ui?2?$LM?$LM?D?$NM?M?$LM?$LB?j?2icon_sk_ty_ap?4s@ 1005478c     CoreDrawGameObj.obj
 0003:000037b0       ??_C@_0BH@JNA@settings?2MagicDesc?4Ini?$AA@ 100547b0     KMagicDesc.obj
 0003:000037c8       ??_C@_04LPHI@?D?P?P?T?$AA@ 100547c8     KMagicDesc.obj
 0003:000037d0       ??_C@_04PN@?E?$KO?P?T?$AA@ 100547d0     KMagicDesc.obj
 0003:000037d8       ??_C@_04PMJN@?D?Z?A?$KG?$AA@ 100547d8     KMagicDesc.obj
 0003:000037e0       ??_C@_04NLD@?$LN?p?G?$KO?$AA@ 100547e0     KMagicDesc.obj
 0003:000037e8       ??_C@_04JLGG@?L?e?A?$KG?$AA@ 100547e8     KMagicDesc.obj
 0003:000037f0       ??_C@_04ELB@?I?z?C?$PM?$AA@ 100547f0     KMagicDesc.obj
 0003:000037f8       ??_C@_04EAJB@?N?$NO?O?$LF?$AA@ 100547f8     KMagicDesc.obj
 0003:00003800       ??_C@_08BILC@Descript?$AA@ 10054800     KMagicDesc.obj
 0003:000038d0       ??_C@_01FCOA@?5?$AA@       100548d0     KGMCommand.obj
 0003:000038d4       ??_C@_06JDFN@STRING?$AA@   100548d4     KTaskFuns.obj
 0003:000038dc       ??_C@_0BN@NCIK@?2Settings?2music?2MusicSet?4txt?$AA@ 100548dc     KMapMusic.obj
 0003:00003900       ?Missle@@3PAVKMissle@@A    10054900     KMissle.obj
 0003:0015c4a0       ?g_MisslesLib@@3PAVKMissle@@A 101ad4a0     KMissle.obj
 0003:001e62e0       ?g_nRandMissleTab@@3PAHA   102372e0     KMissle.obj
 0003:001e6470       ??_C@_00A@?$AA@            10237470     KMissle.obj
 0003:001e6478       ?MissleSet@@3VKMissleSet@@A 10237478     KMissleSet.obj
 0003:001e6488       ?g_SkillManager@@3VKSkillManager@@A 10237488     KSkillManager.obj
 0003:00206ff8       ?g_ulSkillCount@@3KA       10257ff8     KSkillManager.obj
 0003:00207000       ?SpecialMovieList@@3VKList@@A 10258000     KSkillSpecial.obj
 0003:00207018       ?g_Faction@@3VKFaction@@A  10258018     KFaction.obj
 0003:00207310       ?Npc@@3PAVKNpc@@A          10258310     KNpc.obj
 0003:00985710       ?g_pNpcTemplate@@3PAVKNpcTemplate@@A 109d6710     KNpc.obj
 0003:00985718       ?NpcAI@@3VKNpcAI@@A        109d6718     KNpcAI.obj
 0003:00985720       ?g_NpcAttribModify@@3VKNpcAttribModify@@A 109d6720     KNpcAttribModify.obj
 0003:009859c0       ?g_NpcResList@@3VKNpcResList@@A 109d69c0     KNpcResList.obj
 0003:0098e128       ?NpcSet@@3VKNpcSet@@A      109df128     KNpcSet.obj
 0003:0098f2a0       ?g_nLastNetMsgLoop@@3HA    109e02a0     KPlayer.obj
 0003:0098f2a8       ?Player@@3PAVKPlayer@@A    109e02a8     KPlayer.obj
 0003:00994940       ?PlayerSet@@3VKPlayerSet@@A 109e5940     KPlayerSet.obj
 0003:00994fc8       ?g_Team@@3PAVKTeam@@A      109e5fc8     KPlayerTeam.obj
 0003:00995118       ?BuySell@@3VKBuySell@@A    109e6118     KBuySell.obj
 0003:00995130       ?Item@@3PAVKItem@@A        109e6130     KItem.obj
 0003:00a0f130       ?g_ItemChangeRes@@3VKItemChangeRes@@A 10a60130     KItemChangeRes.obj
 0003:00a0f1c0       ?ItemGen@@3VKItemGenerator@@A 10a601c0     KItemGenerator.obj
 0003:00a14890       ?ItemSet@@3VKItemSet@@A    10a65890     KItemSet.obj
 0003:00a148a0       ?Object@@3PAVKObj@@A       10a658a0     KObj.obj
 0003:00a54ca0       ?ObjSet@@3VKObjSet@@A      10aa5ca0     KObjSet.obj
 0003:00a54ce8       ?g_pNpcLevelScript@@3PAVKLuaScript@@A 10aa5ce8     KCore.obj
 0003:00a54cec       ?g_bDebugScript@@3HA       10aa5cec     KCore.obj
 0003:00a54cf0       ?g_SoundCache@@3VKSoundCache@@A 10aa5cf0     KCore.obj
 0003:00a54d14       ?g_nHandSkill@@3HA         10aa5d14     KCore.obj
 0003:00a54d18       ?g_nRangeWeaponSkill@@3PAHA 10aa5d18     KCore.obj
 0003:00a54ea8       ?g_nMeleeWeaponSkill@@3PAHA 10aa5ea8     KCore.obj
 0003:00a55038       ?g_NpcKindFile@@3VKTabFile@@A 10aa6038     KCore.obj
 0003:00a55058       ?g_NpcSetting@@3VKTabFile@@A 10aa6058     KCore.obj
 0003:00a55078       ?g_SkillLevelSetting@@3VKTabFile@@A 10aa6078     KCore.obj
 0003:00a55098       ?g_MisslesSetting@@3VKTabFile@@A 10aa6098     KCore.obj
 0003:00a550b8       ?g_OrdinSkillsSetting@@3VKTabFile@@A 10aa60b8     KCore.obj
 0003:00a550d4       ?g_pClient@@3PAUIClient@@A 10aa60d4     KCore.obj
 0003:00a550d8       ?g_RankTabSetting@@3VKTabFile@@A 10aa60d8     KCore.obj
 0003:00a550f8       ?g_ClientWeaponSkillTabFile@@3VKTabFile@@A 10aa60f8     KCore.obj
 0003:00a55114       ?g_bUISelIntelActiveWithServer@@3HA 10aa6114     KCore.obj
 0003:00a55118       ?g_bUISpeakActiveWithServer@@3HA 10aa6118     KCore.obj
 0003:00a5511c       ?g_bUISelLastSelCount@@3HA 10aa611c     KCore.obj
 0003:00a55120       ?g_pMusic@@3PAVKMusic@@A   10aa6120     KCore.obj
 0003:00a55128       ?SubWorld@@3PAVKSubWorld@@A 10aa6128     KSubWorld.obj
 0003:00a571c0       ?g_SubWorldSet@@3VKSubWorldSet@@A 10aa81c0     KSubWorldSet.obj
 0003:00a57260       ?g_nConquerSeries@@3PAHA   10aa8260     KMath.obj
 0003:00a57274       ?g_nAccrueSeries@@3PAHA    10aa8274     KMath.obj
 0003:00a57288       ?g_ProtocolProcess@@3VKProtocolProcess@@A 10aa8288     KProtocolProcess.obj
 0003:00a57678       ?g_TempValue@@3PAHA        10aa8678     ScriptFuns.obj
 0003:00a57e48       ?g_StoryScriptList@@3VKScriptList@@A 10aa8e48     ScriptFuns.obj
 0003:00a57e60       ?g_ScriptValueSet@@3VKScriptValueSet@@A 10aa8e60     KScriptValueSet.obj
 0003:00a57e98       ?g_szCurScriptDir@@3PADA   10aa8e98     KSortScript.obj
 0003:00a57f9c       ?nCurrentScriptNum@@3IA    10aa8f9c     KSortScript.obj
 0003:00a57fa0       ?g_ScriptBinTree@@3V?$BinSTree@VKSortScriptNode@@@@A 10aa8fa0     KSortScript.obj
 0003:00a57fb0       ?g_ScriptSet@@3PAVKLuaScript@@A 10aa8fb0     KSortScript.obj
 0003:00a58200       ?g_ScenePlace@@3VKScenePlaceC@@A 10aa9200     KScenePlaceC.obj
 0003:00aaa064       ?g_bShowGameInfo@@3_NA     10afb064     KScenePlaceC.obj
 0003:00aaa068       ?g_nMapIndex@@3HA          10afb068     KScenePlaceC.obj
 0003:00aaa06c       ?g_bShowObstacle@@3HA      10afb06c     KScenePlaceC.obj
 0003:00aaa09c       ?g_pRepresent@@3PAUiRepresentShell@@A 10afb09c     ImgRef.obj
 0003:00aaa0a0       ?l_Time@@3IA               10afb0a0     ImgRef.obj
 0003:00aaa0a8       ?g_MagicDesc@@3VKMagicDesc@@A 10afb0a8     KMagicDesc.obj
 0003:00aaa180       ?g_StringResourseTabFile@@3VKTabFile@@A 10afb180     KTaskFuns.obj
 0003:00aaa1a0       ?Option@@3VKOption@@A      10afb1a0     KOption.obj
 0003:00aaa1b0       __adjust_fdiv              10afb1b0     <common>
 0003:00aaa1b4       __pRawDllMain              10afb1b4     <common>
 0003:00aaa1b8       ___onexitend               10afb1b8     <common>
 0003:00aaa1bc       ___onexitbegin             10afb1bc     <common>

 entry point at        0001:00045223

 Static symbols

 0001:000443a0       _$E11                      100453a0 f   KTaskFuns.obj
 0001:000443b0       _$E8                       100453b0 f   KTaskFuns.obj
 0001:000443c0       _$E10                      100453c0 f   KTaskFuns.obj
 0001:000443d0       _$E9                       100453d0 f   KTaskFuns.obj
 0001:00043c40       _$E4                       10044c40 f   KMagicDesc.obj
 0001:00043c50       _$E1                       10044c50 f   KMagicDesc.obj
 0001:00043c60       _$E3                       10044c60 f   KMagicDesc.obj
 0001:00043c70       _$E2                       10044c70 f   KMagicDesc.obj
 0001:000433c0       _$E2                       100443c0 f   SceneMath.obj
 0001:000433d0       _$E1                       100443d0 f   SceneMath.obj
 0001:0003f040       _$E9                       10040040 f   KScenePlaceC.obj
 0001:0003f050       _$E6                       10040050 f   KScenePlaceC.obj
 0001:0003f060       _$E8                       10040060 f   KScenePlaceC.obj
 0001:0003f070       _$E7                       10040070 f   KScenePlaceC.obj
 0001:00039c40       _$E14                      1003ac40 f   CoreShell.obj
 0001:00039c50       _$E13                      1003ac50 f   CoreShell.obj
 0001:00039230       _$E4                       1003a230 f   KSortScript.obj
 0001:00039240       _$E1                       1003a240 f   KSortScript.obj
 0001:00039260       _$E3                       1003a260 f   KSortScript.obj
 0001:00039270       _$E2                       1003a270 f   KSortScript.obj
 0001:00039290       _$E9                       1003a290 f   KSortScript.obj
 0001:000392a0       _$E6                       1003a2a0 f   KSortScript.obj
 0001:000392c0       _$E8                       1003a2c0 f   KSortScript.obj
 0001:000392d0       _$E7                       1003a2d0 f   KSortScript.obj
 0001:000393a0       ?LoadAllScript@@YAKPAD@Z   1003a3a0 f   KSortScript.obj
 0001:00039710       ?LoadScriptToSortList@@YAHPAD@Z 1003a710 f   KSortScript.obj
 0001:00039820       ?LoadScriptToSortListA@@YAHPAD@Z 1003a820 f   KSortScript.obj
 0001:00038a30       _$E4                       10039a30 f   KScriptValueSet.obj
 0001:00038a40       _$E1                       10039a40 f   KScriptValueSet.obj
 0001:00038a50       _$E3                       10039a50 f   KScriptValueSet.obj
 0001:00038a60       _$E2                       10039a60 f   KScriptValueSet.obj
 0001:00038150       _$E11                      10039150 f   ScriptFuns.obj
 0001:00038160       _$E8                       10039160 f   ScriptFuns.obj
 0001:00038170       _$E10                      10039170 f   ScriptFuns.obj
 0001:00038180       _$E9                       10039180 f   ScriptFuns.obj
 0001:00034c20       _$E11                      10035c20 f   KProtocolProcess.obj
 0001:00034c30       _$E8                       10035c30 f   KProtocolProcess.obj
 0001:00034c40       _$E10                      10035c40 f   KProtocolProcess.obj
 0001:00034c50       _$E9                       10035c50 f   KProtocolProcess.obj
 0001:00032cc0       _$E11                      10033cc0 f   KSubWorldSet.obj
 0001:00032cd0       _$E8                       10033cd0 f   KSubWorldSet.obj
 0001:00032ce0       _$E10                      10033ce0 f   KSubWorldSet.obj
 0001:00032cf0       _$E9                       10033cf0 f   KSubWorldSet.obj
 0001:00030d40       _$E16                      10031d40 f   KSubWorld.obj
 0001:00030d50       _$E13                      10031d50 f   KSubWorld.obj
 0001:00030d70       _$E15                      10031d70 f   KSubWorld.obj
 0001:00030d80       _$E14                      10031d80 f   KSubWorld.obj
 0001:0002f860       _$E4                       10030860 f   KCore.obj
 0001:0002f870       _$E1                       10030870 f   KCore.obj
 0001:0002f880       _$E3                       10030880 f   KCore.obj
 0001:0002f890       _$E2                       10030890 f   KCore.obj
 0001:0002f8a0       _$E14                      100308a0 f   KCore.obj
 0001:0002f8b0       _$E11                      100308b0 f   KCore.obj
 0001:0002f8c0       _$E13                      100308c0 f   KCore.obj
 0001:0002f8d0       _$E12                      100308d0 f   KCore.obj
 0001:0002f8e0       _$E19                      100308e0 f   KCore.obj
 0001:0002f8f0       _$E16                      100308f0 f   KCore.obj
 0001:0002f910       _$E18                      10030910 f   KCore.obj
 0001:0002f920       _$E17                      10030920 f   KCore.obj
 0001:0002f940       _$E24                      10030940 f   KCore.obj
 0001:0002f950       _$E21                      10030950 f   KCore.obj
 0001:0002f960       _$E23                      10030960 f   KCore.obj
 0001:0002f970       _$E22                      10030970 f   KCore.obj
 0001:0002f980       _$E29                      10030980 f   KCore.obj
 0001:0002f990       _$E26                      10030990 f   KCore.obj
 0001:0002f9a0       _$E28                      100309a0 f   KCore.obj
 0001:0002f9b0       _$E27                      100309b0 f   KCore.obj
 0001:0002f9c0       _$E34                      100309c0 f   KCore.obj
 0001:0002f9d0       _$E31                      100309d0 f   KCore.obj
 0001:0002f9e0       _$E33                      100309e0 f   KCore.obj
 0001:0002f9f0       _$E32                      100309f0 f   KCore.obj
 0001:0002fa00       _$E39                      10030a00 f   KCore.obj
 0001:0002fa10       _$E36                      10030a10 f   KCore.obj
 0001:0002fa20       _$E38                      10030a20 f   KCore.obj
 0001:0002fa30       _$E37                      10030a30 f   KCore.obj
 0001:0002ea30       _$E9                       1002fa30 f   KObjSet.obj
 0001:0002ea40       _$E6                       1002fa40 f   KObjSet.obj
 0001:0002ea50       _$E8                       1002fa50 f   KObjSet.obj
 0001:0002ea60       _$E7                       1002fa60 f   KObjSet.obj
 0001:0002dab0       _$E14                      1002eab0 f   KObj.obj
 0001:0002dac0       _$E13                      1002eac0 f   KObj.obj
 0001:0002d7f0       _$E4                       1002e7f0 f   KItemSet.obj
 0001:0002d800       _$E1                       1002e800 f   KItemSet.obj
 0001:0002d810       _$E3                       1002e810 f   KItemSet.obj
 0001:0002d820       _$E2                       1002e820 f   KItemSet.obj
 0001:0002a660       _$E4                       1002b660 f   KItemGenerator.obj
 0001:0002a670       _$E1                       1002b670 f   KItemGenerator.obj
 0001:0002a680       _$E3                       1002b680 f   KItemGenerator.obj
 0001:0002a690       _$E2                       1002b690 f   KItemGenerator.obj
 0001:0002a350       _$E4                       1002b350 f   KItemChangeRes.obj
 0001:0002a360       _$E1                       1002b360 f   KItemChangeRes.obj
 0001:0002a370       _$E3                       1002b370 f   KItemChangeRes.obj
 0001:0002a380       _$E2                       1002b380 f   KItemChangeRes.obj
 0001:00028db0       _$E32                      10029db0 f   KItem.obj
 0001:00028dc0       _$E29                      10029dc0 f   KItem.obj
 0001:00028de0       _$E31                      10029de0 f   KItem.obj
 0001:00028df0       _$E30                      10029df0 f   KItem.obj
 0001:00028000       _$E11                      10029000 f   KBuySell.obj
 0001:00028010       _$E8                       10029010 f   KBuySell.obj
 0001:00028020       _$E10                      10029020 f   KBuySell.obj
 0001:00028030       _$E9                       10029030 f   KBuySell.obj
 0001:00024010       _$E9                       10025010 f   KPlayerTeam.obj
 0001:00024020       _$E8                       10025020 f   KPlayerTeam.obj
 0001:00023480       _$E11                      10024480 f   KPlayerSet.obj
 0001:00023490       _$E8                       10024490 f   KPlayerSet.obj
 0001:000234a0       _$E10                      100244a0 f   KPlayerSet.obj
 0001:000234b0       _$E9                       100244b0 f   KPlayerSet.obj
 0001:0001aa50       _$E16                      1001ba50 f   KPlayer.obj
 0001:0001aa60       _$E13                      1001ba60 f   KPlayer.obj
 0001:0001aa80       _$E15                      1001ba80 f   KPlayer.obj
 0001:0001aa90       _$E14                      1001ba90 f   KPlayer.obj
 0001:00018e70       _$E16                      10019e70 f   KNpcSet.obj
 0001:00018e80       _$E13                      10019e80 f   KNpcSet.obj
 0001:00018e90       _$E15                      10019e90 f   KNpcSet.obj
 0001:00018ea0       _$E14                      10019ea0 f   KNpcSet.obj
 0001:00016430       _$E4                       10017430 f   KNpcResList.obj
 0001:00016440       _$E1                       10017440 f   KNpcResList.obj
 0001:00016450       _$E3                       10017450 f   KNpcResList.obj
 0001:00016460       _$E2                       10017460 f   KNpcResList.obj
 0001:00011c70       _$E11                      10012c70 f   KNpcAttribModify.obj
 0001:00011c80       _$E8                       10012c80 f   KNpcAttribModify.obj
 0001:00011c90       _$E10                      10012c90 f   KNpcAttribModify.obj
 0001:00011ca0       _$E9                       10012ca0 f   KNpcAttribModify.obj
 0001:0000f0e0       _$E9                       100100e0 f   KNpcAI.obj
 0001:0000f0f0       _$E8                       100100f0 f   KNpcAI.obj
 0001:000099b0       _$E16                      1000a9b0 f   KNpc.obj
 0001:000099c0       _$E13                      1000a9c0 f   KNpc.obj
 0001:000099e0       _$E15                      1000a9e0 f   KNpc.obj
 0001:000099f0       _$E14                      1000a9f0 f   KNpc.obj
 0001:000091b0       _$E9                       1000a1b0 f   KSkillSpecial.obj
 0001:000091c0       _$E6                       1000a1c0 f   KSkillSpecial.obj
 0001:00009200       _$E8                       1000a200 f   KSkillSpecial.obj
 0001:00009210       _$E7                       1000a210 f   KSkillSpecial.obj
 0001:00003ed0       _$E4                       10004ed0 f   KSkillManager.obj
 0001:00003ee0       _$E1                       10004ee0 f   KSkillManager.obj
 0001:00003ef0       _$E3                       10004ef0 f   KSkillManager.obj
 0001:00003f00       _$E2                       10004f00 f   KSkillManager.obj
 0001:00003410       _$E4                       10004410 f   KMissleSet.obj
 0001:00003420       _$E1                       10004420 f   KMissleSet.obj
 0001:00003430       _$E3                       10004430 f   KMissleSet.obj
 0001:00003440       _$E2                       10004440 f   KMissleSet.obj
 0001:00000090       _$E9                       10001090 f   KMissle.obj
 0001:000000a0       _$E6                       100010a0 f   KMissle.obj
 0001:000000c0       _$E8                       100010c0 f   KMissle.obj
 0001:000000d0       _$E7                       100010d0 f   KMissle.obj
 0001:000000f0       _$E14                      100010f0 f   KMissle.obj
 0001:00000100       _$E11                      10001100 f   KMissle.obj
 0001:00000120       _$E13                      10001120 f   KMissle.obj
 0001:00000130       _$E12                      10001130 f   KMissle.obj
 0001:000450af       ?ArrayUnwindFilter@@YAHPAU_EXCEPTION_POINTERS@@@Z 100460af f   MSVCRT:ehvecdtr.obj
