 CoreClient_d

 Timestamp is 3eed25b3 (Mon Jun 16 10:04:35 2003)

 Preferred load address is 10000000

 Start         Length     Name                   Class
 0001:00000000 000735ecH .text                   CODE
 0001:000735f0 00001428H .text$x                 CODE
 0002:00000000 000002b0H .idata$5                DATA
 0002:000002b0 0000771dH .rdata                  DATA
 0002:000079d0 00001480H .xdata$x                DATA
 0002:00008e50 00000078H .idata$2                DATA
 0002:00008ec8 00000014H .idata$3                DATA
 0002:00008edc 000002b0H .idata$4                DATA
 0002:0000918c 00000f70H .idata$6                DATA
 0002:0000a100 00001feeH .edata                  DATA
 0003:00000000 00000004H .CRT$XCA                DATA
 0003:00000004 0000009cH .CRT$XCU                DATA
 0003:000000a0 00000004H .CRT$XCZ                DATA
 0003:000000a4 00000004H .CRT$XIA                DATA
 0003:000000a8 00000004H .CRT$XIZ                DATA
 0003:000000b0 00000d60H .data                   DATA
 0003:00000e10 00aa68c0H .bss                    DATA

  Address         Publics by Value              Rva+Base     Lib:Object

 0001:00000000       ??4KMapMusic@@QAEAAV0@ABV0@@Z 10001000 f i KMissle.obj
 0001:00000040       ?GetGameTime@KSubWorldSet@@QAEHXZ 10001040 f i KMissle.obj
 0001:00000070       ?GetGameVersion@KSubWorldSet@@QAEHXZ 10001070 f i KMissle.obj
 0001:000000a0       ?SetPing@KSubWorldSet@@QAEXK@Z 100010a0 f i KMissle.obj
 0001:000000e0       ?GetPing@KSubWorldSet@@QAEKXZ 100010e0 f i KMissle.obj
 0001:00000110       ??4KSubWorldSet@@QAEAAV0@ABV0@@Z 10001110 f i KMissle.obj
 0001:00000150       ??1KSubWorldSet@@QAE@XZ    10001150 f i KMissle.obj
 0001:000003d0       ??0KMissle@@QAE@XZ         100013d0 f   KMissle.obj
 0001:00000480       ??_GKMissle@@UAEPAXI@Z     10001480 f i KMissle.obj
 0001:00000480       ??_EKMissle@@UAEPAXI@Z     10001480 f i KMissle.obj
 0001:000004e0       ?Release@KMissle@@AAEXXZ   100014e0 f   KMissle.obj
 0001:00000550       ??1KMissle@@UAE@XZ         10001550 f   KMissle.obj
 0001:000005a0       ?GetInfoFromTabFile@KMissle@@QAEHH@Z 100015a0 f   KMissle.obj
 0001:00000600       ?GetInfoFromTabFile@KMissle@@QAEHPAVKITabFile@@H@Z 10001600 f   KMissle.obj
 0001:00000f50       ?Init@KMissle@@AAEHHHHHH@Z 10001f50 f   KMissle.obj
 0001:00000f90       ?Activate@KMissle@@QAEHXZ  10001f90 f   KMissle.obj
 0001:00001270       ?GetSkill@KSkillManager@@QAEPAVISkill@@HH@Z 10002270 f i KMissle.obj
 0001:00001370       ?OnWait@KMissle@@AAEXXZ    10002370 f   KMissle.obj
 0001:000013a0       ?OnCollision@KMissle@@AAEXXZ 100023a0 f   KMissle.obj
 0001:000013d0       ?CheckCollision@KMissle@@AAEHH@Z 100023d0 f   KMissle.obj
 0001:000017d0       ?GetNext@KNode@@QAEPAV1@XZ 100027d0 f i KMissle.obj
 0001:00001810       ?GetHead@KList@@QAEPAVKNode@@XZ 10002810 f i KMissle.obj
 0001:00001850       ?IsRelationSuitable@KMissle@@AAEHW4NPC_RELATION@@W4MISSLE_RELATION@@@Z 10002850 f i KMissle.obj
 0001:000018b0       ?OnFly@KMissle@@AAEXXZ     100028b0 f   KMissle.obj
 0001:00002600       ?g_DirSin@@YAHHH@Z         10003600 f i KMissle.obj
 0001:00002650       ?g_DirCos@@YAHHH@Z         10003650 f i KMissle.obj
 0001:000026a0       ?IsMatch@KNpc@@QAEHK@Z     100036a0 f i KMissle.obj
 0001:000026e0       ?OnVanish@KMissle@@AAEXXZ  100036e0 f   KMissle.obj
 0001:00002710       ?Paint@KMissle@@QAEXXZ     10003710 f   KMissle.obj
 0001:000028d0       ?g_GetDirIndex@@YAHHHHH@Z  100038d0 f i KMissle.obj
 0001:000029a0       ?g_GetDistance@@YAHHHHH@Z  100039a0 f i KMissle.obj
 0001:00002a10       ?g_DirIndex2Dir@@YAHHH@Z   10003a10 f i KMissle.obj
 0001:00002a60       ?Send@KWorldMsg@@QAEHKHHH@Z 10003a60 f i KMissle.obj
 0001:00002b40       ?AddTail@KList@@QAEXPAVKNode@@@Z 10003b40 f i KMissle.obj
 0001:00002b80       ?InsertBefore@KNode@@QAEXPAV1@@Z 10003b80 f i KMissle.obj
 0001:00002c00       ??0KWorldMsgNode@@QAE@XZ   10003c00 f i KMissle.obj
 0001:00002c50       ??0KNode@@QAE@XZ           10003c50 f i KMissle.obj
 0001:00002ca0       ??_GKNode@@UAEPAXI@Z       10003ca0 f i KMissle.obj
 0001:00002ca0       ??_EKNode@@UAEPAXI@Z       10003ca0 f i KMissle.obj
 0001:00002d00       ??1KNode@@UAE@XZ           10003d00 f i KMissle.obj
 0001:00002d30       ??_GKWorldMsgNode@@UAEPAXI@Z 10003d30 f i KMissle.obj
 0001:00002d30       ??_EKWorldMsgNode@@UAEPAXI@Z 10003d30 f i KMissle.obj
 0001:00002d90       ??1KWorldMsgNode@@UAE@XZ   10003d90 f i KMissle.obj
 0001:00002dd0       ?Save@KMissle@@QAEHXZ      10003dd0 f   KMissle.obj
 0001:00002e00       ?CheckBeyondRegion@KMissle@@AAEHXZ 10003e00 f   KMissle.obj
 0001:000032c0       ??4KMissle@@AAEAAV0@AAV0@@Z 100042c0 f   KMissle.obj
 0001:000036b0       ?ProcessDamage@KMissle@@AAEHH@Z 100046b0 f   KMissle.obj
 0001:000036e0       ?DoVanish@KMissle@@AAEXXZ  100046e0 f   KMissle.obj
 0001:00003880       ?DoCollision@KMissle@@AAEXXZ 10004880 f   KMissle.obj
 0001:00003a30       ?DoFly@KMissle@@AAEXXZ     10004a30 f   KMissle.obj
 0001:00003ae0       ?ProcessCollision@KMissle@@QAEHHHHHHW4MISSLE_RELATION@@@Z 10004ae0 f   KMissle.obj
 0001:00003f10       ?ProcessCollision@KMissle@@AAEHXZ 10004f10 f   KMissle.obj
 0001:00003f90       ?CreateSpecialEffect@KMissle@@QAEHW4eMissleStatus@@HHHH@Z 10004f90 f   KMissle.obj
 0001:000041c0       ??0KSkillSpecialNode@@QAE@XZ 100051c0 f i KMissle.obj
 0001:00004210       ??_EKSkillSpecialNode@@UAEPAXI@Z 10005210 f i KMissle.obj
 0001:00004210       ??_GKSkillSpecialNode@@UAEPAXI@Z 10005210 f i KMissle.obj
 0001:00004270       ??1KSkillSpecialNode@@UAE@XZ 10005270 f i KMissle.obj
 0001:000042d0       ?GetLightInfo@KMissle@@QAEXPAUKLightInfo@@@Z 100052d0 f   KMissle.obj
 0001:000043b0       ?DoWait@KMissle@@AAEXXZ    100053b0 f   KMissle.obj
 0001:00004460       ?PrePareFly@KMissle@@AAEHXZ 10005460 f   KMissle.obj
 0001:000047b0       ?GetMpsPos@KMissle@@QAEXPAH0@Z 100057b0 f   KMissle.obj
 0001:00004840       ?GetMoney@KInventory@@QAEHXZ 10005840 f i KMissleRes.obj
 0001:00004870       ?SetMoney@KInventory@@QAEHH@Z 10005870 f i KMissleRes.obj
 0001:000048b0       ??4KInventory@@QAEAAV0@ABV0@@Z 100058b0 f i KMissleRes.obj
 0001:00004900       ??4KPlayerFaction@@QAEAAV0@ABV0@@Z 10005900 f i KMissleRes.obj
 0001:00004940       ??4KCHAT_RECORDER@@QAEAAV0@ABV0@@Z 10005940 f i KMissleRes.obj
 0001:00004980       ??0CChatFriendTeam@@QAE@ABV0@@Z 10005980 f i KMissleRes.obj
 0001:000049f0       ??4CChatFriendTeam@@QAEAAV0@ABV0@@Z 100059f0 f i KMissleRes.obj
 0001:00004a70       ??1CChatFriendTeam@@QAE@XZ 10005a70 f i KMissleRes.obj
 0001:00004ab0       ??0KList@@QAE@ABV0@@Z      10005ab0 f i KMissleRes.obj
 0001:00004b30       ??1KList@@QAE@XZ           10005b30 f i KMissleRes.obj
 0001:00004ba0       ??4KList@@QAEAAV0@ABV0@@Z  10005ba0 f i KMissleRes.obj
 0001:00004c00       ??0KNode@@QAE@ABV0@@Z      10005c00 f i KMissleRes.obj
 0001:00004c50       ??4KNode@@QAEAAV0@ABV0@@Z  10005c50 f i KMissleRes.obj
 0001:00004ca0       ??0KPlayerChat@@QAE@XZ     10005ca0 f i KMissleRes.obj
 0001:00004d40       ??0KPlayerChat@@QAE@ABV0@@Z 10005d40 f i KMissleRes.obj
 0001:00004e80       ??4KPlayerChat@@QAEAAV0@ABV0@@Z 10005e80 f i KMissleRes.obj
 0001:00004f80       ??1KPlayerChat@@QAE@XZ     10005f80 f i KMissleRes.obj
 0001:00005020       ??4KPlayerTask@@QAEAAV0@ABV0@@Z 10006020 f i KMissleRes.obj
 0001:00005060       ??4KTrade@@QAEAAV0@ABV0@@Z 10006060 f i KMissleRes.obj
 0001:000050a0       ??0KList@@QAE@XZ           100060a0 f i KMissleRes.obj
 0001:00005130       ?GetEquipment@KItemList@@QAEHH@Z 10006130 f i KMissleRes.obj
 0001:00005160       ?GetMoney@KItemList@@QAEHH@Z 10006160 f i KMissleRes.obj
 0001:000051b0       ?Hand@KItemList@@QAEHXZ    100061b0 f i KMissleRes.obj
 0001:000051e0       ??4KItemList@@QAEAAV0@ABV0@@Z 100061e0 f i KMissleRes.obj
 0001:00005220       ??1KItemList@@QAE@XZ       10006220 f i KMissleRes.obj
 0001:000052b0       ??0KMissleRes@@QAE@XZ      100062b0 f   KMissleRes.obj
 0001:00005410       ??1KMissleRes@@QAE@XZ      10006410 f   KMissleRes.obj
 0001:000054f0       ?GetTail@KList@@QAEPAVKNode@@XZ 100064f0 f i KMissleRes.obj
 0001:00005530       ?GetPrev@KNode@@QAEPAV1@XZ 10006530 f i KMissleRes.obj
 0001:00005570       ?RemoveTail@KList@@QAEPAVKNode@@XZ 10006570 f i KMissleRes.obj
 0001:000055c0       ?Remove@KNode@@QAEXXZ      100065c0 f i KMissleRes.obj
 0001:00005670       ?LoadResource@KMissleRes@@QAEXHPAD0@Z 10006670 f   KMissleRes.obj
 0001:000056e0       ?Init@KMissleRes@@QAEHXZ   100066e0 f   KMissleRes.obj
 0001:00005720       ?Remove@KMissleRes@@QAEXXZ 10006720 f   KMissleRes.obj
 0001:00005750       ?Clear@KMissleRes@@QAEXXZ  10006750 f   KMissleRes.obj
 0001:00005860       ?RemoveHead@KList@@QAEPAVKNode@@XZ 10006860 f i KMissleRes.obj
 0001:000058b0       ?Draw@KMissleRes@@QAEHHHHHHHH@Z 100068b0 f   KMissleRes.obj
 0001:00005d00       ?PlaySoundA@KMissleRes@@QAEXHHHH@Z 10006d00 f   KMissleRes.obj
 0001:00005e40       ?StopSound@KMissleRes@@QAEXXZ 10006e40 f   KMissleRes.obj
 0001:00005f00       ??0KMissleSet@@QAE@XZ      10006f00 f i KMissleSet.obj
 0001:00005f90       ??4KMissleSet@@QAEAAV0@ABV0@@Z 10006f90 f i KMissleSet.obj
 0001:00005fd0       ??1KMissleSet@@QAE@XZ      10006fd0 f i KMissleSet.obj
 0001:00006160       ?Init@KMissleSet@@QAEXXZ   10007160 f   KMissleSet.obj
 0001:000061f0       ?FindFree@KMissleSet@@QAEHXZ 100071f0 f   KMissleSet.obj
 0001:00006240       ?Add@KMissleSet@@QAEHHHHHHH@Z 10007240 f   KMissleSet.obj
 0001:00006350       ?Add@KMissleSet@@QAEHHHH@Z 10007350 f   KMissleSet.obj
 0001:00006550       ?CreateMissile@KMissleSet@@QAEHHHHHHHHH@Z 10007550 f   KMissleSet.obj
 0001:000065c0       ?Activate@KMissleSet@@QAEHXZ 100075c0 f   KMissleSet.obj
 0001:00006630       ?Remove@KMissleSet@@QAEXH@Z 10007630 f   KMissleSet.obj
 0001:00006700       ?Draw@KMissleSet@@QAEXXZ   10007700 f   KMissleSet.obj
 0001:00006760       ?GetCount@KMissleSet@@QAEHXZ 10007760 f   KMissleSet.obj
 0001:000067d0       ?ClearMissles@KMissleSet@@QAEXXZ 100077d0 f   KMissleSet.obj
 0001:00006850       ??0KSkillList@@QAE@XZ      10007850 f   KSkillList.obj
 0001:000068b0       ??1KSkillList@@QAE@XZ      100078b0 f   KSkillList.obj
 0001:000068e0       ?FindSame@KSkillList@@QAEHH@Z 100078e0 f   KSkillList.obj
 0001:00006950       ?FindFree@KSkillList@@QAEHXZ 10007950 f   KSkillList.obj
 0001:000069b0       ?GetCount@KSkillList@@QAEHXZ 100079b0 f   KSkillList.obj
 0001:00006a20       ?SetSkillLevel@KSkillList@@QAEXHH@Z 10007a20 f   KSkillList.obj
 0001:00006a90       ?SetLevel@KSkillList@@QAEHHH@Z 10007a90 f   KSkillList.obj
 0001:00006b10       ?IncreaseLevel@KSkillList@@QAEHHH@Z 10007b10 f   KSkillList.obj
 0001:00006c10       ?Add@KSkillList@@QAEHHHHH@Z 10007c10 f   KSkillList.obj
 0001:00006e10       ?GetLevel@KSkillList@@QAEHH@Z 10007e10 f   KSkillList.obj
 0001:00006ec0       ?GetCurrentLevel@KSkillList@@QAEHH@Z 10007ec0 f   KSkillList.obj
 0001:00006f20       ?CanCast@KSkillList@@QAEHHK@Z 10007f20 f   KSkillList.obj
 0001:00006fa0       ?SetNextCastTime@KSkillList@@QAEXHK@Z 10007fa0 f   KSkillList.obj
 0001:00007000       ?GetSkillSortList@KSkillList@@QAEHPAUKUiSkillData@@@Z 10008000 f   KSkillList.obj
 0001:000071c0       ?IsPhysical@KSkill@@QAEHXZ 100081c0 f i KSkillList.obj
 0001:00007200       ?CheckAndGenSkillData@KSkill@@QAEXXZ 10008200 f i KSkillList.obj
 0001:00007230       ?GetLeftSkillSortList@KSkillList@@QAEHPAUKUiSkillData@@@Z 10008230 f   KSkillList.obj
 0001:000073f0       ?GetSkillLRInfo@KSkill@@QAE?AW4eSkillLRInfo@@XZ 100083f0 f i KSkillList.obj
 0001:00007430       ?GetRightSkillSortList@KSkillList@@QAEHPAUKUiSkillData@@@Z 10008430 f   KSkillList.obj
 0001:000075f0       ?GetSkillPosition@KSkillList@@QAEHH@Z 100085f0 f   KSkillList.obj
 0001:00007860       ??0KSkillManager@@QAE@XZ   10008860 f   KSkillManager.obj
 0001:00007890       ??1KSkillManager@@QAE@XZ   10008890 f   KSkillManager.obj
 0001:00007990       ?Init@KSkillManager@@QAEHXZ 10008990 f   KSkillManager.obj
 0001:00007b40       ?InstanceSkill@KSkillManager@@AAEPAVISkill@@KK@Z 10008b40 f   KSkillManager.obj
 0001:00007db0       ??4KSkill@@QAEAAV0@ABV0@@Z 10008db0 f i KSkillManager.obj
 0001:00008410       ??4ISkill@@QAEAAV0@ABV0@@Z 10009410 f i KSkillManager.obj
 0001:00008440       ?SetSkillId@KSkill@@QAEXH@Z 10009440 f i KSkillManager.obj
 0001:00008470       ?SetSkillLevel@KSkill@@QAEXK@Z 10009470 f i KSkillManager.obj
 0001:000084a0       ?GetSkillStyle@KSkillManager@@AAEHK@Z 100094a0 f i KSkillManager.obj
 0001:000084f0       ??0KSkill@@QAE@XZ          100094f0 f   KSkills.obj
 0001:00008620       ??0KMagicAttrib@@QAE@XZ    10009620 f i KSkills.obj
 0001:00008670       ?GetSkillName@KSkill@@UAEPBDXZ 10009670 f i KSkills.obj
 0001:000086a0       ?GetSkillStyle@KSkill@@UAEHXZ 100096a0 f i KSkills.obj
 0001:000086e0       ?GetSkillId@KSkill@@UAEHXZ 100096e0 f i KSkills.obj
 0001:00008710       ??_EKSkill@@UAEPAXI@Z      10009710 f i KSkills.obj
 0001:00008710       ??_GKSkill@@UAEPAXI@Z      10009710 f i KSkills.obj
 0001:00008770       ??0ISkill@@QAE@XZ          10009770 f i KSkills.obj
 0001:000087a0       ??_H@YGXPAXIHP6EX0@Z@Z     100097a0 f i KSkills.obj
 0001:00008800       ??1KSkill@@UAE@XZ          10009800 f   KSkills.obj
 0001:00008830       ?CanCastSkill@KSkill@@QAEHHAAH0@Z 10009830 f   KSkills.obj
 0001:00008960       ?Cast@KSkill@@QAEHHHHHW4eSkillLauncherType@@@Z 10009960 f   KSkills.obj
 0001:00008b80       ?Vanish@KSkill@@AAEXPAVKMissle@@@Z 10009b80 f   KSkills.obj
 0001:00008bd0       ?OnMissleEvent@KSkill@@QAEHGPAVKMissle@@@Z 10009bd0 f   KSkills.obj
 0001:00008f90       ?FlyEvent@KSkill@@AAEXPAVKMissle@@@Z 10009f90 f   KSkills.obj
 0001:00008fe0       ?Collidsion@KSkill@@AAEXPAVKMissle@@@Z 10009fe0 f   KSkills.obj
 0001:00009030       ?CastMissles@KSkill@@AAEHHHHHW4eSkillLauncherType@@@Z 1000a030 f   KSkills.obj
 0001:0000a610       ?Param2PCoordinate@KSkill@@AAEHHHHPAH0W4eSkillLauncherType@@@Z 1000b610 f i KSkills.obj
 0001:0000a7b0       ?CastZone@KSkill@@AAEHPAUTOrdinSkillParam@@HHH@Z 1000b7b0 f   KSkills.obj
 0001:0000ad60       ?g_Dir2DirIndex@@YAHHH@Z   1000bd60 f i KSkills.obj
 0001:0000adb0       ?CastLine@KSkill@@AAEHPAUTOrdinSkillParam@@HHH@Z 1000bdb0 f   KSkills.obj
 0001:0000b1d0       ?CastExtractiveLineMissle@KSkill@@AAEHPAUTOrdinSkillParam@@HHHHHHH@Z 1000c1d0 f   KSkills.obj
 0001:0000b5b0       ?CastWall@KSkill@@AAEHPAUTOrdinSkillParam@@HHH@Z 1000c5b0 f   KSkills.obj
 0001:0000b9e0       ?CastCircle@KSkill@@AAEHPAUTOrdinSkillParam@@HHH@Z 1000c9e0 f   KSkills.obj
 0001:0000be70       ?CastSpread@KSkill@@AAEHPAUTOrdinSkillParam@@HHH@Z 1000ce70 f   KSkills.obj
 0001:0000c4b0       ?GetChildSkillNum@KSkill@@QAEHH@Z 1000d4b0 f   KSkills.obj
 0001:0000c500       ?SkillCost@KSkill@@AAE?AW4WORLDRETURN@@H@Z 1000d500 f   KSkills.obj
 0001:0000c5e0       ?GetSkillCost@KSkill@@QAEHXZ 1000d5e0 f i KSkills.obj
 0001:0000c620       ?CreateMissle@KSkill@@AAEXHHH@Z 1000d620 f   KSkills.obj
 0001:0000c9e0       ?GetInfoFromTabFile@KSkill@@QAEHH@Z 1000d9e0 f   KSkills.obj
 0001:0000ca30       ?GetInfoFromTabFile@KSkill@@QAEHPAVKITabFile@@H@Z 1000da30 f   KSkills.obj
 0001:0000d330       ?LoadSkillLevelData@KSkill@@UAEXKH@Z 1000e330 f   KSkills.obj
 0001:0000d840       ?GetMissleGenerateTime@KSkill@@QAEIH@Z 1000e840 f   KSkills.obj
 0001:0000d9f0       ?GetSkillIdFromName@KSkill@@SAHPAD@Z 1000e9f0 f   KSkills.obj
 0001:0000da90       ?CastInitiativeSkill@KSkill@@AAEHHHHH@Z 1000ea90 f   KSkills.obj
 0001:0000dac0       ?CastPassivitySkill@KSkill@@AAEHHHHH@Z 1000eac0 f   KSkills.obj
 0001:0000daf0       ?ParseString2MagicAttrib@KSkill@@AAEHKPAD0@Z 1000eaf0 f   KSkills.obj
 0001:0000e160       ?MagicAttrib2String@KSkill@@AAEPBDH@Z 1000f160 f i KSkills.obj
 0001:0000e1a0       ?DrawSkillIcon@KSkill@@QAEXHHHH@Z 1000f1a0 f   KSkills.obj
 0001:0000e2b0       ?GetDesc@KSkill@@SAXKKPADH_N@Z 1000f2b0 f   KSkills.obj
 0001:0000e480       ?GetDescAboutLevel@KSkill@@QAEXPAD@Z 1000f480 f   KSkills.obj
 0001:0000e730       ?GetAttackRadius@KSkill@@QAEHXZ 1000f730 f i KSkills.obj
 0001:0000e770       ?PlayPreCastSound@KSkill@@QAEXHHH@Z 1000f770 f   KSkills.obj
 0001:0000e980       ??0KSkillSpecial@@QAE@XZ   1000f980 f   KSkillSpecial.obj
 0001:0000ea30       ?Init@KSkillSpecial@@QAEHXZ 1000fa30 f   KSkillSpecial.obj
 0001:0000ea70       ?Draw@KSkillSpecial@@QAEXH@Z 1000fa70 f   KSkillSpecial.obj
 0001:0000ecd0       ?SetAnimation@KSkillSpecial@@QAEXPADI@Z 1000fcd0 f   KSkillSpecial.obj
 0001:0000ed30       ?Remove@KSkillSpecial@@QAEXXZ 1000fd30 f   KSkillSpecial.obj
 0001:0000ed60       ?Init@KFaction@@QAEHXZ     1000fd60 f   KFaction.obj
 0001:0000f390       ?GetID@KFaction@@QAEHHH@Z  10010390 f   KFaction.obj
 0001:0000f3e0       ?GetID@KFaction@@QAEHHPAD@Z 100103e0 f   KFaction.obj
 0001:0000f480       ?GetCamp@KFaction@@QAEHH@Z 10010480 f   KFaction.obj
 0001:0000f5f0       ??1KNpc@@QAE@XZ            100105f0 f i KNpc.obj
 0001:0000f680       ??0KNpc@@QAE@XZ            10010680 f   KNpc.obj
 0001:0000f770       ?Init@KNpc@@QAEXXZ         10010770 f   KNpc.obj
 0001:0000fc60       ?SetCurrentCamp@KNpc@@QAEXH@Z 10010c60 f   KNpc.obj
 0001:0000fca0       ?SetCamp@KNpc@@QAEXH@Z     10010ca0 f   KNpc.obj
 0001:0000fce0       ?RestoreCurrentCamp@KNpc@@QAEXXZ 10010ce0 f   KNpc.obj
 0001:0000fd20       ?Activate@KNpc@@QAEXXZ     10010d20 f   KNpc.obj
 0001:0000ffc0       ?ProcStatus@KNpc@@QAEXXZ   10010fc0 f   KNpc.obj
 0001:00010140       ?ProcCommand@KNpc@@QAEXH@Z 10011140 f   KNpc.obj
 0001:00010390       ?ProcessState@KNpc@@QAEHXZ 10011390 f   KNpc.obj
 0001:00010640       ?GetChildSkillId@KSkill@@QAEHXZ 10011640 f i KNpc.obj
 0001:00010680       ?DoDeath@KNpc@@AAEXXZ      10011680 f   KNpc.obj
 0001:00010740       ?OnDeath@KNpc@@AAEXXZ      10011740 f   KNpc.obj
 0001:00010860       ?DoDefense@KNpc@@AAEXXZ    10011860 f   KNpc.obj
 0001:000108a0       ?OnDefense@KNpc@@AAEXXZ    100118a0 f   KNpc.obj
 0001:000108d0       ?DoIdle@KNpc@@AAEXXZ       100118d0 f   KNpc.obj
 0001:00010910       ?OnIdle@KNpc@@AAEXXZ       10011910 f   KNpc.obj
 0001:00010940       ?DoHurt@KNpc@@AAEXHHH@Z    10011940 f   KNpc.obj
 0001:00010a20       ?OnHurt@KNpc@@AAEXXZ       10011a20 f   KNpc.obj
 0001:00010c50       ?DoSpecial1@KNpc@@AAEXXZ   10011c50 f   KNpc.obj
 0001:00010c90       ?OnSpecial1@KNpc@@AAEXXZ   10011c90 f   KNpc.obj
 0001:00010da0       ?GetActiveSkill@KNpc@@QAEPAVKSkill@@XZ 10011da0 f i KNpc.obj
 0001:00010e50       ?DoSpecial2@KNpc@@AAEXXZ   10011e50 f   KNpc.obj
 0001:00010e80       ?OnSpecial2@KNpc@@AAEXXZ   10011e80 f   KNpc.obj
 0001:00010eb0       ?DoSpecial3@KNpc@@AAEXXZ   10011eb0 f   KNpc.obj
 0001:00010ee0       ?OnSpecial3@KNpc@@AAEXXZ   10011ee0 f   KNpc.obj
 0001:00010f10       ?DoSpecial4@KNpc@@AAEXXZ   10011f10 f   KNpc.obj
 0001:00010f40       ?OnSpecial4@KNpc@@AAEXXZ   10011f40 f   KNpc.obj
 0001:00010f70       ?DoStand@KNpc@@AAEXXZ      10011f70 f   KNpc.obj
 0001:00011060       ?OnStand@KNpc@@AAEXXZ      10012060 f   KNpc.obj
 0001:000110f0       ?DoRevive@KNpc@@AAEXXZ     100120f0 f   KNpc.obj
 0001:000111e0       ?OnRevive@KNpc@@AAEXXZ     100121e0 f   KNpc.obj
 0001:00011220       ?DoRun@KNpc@@AAEXXZ        10012220 f   KNpc.obj
 0001:000112f0       ?OnRun@KNpc@@AAEXXZ        100122f0 f   KNpc.obj
 0001:00011340       ?DoSit@KNpc@@AAEXXZ        10012340 f   KNpc.obj
 0001:000113b0       ?OnSit@KNpc@@AAEXXZ        100123b0 f   KNpc.obj
 0001:00011400       ?DoSkill@KNpc@@AAEXHH@Z    10012400 f   KNpc.obj
 0001:00011810       ?GetSkillCostType@KSkill@@QAE?AW4NPCATTRIB@@XZ 10012810 f i KNpc.obj
 0001:00011850       ?GetActionType@KSkill@@QAE?AW4CLIENTACTION@@XZ 10012850 f i KNpc.obj
 0001:00011890       ?GetPreCastEffectFile@KSkill@@QAEPBDXZ 10012890 f i KNpc.obj
 0001:000118d0       ?DoAttack@KNpc@@AAEXXZ     100128d0 f   KNpc.obj
 0001:00011990       ?CastMeleeSkill@KNpc@@AAEHPAVKSkill@@@Z 10012990 f   KNpc.obj
 0001:00011bb0       ?GetMeleeType@KSkill@@QAEHXZ 10012bb0 f i KNpc.obj
 0001:00011bf0       ?DoBlurAttack@KNpc@@AAEHXZ 10012bf0 f   KNpc.obj
 0001:00011d00       ?DoMagic@KNpc@@AAEXXZ      10012d00 f   KNpc.obj
 0001:00011d90       ?OnSkill@KNpc@@AAEXXZ      10012d90 f   KNpc.obj
 0001:00011e90       ?GetDelayPerCast@KSkill@@QAEHXZ 10012e90 f i KNpc.obj
 0001:00011ed0       ?JumpTo@KNpc@@AAEXHH@Z     10012ed0 f   KNpc.obj
 0001:00011f30       ?RunTo@KNpc@@AAEXHH@Z      10012f30 f   KNpc.obj
 0001:00011f80       ?Goto@KNpc@@AAEXHH@Z       10012f80 f   KNpc.obj
 0001:00011fd0       ?DoWalk@KNpc@@AAEXXZ       10012fd0 f   KNpc.obj
 0001:00012090       ?DoPlayerTalk@KNpc@@QAEXPAD@Z 10013090 f   KNpc.obj
 0001:000120c0       ?OnPlayerTalk@KNpc@@AAEXXZ 100130c0 f   KNpc.obj
 0001:000120f0       ?OnWalk@KNpc@@AAEXXZ       100130f0 f   KNpc.obj
 0001:00012140       ?GetSkillLevel@KNpc@@QAEHH@Z 10013140 f   KNpc.obj
 0001:000121a0       ?ModifyAttrib@KNpc@@QAEXHPAX@Z 100131a0 f   KNpc.obj
 0001:000121f0       ?SetImmediatelySkillEffect@KNpc@@QAEXHPAXH@Z 100131f0 f   KNpc.obj
 0001:000122b0       ?AppendSkillEffect@KNpc@@QAEXPAX0@Z 100132b0 f   KNpc.obj
 0001:000126f0       ?ServeMove@KNpc@@AAEXH@Z   100136f0 f   KNpc.obj
 0001:00012d40       ?ServeJump@KNpc@@AAEXH@Z   10013d40 f   KNpc.obj
 0001:00013270       ?SendCommand@KNpc@@QAEXW4NPCCMD@@HHH@Z 10014270 f   KNpc.obj
 0001:000132d0       ?NewPath@KNpc@@AAEHHH@Z    100142d0 f   KNpc.obj
 0001:00013320       ?NewJump@KNpc@@AAEHHH@Z    10014320 f   KNpc.obj
 0001:00013680       ?SelfDamage@KNpc@@QAEXH@Z  10014680 f   KNpc.obj
 0001:000136e0       ?Cost@KNpc@@QAEHW4NPCATTRIB@@H@Z 100146e0 f   KNpc.obj
 0001:00013840       ?DoJump@KNpc@@AAEXXZ       10014840 f   KNpc.obj
 0001:000138f0       ?OnJump@KNpc@@AAEHXZ       100148f0 f   KNpc.obj
 0001:00013960       ?WaitForFrame@KNpc@@AAEHXZ 10014960 f   KNpc.obj
 0001:000139d0       ?IsReachFrame@KNpc@@AAEHH@Z 100149d0 f   KNpc.obj
 0001:00013a20       ?Load@KNpc@@QAEXHH@Z       10014a20 f   KNpc.obj
 0001:00013dc0       ?GetMpsPos@KNpc@@QAEXPAH0@Z 10014dc0 f   KNpc.obj
 0001:00013e50       ?SetActiveSkill@KNpc@@QAEXH@Z 10014e50 f   KNpc.obj
 0001:00013f70       ?SetAuraSkill@KNpc@@QAEXH@Z 10014f70 f   KNpc.obj
 0001:000140b0       ?IsAura@KSkill@@QAEHXZ     100150b0 f i KNpc.obj
 0001:000140f0       ?PaintInfo@KNpc@@QAEXXZ    100150f0 f   KNpc.obj
 0001:000148f0       ?GetNodeCount@KList@@QAEJXZ 100158f0 f i KNpc.obj
 0001:00014950       ?Paint@KNpc@@QAEXXZ        10015950 f   KNpc.obj
 0001:00014a60       ?AddBaseLifeMax@KNpc@@QAEXH@Z 10015a60 f   KNpc.obj
 0001:00014ab0       ?AddCurLifeMax@KNpc@@QAEXH@Z 10015ab0 f   KNpc.obj
 0001:00014af0       ?AddBaseStaminaMax@KNpc@@QAEXH@Z 10015af0 f   KNpc.obj
 0001:00014b40       ?AddCurStaminaMax@KNpc@@QAEXH@Z 10015b40 f   KNpc.obj
 0001:00014b80       ?AddBaseManaMax@KNpc@@QAEXH@Z 10015b80 f   KNpc.obj
 0001:00014bd0       ?AddCurManaMax@KNpc@@QAEXH@Z 10015bd0 f   KNpc.obj
 0001:00014c10       ?CalcCurLifeReplenish@KNpc@@QAEXXZ 10015c10 f   KNpc.obj
 0001:00014c50       ?Remove@KNpc@@QAEXXZ       10015c50 f   KNpc.obj
 0001:00014ca0       ?SetSeries@KNpc@@QAEXH@Z   10015ca0 f   KNpc.obj
 0001:00014cf0       ?SetStateSkillEffect@KNpc@@QAEXHHHPAXHH@Z 10015cf0 f   KNpc.obj
 0001:00015070       ?GetStateSpecailId@KSkill@@QAEHXZ 10016070 f i KNpc.obj
 0001:000150b0       ??0KStateNode@@QAE@XZ      100160b0 f i KNpc.obj
 0001:00015140       ??_EKStateNode@@UAEPAXI@Z  10016140 f i KNpc.obj
 0001:00015140       ??_GKStateNode@@UAEPAXI@Z  10016140 f i KNpc.obj
 0001:000151a0       ??1KStateNode@@UAE@XZ      100161a0 f i KNpc.obj
 0001:000151e0       ?ModifyMissleCollsion@KNpc@@QAEHH@Z 100161e0 f   KNpc.obj
 0001:00015240       ?g_RandPercent@@YAHH@Z     10016240 f i KNpc.obj
 0001:000152a0       ?ModifyMissleLifeTime@KNpc@@QAEHH@Z 100162a0 f   KNpc.obj
 0001:000152f0       ?ModifyMissleSpeed@KNpc@@QAEHH@Z 100162f0 f   KNpc.obj
 0001:00015330       ?DoManyAttack@KNpc@@AAEHXZ 10016330 f   KNpc.obj
 0001:000154f0       ?IsNeedShadow@KSkill@@QAEHXZ 100164f0 f i KNpc.obj
 0001:00015530       ?GetChildSkillNum@KSkill@@QAEHXZ 10016530 f i KNpc.obj
 0001:00015570       ?OnManyAttack@KNpc@@AAEXXZ 10016570 f   KNpc.obj
 0001:00015640       ?DoRunAttack@KNpc@@AAEHXZ  10016640 f   KNpc.obj
 0001:000158b0       ?OnRunAttack@KNpc@@AAEXXZ  100168b0 f   KNpc.obj
 0001:00015a90       ?DoJumpAttack@KNpc@@AAEHXZ 10016a90 f   KNpc.obj
 0001:00015bf0       ?OnJumpAttack@KNpc@@AAEHXZ 10016bf0 f   KNpc.obj
 0001:00015d90       ?CheckHitTarget@KNpc@@AAEHHHH@Z 10016d90 f   KNpc.obj
 0001:00015e60       ?GetNpcCopyFromTemplate@KNpc@@QAEXHH@Z 10016e60 f   KNpc.obj
 0001:00016020       ?LoadDataFromTemplate@KNpc@@QAEXHH@Z 10017020 f   KNpc.obj
 0001:00016250       ?Enchant@KNpc@@AAEXXZ      10017250 f   KNpc.obj
 0001:000166b0       ?ModifyEnchant@KNpc@@AAEXPAXH@Z 100176b0 f   KNpc.obj
 0001:00016840       ?SetPhysicsDamage@KNpc@@QAEXHH@Z 10017840 f   KNpc.obj
 0001:00016880       ?SetBaseAttackRating@KNpc@@QAEXH@Z 10017880 f   KNpc.obj
 0001:000168d0       ?SetBaseDefence@KNpc@@QAEXH@Z 100178d0 f   KNpc.obj
 0001:00016920       ?SetMenuState@KNpc@@QAEXHPADH@Z 10017920 f   KNpc.obj
 0001:00016970       ?GetMenuState@KNpc@@QAEHXZ 10017970 f   KNpc.obj
 0001:000169b0       ?SearchAroundID@KNpc@@QAEKK@Z 100179b0 f   KNpc.obj
 0001:00016a80       ?SetSpecialSpr@KNpc@@QAEXPAD@Z 10017a80 f   KNpc.obj
 0001:00016ad0       ?SetInstantSpr@KNpc@@QAEXH@Z 10017ad0 f   KNpc.obj
 0001:00016b40       ?GetNormalNpcStandDir@KNpc@@QAEHH@Z 10017b40 f   KNpc.obj
 0001:00016b90       ?SetNpcState@KNpc@@QAEXPAE@Z 10017b90 f   KNpc.obj
 0001:00016c90       ?ClearNpcState@KNpc@@QAEXXZ 10017c90 f   KNpc.obj
 0001:00016d30       ?RestoreNpcBaseInfo@KNpc@@QAEXXZ 10017d30 f   KNpc.obj
 0001:00017100       ?DrawBorder@KNpc@@QAEXXZ   10018100 f   KNpc.obj
 0001:00017150       ?DrawBlood@KNpc@@QAEXXZ    10018150 f   KNpc.obj
 0001:000172c0       ?IsPlayer@KNpc@@QAEHXZ     100182c0 f   KNpc.obj
 0001:00017300       ?ClearStateSkillEffect@KNpc@@QAEXXZ 10018300 f   KNpc.obj
 0001:00017440       ?ClearNormalState@KNpc@@QAEXXZ 10018440 f   KNpc.obj
 0001:000175a0       ?CheckTrap@KNpc@@QAEXXZ    100185a0 f   KNpc.obj
 0001:000176a0       ?SetFightMode@KNpc@@QAEXH@Z 100186a0 f   KNpc.obj
 0001:00017700       ?TurnTo@KNpc@@QAEXH@Z      10018700 f   KNpc.obj
 0001:000177a0       ?ReCalcStateEffect@KNpc@@QAEXXZ 100187a0 f   KNpc.obj
 0001:000178a0       ?GetCurActiveWeaponSkill@KNpc@@QAEHXZ 100188a0 f   KNpc.obj
 0001:000179b0       ?HurtAutoMove@KNpc@@AAEXXZ 100189b0 f   KNpc.obj
 0001:00017f50       ??0KNpcAI@@QAE@XZ          10018f50 f   KNpcAI.obj
 0001:00017f90       ?Activate@KNpcAI@@QAEXH@Z  10018f90 f   KNpcAI.obj
 0001:00018030       ?GetNpcMoveOffset@KNpcAI@@AAEXHHPAH0@Z 10019030 f   KNpcAI.obj
 0001:000181f0       ?ProcessShowNpc@KNpcAI@@AAEXXZ 100191f0 f   KNpcAI.obj
 0001:000182b0       ?ShowNpcType11@KNpcAI@@AAEXXZ 100192b0 f   KNpcAI.obj
 0001:00018480       ?ShowNpcType12@KNpcAI@@AAEXXZ 10019480 f   KNpcAI.obj
 0001:00018670       ?ShowNpcType13@KNpcAI@@AAEXXZ 10019670 f   KNpcAI.obj
 0001:000188e0       ?ShowNpcType14@KNpcAI@@AAEXXZ 100198e0 f   KNpcAI.obj
 0001:00018b10       ?ShowNpcType15@KNpcAI@@AAEXXZ 10019b10 f   KNpcAI.obj
 0001:00018cd0       ?ShowNpcType16@KNpcAI@@AAEXXZ 10019cd0 f   KNpcAI.obj
 0001:00018ed0       ?ShowNpcType17@KNpcAI@@AAEXXZ 10019ed0 f   KNpcAI.obj
 0001:000190d0       ?ProcessPlayer@KNpcAI@@AAEXXZ 1001a0d0 f   KNpcAI.obj
 0001:00019150       ?FollowObject@KNpcAI@@AAEXH@Z 1001a150 f   KNpcAI.obj
 0001:000191f0       ?FollowPeople@KNpcAI@@AAEXH@Z 1001a1f0 f   KNpcAI.obj
 0001:000195a0       ?TriggerMapTrap@KNpcAI@@AAEXXZ 1001a5a0 f   KNpcAI.obj
 0001:000195f0       ?TriggerObjectTrap@KNpcAI@@AAEXXZ 1001a5f0 f   KNpcAI.obj
 0001:00019620       ?GetNearestNpc@KNpcAI@@AAEHH@Z 1001a620 f   KNpcAI.obj
 0001:00019d40       ?GetNearestPlayer@KNpcAI@@AAEHXZ 1001ad40 f   KNpcAI.obj
 0001:00019dc0       ?GetNpcNumber@KNpcAI@@AAEHH@Z 1001adc0 f   KNpcAI.obj
 0001:0001a080       ?KeepAttackRange@KNpcAI@@AAEXHH@Z 1001b080 f   KNpcAI.obj
 0001:0001a170       ?FollowAttack@KNpcAI@@AAEXH@Z 1001b170 f   KNpcAI.obj
 0001:0001a270       ?InEyeshot@KNpcAI@@AAEHH@Z 1001b270 f   KNpcAI.obj
 0001:0001a2d0       ?CommonAction@KNpcAI@@AAEXXZ 1001b2d0 f   KNpcAI.obj
 0001:0001a420       ?KeepActiveRange@KNpcAI@@AAEHXZ 1001b420 f   KNpcAI.obj
 0001:0001a560       ?Flee@KNpcAI@@AAEXH@Z      1001b560 f   KNpcAI.obj
 0001:0001a610       ?ProcessAIType1@KNpcAI@@AAEXXZ 1001b610 f   KNpcAI.obj
 0001:0001a800       ?ProcessAIType2@KNpcAI@@AAEXXZ 1001b800 f   KNpcAI.obj
 0001:0001a9d0       ?ProcessAIType3@KNpcAI@@AAEXXZ 1001b9d0 f   KNpcAI.obj
 0001:0001ab70       ?ProcessAIType4@KNpcAI@@AAEXXZ 1001bb70 f   KNpcAI.obj
 0001:0001ad60       ?ProcessAIType5@KNpcAI@@AAEXXZ 1001bd60 f   KNpcAI.obj
 0001:0001aed0       ?ProcessAIType6@KNpcAI@@AAEXXZ 1001bed0 f   KNpcAI.obj
 0001:0001b040       ?ProcessAIType7@KNpcAI@@AAEXXZ 1001c040 f   KNpcAI.obj
 0001:0001b230       ?ProcessAIType8@KNpcAI@@AAEXXZ 1001c230 f   KNpcAI.obj
 0001:0001b3e0       ?ProcessAIType9@KNpcAI@@AAEXXZ 1001c3e0 f   KNpcAI.obj
 0001:0001b570       ?ProcessAIType10@KNpcAI@@AAEXXZ 1001c570 f   KNpcAI.obj
 0001:0001b800       ??0KNpcAttribModify@@QAE@XZ 1001c800 f   KNpcAttribModify.obj
 0001:0001bcc0       ??1KNpcAttribModify@@QAE@XZ 1001ccc0 f   KNpcAttribModify.obj
 0001:0001bcf0       ?ModifyAttrib@KNpcAttribModify@@QAEXPAVKNpc@@PAX@Z 1001ccf0 f   KNpcAttribModify.obj
 0001:0001bd80       ?AddColdDamageV@KNpcAttribModify@@AAEXPAVKNpc@@PAX@Z 1001cd80 f   KNpcAttribModify.obj
 0001:0001be20       ?AddFireDamageV@KNpcAttribModify@@AAEXPAVKNpc@@PAX@Z 1001ce20 f   KNpcAttribModify.obj
 0001:0001bec0       ?AddLightingDamageV@KNpcAttribModify@@AAEXPAVKNpc@@PAX@Z 1001cec0 f   KNpcAttribModify.obj
 0001:0001bf60       ?AddPhysicsDamageP@KNpcAttribModify@@AAEXPAVKNpc@@PAX@Z 1001cf60 f   KNpcAttribModify.obj
 0001:0001c1b0       ?AddPoisonDamageV@KNpcAttribModify@@AAEXPAVKNpc@@PAX@Z 1001d1b0 f   KNpcAttribModify.obj
 0001:0001c320       ?AddPhysicsDamageV@KNpcAttribModify@@AAEXPAVKNpc@@PAX@Z 1001d320 f   KNpcAttribModify.obj
 0001:0001c3c0       ?AllresP@KNpcAttribModify@@AAEXPAVKNpc@@PAX@Z 1001d3c0 f   KNpcAttribModify.obj
 0001:0001c4a0       ?AllSkillV@KNpcAttribModify@@AAEXPAVKNpc@@PAX@Z 1001d4a0 f   KNpcAttribModify.obj
 0001:0001c500       ?AttackRatingP@KNpcAttribModify@@AAEXPAVKNpc@@PAX@Z 1001d500 f   KNpcAttribModify.obj
 0001:0001c5b0       ?AttackRatingV@KNpcAttribModify@@AAEXPAVKNpc@@PAX@Z 1001d5b0 f   KNpcAttribModify.obj
 0001:0001c630       ?AttackSpeedV@KNpcAttribModify@@AAEXPAVKNpc@@PAX@Z 1001d630 f   KNpcAttribModify.obj
 0001:0001c6b0       ?BadStatusTimeReduceV@KNpcAttribModify@@AAEXPAVKNpc@@PAX@Z 1001d6b0 f   KNpcAttribModify.obj
 0001:0001c6e0       ?BurnTimeReduceP@KNpcAttribModify@@AAEXPAVKNpc@@PAX@Z 1001d6e0 f   KNpcAttribModify.obj
 0001:0001c770       ?CastSpeedV@KNpcAttribModify@@AAEXPAVKNpc@@PAX@Z 1001d770 f   KNpcAttribModify.obj
 0001:0001c7f0       ?ChangeCampV@KNpcAttribModify@@AAEXPAVKNpc@@PAX@Z 1001d7f0 f   KNpcAttribModify.obj
 0001:0001c870       ?ColdArmorV@KNpcAttribModify@@AAEXPAVKNpc@@PAX@Z 1001d870 f   KNpcAttribModify.obj
 0001:0001c940       ?ColdresP@KNpcAttribModify@@AAEXPAVKNpc@@PAX@Z 1001d940 f   KNpcAttribModify.obj
 0001:0001c9c0       ?DeadlyStrikeP@KNpcAttribModify@@AAEXPAVKNpc@@PAX@Z 1001d9c0 f   KNpcAttribModify.obj
 0001:0001ca40       ?DexterityV@KNpcAttribModify@@AAEXPAVKNpc@@PAX@Z 1001da40 f   KNpcAttribModify.obj
 0001:0001cae0       ?EarthSkillV@KNpcAttribModify@@AAEXPAVKNpc@@PAX@Z 1001dae0 f   KNpcAttribModify.obj
 0001:0001cb40       ?EnergyV@KNpcAttribModify@@AAEXPAVKNpc@@PAX@Z 1001db40 f   KNpcAttribModify.obj
 0001:0001cbe0       ?FastHitRecoverV@KNpcAttribModify@@AAEXPAVKNpc@@PAX@Z 1001dbe0 f   KNpcAttribModify.obj
 0001:0001cc60       ?FastWalkRunP@KNpcAttribModify@@AAEXPAVKNpc@@PAX@Z 1001dc60 f   KNpcAttribModify.obj
 0001:0001cd20       ?FireArmorV@KNpcAttribModify@@AAEXPAVKNpc@@PAX@Z 1001dd20 f   KNpcAttribModify.obj
 0001:0001cdf0       ?FireSkillV@KNpcAttribModify@@AAEXPAVKNpc@@PAX@Z 1001ddf0 f   KNpcAttribModify.obj
 0001:0001ce50       ?FreezeTimeReduceP@KNpcAttribModify@@AAEXPAVKNpc@@PAX@Z 1001de50 f   KNpcAttribModify.obj
 0001:0001cef0       ?KnockBackP@KNpcAttribModify@@AAEXPAVKNpc@@PAX@Z 1001def0 f   KNpcAttribModify.obj
 0001:0001cf70       ?LifeMaxP@KNpcAttribModify@@AAEXPAVKNpc@@PAX@Z 1001df70 f   KNpcAttribModify.obj
 0001:0001d020       ?LifeMaxV@KNpcAttribModify@@AAEXPAVKNpc@@PAX@Z 1001e020 f   KNpcAttribModify.obj
 0001:0001d0a0       ?LifeReplenishV@KNpcAttribModify@@AAEXPAVKNpc@@PAX@Z 1001e0a0 f   KNpcAttribModify.obj
 0001:0001d120       ?LifeV@KNpcAttribModify@@AAEXPAVKNpc@@PAX@Z 1001e120 f   KNpcAttribModify.obj
 0001:0001d1a0       ?LightingArmorV@KNpcAttribModify@@AAEXPAVKNpc@@PAX@Z 1001e1a0 f   KNpcAttribModify.obj
 0001:0001d270       ?LightingresP@KNpcAttribModify@@AAEXPAVKNpc@@PAX@Z 1001e270 f   KNpcAttribModify.obj
 0001:0001d2f0       ?LuckyV@KNpcAttribModify@@AAEXPAVKNpc@@PAX@Z 1001e2f0 f   KNpcAttribModify.obj
 0001:0001d360       ?ManaMaxP@KNpcAttribModify@@AAEXPAVKNpc@@PAX@Z 1001e360 f   KNpcAttribModify.obj
 0001:0001d410       ?ManaMaxV@KNpcAttribModify@@AAEXPAVKNpc@@PAX@Z 1001e410 f   KNpcAttribModify.obj
 0001:0001d490       ?ManaReplenishV@KNpcAttribModify@@AAEXPAVKNpc@@PAX@Z 1001e490 f   KNpcAttribModify.obj
 0001:0001d510       ?ManaV@KNpcAttribModify@@AAEXPAVKNpc@@PAX@Z 1001e510 f   KNpcAttribModify.obj
 0001:0001d590       ?ManaShieldP@KNpcAttribModify@@AAEXPAVKNpc@@PAX@Z 1001e590 f   KNpcAttribModify.obj
 0001:0001d620       ?MeleeDamageReturnP@KNpcAttribModify@@AAEXPAVKNpc@@PAX@Z 1001e620 f   KNpcAttribModify.obj
 0001:0001d6a0       ?MeleeDamageReturnV@KNpcAttribModify@@AAEXPAVKNpc@@PAX@Z 1001e6a0 f   KNpcAttribModify.obj
 0001:0001d720       ?MetalSkillV@KNpcAttribModify@@AAEXPAVKNpc@@PAX@Z 1001e720 f   KNpcAttribModify.obj
 0001:0001d780       ?PhysicsArmorV@KNpcAttribModify@@AAEXPAVKNpc@@PAX@Z 1001e780 f   KNpcAttribModify.obj
 0001:0001d850       ?PhysicsresP@KNpcAttribModify@@AAEXPAVKNpc@@PAX@Z 1001e850 f   KNpcAttribModify.obj
 0001:0001d8d0       ?Damage2ManaP@KNpcAttribModify@@AAEXPAVKNpc@@PAX@Z 1001e8d0 f   KNpcAttribModify.obj
 0001:0001d950       ?PoisonArmorV@KNpcAttribModify@@AAEXPAVKNpc@@PAX@Z 1001e950 f   KNpcAttribModify.obj
 0001:0001da20       ?PoisonDamageReduceV@KNpcAttribModify@@AAEXPAVKNpc@@PAX@Z 1001ea20 f   KNpcAttribModify.obj
 0001:0001dab0       ?PoisonresP@KNpcAttribModify@@AAEXPAVKNpc@@PAX@Z 1001eab0 f   KNpcAttribModify.obj
 0001:0001db30       ?PoisonTimeReduceP@KNpcAttribModify@@AAEXPAVKNpc@@PAX@Z 1001eb30 f   KNpcAttribModify.obj
 0001:0001dbd0       ?RangeDamageReturnV@KNpcAttribModify@@AAEXPAVKNpc@@PAX@Z 1001ebd0 f   KNpcAttribModify.obj
 0001:0001dc50       ?RangeDamageReturnP@KNpcAttribModify@@AAEXPAVKNpc@@PAX@Z 1001ec50 f   KNpcAttribModify.obj
 0001:0001dcd0       ?SlowMissleB@KNpcAttribModify@@AAEXPAVKNpc@@PAX@Z 1001ecd0 f   KNpcAttribModify.obj
 0001:0001dd40       ?StaminaMaxP@KNpcAttribModify@@AAEXPAVKNpc@@PAX@Z 1001ed40 f   KNpcAttribModify.obj
 0001:0001ddf0       ?StaminaMaxV@KNpcAttribModify@@AAEXPAVKNpc@@PAX@Z 1001edf0 f   KNpcAttribModify.obj
 0001:0001de70       ?StaminaReplenishV@KNpcAttribModify@@AAEXPAVKNpc@@PAX@Z 1001ee70 f   KNpcAttribModify.obj
 0001:0001def0       ?StaminaV@KNpcAttribModify@@AAEXPAVKNpc@@PAX@Z 1001eef0 f   KNpcAttribModify.obj
 0001:0001df70       ?StealLifeP@KNpcAttribModify@@AAEXPAVKNpc@@PAX@Z 1001ef70 f   KNpcAttribModify.obj
 0001:0001dff0       ?StealManaP@KNpcAttribModify@@AAEXPAVKNpc@@PAX@Z 1001eff0 f   KNpcAttribModify.obj
 0001:0001e070       ?StealStaminaP@KNpcAttribModify@@AAEXPAVKNpc@@PAX@Z 1001f070 f   KNpcAttribModify.obj
 0001:0001e0f0       ?StrengthV@KNpcAttribModify@@AAEXPAVKNpc@@PAX@Z 1001f0f0 f   KNpcAttribModify.obj
 0001:0001e190       ?StunTimeReduceP@KNpcAttribModify@@AAEXPAVKNpc@@PAX@Z 1001f190 f   KNpcAttribModify.obj
 0001:0001e220       ?VisionRadiusP@KNpcAttribModify@@AAEXPAVKNpc@@PAX@Z 1001f220 f   KNpcAttribModify.obj
 0001:0001e2a0       ?VitalityV@KNpcAttribModify@@AAEXPAVKNpc@@PAX@Z 1001f2a0 f   KNpcAttribModify.obj
 0001:0001e340       ?WaterSkillV@KNpcAttribModify@@AAEXPAVKNpc@@PAX@Z 1001f340 f   KNpcAttribModify.obj
 0001:0001e3a0       ?WoodSkillV@KNpcAttribModify@@AAEXPAVKNpc@@PAX@Z 1001f3a0 f   KNpcAttribModify.obj
 0001:0001e400       ?FireresP@KNpcAttribModify@@AAEXPAVKNpc@@PAX@Z 1001f400 f   KNpcAttribModify.obj
 0001:0001e480       ?ArmorDefenseV@KNpcAttribModify@@AAEXPAVKNpc@@PAX@Z 1001f480 f   KNpcAttribModify.obj
 0001:0001e500       ?ColdEnhanceP@KNpcAttribModify@@AAEXPAVKNpc@@PAX@Z 1001f500 f   KNpcAttribModify.obj
 0001:0001e580       ?FireEnhanceP@KNpcAttribModify@@AAEXPAVKNpc@@PAX@Z 1001f580 f   KNpcAttribModify.obj
 0001:0001e600       ?LightingEnhanceP@KNpcAttribModify@@AAEXPAVKNpc@@PAX@Z 1001f600 f   KNpcAttribModify.obj
 0001:0001e680       ?PoisonEnhanceP@KNpcAttribModify@@AAEXPAVKNpc@@PAX@Z 1001f680 f   KNpcAttribModify.obj
 0001:0001e700       ?LifePotionV@KNpcAttribModify@@AAEXPAVKNpc@@PAX@Z 1001f700 f   KNpcAttribModify.obj
 0001:0001e7f0       ?ManaPotionV@KNpcAttribModify@@AAEXPAVKNpc@@PAX@Z 1001f7f0 f   KNpcAttribModify.obj
 0001:0001e8e0       ?PhysicsResMaxP@KNpcAttribModify@@AAEXPAVKNpc@@PAX@Z 1001f8e0 f   KNpcAttribModify.obj
 0001:0001e960       ?ColdResMaxP@KNpcAttribModify@@AAEXPAVKNpc@@PAX@Z 1001f960 f   KNpcAttribModify.obj
 0001:0001e9e0       ?FireResMaxP@KNpcAttribModify@@AAEXPAVKNpc@@PAX@Z 1001f9e0 f   KNpcAttribModify.obj
 0001:0001ea60       ?LightingResMaxP@KNpcAttribModify@@AAEXPAVKNpc@@PAX@Z 1001fa60 f   KNpcAttribModify.obj
 0001:0001eae0       ?PoisonResMaxP@KNpcAttribModify@@AAEXPAVKNpc@@PAX@Z 1001fae0 f   KNpcAttribModify.obj
 0001:0001eb60       ?AllResMaxP@KNpcAttribModify@@AAEXPAVKNpc@@PAX@Z 1001fb60 f   KNpcAttribModify.obj
 0001:0001ec40       ?FatallyStrikeP@KNpcAttribModify@@AAEXPAVKNpc@@PAX@Z 1001fc40 f   KNpcAttribModify.obj
 0001:0001ec70       ??0KNpcFindPath@@QAE@XZ    1001fc70 f   KNpcFindPath.obj
 0001:0001ecf0       ?Init@KNpcFindPath@@QAEXH@Z 1001fcf0 f   KNpcFindPath.obj
 0001:0001ed70       ?GetDir@KNpcFindPath@@QAEHHHHHHHPAH@Z 1001fd70 f   KNpcFindPath.obj
 0001:0001f2d0       ?Dir64To8@KNpcFindPath@@QAEHH@Z 100202d0 f   KNpcFindPath.obj
 0001:0001f310       ?Dir8To64@KNpcFindPath@@QAEHH@Z 10020310 f   KNpcFindPath.obj
 0001:0001f340       ?CheckDistance@KNpcFindPath@@QAEHHHHHH@Z 10020340 f   KNpcFindPath.obj
 0001:0001f3d0       ?CheckBarrier@KNpcFindPath@@QAEHHH@Z 100203d0 f   KNpcFindPath.obj
 0001:0001f490       ??0KNpcRes@@QAE@XZ         10020490 f   KNpcRes.obj
 0001:0001f610       ?Init@KNpcRes@@QAEHPADPAVKNpcResList@@@Z 10020610 f   KNpcRes.obj
 0001:0001f9e0       ?Remove@KNpcRes@@QAEXH@Z   100209e0 f   KNpcRes.obj
 0001:0001fa40       ?Draw@KNpcRes@@QAEXHHHHH@Z 10020a40 f   KNpcRes.obj
 0001:000209b0       ?GetNpcKind@KNpcResNode@@QAEHXZ 100219b0 f i KNpcRes.obj
 0001:000209e0       ?GetShadowName@KNpcRes@@SAXPAD0@Z 100219e0 f   KNpcRes.obj
 0001:00020a20       ??1KNpcRes@@QAE@XZ         10021a20 f   KNpcRes.obj
 0001:00020a50       ?SetHelm@KNpcRes@@QAEHH@Z  10021a50 f   KNpcRes.obj
 0001:00020bc0       ?SetArmor@KNpcRes@@QAEHH@Z 10021bc0 f   KNpcRes.obj
 0001:00020d30       ?SetWeapon@KNpcRes@@QAEHH@Z 10021d30 f   KNpcRes.obj
 0001:00021250       ?SetHorse@KNpcRes@@QAEHH@Z 10022250 f   KNpcRes.obj
 0001:000213d0       ?SetAction@KNpcRes@@QAEHH@Z 100223d0 f   KNpcRes.obj
 0001:00021900       ?SetRideHorse@KNpcRes@@QAEHH@Z 10022900 f   KNpcRes.obj
 0001:00021e20       ?SetPos@KNpcRes@@QAEXHHHHHH@Z 10022e20 f   KNpcRes.obj
 0001:00021ec0       ?SetState@KNpcRes@@QAEXPAVKList@@PAVKNpcResList@@@Z 10022ec0 f   KNpcRes.obj
 0001:000221d0       ?SetSpecialSpr@KNpcRes@@QAEXPAD@Z 100231d0 f   KNpcRes.obj
 0001:00022270       ?SetMenuStateSpr@KNpcRes@@AAEXH@Z 10023270 f   KNpcRes.obj
 0001:00022360       ?SetBlur@KNpcRes@@QAEXH@Z  10023360 f   KNpcRes.obj
 0001:000223d0       ?GetSoundName@KNpcRes@@AAEXXZ 100233d0 f   KNpcRes.obj
 0001:00022430       ?PlaySoundA@KNpcRes@@AAEXHH@Z 10023430 f   KNpcRes.obj
 0001:00022560       ?StopSound@KNpcRes@@QAEXXZ 10023560 f   KNpcRes.obj
 0001:00022600       ?SetMenuState@KNpcRes@@QAEXHPADH@Z 10023600 f   KNpcRes.obj
 0001:000226f0       ?GetMenuState@KNpcRes@@QAEHXZ 100236f0 f   KNpcRes.obj
 0001:00022720       ?DrawBorder@KNpcRes@@QAEXXZ 10023720 f   KNpcRes.obj
 0001:00022910       ?GetNormalNpcStandDir@KNpcRes@@QAEHH@Z 10023910 f   KNpcRes.obj
 0001:00022990       ??0KStateSpr@@QAE@XZ       10023990 f   KNpcRes.obj
 0001:000229e0       ?Release@KStateSpr@@QAEXXZ 100239e0 f   KNpcRes.obj
 0001:00022a50       ??0KNpcBlur@@QAE@XZ        10023a50 f   KNpcRes.obj
 0001:00022aa0       ?SetNextNo@KNpcBlur@@QAEXXZ 10023aa0 f   KNpcRes.obj
 0001:00022af0       ?SetMapPos@KNpcBlur@@QAEXHHHH@Z 10023af0 f   KNpcRes.obj
 0001:00022b90       ?ChangeAlpha@KNpcBlur@@QAEXXZ 10023b90 f   KNpcRes.obj
 0001:00022df0       ?ClearCurNo@KNpcBlur@@QAEXXZ 10023df0 f   KNpcRes.obj
 0001:00022e60       ?SetFile@KNpcBlur@@QAEXHPADHHHH@Z 10023e60 f   KNpcRes.obj
 0001:00022fb0       ?Draw@KNpcBlur@@QAEXH@Z    10023fb0 f   KNpcRes.obj
 0001:00023020       ?NowGetBlur@KNpcBlur@@QAEHXZ 10024020 f   KNpcRes.obj
 0001:00023060       ?Init@KNpcBlur@@QAEHXZ     10024060 f   KNpcRes.obj
 0001:00023160       ?Remove@KNpcBlur@@QAEXH@Z  10024160 f   KNpcRes.obj
 0001:000231f0       ?AddObj@KNpcBlur@@QAEXXZ   100241f0 f   KNpcRes.obj
 0001:00023220       ?RemoveObj@KNpcBlur@@QAEXXZ 10024220 f   KNpcRes.obj
 0001:00023350       ??1KNpcResList@@QAE@XZ     10024350 f i KNpcResList.obj
 0001:00023390       ??0KNpcResList@@QAE@XZ     10024390 f i KNpcResList.obj
 0001:00023420       ?Init@KNpcResList@@QAEHXZ  10024420 f   KNpcResList.obj
 0001:000234c0       ?FindNpcRes@KNpcResList@@AAEPAVKNpcResNode@@PAD@Z 100244c0 f   KNpcResList.obj
 0001:00023580       ?AddNpcRes@KNpcResList@@QAEPAVKNpcResNode@@PAD@Z 10024580 f   KNpcResList.obj
 0001:000236b0       ??0KNpcResNode@@QAE@XZ     100246b0 f   KNpcResNode.obj
 0001:000237e0       ??_EKNpcResNode@@UAEPAXI@Z 100247e0 f i KNpcResNode.obj
 0001:000237e0       ??_GKNpcResNode@@UAEPAXI@Z 100247e0 f i KNpcResNode.obj
 0001:00023840       ??1KNpcResNode@@UAE@XZ     10024840 f   KNpcResNode.obj
 0001:00023910       ?Init@KNpcResNode@@QAEHPADPAVCActionName@@1@Z 10024910 f   KNpcResNode.obj
 0001:00024e00       ?ComposePathAndName@KNpcResNode@@QAEXPAD00@Z 10025e00 f   KNpcResNode.obj
 0001:00024ee0       ?CheckPartExist@KNpcResNode@@QAEHH@Z 10025ee0 f   KNpcResNode.obj
 0001:00024f40       ?GetFileName@KNpcResNode@@QAEHHHHPAD0H@Z 10025f40 f   KNpcResNode.obj
 0001:00024fc0       ?GetInterval@KNpcResNode@@QAEHHHHH@Z 10025fc0 f   KNpcResNode.obj
 0001:00025020       ?GetTotalFrames@KNpcResNode@@QAEHHHHH@Z 10026020 f   KNpcResNode.obj
 0001:00025080       ?GetTotalDirs@KNpcResNode@@QAEHHHHH@Z 10026080 f   KNpcResNode.obj
 0001:000250e0       ?GetActNo@KNpcResNode@@QAEHHHH@Z 100260e0 f   KNpcResNode.obj
 0001:00025160       ?GetSort@KNpcResNode@@QAEHHHHPAHH@Z 10026160 f   KNpcResNode.obj
 0001:00025220       ?GetActionSoundName@KNpcResNode@@QAEXHPAD@Z 10026220 f   KNpcResNode.obj
 0001:00025290       ?GetShadowName@KNpcResNode@@SAXPAD0@Z 10026290 f   KNpcResNode.obj
 0001:00025330       ??0CActionName@@QAE@XZ     10026330 f   KNpcResNode.obj
 0001:000253a0       ?Init@CActionName@@QAEHPAD@Z 100263a0 f   KNpcResNode.obj
 0001:00025570       ?GetActionNo@CActionName@@QAEHPAD@Z 10026570 f   KNpcResNode.obj
 0001:00025600       ?GetActionCount@CActionName@@QAEHXZ 10026600 f   KNpcResNode.obj
 0001:00025630       ?GetActionName@CActionName@@QAEHHPADH@Z 10026630 f   KNpcResNode.obj
 0001:000256c0       ??0CShadowFileName@@QAE@XZ 100266c0 f   KNpcResNode.obj
 0001:00025700       ??1CShadowFileName@@QAE@XZ 10026700 f   KNpcResNode.obj
 0001:00025760       ?Init@CShadowFileName@@QAEXH@Z 10026760 f   KNpcResNode.obj
 0001:00025810       ?GetFile@CShadowFileName@@QAEHHPAH0000PAD@Z 10026810 f   KNpcResNode.obj
 0001:000258f0       ??0CStateMagicTable@@QAE@XZ 100268f0 f   KNpcResNode.obj
 0001:000259c0       ?Init@CStateMagicTable@@QAEHXZ 100269c0 f   KNpcResNode.obj
 0001:00025d10       ?GetInfo@CStateMagicTable@@QAEXHPADPAH111111@Z 10026d10 f   KNpcResNode.obj
 0001:00025e40       ??0CRESINFO@@QAE@XZ        10026e40 f   KNpcResNode.obj
 0001:00025e90       ??1CRESINFO@@QAE@XZ        10026e90 f   KNpcResNode.obj
 0001:00025ed0       ?AutoDelete@CRESINFO@@QAEXXZ 10026ed0 f   KNpcResNode.obj
 0001:00025f40       ?AutoNew@CRESINFO@@QAEHHH@Z 10026f40 f   KNpcResNode.obj
 0001:00026060       ??0SECTINFO@KNpcResNode@@QAE@XZ 10027060 f i KNpcResNode.obj
 0001:000260a0       ?Clear@SECTINFO@KNpcResNode@@QAEXXZ 100270a0 f i KNpcResNode.obj
 0001:000260f0       ?GetName@CRESINFO@@QAEHHHPAD0H@Z 100270f0 f   KNpcResNode.obj
 0001:000261b0       ?GetInterval@CRESINFO@@QAEHHHH@Z 100271b0 f   KNpcResNode.obj
 0001:00026220       ?GetTotalFrames@CRESINFO@@QAEHHHH@Z 10027220 f   KNpcResNode.obj
 0001:00026290       ?GetTotalDirs@CRESINFO@@QAEHHHH@Z 10027290 f   KNpcResNode.obj
 0001:00026300       ??0CEquipStyleTable@@QAE@XZ 10027300 f   KNpcResNode.obj
 0001:00026350       ??1CEquipStyleTable@@QAE@XZ 10027350 f   KNpcResNode.obj
 0001:00026390       ?AutoDelete@CEquipStyleTable@@QAEXXZ 10027390 f   KNpcResNode.obj
 0001:00026400       ?AutoNew@CEquipStyleTable@@QAEHHH@Z 10027400 f   KNpcResNode.obj
 0001:000264c0       ?SetValue@CEquipStyleTable@@QAEXHHH@Z 100274c0 f   KNpcResNode.obj
 0001:00026530       ?GetValue@CEquipStyleTable@@QAEHHH@Z 10027530 f   KNpcResNode.obj
 0001:000265a0       ??0CSortTable@@QAE@XZ      100275a0 f   KNpcResNode.obj
 0001:00026630       ??0SACTTABLEOFF@@QAE@XZ    10027630 f i KNpcResNode.obj
 0001:00026670       ?Clear@SACTTABLEOFF@@QAEXXZ 10027670 f i KNpcResNode.obj
 0001:000266c0       ??1CSortTable@@QAE@XZ      100276c0 f   KNpcResNode.obj
 0001:00026700       ?Release@CSortTable@@AAEXXZ 10027700 f   KNpcResNode.obj
 0001:000267a0       ?SortStrToNum@CSortTable@@AAEXPADPAHH@Z 100277a0 f   KNpcResNode.obj
 0001:00026910       ?GetTable@CSortTable@@QAEHPADPAVCActionName@@H@Z 10027910 f   KNpcResNode.obj
 0001:00026a30       ?GetTable@CSortTable@@QAEHPAVKIniFile@@PAVCActionName@@H@Z 10027a30 f   KNpcResNode.obj
 0001:00027160       ?GetSort@CSortTable@@QAEHHHHPAHH@Z 10028160 f   KNpcResNode.obj
 0001:00027780       ??1KNpcSet@@QAE@XZ         10028780 f i KNpcSet.obj
 0001:00027850       ??0KNpcSet@@QAE@XZ         10028850 f   KNpcSet.obj
 0001:00027940       ?Init@KNpcSet@@QAEXXZ      10028940 f   KNpcSet.obj
 0001:00027d30       ?IsNpcExist@KNpcSet@@QAEHHK@Z 10028d30 f   KNpcSet.obj
 0001:00027d80       ?GetRelation@KNpcSet@@QAE?AW4NPC_RELATION@@HH@Z 10028d80 f   KNpcSet.obj
 0001:00027f00       ?SearchID@KNpcSet@@QAEHK@Z 10028f00 f   KNpcSet.obj
 0001:00027f90       ?SearchClientID@KNpcSet@@QAEHUKClientNpcID@@@Z 10028f90 f   KNpcSet.obj
 0001:00028030       ?SearchName@KNpcSet@@QAEHPAD@Z 10029030 f   KNpcSet.obj
 0001:000280d0       ?FindFree@KNpcSet@@AAEHXZ  100290d0 f   KNpcSet.obj
 0001:00028120       ?AddClientNpc@KNpcSet@@QAEHHHHHHH@Z 10029120 f   KNpcSet.obj
 0001:00028290       ?Add@KNpcSet@@QAEHHPAX@Z   10029290 f   KNpcSet.obj
 0001:000284b0       ?Add@KNpcSet@@QAEHHHHH@Z   100294b0 f   KNpcSet.obj
 0001:00028540       ?Add@KNpcSet@@QAEHHHHHHHH@Z 10029540 f   KNpcSet.obj
 0001:00028790       ?Remove@KNpcSet@@QAEXH@Z   10029790 f   KNpcSet.obj
 0001:00028840       ?Clear@KSkillList@@QAEXXZ  10029840 f i KNpcSet.obj
 0001:00028890       ?InsertNpcToRegion@KNpcSet@@QAEXH@Z 10029890 f   KNpcSet.obj
 0001:000289d0       ?SetID@KNpcSet@@AAEXH@Z    100299d0 f   KNpcSet.obj
 0001:00028a40       ?GetDistance@KNpcSet@@SAHHH@Z 10029a40 f   KNpcSet.obj
 0001:00028cf0       ?GetNextIdx@KNpcSet@@QAEHH@Z 10029cf0 f   KNpcSet.obj
 0001:00028d50       ?CheckBalance@KNpcSet@@QAEXXZ 10029d50 f   KNpcSet.obj
 0001:00028f40       ?GetAroundSameCampPlayer@KNpcSet@@QAEHPAUKUiPlayerItem@@H@Z 10029f40 f   KNpcSet.obj
 0001:000291c0       ?GetAroundNotFriendPlayer@KNpcSet@@QAEHPAUKUiPlayerItem@@H@Z 1002a1c0 f   KNpcSet.obj
 0001:000293b0       ?ClearActivateFlagOfAllNpc@KNpcSet@@QAEXXZ 1002a3b0 f   KNpcSet.obj
 0001:00029430       ?GetAroundOpenCaptain@KNpcSet@@QAEXH@Z 1002a430 f   KNpcSet.obj
 0001:00029670       ?SearchNpcAt@KNpcSet@@QAEHHHHH@Z 1002a670 f   KNpcSet.obj
 0001:00029860       ?IsNpcRequestExist@KNpcSet@@QAEHK@Z 1002a860 f   KNpcSet.obj
 0001:000298b0       ?InsertNpcRequest@KNpcSet@@QAEXK@Z 1002a8b0 f   KNpcSet.obj
 0001:000299a0       ?RemoveNpcRequest@KNpcSet@@QAEXK@Z 1002a9a0 f   KNpcSet.obj
 0001:00029a80       ?GetRequestIndex@KNpcSet@@QAEHK@Z 1002aa80 f   KNpcSet.obj
 0001:00029b10       ??0KInstantSpecial@@QAE@XZ 1002ab10 f   KNpcSet.obj
 0001:00029bb0       ?LoadSprName@KInstantSpecial@@AAEXXZ 1002abb0 f   KNpcSet.obj
 0001:00029cf0       ?LoadSoundName@KInstantSpecial@@AAEXXZ 1002acf0 f   KNpcSet.obj
 0001:00029e70       ?GetSprName@KInstantSpecial@@QAEXHPADH@Z 1002ae70 f   KNpcSet.obj
 0001:00029f20       ?PlaySoundA@KInstantSpecial@@QAEXH@Z 1002af20 f   KNpcSet.obj
 0001:0002a040       ?InitNpcBaseData@KNpcTemplate@@QAEXH@Z 1002b040 f   KNpcTemplate.obj
 0001:0002a450       ?InitNpcLevelData@KNpcTemplate@@QAEXPAVKTabFile@@HPAVKLuaScript@@H@Z 1002b450 f   KNpcTemplate.obj
 0001:0002a4f0       ?GetNpcLevelDataFromScript@KNpcTemplate@@QAEHPAVKLuaScript@@PADH1@Z 1002b4f0 f   KNpcTemplate.obj
 0001:0002a5f0       ?SkillString2Id@KNpcTemplate@@QAEHPAD@Z 1002b5f0 f   KNpcTemplate.obj
 0001:0002a830       ??1KPlayer@@QAE@XZ         1002b830 f i KPlayer.obj
 0001:0002a8b0       ??0KPlayer@@QAE@XZ         1002b8b0 f   KPlayer.obj
 0001:0002a980       ?Release@KPlayer@@QAEXXZ   1002b980 f   KPlayer.obj
 0001:0002ab50       ?SetPlayerIndex@KPlayer@@QAEXH@Z 1002bb50 f   KPlayer.obj
 0001:0002ab90       ?GetPlayerIndex@KPlayer@@QAEHXZ 1002bb90 f   KPlayer.obj
 0001:0002abc0       ?Active@KPlayer@@QAEXXZ    1002bbc0 f   KPlayer.obj
 0001:0002ad90       ?ProcessMsg@KPlayer@@QAEXPAVKWorldMsgNode@@@Z 1002bd90 f   KPlayer.obj
 0001:0002adc0       ?ProcessInputMsg@KPlayer@@QAEXIIJ@Z 1002bdc0 f   KPlayer.obj
 0001:0002afc0       ?OnKeyDown@KPlayer@@AAEXHH@Z 1002bfc0 f   KPlayer.obj
 0001:0002b000       ?OnKeyHold@KPlayer@@AAEXHH@Z 1002c000 f   KPlayer.obj
 0001:0002b150       ?OnButtonDown@KPlayer@@AAEXHHHW4MOUSE_BUTTON@@@Z 1002c150 f   KPlayer.obj
 0001:0002b1d0       ?OnButtonMove@KPlayer@@AAEXHHHW4MOUSE_BUTTON@@@Z 1002c1d0 f   KPlayer.obj
 0001:0002b230       ?OnButtonUp@KPlayer@@AAEXHHW4MOUSE_BUTTON@@@Z 1002c230 f   KPlayer.obj
 0001:0002b270       ?OnMouseMove@KPlayer@@AAEXHH@Z 1002c270 f   KPlayer.obj
 0001:0002b3e0       ?ProcessMouse@KPlayer@@AAEXHHHW4MOUSE_BUTTON@@@Z 1002c3e0 f   KPlayer.obj
 0001:0002b860       ?IsCanInput@KNpc@@QAEHXZ   1002c860 f i KPlayer.obj
 0001:0002b890       ?IsTargetOnly@KSkill@@QAEHXZ 1002c890 f i KPlayer.obj
 0001:0002b8d0       ?IsTargetEnemy@KSkill@@QAEHXZ 1002c8d0 f i KPlayer.obj
 0001:0002b910       ?IsTargetAlly@KSkill@@QAEHXZ 1002c910 f i KPlayer.obj
 0001:0002b950       ?IsTargetObj@KSkill@@QAEHXZ 1002c950 f i KPlayer.obj
 0001:0002b990       ?Walk@KPlayer@@AAEXH@Z     1002c990 f   KPlayer.obj
 0001:0002bb60       ?TurnLeft@KPlayer@@AAEXXZ  1002cb60 f   KPlayer.obj
 0001:0002bbf0       ?TurnRight@KPlayer@@AAEXXZ 1002cbf0 f   KPlayer.obj
 0001:0002bc80       ?TurnBack@KPlayer@@AAEXXZ  1002cc80 f   KPlayer.obj
 0001:0002bd20       ?FindSelectNpc@KPlayer@@AAEXHHH@Z 1002cd20 f   KPlayer.obj
 0001:0002bda0       ?FindSelectObject@KPlayer@@AAEXHH@Z 1002cda0 f   KPlayer.obj
 0001:0002be10       ?NetCommandPlayerTalk@KPlayer@@AAEHPAE@Z 1002ce10 f   KPlayer.obj
 0001:0002be40       ?ConformIdx@KPlayer@@QAEHH@Z 1002ce40 f   KPlayer.obj
 0001:0002be80       ?NewPlayerGetBaseAttribute@KPlayer@@QAEHH@Z 1002ce80 f   KPlayer.obj
 0001:0002bfb0       ?CalcCurLucky@KPlayer@@AAEXXZ 1002cfb0 f   KPlayer.obj
 0001:0002bff0       ?ChangeCurStrength@KPlayer@@QAEXH@Z 1002cff0 f   KPlayer.obj
 0001:0002c060       ?ChangeCurDexterity@KPlayer@@QAEXH@Z 1002d060 f   KPlayer.obj
 0001:0002c130       ?ChangeCurVitality@KPlayer@@QAEXH@Z 1002d130 f   KPlayer.obj
 0001:0002c200       ?ChangeCurEngergy@KPlayer@@QAEXH@Z 1002d200 f   KPlayer.obj
 0001:0002c290       ?AddBaseLucky@KPlayer@@QAEXH@Z 1002d290 f   KPlayer.obj
 0001:0002c2e0       ?SetNpcPhysicsDamage@KPlayer@@AAEXXZ 1002d2e0 f   KPlayer.obj
 0001:0002c410       ?SetNpcAttackRating@KPlayer@@AAEXXZ 1002d410 f   KPlayer.obj
 0001:0002c470       ?SetNpcDefence@KPlayer@@AAEXXZ 1002d470 f   KPlayer.obj
 0001:0002c4d0       ?AddExp@KPlayer@@QAEXHH@Z  1002d4d0 f   KPlayer.obj
 0001:0002c510       ?AddSelfExp@KPlayer@@QAEXHH@Z 1002d510 f   KPlayer.obj
 0001:0002c620       ?DirectAddExp@KPlayer@@QAEXH@Z 1002d620 f   KPlayer.obj
 0001:0002c680       ?LevelUp@KPlayer@@QAEXXZ   1002d680 f   KPlayer.obj
 0001:0002cb10       ?UpdataCurData@KPlayer@@QAEXXZ 1002db10 f   KPlayer.obj
 0001:0002d200       ?ReCalcEquip@KPlayer@@QAEXXZ 1002e200 f   KPlayer.obj
 0001:0002d2f0       ?ReCalcState@KPlayer@@QAEXXZ 1002e2f0 f   KPlayer.obj
 0001:0002d380       ?AddLeadExp@KPlayer@@QAEXH@Z 1002e380 f   KPlayer.obj
 0001:0002d440       ?LevelAddBaseLifeMax@KPlayer@@AAEXXZ 1002e440 f   KPlayer.obj
 0001:0002d4e0       ?LevelAddBaseStaminaMax@KPlayer@@AAEXXZ 1002e4e0 f   KPlayer.obj
 0001:0002d580       ?LevelAddBaseManaMax@KPlayer@@AAEXXZ 1002e580 f   KPlayer.obj
 0001:0002d620       ?ChangePlayerCamp@KPlayer@@QAEXH@Z 1002e620 f   KPlayer.obj
 0001:0002d670       ?ApplyTeamInfo@KPlayer@@QAEXK@Z 1002e670 f   KPlayer.obj
 0001:0002d6f0       ?ApplySelfTeamInfo@KPlayer@@QAEXXZ 1002e6f0 f   KPlayer.obj
 0001:0002d740       ?ApplyCreateTeam@KPlayer@@QAEHXZ 1002e740 f   KPlayer.obj
 0001:0002d780       ?ApplyTeamOpenClose@KPlayer@@QAEHH@Z 1002e780 f   KPlayer.obj
 0001:0002d850       ?ApplyAddTeam@KPlayer@@QAEXH@Z 1002e850 f   KPlayer.obj
 0001:0002d9b0       ?AcceptTeamMember@KPlayer@@QAEXK@Z 1002e9b0 f   KPlayer.obj
 0001:0002dab0       ?TeamDropApplyOne@KPlayer@@QAEXK@Z 1002eab0 f   KPlayer.obj
 0001:0002db60       ?LeaveTeam@KPlayer@@QAEXXZ 1002eb60 f   KPlayer.obj
 0001:0002dbd0       ?TeamKickMember@KPlayer@@QAEXK@Z 1002ebd0 f   KPlayer.obj
 0001:0002dc60       ?ApplyTeamChangeCaptain@KPlayer@@QAEXK@Z 1002ec60 f   KPlayer.obj
 0001:0002dcf0       ?ApplyTeamDismiss@KPlayer@@QAEXXZ 1002ecf0 f   KPlayer.obj
 0001:0002dd70       ?ApplySetPK@KPlayer@@QAEXH@Z 1002ed70 f   KPlayer.obj
 0001:0002dde0       ?ApplyFactionData@KPlayer@@QAEXXZ 1002ede0 f   KPlayer.obj
 0001:0002de50       ?SendChat@KPlayer@@QAEXPAUKUiMsgParam@@PAD@Z 1002ee50 f   KPlayer.obj
 0001:0002df50       ?ApplyAddBaseAttribute@KPlayer@@QAEXHH@Z 1002ef50 f   KPlayer.obj
 0001:0002dff0       ?ApplyAddSkillLevel@KPlayer@@QAEHHH@Z 1002eff0 f   KPlayer.obj
 0001:0002e0d0       ?ApplyUseItem@KPlayer@@QAEHHUItemPos@@@Z 1002f0d0 f   KPlayer.obj
 0001:0002e190       ?PickUpObj@KPlayer@@QAEXH@Z 1002f190 f   KPlayer.obj
 0001:0002e310       ?ObjMouseClick@KPlayer@@QAEXH@Z 1002f310 f   KPlayer.obj
 0001:0002e3c0       ?MoveItem@KPlayer@@QAEXUItemPos@@0@Z 1002f3c0 f   KPlayer.obj
 0001:0002e4f0       ?GetGenre@KItem@@QBEHXZ    1002f4f0 f i KPlayer.obj
 0001:0002e520       ?ThrowAwayItem@KPlayer@@QAEXXZ 1002f520 f   KPlayer.obj
 0001:0002e5b0       ?ChatAddFriend@KPlayer@@QAEXH@Z 1002f5b0 f   KPlayer.obj
 0001:0002e620       ?ChatRefuseFriend@KPlayer@@QAEXH@Z 1002f620 f   KPlayer.obj
 0001:0002e690       ?TradeApplyOpen@KPlayer@@QAEXPADH@Z 1002f690 f   KPlayer.obj
 0001:0002e7c0       ?TradeApplyClose@KPlayer@@QAEXXZ 1002f7c0 f   KPlayer.obj
 0001:0002e830       ?TradeApplyStart@KPlayer@@QAEXH@Z 1002f830 f   KPlayer.obj
 0001:0002e910       ?TradeMoveMoney@KPlayer@@QAEHH@Z 1002f910 f   KPlayer.obj
 0001:0002e9c0       ?TradeDecision@KPlayer@@QAEXH@Z 1002f9c0 f   KPlayer.obj
 0001:0002ea60       ?TradeApplyLock@KPlayer@@QAEXH@Z 1002fa60 f   KPlayer.obj
 0001:0002eaf0       ?s2cApplyAddTeam@KPlayer@@QAEXPAE@Z 1002faf0 f   KPlayer.obj
 0001:0002ed30       ?GetSkillSaveData@KPlayer@@QAEXXZ 1002fd30 f   KPlayer.obj
 0001:0002f010       ?SetLeftSkill@KPlayer@@QAEXH@Z 10030010 f   KPlayer.obj
 0001:0002f090       ?SetRightSkill@KPlayer@@QAEXH@Z 10030090 f   KPlayer.obj
 0001:0002f170       ?UpdateWeaponSkill@KPlayer@@QAEXXZ 10030170 f   KPlayer.obj
 0001:0002f260       ?SaveClientSkillData@KPlayer@@QAEXXZ 10030260 f   KPlayer.obj
 0001:0002f3b0       ?SetChatCurChannel@KPlayer@@QAEXH@Z 100303b0 f   KPlayer.obj
 0001:0002f400       ?TeamInviteAdd@KPlayer@@QAEXK@Z 10030400 f   KPlayer.obj
 0001:0002f450       ?ExecuteScript@KPlayer@@QAEHPAD0H@Z 10030450 f   KPlayer.obj
 0001:0002f4d0       ?ExecuteScript@KPlayer@@QAEHKPADH@Z 100304d0 f   KPlayer.obj
 0001:0002f650       ?ExecuteScript@KPlayer@@QAEHKPAD0@Z 10030650 f   KPlayer.obj
 0001:0002f880       ?ExecuteScript@KPlayer@@QAEHPAD00@Z 10030880 f   KPlayer.obj
 0001:0002f910       ?DoScript@KPlayer@@QAEHPAD@Z 10030910 f   KPlayer.obj
 0001:0002fb40       ??_GKLuaScript@@UAEPAXI@Z  10030b40 f i KPlayer.obj
 0001:0002fb40       ??_EKLuaScript@@UAEPAXI@Z  10030b40 f i KPlayer.obj
 0001:0002fba0       ?DoScriptAction@KPlayer@@QAEXPAUPLAYER_SCRIPTACTION_SYNC@@@Z 10030ba0 f   KPlayer.obj
 0001:0002fc00       ?ProcessPlayerSelectFromUI@KPlayer@@QAEXPAE@Z 10030c00 f   KPlayer.obj
 0001:0002fcd0       ?OnSelectFromUI@KPlayer@@QAEXPAUPLAYER_SELECTUI_COMMAND@@W4UIInfo@@@Z 10030cd0 f   KPlayer.obj
 0001:0002fdd0       ?ChatFriendOnLine@KPlayer@@QAEXKH@Z 10030dd0 f   KPlayer.obj
 0001:0002ff10       ?GetFactionName@KPlayer@@QAEXPADH@Z 10030f10 f   KPlayer.obj
 0001:0002ff60       ?OnScriptAction@KPlayer@@QAEXPAUPLAYER_SCRIPTACTION_SYNC@@@Z 10030f60 f   KPlayer.obj
 0001:000307f0       ?s2cTradeChangeState@KPlayer@@QAEXPAE@Z 100317f0 f   KPlayer.obj
 0001:00030c80       ?s2cLevelUp@KPlayer@@QAEXPAE@Z 10031c80 f   KPlayer.obj
 0001:000313c0       ?s2cGetCurAttribute@KPlayer@@QAEXPAE@Z 100323c0 f   KPlayer.obj
 0001:000315d0       ?s2cSetExp@KPlayer@@QAEXK@Z 100325d0 f   KPlayer.obj
 0001:000316c0       ?s2cSyncMoney@KPlayer@@QAEXPAE@Z 100326c0 f   KPlayer.obj
 0001:000317c0       ?s2cTradeApplyStart@KPlayer@@QAEXPAE@Z 100327c0 f   KPlayer.obj
 0001:000318b0       ?s2cTradeMoneySync@KPlayer@@QAEXPAE@Z 100328b0 f   KPlayer.obj
 0001:00031920       ?s2cTradeDecision@KPlayer@@QAEXPAE@Z 10032920 f   KPlayer.obj
 0001:00031b20       ?SyncCurPlayer@KPlayer@@QAEXPAE@Z 10032b20 f   KPlayer.obj
 0001:00031fe0       ?Clear@BuySellInfo@@QAEXXZ 10032fe0 f i KPlayer.obj
 0001:00032030       ?CheckTrading@KPlayer@@QAEHXZ 10033030 f   KPlayer.obj
 0001:00032070       ?SetFirstDamage@KPlayer@@QAEXXZ 10033070 f   KPlayer.obj
 0001:00032200       ?SetBaseAttackRating@KPlayer@@QAEXXZ 10033200 f   KPlayer.obj
 0001:00032250       ?SetBaseDefence@KPlayer@@QAEXXZ 10033250 f   KPlayer.obj
 0001:000322a0       ?SetBaseResistData@KPlayer@@QAEXXZ 100332a0 f   KPlayer.obj
 0001:00032490       ?SetBaseSpeedAndRadius@KPlayer@@QAEXXZ 10033490 f   KPlayer.obj
 0001:00032540       ?DialogNpc@KPlayer@@QAEXH@Z 10033540 f   KPlayer.obj
 0001:00032610       ?CheckObject@KPlayer@@QAEXH@Z 10033610 f   KPlayer.obj
 0001:000326f0       ?DrawSelectInfo@KPlayer@@QAEXXZ 100336f0 f   KPlayer.obj
 0001:00032750       ?GetEchoDamage@KPlayer@@QAEXPAH0H@Z 10033750 f   KPlayer.obj
 0001:00032ad0       ?GetDamageAttribs@KSkill@@QAEPAUKMagicAttrib@@XZ 10033ad0 f i KPlayer.obj
 0001:00032b10       ?SetNpcDamageAttrib@KPlayer@@QAEXXZ 10033b10 f   KPlayer.obj
 0001:00032b50       ?Release@KPlayerChat@@QAEXXZ 10033b50 f   KPlayerChat.obj
 0001:00032c80       ?CheckExist@KPlayerChat@@QAEHK@Z 10033c80 f   KPlayerChat.obj
 0001:00032d20       ?CheckExist@KPlayerChat@@QAEHPAD@Z 10033d20 f   KPlayerChat.obj
 0001:00032de0       ?GetFriendNode@KPlayerChat@@QAEPAVCChatFriend@@K@Z 10033de0 f   KPlayerChat.obj
 0001:00032e80       ?GetTeamNo@KPlayerChat@@QAEHK@Z 10033e80 f   KPlayerChat.obj
 0001:00032f40       ?GetName@KPlayerChat@@QAEHKPAD@Z 10033f40 f   KPlayerChat.obj
 0001:00033010       ?SetCurChannel@KPlayerChat@@QAEXHKH@Z 10034010 f   KPlayerChat.obj
 0001:000330e0       ?AddChannel@KPlayerChat@@QAEXH@Z 100340e0 f   KPlayerChat.obj
 0001:00033190       ?SubChannel@KPlayerChat@@QAEXH@Z 10034190 f   KPlayerChat.obj
 0001:00033230       ?SendTakeChannel@KPlayerChat@@QAEXXZ 10034230 f   KPlayerChat.obj
 0001:000332a0       ?SendSentence@KPlayerChat@@QAEXPAUKUiMsgParam@@PAD@Z 100342a0 f   KPlayerChat.obj
 0001:000334d0       ??0PLAYER_SEND_CHAT_DATA_COMMAND@@QAE@XZ 100344d0 f i KPlayerChat.obj
 0001:00033520       ?QQSendSentence@KPlayerChat@@QAEXKHPAUKUiMsgParam@@PAD@Z 10034520 f   KPlayerChat.obj
 0001:000336e0       ?SetTakeChannel@KPlayerChat@@QAEXK@Z 100346e0 f   KPlayerChat.obj
 0001:00033730       ?GetChat@KPlayerChat@@QAEXPAUPLAYER_SEND_CHAT_DATA_SYNC@@@Z 10034730 f   KPlayerChat.obj
 0001:00033f90       ?ApplyAddFriend@KPlayerChat@@QAEXKPAD@Z 10034f90 f   KPlayerChat.obj
 0001:00034100       ?GetApplyOneInfo@KPlayerChat@@QAEHPAHPAD1@Z 10035100 f   KPlayerChat.obj
 0001:000341f0       ?IsEmpty@KList@@QAEHXZ     100351f0 f i KPlayerChat.obj
 0001:00034230       ?SaveTeamInfo@KPlayerChat@@QAEXPAD@Z 10035230 f   KPlayerChat.obj
 0001:00034550       ?SaveTakeChannelInfo@KPlayerChat@@QAEXPAD@Z 10035550 f   KPlayerChat.obj
 0001:000346d0       ?LoadTakeChannelInfo@KPlayerChat@@QAEXPAD@Z 100356d0 f   KPlayerChat.obj
 0001:000348d0       ?CheckTeamNo@KPlayerChat@@QAEHPAD0@Z 100358d0 f   KPlayerChat.obj
 0001:00034c90       ?LoadTeamName@KPlayerChat@@QAEXPAD@Z 10035c90 f   KPlayerChat.obj
 0001:00034ef0       ?AddOne@KPlayerChat@@QAEXKHPADH@Z 10035ef0 f   KPlayerChat.obj
 0001:00035030       ??0CChatFriend@@QAE@XZ     10036030 f i KPlayerChat.obj
 0001:000350b0       ?Release@CChatFriend@@QAEXXZ 100360b0 f i KPlayerChat.obj
 0001:00035100       ??_ECChatFriend@@UAEPAXI@Z 10036100 f i KPlayerChat.obj
 0001:00035100       ??_GCChatFriend@@UAEPAXI@Z 10036100 f i KPlayerChat.obj
 0001:00035160       ??1CChatFriend@@UAE@XZ     10036160 f i KPlayerChat.obj
 0001:000351a0       ?CheckIsFriend@KPlayerChat@@QAEHH@Z 100361a0 f   KPlayerChat.obj
 0001:00035240       ?AddTeam@KPlayerChat@@QAEHPAD0@Z 10036240 f   KPlayerChat.obj
 0001:00035450       ?RenameTeam@KPlayerChat@@QAEHHPAD0@Z 10036450 f   KPlayerChat.obj
 0001:000355f0       ?DeleteTeam@KPlayerChat@@QAEHHPAD@Z 100365f0 f   KPlayerChat.obj
 0001:00035790       ?OneFriendChangeTeam@KPlayerChat@@QAEHKHH@Z 10036790 f   KPlayerChat.obj
 0001:000358d0       ?GetMsgOffLine@KPlayerChat@@QAEXK@Z 100368d0 f   KPlayerChat.obj
 0001:00035a00       ?CheckTakeChannel@KPlayerChat@@QAEHH@Z 10036a00 f   KPlayerChat.obj
 0001:00035a50       ?ApplyDeleteFriend@KPlayerChat@@QAEXKHPAD@Z 10036a50 f   KPlayerChat.obj
 0001:00035ba0       ?CheckTalkChannel@KPlayerChat@@QAEHH@Z 10036ba0 f   KPlayerChat.obj
 0001:00035bf0       ?SendSelectChannelList@KPlayerChat@@QAEHPAUKUiChatChannel@@H@Z 10036bf0 f   KPlayerChat.obj
 0001:00035f30       ?SendTakeChannelList@KPlayerChat@@QAEHPAUKUiChatChannel@@H@Z 10036f30 f   KPlayerChat.obj
 0001:000361c0       ?GetCurChannel@KPlayerChat@@QAEHPAUKUiChatChannel@@@Z 100371c0 f   KPlayerChat.obj
 0001:00036370       ?IGetTeamInfo@KPlayerChat@@QAEHHPAUKUiChatGroupInfo@@@Z 10037370 f   KPlayerChat.obj
 0001:00036420       ?IGetTeamFriendInfo@KPlayerChat@@QAEHHPAUKUiPlayerItem@@@Z 10037420 f   KPlayerChat.obj
 0001:00036560       ??0CChatFriendTeam@@QAE@XZ 10037560 f   KPlayerChat.obj
 0001:000365c0       ?Release@CChatFriendTeam@@QAEXXZ 100375c0 f   KPlayerChat.obj
 0001:00036680       ?SetTime@KCHAT_RECORDER@@AAEXXZ 10037680 f   KPlayerChat.obj
 0001:00036740       ?SaveSentenceSingle@KCHAT_RECORDER@@QAEXPAD000@Z 10037740 f   KPlayerChat.obj
 0001:00036a50       ?SaveSentenceChannel@KCHAT_RECORDER@@QAEXPAD00@Z 10037a50 f   KPlayerChat.obj
 0001:00036d60       ??0KPlayerFaction@@QAE@XZ  10037d60 f   KPlayerFaction.obj
 0001:00036da0       ?Release@KPlayerFaction@@QAEXXZ 10037da0 f   KPlayerFaction.obj
 0001:00036df0       ?SetSeries@KPlayerFaction@@QAEXH@Z 10037df0 f   KPlayerFaction.obj
 0001:00036e20       ?AddFaction@KPlayerFaction@@QAEHHPAD@Z 10037e20 f   KPlayerFaction.obj
 0001:00036e80       ?AddFaction@KPlayerFaction@@QAEHHH@Z 10037e80 f   KPlayerFaction.obj
 0001:00036f20       ?LeaveFaction@KPlayerFaction@@QAEXXZ 10037f20 f   KPlayerFaction.obj
 0001:00036f50       ?OpenCurSkillLevel@KPlayerFaction@@QAEHHPAVKSkillList@@@Z 10037f50 f   KPlayerFaction.obj
 0001:00036f80       ?GetGurFactionCamp@KPlayerFaction@@QAEHXZ 10037f80 f   KPlayerFaction.obj
 0001:00037000       ?GetCurFactionNo@KPlayerFaction@@QAEHXZ 10038000 f   KPlayerFaction.obj
 0001:00037030       ?GetCurFactionName@KPlayerFaction@@QAEXPAD@Z 10038030 f   KPlayerFaction.obj
 0001:000370c0       ??0KPlayerMenuState@@QAE@XZ 100380c0 f   KPlayerMenuState.obj
 0001:00037100       ?Release@KPlayerMenuState@@QAEXXZ 10038100 f   KPlayerMenuState.obj
 0001:00037170       ?SetState@KPlayerMenuState@@QAEXH@Z 10038170 f   KPlayerMenuState.obj
 0001:000371b0       ?Init@KPlayerMenuStateGraph@@QAEHXZ 100381b0 f   KPlayerMenuState.obj
 0001:000372e0       ?GetStateSpr@KPlayerMenuStateGraph@@QAEXHPAD@Z 100382e0 f   KPlayerMenuState.obj
 0001:00037450       ??1KPlayerSet@@QAE@XZ      10038450 f i KPlayerSet.obj
 0001:000374e0       ??0KPlayerSet@@QAE@XZ      100384e0 f   KPlayerSet.obj
 0001:00037590       ?Init@KPlayerSet@@QAEHXZ   10038590 f   KPlayerSet.obj
 0001:000376c0       ?FindFree@KPlayerSet@@AAEHXZ 100386c0 f   KPlayerSet.obj
 0001:00037710       ?FindSame@KPlayerSet@@QAEHK@Z 10038710 f   KPlayerSet.obj
 0001:000377a0       ?GetFirstPlayer@KPlayerSet@@QAEHXZ 100387a0 f   KPlayerSet.obj
 0001:00037800       ?GetNextPlayer@KPlayerSet@@QAEHXZ 10038800 f   KPlayerSet.obj
 0001:00037870       ??0KLevelAdd@@QAE@XZ       10038870 f   KPlayerSet.obj
 0001:00037940       ?Init@KLevelAdd@@QAEHXZ    10038940 f   KPlayerSet.obj
 0001:00037d10       ?GetLevelExp@KLevelAdd@@QAEKH@Z 10038d10 f   KPlayerSet.obj
 0001:00037d60       ?GetLifePerLevel@KLevelAdd@@QAEHH@Z 10038d60 f   KPlayerSet.obj
 0001:00037db0       ?GetStaminaPerLevel@KLevelAdd@@QAEHH@Z 10038db0 f   KPlayerSet.obj
 0001:00037e00       ?GetManaPerLevel@KLevelAdd@@QAEHH@Z 10038e00 f   KPlayerSet.obj
 0001:00037e50       ?GetLifePerVitality@KLevelAdd@@QAEHH@Z 10038e50 f   KPlayerSet.obj
 0001:00037ea0       ?GetStaminaPerVitality@KLevelAdd@@QAEHH@Z 10038ea0 f   KPlayerSet.obj
 0001:00037ef0       ?GetManaPerEnergy@KLevelAdd@@QAEHH@Z 10038ef0 f   KPlayerSet.obj
 0001:00037f40       ?GetLeadExpShare@KLevelAdd@@QAEHH@Z 10038f40 f   KPlayerSet.obj
 0001:00037f90       ?GetFireResist@KLevelAdd@@QAEHHH@Z 10038f90 f   KPlayerSet.obj
 0001:00038000       ?GetColdResist@KLevelAdd@@QAEHHH@Z 10039000 f   KPlayerSet.obj
 0001:00038070       ?GetPoisonResist@KLevelAdd@@QAEHHH@Z 10039070 f   KPlayerSet.obj
 0001:000380e0       ?GetLightResist@KLevelAdd@@QAEHHH@Z 100390e0 f   KPlayerSet.obj
 0001:00038150       ?GetPhysicsResist@KLevelAdd@@QAEHHH@Z 10039150 f   KPlayerSet.obj
 0001:000381c0       ??0KTeamLeadExp@@QAE@XZ    100391c0 f   KPlayerSet.obj
 0001:00038220       ?Init@KTeamLeadExp@@QAEHXZ 10039220 f   KPlayerSet.obj
 0001:00038360       ?GetLevel@KTeamLeadExp@@QAEHKH@Z 10039360 f   KPlayerSet.obj
 0001:00038410       ?GetMemNumFromExp@KTeamLeadExp@@QAEHK@Z 10039410 f   KPlayerSet.obj
 0001:00038460       ?GetMemNumFromLevel@KTeamLeadExp@@QAEHH@Z 10039460 f   KPlayerSet.obj
 0001:000384b0       ?GetLevelExp@KTeamLeadExp@@QAEHH@Z 100394b0 f   KPlayerSet.obj
 0001:000384f0       ??0KNewPlayerAttribute@@QAE@XZ 100394f0 f   KPlayerSet.obj
 0001:00038580       ?Init@KNewPlayerAttribute@@QAEHXZ 10039580 f   KPlayerSet.obj
 0001:00038850       ??0KPlayerTask@@QAE@XZ     10039850 f   KPlayerTask.obj
 0001:00038890       ?Release@KPlayerTask@@QAEXXZ 10039890 f   KPlayerTask.obj
 0001:000388f0       ?ClearTempVar@KPlayerTask@@QAEXXZ 100398f0 f   KPlayerTask.obj
 0001:00038940       ?GetSaveVal@KPlayerTask@@QAEHH@Z 10039940 f   KPlayerTask.obj
 0001:00038990       ?SetSaveVal@KPlayerTask@@QAEXHH@Z 10039990 f   KPlayerTask.obj
 0001:000389e0       ?GetClearVal@KPlayerTask@@QAEHH@Z 100399e0 f   KPlayerTask.obj
 0001:00038a30       ?SetClearVal@KPlayerTask@@QAEXHH@Z 10039a30 f   KPlayerTask.obj
 0001:00038af0       ??0KPlayerTeam@@QAE@XZ     10039af0 f   KPlayerTeam.obj
 0001:00038b40       ??0KTeamApplyList@@QAE@XZ  10039b40 f i KPlayerTeam.obj
 0001:00038b80       ?Release@KTeamApplyList@@QAEXXZ 10039b80 f i KPlayerTeam.obj
 0001:00038bd0       ?Release@KPlayerTeam@@QAEXXZ 10039bd0 f   KPlayerTeam.obj
 0001:00038c50       ?ReleaseList@KPlayerTeam@@QAEXXZ 10039c50 f   KPlayerTeam.obj
 0001:00038cb0       ?ApplyCreate@KPlayerTeam@@QAEHXZ 10039cb0 f   KPlayerTeam.obj
 0001:00038d30       ?InviteAdd@KPlayerTeam@@QAEXK@Z 10039d30 f   KPlayerTeam.obj
 0001:00038dc0       ?ReceiveInvite@KPlayerTeam@@QAEXPAUTEAM_INVITE_ADD_SYNC@@@Z 10039dc0 f   KPlayerTeam.obj
 0001:00038ee0       ?ReplyInvite@KPlayerTeam@@QAEXHH@Z 10039ee0 f   KPlayerTeam.obj
 0001:00038f70       ?SetAutoRefuseInvite@KPlayerTeam@@QAEXH@Z 10039f70 f   KPlayerTeam.obj
 0001:00039020       ?GetAutoRefuseState@KPlayerTeam@@QAEHXZ 1003a020 f   KPlayerTeam.obj
 0001:00039050       ?GetInfo@KPlayerTeam@@QAEHPAUKUiPlayerTeam@@@Z 1003a050 f   KPlayerTeam.obj
 0001:00039140       ?UpdateInterface@KPlayerTeam@@QAEXXZ 1003a140 f   KPlayerTeam.obj
 0001:000391a0       ?DeleteOneFromApplyList@KPlayerTeam@@QAEXK@Z 1003a1a0 f   KPlayerTeam.obj
 0001:00039210       ??0KTeam@@QAE@XZ           1003a210 f   KPlayerTeam.obj
 0001:00039250       ?Release@KTeam@@QAEXXZ     1003a250 f   KPlayerTeam.obj
 0001:00039310       ?SetIndex@KTeam@@QAEXH@Z   1003a310 f   KPlayerTeam.obj
 0001:00039340       ?FindFree@KTeam@@QAEHXZ    1003a340 f   KPlayerTeam.obj
 0001:000393a0       ?FindMemberID@KTeam@@QAEHK@Z 1003a3a0 f   KPlayerTeam.obj
 0001:00039410       ?SetTeamOpen@KTeam@@QAEHXZ 1003a410 f   KPlayerTeam.obj
 0001:00039460       ?SetTeamClose@KTeam@@QAEHXZ 1003a460 f   KPlayerTeam.obj
 0001:000394b0       ?CalcCaptainPower@KTeam@@QAEHXZ 1003a4b0 f   KPlayerTeam.obj
 0001:00039500       ?CreateTeam@KTeam@@QAEXHPADH@Z 1003a500 f   KPlayerTeam.obj
 0001:00039560       ?AddMember@KTeam@@QAEHKHPAD@Z 1003a560 f   KPlayerTeam.obj
 0001:00039620       ?DeleteMember@KTeam@@QAEXK@Z 1003a620 f   KPlayerTeam.obj
 0001:000396d0       ?GetMemberInfo@KTeam@@QAEHPAUKUiPlayerItem@@H@Z 1003a6d0 f   KPlayerTeam.obj
 0001:00039810       ??0KTrade@@QAE@XZ          1003a810 f   KPlayerTrade.obj
 0001:00039850       ?Release@KTrade@@QAEXXZ    1003a850 f   KPlayerTrade.obj
 0001:000398d0       ?StartTrade@KTrade@@QAEHHHH@Z 1003a8d0 f   KPlayerTrade.obj
 0001:000399b0       ?Lock@KTrade@@QAEXH@Z      1003a9b0 f   KPlayerTrade.obj
 0001:00039a00       ?SetTradeState@KTrade@@QAEXHHHH@Z 1003aa00 f   KPlayerTrade.obj
 0001:00039be0       ?ReplyInvite@KTrade@@SAXHH@Z 1003abe0 f   KPlayerTrade.obj
 0001:00039c60       ??0KSprControl@@QAE@XZ     1003ac60 f   KSprControl.obj
 0001:00039ca0       ?Release@KSprControl@@QAEXXZ 1003aca0 f   KSprControl.obj
 0001:00039d50       ?SetSprFile@KSprControl@@QAEXPADHHH@Z 1003ad50 f   KSprControl.obj
 0001:00039e60       ?SetCurFrame@KSprControl@@QAEXH@Z 1003ae60 f   KSprControl.obj
 0001:00039ef0       ?SetDirFrame@KSprControl@@QAEXHH@Z 1003aef0 f   KSprControl.obj
 0001:00039f90       ?Set64DirFrame@KSprControl@@QAEXHH@Z 1003af90 f   KSprControl.obj
 0001:0003a070       ?SetCurDir@KSprControl@@QAEHH@Z 1003b070 f   KSprControl.obj
 0001:0003a0f0       ?SetCurDir64@KSprControl@@QAEHH@Z 1003b0f0 f   KSprControl.obj
 0001:0003a1b0       ?SetCenterPos@KSprControl@@QAEXHH@Z 1003b1b0 f   KSprControl.obj
 0001:0003a1f0       ?GetOneDirFrames@KSprControl@@QAEHXZ 1003b1f0 f   KSprControl.obj
 0001:0003a230       ?SetPos@KSprControl@@QAEXHH@Z 1003b230 f   KSprControl.obj
 0001:0003a270       ?CheckExist@KSprControl@@QAEHXZ 1003b270 f   KSprControl.obj
 0001:0003a2c0       ?CheckEnd@KSprControl@@QAEHXZ 1003b2c0 f   KSprControl.obj
 0001:0003a320       ?SetDirStart@KSprControl@@QAEXXZ 1003b320 f   KSprControl.obj
 0001:0003a370       ?SetDirEnd@KSprControl@@QAEXXZ 1003b370 f   KSprControl.obj
 0001:0003a3c0       ?GetCurDirFrameNo@KSprControl@@QAEHXZ 1003b3c0 f   KSprControl.obj
 0001:0003a410       ?GetNextFrame@KSprControl@@QAEHH@Z 1003b410 f   KSprControl.obj
 0001:0003a570       ?GetPrevFrame@KSprControl@@QAEHH@Z 1003b570 f   KSprControl.obj
 0001:0003a650       ?SetFileName@KSprControl@@QAEXPAD@Z 1003b650 f   KSprControl.obj
 0001:0003a6c0       ?SetTotalFrame@KSprControl@@QAEXH@Z 1003b6c0 f   KSprControl.obj
 0001:0003a700       ?SetTotalDir@KSprControl@@QAEXH@Z 1003b700 f   KSprControl.obj
 0001:0003a740       ?SetInterVal@KSprControl@@QAEXK@Z 1003b740 f   KSprControl.obj
 0001:0003a770       ?LoadRecord@@YAHPAVKTabFile@@HPBUtagPROPINFO@@H@Z 1003b770 f   KBasPropTbl.obj
 0001:0003a930       ??0KLibOfBPT@@QAE@XZ       1003b930 f   KBasPropTbl.obj
 0001:0003aaf0       ??1KLibOfBPT@@QAE@XZ       1003baf0 f   KBasPropTbl.obj
 0001:0003aca0       ?Init@KLibOfBPT@@QAEHXZ    1003bca0 f   KBasPropTbl.obj
 0001:0003ae40       ?InitMAIT@KLibOfBPT@@IAEHXZ 1003be40 f   KBasPropTbl.obj
 0001:0003b0d0       ?NumOfEntries@KBasicPropertyTable@@QBEHXZ 1003c0d0 f i KBasPropTbl.obj
 0001:0003b100       ?InitMALib@KLibOfBPT@@IAEHXZ 1003c100 f   KBasPropTbl.obj
 0001:0003b330       ?GetGoldItemRecord@KLibOfBPT@@QBEPBUKBASICPROP_EQUIPMENT_GOLD@@H@Z 1003c330 f   KBasPropTbl.obj
 0001:0003b380       ?GetGoldItemNumber@KLibOfBPT@@QBE?BHXZ 1003c380 f   KBasPropTbl.obj
 0001:0003b3c0       ?GetRecordCount@KBPT_Equipment_Gold@@QBEHXZ 1003c3c0 f i KBasPropTbl.obj
 0001:0003b400       ?GetCMAT@KLibOfBPT@@QBEPBVKBPT_ClassifiedMAT@@HH@Z 1003c400 f   KBasPropTbl.obj
 0001:0003b520       ?GetCMIT@KLibOfBPT@@QBEPBVKBPT_ClassMAIT@@HHHH@Z 1003c520 f   KBasPropTbl.obj
 0001:0003b6e0       ?GetMARecord@KLibOfBPT@@QBEPBUKMAGICATTRIB_TABFILE@@H@Z 1003c6e0 f   KBasPropTbl.obj
 0001:0003b730       ?GetMARecordNumber@KLibOfBPT@@QBE?BHXZ 1003c730 f   KBasPropTbl.obj
 0001:0003b770       ?GetMeleeWeaponRecord@KLibOfBPT@@QBEPBUKBASICPROP_EQUIPMENT@@H@Z 1003c770 f   KBasPropTbl.obj
 0001:0003b7c0       ?GetMeleeWeaponRecordNumber@KLibOfBPT@@QBE?BHXZ 1003c7c0 f   KBasPropTbl.obj
 0001:0003b800       ?GetRangeWeaponRecord@KLibOfBPT@@QBEPBUKBASICPROP_EQUIPMENT@@H@Z 1003c800 f   KBasPropTbl.obj
 0001:0003b850       ?GetRangeWeaponRecordNumber@KLibOfBPT@@QBE?BHXZ 1003c850 f   KBasPropTbl.obj
 0001:0003b890       ?GetArmorRecord@KLibOfBPT@@QBEPBUKBASICPROP_EQUIPMENT@@H@Z 1003c890 f   KBasPropTbl.obj
 0001:0003b8e0       ?GetArmorRecordNumber@KLibOfBPT@@QBE?BHXZ 1003c8e0 f   KBasPropTbl.obj
 0001:0003b920       ?GetHelmRecord@KLibOfBPT@@QBEPBUKBASICPROP_EQUIPMENT@@H@Z 1003c920 f   KBasPropTbl.obj
 0001:0003b970       ?GetHelmRecordNumber@KLibOfBPT@@QBE?BHXZ 1003c970 f   KBasPropTbl.obj
 0001:0003b9b0       ?GetBootRecord@KLibOfBPT@@QBEPBUKBASICPROP_EQUIPMENT@@H@Z 1003c9b0 f   KBasPropTbl.obj
 0001:0003ba00       ?GetBootRecordNumber@KLibOfBPT@@QBE?BHXZ 1003ca00 f   KBasPropTbl.obj
 0001:0003ba40       ?GetBeltRecord@KLibOfBPT@@QBEPBUKBASICPROP_EQUIPMENT@@H@Z 1003ca40 f   KBasPropTbl.obj
 0001:0003ba90       ?GetBeltRecordNumber@KLibOfBPT@@QBE?BHXZ 1003ca90 f   KBasPropTbl.obj
 0001:0003bad0       ?GetAmuletRecord@KLibOfBPT@@QBEPBUKBASICPROP_EQUIPMENT@@H@Z 1003cad0 f   KBasPropTbl.obj
 0001:0003bb20       ?GetAmuletRecordNumber@KLibOfBPT@@QBE?BHXZ 1003cb20 f   KBasPropTbl.obj
 0001:0003bb60       ?GetRingRecord@KLibOfBPT@@QBEPBUKBASICPROP_EQUIPMENT@@H@Z 1003cb60 f   KBasPropTbl.obj
 0001:0003bbb0       ?GetRingRecordNumber@KLibOfBPT@@QBE?BHXZ 1003cbb0 f   KBasPropTbl.obj
 0001:0003bbf0       ?GetCuffRecord@KLibOfBPT@@QBEPBUKBASICPROP_EQUIPMENT@@H@Z 1003cbf0 f   KBasPropTbl.obj
 0001:0003bc40       ?GetCuffRecordNumber@KLibOfBPT@@QBE?BHXZ 1003cc40 f   KBasPropTbl.obj
 0001:0003bc80       ?GetPendantRecord@KLibOfBPT@@QBEPBUKBASICPROP_EQUIPMENT@@H@Z 1003cc80 f   KBasPropTbl.obj
 0001:0003bcd0       ?GetPendantRecordNumber@KLibOfBPT@@QBE?BHXZ 1003ccd0 f   KBasPropTbl.obj
 0001:0003bd10       ?GetHorseRecord@KLibOfBPT@@QBEPBUKBASICPROP_EQUIPMENT@@H@Z 1003cd10 f   KBasPropTbl.obj
 0001:0003bd60       ?GetHorseRecordNumber@KLibOfBPT@@QBE?BHXZ 1003cd60 f   KBasPropTbl.obj
 0001:0003bda0       ?GetMedicineRecord@KLibOfBPT@@QBEPBUKBASICPROP_MEDICINE@@H@Z 1003cda0 f   KBasPropTbl.obj
 0001:0003bde0       ?GetMedicineRecordNumber@KLibOfBPT@@QBE?BHXZ 1003cde0 f   KBasPropTbl.obj
 0001:0003be20       ?GetQuestRecord@KLibOfBPT@@QBEPBUKBASICPROP_QUEST@@H@Z 1003ce20 f   KBasPropTbl.obj
 0001:0003be70       ?GetQuestRecordNumber@KLibOfBPT@@QBE?BHXZ 1003ce70 f   KBasPropTbl.obj
 0001:0003beb0       ?GetTownPortalRecord@KLibOfBPT@@QBEPBUKBASICPROP_TOWNPORTAL@@H@Z 1003ceb0 f   KBasPropTbl.obj
 0001:0003bf00       ?GetTownPortalRecordNumber@KLibOfBPT@@QBE?BHXZ 1003cf00 f   KBasPropTbl.obj
 0001:0003bf40       ?FindEquipmentUnique@KLibOfBPT@@QBEPBUKBASICPROP_EQUIPMENT_UNIQUE@@HHH@Z 1003cf40 f   KBasPropTbl.obj
 0001:0003bf70       ?GetMedMaterial@KLibOfBPT@@QBEPBUKBASICPROP_MEDMATERIAL@@H@Z 1003cf70 f   KBasPropTbl.obj
 0001:0003bfa0       ?FindMedicine@KLibOfBPT@@QBEPBUKBASICPROP_MEDICINE@@HH@Z 1003cfa0 f   KBasPropTbl.obj
 0001:0003bfd0       ?GetMine@KLibOfBPT@@QBEPBUKBASICPROP_MINE@@H@Z 1003cfd0 f   KBasPropTbl.obj
 0001:0003c000       ??0KBasicPropertyTable@@QAE@XZ 1003d000 f   KBasPropTbl.obj
 0001:0003c060       ??1KBasicPropertyTable@@QAE@XZ 1003d060 f   KBasPropTbl.obj
 0001:0003c0a0       ?SetCount@KBasicPropertyTable@@IAEXH@Z 1003d0a0 f   KBasPropTbl.obj
 0001:0003c150       ?GetMemory@KBasicPropertyTable@@IAEHXZ 1003d150 f   KBasPropTbl.obj
 0001:0003c280       ?ReleaseMemory@KBasicPropertyTable@@IAEXXZ 1003d280 f   KBasPropTbl.obj
 0001:0003c2e0       ?Load@KBasicPropertyTable@@UAEHXZ 1003d2e0 f   KBasPropTbl.obj
 0001:0003c5d0       ??0KBPT_Mine@@QAE@XZ       1003d5d0 f   KBasPropTbl.obj
 0001:0003c630       ??1KBPT_Mine@@QAE@XZ       1003d630 f   KBasPropTbl.obj
 0001:0003c670       ?LoadRecord@KBPT_Mine@@MAEHHPAVKTabFile@@@Z 1003d670 f   KBasPropTbl.obj
 0001:0003c8c0       ?GetRecord@KBPT_Mine@@QBEPBUKBASICPROP_MINE@@H@Z 1003d8c0 f   KBasPropTbl.obj
 0001:0003c9c0       ??0KBPT_TownPortal@@QAE@XZ 1003d9c0 f   KBasPropTbl.obj
 0001:0003ca20       ??1KBPT_TownPortal@@QAE@XZ 1003da20 f   KBasPropTbl.obj
 0001:0003ca60       ?LoadRecord@KBPT_TownPortal@@MAEHHPAVKTabFile@@@Z 1003da60 f   KBasPropTbl.obj
 0001:0003cc10       ?GetRecord@KBPT_TownPortal@@QBEPBUKBASICPROP_TOWNPORTAL@@H@Z 1003dc10 f   KBasPropTbl.obj
 0001:0003ccf0       ??0KBPT_Quest@@QAE@XZ      1003dcf0 f   KBasPropTbl.obj
 0001:0003cd50       ??1KBPT_Quest@@QAE@XZ      1003dd50 f   KBasPropTbl.obj
 0001:0003cd90       ?LoadRecord@KBPT_Quest@@MAEHHPAVKTabFile@@@Z 1003dd90 f   KBasPropTbl.obj
 0001:0003cf40       ?GetRecord@KBPT_Quest@@QBEPBUKBASICPROP_QUEST@@H@Z 1003df40 f   KBasPropTbl.obj
 0001:0003d020       ?FindRecord@KBPT_Quest@@QBEPBUKBASICPROP_QUEST@@H@Z 1003e020 f   KBasPropTbl.obj
 0001:0003d0e0       ??0KBPT_Medicine@@QAE@XZ   1003e0e0 f   KBasPropTbl.obj
 0001:0003d140       ??1KBPT_Medicine@@QAE@XZ   1003e140 f   KBasPropTbl.obj
 0001:0003d180       ?LoadRecord@KBPT_Medicine@@MAEHHPAVKTabFile@@@Z 1003e180 f   KBasPropTbl.obj
 0001:0003d4a0       ?GetRecord@KBPT_Medicine@@QBEPBUKBASICPROP_MEDICINE@@H@Z 1003e4a0 f   KBasPropTbl.obj
 0001:0003d580       ?FindRecord@KBPT_Medicine@@QBEPBUKBASICPROP_MEDICINE@@HH@Z 1003e580 f   KBasPropTbl.obj
 0001:0003d650       ??0KBPT_MedMaterial@@QAE@XZ 1003e650 f   KBasPropTbl.obj
 0001:0003d6b0       ??1KBPT_MedMaterial@@QAE@XZ 1003e6b0 f   KBasPropTbl.obj
 0001:0003d6f0       ?LoadRecord@KBPT_MedMaterial@@MAEHHPAVKTabFile@@@Z 1003e6f0 f   KBasPropTbl.obj
 0001:0003da10       ?GetRecord@KBPT_MedMaterial@@QBEPBUKBASICPROP_MEDMATERIAL@@H@Z 1003ea10 f   KBasPropTbl.obj
 0001:0003db10       ??0KBPT_Equipment@@QAE@XZ  1003eb10 f   KBasPropTbl.obj
 0001:0003db60       ??1KBPT_Equipment@@QAE@XZ  1003eb60 f   KBasPropTbl.obj
 0001:0003dba0       ?Init@KBPT_Equipment@@QAEXH@Z 1003eba0 f   KBasPropTbl.obj
 0001:0003dbf0       ?LoadRecord@KBPT_Equipment@@MAEHHPAVKTabFile@@@Z 1003ebf0 f   KBasPropTbl.obj
 0001:0003e2b0       ?GetRecord@KBPT_Equipment@@QBEPBUKBASICPROP_EQUIPMENT@@H@Z 1003f2b0 f   KBasPropTbl.obj
[...]
 0003:00000a60       ?GameScriptFuns@@3PAUTLua_Funcs@@A 10083a60     ScriptFuns.obj
 0003:00000a90       ?__LINE__Var@?1??LuaSelectUI@@YAHPAUlua_State@@@Z@4FA 10083a90     ScriptFuns.obj
 0003:00000a94       ?__LINE__Var@?1??LuaTalkUI@@YAHPAUlua_State@@@Z@4FA 10083a94     ScriptFuns.obj
 0003:00000a98       ?__LINE__Var@?1??GetPlayerIndex@@YAHPAUlua_State@@@Z@4FA 10083a98     ScriptFuns.obj
 0003:00000a9c       ?__LINE__Var@?1??GetObjIndex@@YAHPAUlua_State@@@Z@4FA 10083a9c     ScriptFuns.obj
 0003:00000aa0       ?__LINE__Var@?1??GetGameData@KCoreShell@@UAEHIIH@Z@4FA 10083aa0     CoreShell.obj
 0003:00000aa4       ?m_BranchFlag@KIpotBranch@@0PAIA 10083aa4     KIpotBranch.obj
 0003:00000aac       ?__LINE__Var@?1??PaintABranchObject@KIpotBranch@@ABEXPAUKIpotBuildinObj@@PAUtagRECT@@@Z@4FA 10083aac     KIpotBranch.obj
 0003:00000ab0       ?__LINE__Var@?1??AddBranch@KIpotBranch@@QAEXPAUKIpotBuildinObj@@@Z@4FA 10083ab0     KIpotBranch.obj
 0003:00000ab4       ?__LINE__Var@?1??AddLeafLine@KIpotBranch@@QAEXPAUKIpotBuildinObj@@@Z@4FA 10083ab4     KIpotBranch.obj
 0003:00000ab8       ?__LINE__Var@?1??AddLeafPoint@KIpotBranch@@QAEXPAUKIpotLeaf@@@Z@4FA 10083ab8     KIpotBranch.obj
 0003:00000abc       ?__LINE__Var@?1??AddPointLeafToList@KIpotBranch@@AAEXAAPAUKIpotLeaf@@PAU3@1@Z@4FA 10083abc     KIpotBranch.obj
 0003:00000ac0       ?__LINE__Var@?1??AddLineLeafToList@KIpotBranch@@AAEXAAPAUKIpotLeaf@@PAUKIpotBuildinObj@@@Z@4FA 10083ac0     KIpotBranch.obj
 0003:00000ac4       ?__LINE__Var@?1??Clone@KIpotBuildinObj@@QAEPAU2@PAUtagPOINT@@@Z@4FA 10083ac4     KIpotLeaf.obj
 0003:00000ac8       ?__LINE__Var@?1??BuildinObjNextFrame@@YAXPAUKBuildinObj@@@Z@4FA 10083ac8     KIpotLeaf.obj
 0003:00000ad0       ?__LINE__Var@?1??ObjectsCallback@KIpoTree@@CAXPAXPAUKIpotLeaf@@@Z@4FA@ef9255a5 10083ad0     KIpoTree.obj
 0003:00000ad4       ?__LINE__Var@?1??AddBuildinLight@KIpoTree@@QAEXPAUKBuildInLightInfo@@H@Z@4FA 10083ad4     KIpoTree.obj
 0003:00000ae0       ?m_RangePosTable@KScenePlaceC@@0PAUtagPOINT@@A 10083ae0     KScenePlaceC.obj
 0003:00000c68       ?m_PRIIdxTable@KScenePlaceC@@0PAHA 10083c68     KScenePlaceC.obj
 0003:00000d2c       ?__LINE__Var@?1??SetRegionsToLoad@KScenePlaceC@@AAEXXZ@4FA 10083d2c     KScenePlaceC.obj
 0003:00000d30       ?__LINE__Var@?1??ARegionLoaded@KScenePlaceC@@AAEXPAVKScenePlaceRegionC@@@Z@4FA 10083d30     KScenePlaceC.obj
 0003:00000d34       ?__LINE__Var@?1??GetSceneNameAndFocus@KScenePlaceC@@QAEXPADAAH1@Z@4FA 10083d34     KScenePlaceC.obj
 0003:00000d38       ?__LINE__Var@?1??ToLoad@KScenePlaceRegionC@@QAE_NHH@Z@4FA 10083d38     KScenePlaceRegionC.obj
 0003:00000d3c       ?__LINE__Var@?1??LoadAboveGroundObjects@KScenePlaceRegionC@@AAE_NPAVKPakFile@@I@Z@4FA 10083d3c     KScenePlaceRegionC.obj
 0003:00000d40       ?__LINE__Var@?1??GetObstacleInfo@KScenePlaceRegionC@@QAEJHH@Z@4FA 10083d40     KScenePlaceRegionC.obj
 0003:00000d44       ?__LINE__Var@?1??GetObstacleInfoMin@KScenePlaceRegionC@@QAEJHHHH@Z@4FA 10083d44     KScenePlaceRegionC.obj
 0003:00000e10       ?Missle@@3PAVKMissle@@A    10083e10     KMissle.obj
 0003:001599b0       ?g_MisslesLib@@3PAVKMissle@@A 101dc9b0     KMissle.obj
 0003:001e37f0       ?g_nRandMissleTab@@3PAHA   102667f0     KMissle.obj
 0003:001e3980       ?MissleSet@@3VKMissleSet@@A 10266980     KMissleSet.obj
 0003:001e3990       ?g_SkillManager@@3VKSkillManager@@A 10266990     KSkillManager.obj
 0003:00204500       ?g_ulSkillCount@@3KA       10287500     KSkillManager.obj
 0003:00204508       ?SpecialMovieList@@3VKList@@A 10287508     KSkillSpecial.obj
 0003:00204520       ?g_Faction@@3VKFaction@@A  10287520     KFaction.obj
 0003:00204818       ?Npc@@3PAVKNpc@@A          10287818     KNpc.obj
 0003:00982c18       ?g_pNpcTemplate@@3PAVKNpcTemplate@@A 10a05c18     KNpc.obj
 0003:00982c20       ?NpcAI@@3VKNpcAI@@A        10a05c20     KNpcAI.obj
 0003:00982c28       ?g_NpcAttribModify@@3VKNpcAttribModify@@A 10a05c28     KNpcAttribModify.obj
 0003:00982ec8       ?g_NpcResList@@3VKNpcResList@@A 10a05ec8     KNpcResList.obj
 0003:0098b630       ?NpcSet@@3VKNpcSet@@A      10a0e630     KNpcSet.obj
 0003:0098c7a8       ?g_nLastNetMsgLoop@@3HA    10a0f7a8     KPlayer.obj
 0003:0098c7b0       ?Player@@3PAVKPlayer@@A    10a0f7b0     KPlayer.obj
 0003:00991e48       ?PlayerSet@@3VKPlayerSet@@A 10a14e48     KPlayerSet.obj
 0003:009924d0       ?g_Team@@3PAVKTeam@@A      10a154d0     KPlayerTeam.obj
 0003:00992620       ?BuySell@@3VKBuySell@@A    10a15620     KBuySell.obj
 0003:00992638       ?Item@@3PAVKItem@@A        10a15638     KItem.obj
 0003:00a0c638       ?g_ItemChangeRes@@3VKItemChangeRes@@A 10a8f638     KItemChangeRes.obj
 0003:00a0c6c8       ?ItemGen@@3VKItemGenerator@@A 10a8f6c8     KItemGenerator.obj
 0003:00a11d98       ?ItemSet@@3VKItemSet@@A    10a94d98     KItemSet.obj
 0003:00a11da8       ?Object@@3PAVKObj@@A       10a94da8     KObj.obj
 0003:00a521a8       ?ObjSet@@3VKObjSet@@A      10ad51a8     KObjSet.obj
 0003:00a521f0       ?g_pNpcLevelScript@@3PAVKLuaScript@@A 10ad51f0     KCore.obj
 0003:00a521f4       ?g_bDebugScript@@3HA       10ad51f4     KCore.obj
 0003:00a521f8       ?g_SoundCache@@3VKSoundCache@@A 10ad51f8     KCore.obj
 0003:00a5221c       ?g_nHandSkill@@3HA         10ad521c     KCore.obj
 0003:00a52220       ?g_nRangeWeaponSkill@@3PAHA 10ad5220     KCore.obj
 0003:00a523b0       ?g_nMeleeWeaponSkill@@3PAHA 10ad53b0     KCore.obj
 0003:00a52540       ?g_NpcKindFile@@3VKTabFile@@A 10ad5540     KCore.obj
 0003:00a52560       ?g_NpcSetting@@3VKTabFile@@A 10ad5560     KCore.obj
 0003:00a52580       ?g_SkillLevelSetting@@3VKTabFile@@A 10ad5580     KCore.obj
 0003:00a525a0       ?g_MisslesSetting@@3VKTabFile@@A 10ad55a0     KCore.obj
 0003:00a525c0       ?g_OrdinSkillsSetting@@3VKTabFile@@A 10ad55c0     KCore.obj
 0003:00a525dc       ?g_pClient@@3PAUIClient@@A 10ad55dc     KCore.obj
 0003:00a525e0       ?g_RankTabSetting@@3VKTabFile@@A 10ad55e0     KCore.obj
 0003:00a52600       ?g_ClientWeaponSkillTabFile@@3VKTabFile@@A 10ad5600     KCore.obj
 0003:00a5261c       ?g_bUISelIntelActiveWithServer@@3HA 10ad561c     KCore.obj
 0003:00a52620       ?g_bUISpeakActiveWithServer@@3HA 10ad5620     KCore.obj
 0003:00a52624       ?g_bUISelLastSelCount@@3HA 10ad5624     KCore.obj
 0003:00a52628       ?g_pMusic@@3PAVKMusic@@A   10ad5628     KCore.obj
 0003:00a52630       ?SubWorld@@3PAVKSubWorld@@A 10ad5630     KSubWorld.obj
 0003:00a546c8       ?g_SubWorldSet@@3VKSubWorldSet@@A 10ad76c8     KSubWorldSet.obj
 0003:00a54768       ?g_nConquerSeries@@3PAHA   10ad7768     KMath.obj
 0003:00a5477c       ?g_nAccrueSeries@@3PAHA    10ad777c     KMath.obj
 0003:00a54790       ?g_ProtocolProcess@@3VKProtocolProcess@@A 10ad7790     KProtocolProcess.obj
 0003:00a54b80       ?g_TempValue@@3PAHA        10ad7b80     ScriptFuns.obj
 0003:00a55350       ?g_StoryScriptList@@3VKScriptList@@A 10ad8350     ScriptFuns.obj
 0003:00a55368       ?g_ScriptValueSet@@3VKScriptValueSet@@A 10ad8368     KScriptValueSet.obj
 0003:00a553a0       ?g_szCurScriptDir@@3PADA   10ad83a0     KSortScript.obj
 0003:00a554a4       ?nCurrentScriptNum@@3IA    10ad84a4     KSortScript.obj
 0003:00a554a8       ?g_ScriptBinTree@@3V?$BinSTree@VKSortScriptNode@@@@A 10ad84a8     KSortScript.obj
 0003:00a554b8       ?g_ScriptSet@@3PAVKLuaScript@@A 10ad84b8     KSortScript.obj
 0003:00a55708       ?g_ScenePlace@@3VKScenePlaceC@@A 10ad8708     KScenePlaceC.obj
 0003:00aa7570       ?g_bShowGameInfo@@3_NA     10b2a570     KScenePlaceC.obj
 0003:00aa7574       ?g_nMapIndex@@3HA          10b2a574     KScenePlaceC.obj
 0003:00aa7578       ?g_bShowObstacle@@3HA      10b2a578     KScenePlaceC.obj
 0003:00aa75ac       ?g_pRepresent@@3PAUiRepresentShell@@A 10b2a5ac     ImgRef.obj
 0003:00aa75b0       ?l_Time@@3IA               10b2a5b0     ImgRef.obj
 0003:00aa75b8       ?g_MagicDesc@@3VKMagicDesc@@A 10b2a5b8     KMagicDesc.obj
 0003:00aa7690       ?g_StringResourseTabFile@@3VKTabFile@@A 10b2a690     KTaskFuns.obj
 0003:00aa76b0       ?Option@@3VKOption@@A      10b2a6b0     KOption.obj
 0003:00aa76c0       __adjust_fdiv              10b2a6c0     <common>
 0003:00aa76c4       __pRawDllMain              10b2a6c4     <common>
 0003:00aa76c8       ___onexitend               10b2a6c8     <common>
 0003:00aa76cc       ___onexitbegin             10b2a6cc     <common>

 entry point at        0001:00073490

 Static symbols

 0001:00071db0       _$E11                      10072db0 f   KTaskFuns.obj
 0001:00071df0       _$E8                       10072df0 f   KTaskFuns.obj
 0001:00071e30       _$E10                      10072e30 f   KTaskFuns.obj
 0001:00071e70       _$E9                       10072e70 f   KTaskFuns.obj
 0001:00071140       _$E4                       10072140 f   KMagicDesc.obj
 0001:00071180       _$E1                       10072180 f   KMagicDesc.obj
 0001:000711c0       _$E3                       100721c0 f   KMagicDesc.obj
 0001:00071200       _$E2                       10072200 f   KMagicDesc.obj
 0001:00070520       _$E2                       10071520 f   SceneMath.obj
 0001:00070550       _$E1                       10071550 f   SceneMath.obj
 0001:000688e0       _$E9                       100698e0 f   KScenePlaceC.obj
 0001:00068920       _$E6                       10069920 f   KScenePlaceC.obj
 0001:00068960       _$E8                       10069960 f   KScenePlaceC.obj
 0001:000689a0       _$E7                       100699a0 f   KScenePlaceC.obj
 0001:0005f980       _$E14                      10060980 f   CoreShell.obj
 0001:0005f9b0       _$E13                      100609b0 f   CoreShell.obj
 0001:0005e770       _$E4                       1005f770 f   KSortScript.obj
 0001:0005e7b0       _$E1                       1005f7b0 f   KSortScript.obj
 0001:0005e800       _$E3                       1005f800 f   KSortScript.obj
 0001:0005e840       _$E2                       1005f840 f   KSortScript.obj
 0001:0005e880       _$E9                       1005f880 f   KSortScript.obj
 0001:0005e8c0       _$E6                       1005f8c0 f   KSortScript.obj
 0001:0005e900       _$E8                       1005f900 f   KSortScript.obj
 0001:0005e940       _$E7                       1005f940 f   KSortScript.obj
 0001:0005eab0       ?LoadAllScript@@YAKPAD@Z   1005fab0 f   KSortScript.obj
 0001:0005ef40       ?LoadScriptToSortList@@YAHPAD@Z 1005ff40 f   KSortScript.obj
 0001:0005f0f0       ?LoadScriptToSortListA@@YAHPAD@Z 100600f0 f   KSortScript.obj
 0001:0005daf0       _$E4                       1005eaf0 f   KScriptValueSet.obj
 0001:0005db30       _$E1                       1005eb30 f   KScriptValueSet.obj
 0001:0005db70       _$E3                       1005eb70 f   KScriptValueSet.obj
 0001:0005dbb0       _$E2                       1005ebb0 f   KScriptValueSet.obj
 0001:0005ca40       _$E11                      1005da40 f   ScriptFuns.obj
 0001:0005ca80       _$E8                       1005da80 f   ScriptFuns.obj
 0001:0005cac0       _$E10                      1005dac0 f   ScriptFuns.obj
 0001:0005cb00       _$E9                       1005db00 f   ScriptFuns.obj
 0001:000578e0       _$E11                      100588e0 f   KProtocolProcess.obj
 0001:00057920       _$E8                       10058920 f   KProtocolProcess.obj
 0001:00057960       _$E10                      10058960 f   KProtocolProcess.obj
 0001:000579a0       _$E9                       100589a0 f   KProtocolProcess.obj
 0001:000541e0       _$E11                      100551e0 f   KSubWorldSet.obj
 0001:00054220       _$E8                       10055220 f   KSubWorldSet.obj
 0001:00054260       _$E10                      10055260 f   KSubWorldSet.obj
 0001:000542a0       _$E9                       100552a0 f   KSubWorldSet.obj
 0001:00050cf0       _$E16                      10051cf0 f   KSubWorld.obj
 0001:00050d30       _$E13                      10051d30 f   KSubWorld.obj
 0001:00050d80       _$E15                      10051d80 f   KSubWorld.obj
 0001:00050dc0       _$E14                      10051dc0 f   KSubWorld.obj
 0001:0004e400       _$E4                       1004f400 f   KCore.obj
 0001:0004e440       _$E1                       1004f440 f   KCore.obj
 0001:0004e480       _$E3                       1004f480 f   KCore.obj
 0001:0004e4c0       _$E2                       1004f4c0 f   KCore.obj
 0001:0004e500       _$E14                      1004f500 f   KCore.obj
 0001:0004e540       _$E11                      1004f540 f   KCore.obj
 0001:0004e580       _$E13                      1004f580 f   KCore.obj
 0001:0004e5c0       _$E12                      1004f5c0 f   KCore.obj
 0001:0004e600       _$E19                      1004f600 f   KCore.obj
 0001:0004e640       _$E16                      1004f640 f   KCore.obj
 0001:0004e6a0       _$E18                      1004f6a0 f   KCore.obj
 0001:0004e6e0       _$E17                      1004f6e0 f   KCore.obj
 0001:0004e740       _$E24                      1004f740 f   KCore.obj
 0001:0004e780       _$E21                      1004f780 f   KCore.obj
 0001:0004e7c0       _$E23                      1004f7c0 f   KCore.obj
 0001:0004e800       _$E22                      1004f800 f   KCore.obj
 0001:0004e840       _$E29                      1004f840 f   KCore.obj
 0001:0004e880       _$E26                      1004f880 f   KCore.obj
 0001:0004e8c0       _$E28                      1004f8c0 f   KCore.obj
 0001:0004e900       _$E27                      1004f900 f   KCore.obj
 0001:0004e940       _$E34                      1004f940 f   KCore.obj
 0001:0004e980       _$E31                      1004f980 f   KCore.obj
 0001:0004e9c0       _$E33                      1004f9c0 f   KCore.obj
 0001:0004ea00       _$E32                      1004fa00 f   KCore.obj
 0001:0004ea40       _$E39                      1004fa40 f   KCore.obj
 0001:0004ea80       _$E36                      1004fa80 f   KCore.obj
 0001:0004eac0       _$E38                      1004fac0 f   KCore.obj
 0001:0004eb00       _$E37                      1004fb00 f   KCore.obj
 0001:0004ca80       _$E9                       1004da80 f   KObjSet.obj
 0001:0004cac0       _$E6                       1004dac0 f   KObjSet.obj
 0001:0004cb00       _$E8                       1004db00 f   KObjSet.obj
 0001:0004cb40       _$E7                       1004db40 f   KObjSet.obj
 0001:0004af80       _$E14                      1004bf80 f   KObj.obj
 0001:0004afb0       _$E13                      1004bfb0 f   KObj.obj
 0001:0004a8b0       _$E4                       1004b8b0 f   KItemSet.obj
 0001:0004a8f0       _$E1                       1004b8f0 f   KItemSet.obj
 0001:0004a930       _$E3                       1004b930 f   KItemSet.obj
 0001:0004a970       _$E2                       1004b970 f   KItemSet.obj
 0001:00044d60       _$E4                       10045d60 f   KItemGenerator.obj
 0001:00044da0       _$E1                       10045da0 f   KItemGenerator.obj
 0001:00044de0       _$E3                       10045de0 f   KItemGenerator.obj
 0001:00044e20       _$E2                       10045e20 f   KItemGenerator.obj
 0001:000446f0       _$E4                       100456f0 f   KItemChangeRes.obj
 0001:00044730       _$E1                       10045730 f   KItemChangeRes.obj
 0001:00044770       _$E3                       10045770 f   KItemChangeRes.obj
 0001:000447b0       _$E2                       100457b0 f   KItemChangeRes.obj
 0001:00042710       _$E32                      10043710 f   KItem.obj
 0001:00042750       _$E29                      10043750 f   KItem.obj
 0001:000427a0       _$E31                      100437a0 f   KItem.obj
 0001:000427e0       _$E30                      100437e0 f   KItem.obj
 0001:00040d20       _$E11                      10041d20 f   KBuySell.obj
 0001:00040d60       _$E8                       10041d60 f   KBuySell.obj
 0001:00040da0       _$E10                      10041da0 f   KBuySell.obj
 0001:00040de0       _$E9                       10041de0 f   KBuySell.obj
 0001:00038a80       _$E9                       10039a80 f   KPlayerTeam.obj
 0001:00038ab0       _$E8                       10039ab0 f   KPlayerTeam.obj
 0001:00037350       _$E11                      10038350 f   KPlayerSet.obj
 0001:00037390       _$E8                       10038390 f   KPlayerSet.obj
 0001:000373d0       _$E10                      100383d0 f   KPlayerSet.obj
 0001:00037410       _$E9                       10038410 f   KPlayerSet.obj
 0001:0002a720       _$E16                      1002b720 f   KPlayer.obj
 0001:0002a760       _$E13                      1002b760 f   KPlayer.obj
 0001:0002a7b0       _$E15                      1002b7b0 f   KPlayer.obj
 0001:0002a7f0       _$E14                      1002b7f0 f   KPlayer.obj
 0001:00027680       _$E16                      10028680 f   KNpcSet.obj
 0001:000276c0       _$E13                      100286c0 f   KNpcSet.obj
 0001:00027700       _$E15                      10028700 f   KNpcSet.obj
 0001:00027740       _$E14                      10028740 f   KNpcSet.obj
 0001:00023250       _$E4                       10024250 f   KNpcResList.obj
 0001:00023290       _$E1                       10024290 f   KNpcResList.obj
 0001:000232d0       _$E3                       100242d0 f   KNpcResList.obj
 0001:00023310       _$E2                       10024310 f   KNpcResList.obj
 0001:0001b700       _$E11                      1001c700 f   KNpcAttribModify.obj
 0001:0001b740       _$E8                       1001c740 f   KNpcAttribModify.obj
 0001:0001b780       _$E10                      1001c780 f   KNpcAttribModify.obj
 0001:0001b7c0       _$E9                       1001c7c0 f   KNpcAttribModify.obj
 0001:00017ee0       _$E9                       10018ee0 f   KNpcAI.obj
 0001:00017f10       _$E8                       10018f10 f   KNpcAI.obj
 0001:0000f4d0       _$E16                      100104d0 f   KNpc.obj
 0001:0000f510       _$E13                      10010510 f   KNpc.obj
 0001:0000f560       _$E15                      10010560 f   KNpc.obj
 0001:0000f5a0       _$E14                      100105a0 f   KNpc.obj
 0001:0000e880       _$E9                       1000f880 f   KSkillSpecial.obj
 0001:0000e8c0       _$E6                       1000f8c0 f   KSkillSpecial.obj
 0001:0000e900       _$E8                       1000f900 f   KSkillSpecial.obj
 0001:0000e940       _$E7                       1000f940 f   KSkillSpecial.obj
 0001:00007760       _$E4                       10008760 f   KSkillManager.obj
 0001:000077a0       _$E1                       100087a0 f   KSkillManager.obj
 0001:000077e0       _$E3                       100087e0 f   KSkillManager.obj
 0001:00007820       _$E2                       10008820 f   KSkillManager.obj
 0001:00006060       _$E4                       10007060 f   KMissleSet.obj
 0001:000060a0       _$E1                       100070a0 f   KMissleSet.obj
 0001:000060e0       _$E3                       100070e0 f   KMissleSet.obj
 0001:00006120       _$E2                       10007120 f   KMissleSet.obj
 0001:00000190       _$E9                       10001190 f   KMissle.obj
 0001:000001d0       _$E6                       100011d0 f   KMissle.obj
 0001:00000220       _$E8                       10001220 f   KMissle.obj
 0001:00000260       _$E7                       10001260 f   KMissle.obj
 0001:000002b0       _$E14                      100012b0 f   KMissle.obj
 0001:000002f0       _$E11                      100012f0 f   KMissle.obj
 0001:00000340       _$E13                      10001340 f   KMissle.obj
 0001:00000380       _$E12                      10001380 f   KMissle.obj
 0001:00073300       _$$$00001                  10074300 f   MSVCRTD:chkstk.obj
 0001:0007330c       probepages                 1007430c f   MSVCRTD:chkstk.obj
 0001:00073320       lastpage                   10074320 f   MSVCRTD:chkstk.obj
 0001:00073270       ?ArrayUnwindFilter@@YAHPAU_EXCEPTION_POINTERS@@@Z 10074270 f   MSVCRTD:ehvecdtr.obj
